Archive member included to satisfy reference by file (symbol)

../../../stack/LwMesh/TDMA/services/common_hw_timer/sam/lib\libsam4l_lib_hw_timer.a(common_hw_timer.o)
                              ../../../stack/LwMesh/TDMA/sys/src/sysTimer.o (common_tc_delay)
c:/program files (x86)/atmel/studio/7.0/toolchain/arm/arm-gnu-toolchain/bin/../lib/gcc/arm-none-eabi/6.3.1/../../../../arm-none-eabi/lib/thumb/v7e-m\libg.a(lib_a-exit.o)
                              c:/program files (x86)/atmel/studio/7.0/toolchain/arm/arm-gnu-toolchain/bin/../lib/gcc/arm-none-eabi/6.3.1/../../../../arm-none-eabi/lib/thumb/v7e-m/crt0.o (exit)
c:/program files (x86)/atmel/studio/7.0/toolchain/arm/arm-gnu-toolchain/bin/../lib/gcc/arm-none-eabi/6.3.1/../../../../arm-none-eabi/lib/thumb/v7e-m\libg.a(lib_a-impure.o)
                              c:/program files (x86)/atmel/studio/7.0/toolchain/arm/arm-gnu-toolchain/bin/../lib/gcc/arm-none-eabi/6.3.1/../../../../arm-none-eabi/lib/thumb/v7e-m\libg.a(lib_a-exit.o) (_global_impure_ptr)
c:/program files (x86)/atmel/studio/7.0/toolchain/arm/arm-gnu-toolchain/bin/../lib/gcc/arm-none-eabi/6.3.1/../../../../arm-none-eabi/lib/thumb/v7e-m\libg.a(lib_a-init.o)
                              c:/program files (x86)/atmel/studio/7.0/toolchain/arm/arm-gnu-toolchain/bin/../lib/gcc/arm-none-eabi/6.3.1/../../../../arm-none-eabi/lib/thumb/v7e-m/crt0.o (__libc_init_array)
c:/program files (x86)/atmel/studio/7.0/toolchain/arm/arm-gnu-toolchain/bin/../lib/gcc/arm-none-eabi/6.3.1/../../../../arm-none-eabi/lib/thumb/v7e-m\libg.a(lib_a-memcpy.o)
                              ../../../stack/LwMesh/TDMA/nwk/src/nwkDataReq.o (memcpy)
c:/program files (x86)/atmel/studio/7.0/toolchain/arm/arm-gnu-toolchain/bin/../lib/gcc/arm-none-eabi/6.3.1/../../../../arm-none-eabi/lib/thumb/v7e-m\libg.a(lib_a-memset.o)
                              c:/program files (x86)/atmel/studio/7.0/toolchain/arm/arm-gnu-toolchain/bin/../lib/gcc/arm-none-eabi/6.3.1/../../../../arm-none-eabi/lib/thumb/v7e-m/crt0.o (memset)
c:/program files (x86)/atmel/studio/7.0/toolchain/arm/arm-gnu-toolchain/bin/../lib/gcc/arm-none-eabi/6.3.1/../../../../arm-none-eabi/lib/thumb/v7e-m\libg.a(lib_a-printf.o)
                              Teste.o (printf)
c:/program files (x86)/atmel/studio/7.0/toolchain/arm/arm-gnu-toolchain/bin/../lib/gcc/arm-none-eabi/6.3.1/../../../../arm-none-eabi/lib/thumb/v7e-m\libg.a(lib_a-rand.o)
                              ../../../stack/LwMesh/TDMA/nwk/src/nwkTx.o (rand)
c:/program files (x86)/atmel/studio/7.0/toolchain/arm/arm-gnu-toolchain/bin/../lib/gcc/arm-none-eabi/6.3.1/../../../../arm-none-eabi/lib/thumb/v7e-m\libg.a(lib_a-setbuf.o)
                              ../../../platform/common/utils/stdio/stdio_usb/stdio_usb.o (setbuf)
c:/program files (x86)/atmel/studio/7.0/toolchain/arm/arm-gnu-toolchain/bin/../lib/gcc/arm-none-eabi/6.3.1/../../../../arm-none-eabi/lib/thumb/v7e-m\libg.a(lib_a-setvbuf.o)
                              c:/program files (x86)/atmel/studio/7.0/toolchain/arm/arm-gnu-toolchain/bin/../lib/gcc/arm-none-eabi/6.3.1/../../../../arm-none-eabi/lib/thumb/v7e-m\libg.a(lib_a-setbuf.o) (setvbuf)
c:/program files (x86)/atmel/studio/7.0/toolchain/arm/arm-gnu-toolchain/bin/../lib/gcc/arm-none-eabi/6.3.1/../../../../arm-none-eabi/lib/thumb/v7e-m\libg.a(lib_a-vfprintf.o)
                              c:/program files (x86)/atmel/studio/7.0/toolchain/arm/arm-gnu-toolchain/bin/../lib/gcc/arm-none-eabi/6.3.1/../../../../arm-none-eabi/lib/thumb/v7e-m\libg.a(lib_a-printf.o) (_vfprintf_r)
c:/program files (x86)/atmel/studio/7.0/toolchain/arm/arm-gnu-toolchain/bin/../lib/gcc/arm-none-eabi/6.3.1/../../../../arm-none-eabi/lib/thumb/v7e-m\libg.a(lib_a-wsetup.o)
                              c:/program files (x86)/atmel/studio/7.0/toolchain/arm/arm-gnu-toolchain/bin/../lib/gcc/arm-none-eabi/6.3.1/../../../../arm-none-eabi/lib/thumb/v7e-m\libg.a(lib_a-vfprintf.o) (__swsetup_r)
c:/program files (x86)/atmel/studio/7.0/toolchain/arm/arm-gnu-toolchain/bin/../lib/gcc/arm-none-eabi/6.3.1/../../../../arm-none-eabi/lib/thumb/v7e-m\libg.a(lib_a-__call_atexit.o)
                              c:/program files (x86)/atmel/studio/7.0/toolchain/arm/arm-gnu-toolchain/bin/../lib/gcc/arm-none-eabi/6.3.1/../../../../arm-none-eabi/lib/thumb/v7e-m\libg.a(lib_a-exit.o) (__call_exitprocs)
c:/program files (x86)/atmel/studio/7.0/toolchain/arm/arm-gnu-toolchain/bin/../lib/gcc/arm-none-eabi/6.3.1/../../../../arm-none-eabi/lib/thumb/v7e-m\libg.a(lib_a-atexit.o)
                              c:/program files (x86)/atmel/studio/7.0/toolchain/arm/arm-gnu-toolchain/bin/../lib/gcc/arm-none-eabi/6.3.1/../../../../arm-none-eabi/lib/thumb/v7e-m\libg.a(lib_a-__call_atexit.o) (atexit)
c:/program files (x86)/atmel/studio/7.0/toolchain/arm/arm-gnu-toolchain/bin/../lib/gcc/arm-none-eabi/6.3.1/../../../../arm-none-eabi/lib/thumb/v7e-m\libg.a(lib_a-dtoa.o)
[...]
Memory Configuration

Name             Origin             Length             Attributes
rom              0x00004000         0x0003c000         xr
ram              0x20000000         0x00008000         xrw
*default*        0x00000000         0xffffffff

Linker script and memory map

LOAD c:/program files (x86)/atmel/studio/7.0/toolchain/arm/arm-gnu-toolchain/bin/../lib/gcc/arm-none-eabi/6.3.1/thumb/v7e-m/crti.o
LOAD c:/program files (x86)/atmel/studio/7.0/toolchain/arm/arm-gnu-toolchain/bin/../lib/gcc/arm-none-eabi/6.3.1/thumb/v7e-m/crtbegin.o
LOAD c:/program files (x86)/atmel/studio/7.0/toolchain/arm/arm-gnu-toolchain/bin/../lib/gcc/arm-none-eabi/6.3.1/../../../../arm-none-eabi/lib/thumb/v7e-m/crt0.o
LOAD Teste.o
LOAD ../../../stack/LwMesh/TDMA/nwk/src/nwk.o
LOAD ../../../stack/LwMesh/TDMA/nwk/src/nwkDataReq.o
LOAD ../../../stack/LwMesh/TDMA/nwk/src/nwkFrame.o
LOAD ../../../stack/LwMesh/TDMA/nwk/src/nwkGroup.o
LOAD ../../../stack/LwMesh/TDMA/nwk/src/nwkRoute.o
LOAD ../../../stack/LwMesh/TDMA/nwk/src/nwkRouteDiscovery.o
LOAD ../../../stack/LwMesh/TDMA/nwk/src/nwkRx.o
LOAD ../../../stack/LwMesh/TDMA/nwk/src/nwkSecurity.o
LOAD ../../../stack/LwMesh/TDMA/nwk/src/nwkTx.o
LOAD ../../../stack/LwMesh/TDMA/phy/AT86RF233/src/phy.o
LOAD ../../../stack/LwMesh/TDMA/sys/src/sys.o
LOAD ../../../stack/LwMesh/TDMA/sys/src/sysEncrypt.o
LOAD ../../../stack/LwMesh/TDMA/sys/src/sysTimer.o
LOAD ../../../stack/LwMesh/TDMA/services/common_hw_timer/sam/hw_timer.o
LOAD ../../../stack/LwMesh/TDMA/services/sal/at86rf2xx/src/sal.o
LOAD ../../../stack/LwMesh/TDMA/services/sleep_mgr/sam4l/sleep_mgr.o
LOAD ../../../stack/LwMesh/TDMA/services/trx_access/trx_access.o
LOAD ../../../platform/sam/utils/cmsis/sam4l/source/templates/system_sam4l.o
LOAD ../../../platform/sam/utils/cmsis/sam4l/source/templates/exceptions.o
LOAD ../../../platform/sam/utils/cmsis/sam4l/source/templates/gcc/startup_sam4l.o
LOAD ../../../platform/sam/utils/syscalls/gcc/syscalls.o
LOAD ../../../platform/sam/utils/syscalls/gcc/hardfault_handler_c.o
LOAD ../../../platform/sam/drivers/ast/ast.o
LOAD ../../../platform/sam/drivers/bpm/bpm.o
LOAD ../../../platform/sam/drivers/flashcalw/flashcalw.o
LOAD ../../../platform/sam/drivers/gpio/gpio.o
LOAD ../../../platform/sam/drivers/eic/eic.o
LOAD ../../../platform/sam/drivers/spi/spi.o
LOAD ../../../platform/sam/drivers/tc/tc.o
LOAD ../../../platform/sam/drivers/usbc/usbc_device.o
LOAD ../../../platform/sam/drivers/usart/usart.o
LOAD ../../../platform/sam/drivers/wdt/wdt_sam4l.o
LOAD ../../../platform/common/services/clock/sam4l/sysclk.o
LOAD ../../../platform/common/services/clock/sam4l/dfll.o
LOAD ../../../platform/common/services/clock/sam4l/osc.o
LOAD ../../../platform/common/services/clock/sam4l/pll.o
LOAD ../../../platform/common/services/delay/sam/cycle_counter.o
LOAD ../../../platform/common/services/serial/usart_serial.o
LOAD ../../../platform/common/services/spi/sam_spi/spi_master.o
LOAD ../../../platform/common/services/spi/sam_usart_spi/usart_spi.o
LOAD ../../../platform/common/services/sleepmgr/sam/sleepmgr.o
LOAD ../../../platform/common/services/usb/udc/udc.o
LOAD ../../../platform/common/services/usb/class/cdc/device/udi_cdc.o
LOAD ../../../platform/common/services/usb/class/cdc/device/udi_cdc_desc.o
LOAD ../../../platform/common/utils/interrupt\interrupt_sam_nvic.o
LOAD ../../../platform/common/utils/stdio/read.o
LOAD ../../../platform/common/utils/stdio/write.o
LOAD ../../../platform/common/utils/stdio/stdio_usb/stdio_usb.o
LOAD ../../../platform/thirdparty/wireless/addons/sio2host/usb/sio2host.o
LOAD ../../../board/WM400/src/board_init.o
LOAD ../../../platform/resources/buffer/src/bmm.o
LOAD ../../../platform/resources/queue/src/qmm.o
LOAD ../../../platform/sam/utils/syscalls/gcc/hardfault_handler.o
START GROUP
LOAD ../../../stack/LwMesh/TDMA/services/common_hw_timer/sam/lib\libsam4l_lib_hw_timer.a
END GROUP
START GROUP
LOAD ../../../platform/thirdparty/CMSIS/Lib/GCC\libarm_cortexM4l_math.a
LOAD c:/program files (x86)/atmel/studio/7.0/toolchain/arm/arm-gnu-toolchain/bin/../lib/gcc/arm-none-eabi/6.3.1/../../../../arm-none-eabi/lib/thumb/v7e-m\libm.a
END GROUP
                0x00001000                __stack_size__ = DEFINED (__stack_size__)?__stack_size__:0x1000
                0x20007ffc                __ram_end__ = ((ORIGIN (ram) + LENGTH (ram)) - 0x4)

.text           0x00004000    0x138d4
                0x00004000                . = ALIGN (0x4)
                0x00004000                _sfixed = .
 *(.vectors .vectors.*)
 .vectors       0x00004000      0x180 ../../../platform/sam/utils/cmsis/sam4l/source/templates/gcc/startup_sam4l.o
                0x00004000                exception_table
 *(.text .text.* .gnu.linkonce.t.*)
 .text          0x00004180       0x6c c:/program files (x86)/atmel/studio/7.0/toolchain/arm/arm-gnu-toolchain/bin/../lib/gcc/arm-none-eabi/6.3.1/thumb/v7e-m/crtbegin.o
 .text          0x000041ec      0x994 Teste.o
                0x000047e0                setup_handler
                0x000047fc                hw_expiry_cb
                0x00004818                hw_overflow_cb
                0x00004830                timer_stop
                0x00004848                timer_delay
                0x00004880                timer_start
                0x00004898                timer_init
                0x0000497c                timer_enable_cc_interrupt
                0x000049a4                tc_compare_stop
                0x000049cc                TC10_Handler
                0x000049e8                hw_timer_handler
                0x00004a40                APP_TaskHandler
                0x00004b10                main
 .text          0x00004b80      0x1e4 ../../../stack/LwMesh/TDMA/nwk/src/nwk.o
                0x00004b80                NWK_Init
                0x00004bf4                NWK_SetAddr
                0x00004c1c                NWK_SetPanId
                0x00004c44                NWK_OpenEndpoint
                0x00004c6c                NWK_Busy
                0x00004c8c                NWK_Lock
                0x00004cac                NWK_Unlock
                0x00004ccc                NWK_SleepReq
                0x00004cdc                NWK_WakeupReq
                0x00004cec                NWK_LinearizeLqi
                0x00004d44                NWK_TaskHandler
 .text          0x00004d64      0x58c ../../../stack/LwMesh/TDMA/nwk/src/nwkDataReq.o
                0x00004d64                nwkDataReqInit
                0x00004d7c                NWK_DataReq
                0x000052a8                nwkDataReqTaskHandler
 .text          0x000052f0      0x26c ../../../stack/LwMesh/TDMA/nwk/src/nwkFrame.o
                0x000052f0                nwkFrameInit
                0x00005328                nwkFrameAlloc
                0x000053d0                nwkFrameAlloc_LLDN
                0x000054a8                nwkFrameFree
                0x000054d4                nwkFrameNext
                0x00005520                nwkFrameCommandInit
 .text          0x0000555c      0x104 ../../../stack/LwMesh/TDMA/nwk/src/nwkGroup.o
                0x0000555c                nwkGroupInit
                0x00005590                NWK_GroupAdd
                0x000055b0                NWK_GroupRemove
                0x000055d0                NWK_GroupIsMember
 .text          0x00005660      0xb90 ../../../stack/LwMesh/TDMA/nwk/src/nwkRx.o
                0x0000568a                nwkRxInit
                0x000056ec                PHY_DataInd
                0x00005908                NWK_SetAckControl
                0x00006158                nwkRxTaskHandler
 .text          0x000061f0      0x6d8 ../../../stack/LwMesh/TDMA/nwk/src/nwkTx.o
                0x000061f0                nwkTxInit
                0x0000623c                nwkTxBeaconFrame
                0x000062ac                nwkTxBeaconFrameLLDN
                0x00006328                nwkTxMacCommandFrameLLDN
                0x000063d4                nwkTxFrame
                0x000064c8                nwkTxBroadcastFrame
                0x000065ac                nwkTxAckReceived
                0x00006680                nwkTxConfirm
                0x00006740                PHY_DataConf
                0x0000678c                nwkTxTaskHandler
 .text          0x000068c8      0x6f0 ../../../stack/LwMesh/TDMA/phy/AT86RF233/src/phy.o
                0x0000694e                PHY_Init
                0x000069d4                PHY_SetPromiscuousMode
                0x00006a1c                PHY_SetTdmaMode
                0x00006a72                PHY_SetRxState
                0x00006a94                PHY_SetChannel
                0x00006ac4                PHY_SetPanId
                0x00006af4                PHY_SetShortAddr
                0x00006b3a                PHY_SetTxPower
                0x00006b6a                PHY_Sleep
                0x00006bd4                PHY_Wakeup
                0x00006bf4                PHY_DataReq
                0x00006c78                PHY_RandomReq
                0x00006cd8                PHY_EncryptReq
                0x00006d10                PHY_EdReq
                0x00006e7c                PHY_SetIEEEAddr
                0x00006ec0                PHY_TaskHandler
 .text          0x00006fb8       0x48 ../../../stack/LwMesh/TDMA/sys/src/sys.o
                0x00006fb8                SYS_Init
                0x00006fe0                SYS_TaskHandler
 .text          0x00007000      0x30c ../../../stack/LwMesh/TDMA/sys/src/sysTimer.o
                0x00007084                SYS_TimerInit
                0x000070c4                SYS_TimerStart
                0x000070ec                SYS_TimerStop
                0x00007160                SYS_TimerStarted
                0x00007198                SYS_TimerTaskHandler
                0x000072e4                SYS_HwExpiry_Cb
 .text          0x0000730c      0x3a4 ../../../stack/LwMesh/TDMA/services/common_hw_timer/sam/hw_timer.o
                0x000073c0                tmr_read_count
                0x000073dc                save_cpu_interrupt
                0x000073ec                restore_cpu_interrupt
                0x00007406                tmr_stop
                0x00007420                tmr_write_cmpreg
                0x00007448                tmr_init
                0x000074c8                tmr_disable_cc_interrupt
                0x000074f0                tmr_enable_cc_interrupt
                0x00007518                tmr_disable_ovf_interrupt
                0x00007624                TC00_Handler
                0x00007640                TC01_Handler
                0x0000765c                TC02_Handler
                0x00007678                TC11_Handler
                0x00007694                TC12_Handler
 .text          0x000076b0      0x2c8 ../../../stack/LwMesh/TDMA/services/sal/at86rf2xx/src/sal.o
                0x000076b0                sal_init
                0x000076bc                sal_aes_setup
                0x0000785c                sal_aes_restart
                0x000078cc                _sal_aes_clean_up
                0x000078d8                sal_aes_wrrd
                0x00007958                sal_aes_read
 .text          0x00007978      0x458 ../../../stack/LwMesh/TDMA/services/sleep_mgr/sam4l/sleep_mgr.o
                0x00007d3c                sm_init
                0x00007d7c                sm_sleep
 .text          0x00007dd0      0x930 ../../../stack/LwMesh/TDMA/services/trx_access/trx_access.o
                0x0000812c                GPIO_2_Handler
                0x0000817c                trx_spi_init
                0x00008230                PhyReset
                0x0000826c                trx_reg_read
                0x000082e0                trx_reg_write
                0x00008350                trx_irq_init
                0x0000836c                trx_bit_read
                0x000083a6                trx_bit_write
                0x00008410                trx_frame_read
                0x0000847c                trx_frame_write
                0x000084e4                trx_sram_write
                0x00008578                trx_sram_read
                0x00008618                trx_aes_wrrd
 .text          0x00008700        0x6 ../../../platform/sam/utils/cmsis/sam4l/source/templates/exceptions.o
                0x00008700                DACC_Handler
                0x00008700                DebugMon_Handler
                0x00008700                TRNG_Handler
                0x00008700                SPI_Handler
                0x00008700                SysTick_Handler
                0x00008700                PDCA_10_Handler
                0x00008700                USART3_Handler
                0x00008700                AST_PER_Handler
                0x00008700                AST_CLKREADY_Handler
                0x00008700                AST_OVF_Handler
                0x00008700                PDCA_5_Handler
                0x00008700                PendSV_Handler
                0x00008700                SCIF_Handler
                0x00008700                PDCA_15_Handler
                0x00008700                CRCCU_Handler
                0x00008700                USART0_Handler
                0x00008700                TWIM3_Handler
                0x00008700                UsageFault_Handler
                0x00008700                PDCA_0_Handler
                0x00008700                PDCA_14_Handler
                0x00008700                BPM_Handler
                0x00008700                PARC_Handler
                0x00008700                WDT_Handler
                0x00008700                TWIS0_Handler
                0x00008700                PDCA_8_Handler
                0x00008700                TWIS1_Handler
                0x00008700                TWIM2_Handler
                0x00008700                AESA_Handler
                0x00008700                PDCA_13_Handler
                0x00008700                Dummy_Handler
                0x00008700                PDCA_3_Handler
                0x00008700                ABDACB_Handler
                0x00008700                CATB_Handler
                0x00008700                LCDCA_Handler
                0x00008700                USART1_Handler
                0x00008700                AST_READY_Handler
                0x00008700                PDCA_2_Handler
                0x00008700                AST_ALARM_Handler
                0x00008700                TWIM0_Handler
                0x00008700                PM_Handler
                0x00008700                PDCA_1_Handler
                0x00008700                PDCA_11_Handler
                0x00008700                ACIFC_Handler
                0x00008700                PDCA_6_Handler
                0x00008700                MemManage_Handler
                0x00008700                SVC_Handler
                0x00008700                PDCA_12_Handler
                0x00008700                PDCA_9_Handler
                0x00008700                ADCIFE_Handler
                0x00008700                PDCA_7_Handler
                0x00008700                PEVC_TR_Handler
                0x00008700                USART2_Handler
                0x00008700                TWIM1_Handler
                0x00008700                HFLASHC_Handler
                0x00008700                BSCIF_Handler
                0x00008700                IISC_Handler
                0x00008700                BusFault_Handler
                0x00008700                FREQM_Handler
                0x00008700                PDCA_4_Handler
                0x00008700                PEVC_OV_Handler
 *fill*         0x00008706        0x2 
 .text          0x00008708       0x84 ../../../platform/sam/utils/cmsis/sam4l/source/templates/gcc/startup_sam4l.o
                0x00008708                Reset_Handler
 .text          0x0000878c      0x110 ../../../platform/sam/utils/syscalls/gcc/syscalls.o
                0x0000878c                _sbrk
                0x000087e4                link
                0x000087fc                _close
                0x00008812                _fstat
                0x00008830                _isatty
                0x00008844                _lseek
                0x0000885c                _exit
                0x00008878                _kill
                0x0000888c                _getpid
 .text          0x0000889c       0x6c ../../../platform/sam/utils/syscalls/gcc/hardfault_handler_c.o
                0x0000889c                HardFault_Handler_C
 .text          0x00008908      0xa24 ../../../platform/sam/drivers/ast/ast.o
                0x00008aec                ast_is_enabled
                0x00008b1c                ast_enable
                0x00008b3c                ast_disable
                0x00008b84                ast_enable_counter_clear_on_alarm
                0x00008bcc                ast_clear_prescalar
                0x00008c04                ast_set_config
                0x00008d22                ast_configure_digital_tuner
                0x00008e2c                ast_init_digital_tuner
                0x00008e9a                ast_disable_digital_tuner
                0x00008ed2                ast_write_calendar_value
                0x00008f06                ast_write_counter_value
                0x00008f3a                ast_read_calendar_value
                0x00008f54                ast_write_alarm0_value
                0x00008f88                ast_write_periodic0_value
                0x00008fbc                ast_enable_interrupt
                0x00009040                ast_disable_interrupt
                0x000090c4                ast_clear_interrupt_flag
                0x00009148                ast_set_callback
                0x000091a0                ast_enable_wakeup
                0x0000920a                ast_disable_wakeup
                0x00009274                ast_enable_event
                0x000092d0                ast_disable_event
 .text          0x0000932c      0x4e8 ../../../platform/sam/drivers/bpm/bpm.o
                0x000093b0                bpm_power_scaling_cpu_failsafe
                0x0000944c                bpm_power_scaling_cpu
                0x000094a4                bpm_enable_fast_wakeup
                0x000094d4                bpm_disable_fast_wakeup
                0x00009504                bpm_set_clk32_source
                0x0000954c                bpm_get_backup_wakeup_cause
                0x00009562                bpm_enable_wakeup_source
                0x00009582                bpm_disable_wakeup_source
                0x000095a4                bpm_enable_backup_pin
                0x000095c4                bpm_disable_backup_pin
                0x000095e6                bpm_enable_io_retention
                0x00009604                bpm_disable_io_retention
                0x00009622                bpm_enable_interrupt
                0x0000963c                bpm_disable_interrupt
                0x00009656                bpm_get_interrupt_mask
                0x0000966c                bpm_get_interrupt_status
                0x00009682                bpm_clear_interrupt
                0x0000969c                bpm_get_status
                0x000096b2                bpm_get_version
                0x000096ca                bpm_sleep
 .text          0x00009814     0x12fc ../../../platform/sam/drivers/flashcalw/flashcalw.o
                0x00009814                flashcalw_get_flash_size
                0x00009894                flashcalw_get_page_count
                0x000098a4                flashcalw_get_page_count_per_region
                0x000098b4                flashcalw_get_page_region
                0x000098de                flashcalw_get_region_first_page_number
                0x000098fa                flashcalw_get_wait_state
                0x0000991c                flashcalw_set_wait_state
                0x0000994c                flashcalw_set_flash_waitstate_and_readmode
                0x00009a00                flashcalw_is_ready_int_enabled
                0x00009a24                flashcalw_enable_ready_int
                0x00009a4c                flashcalw_is_lock_error_int_enabled
                0x00009a70                flashcalw_enable_lock_error_int
                0x00009a98                flashcalw_is_prog_error_int_enabled
                0x00009abc                flashcalw_enable_prog_error_int
                0x00009ae4                flashcalw_is_ready
                0x00009b08                flashcalw_default_wait_until_ready
                0x00009b3c                flashcalw_is_lock_error
                0x00009b60                flashcalw_is_programming_error
                0x00009b84                flashcalw_get_command
                0x00009b9c                flashcalw_get_page_number
                0x00009bb4                flashcalw_issue_command
                0x00009c28                flashcalw_no_operation
                0x00009c3a                flashcalw_erase_all
                0x00009c4c                flashcalw_is_security_bit_active
                0x00009c70                flashcalw_set_security_bit
                0x00009c82                flashcalw_is_page_region_locked
                0x00009ca4                flashcalw_is_region_locked
                0x00009cd8                flashcalw_lock_page_region
                0x00009d00                flashcalw_lock_region
                0x00009d28                flashcalw_lock_all_regions
                0x00009d70                flashcalw_read_gp_fuse_bit
                0x00009dca                flashcalw_read_gp_fuse_bitfield
                0x00009e52                flashcalw_read_gp_fuse_byte
                0x00009e90                flashcalw_read_all_gp_fuses
                0x00009ecc                flashcalw_erase_gp_fuse_bit
                0x00009f06                flashcalw_erase_gp_fuse_bitfield
                0x00009fc4                flashcalw_erase_gp_fuse_byte
                0x0000a054                flashcalw_erase_all_gp_fuses
                0x0000a096                flashcalw_write_gp_fuse_bit
                0x0000a0c4                flashcalw_write_gp_fuse_bitfield
                0x0000a154                flashcalw_write_gp_fuse_byte
                0x0000a17c                flashcalw_write_all_gp_fuses
                0x0000a1d4                flashcalw_set_gp_fuse_bit
                0x0000a200                flashcalw_set_gp_fuse_bitfield
                0x0000a290                flashcalw_set_gp_fuse_byte
                0x0000a2ec                flashcalw_set_all_gp_fuses
                0x0000a350                flashcalw_clear_page_buffer
                0x0000a362                flashcalw_is_page_erased
                0x0000a384                flashcalw_quick_page_read
                0x0000a3a2                flashcalw_erase_page
                0x0000a3ec                flashcalw_erase_all_pages
                0x0000a450                flashcalw_write_page
                0x0000a468                flashcalw_quick_user_page_read
                0x0000a480                flashcalw_erase_user_page
                0x0000a4b2                flashcalw_write_user_page
                0x0000a4c4                flashcalw_memset8
                0x0000a4fc                flashcalw_memset16
                0x0000a52e                flashcalw_memset32
                0x0000a578                flashcalw_memset64
                0x0000a88c                flashcalw_memcpy
                0x0000a9c4                flashcalw_picocache_enable
                0x0000a9f0                flashcalw_picocache_disable
                0x0000aa20                flashcalw_picocache_get_status
                0x0000aa34                flashcalw_picocache_invalid_all
                0x0000aa4c                flashcalw_picocache_invalid_line
                0x0000aa80                flashcalw_picocache_set_monitor_mode
                0x0000aa9c                flashcalw_picocache_enable_monitor
                0x0000aab4                flashcalw_picocache_disable_monitor
                0x0000aacc                flashcalw_picocache_reset_monitor
                0x0000aae4                flashcalw_picocache_get_monitor_cnt
                0x0000aaf8                flashcalw_picocache_get_version
 .text          0x0000ab10      0x310 ../../../platform/sam/drivers/gpio/gpio.o
                0x0000ac08                gpio_set_pin_callback
                0x0000ad60                GPIO_0_Handler
                0x0000ad70                GPIO_1_Handler
                0x0000ad82                GPIO_3_Handler
                0x0000ad94                GPIO_4_Handler
                0x0000ada4                GPIO_5_Handler
                0x0000adb6                GPIO_6_Handler
                0x0000adc8                GPIO_7_Handler
                0x0000adda                GPIO_8_Handler
                0x0000adea                GPIO_9_Handler
                0x0000adfc                GPIO_10_Handler
                0x0000ae0e                GPIO_11_Handler
 .text          0x0000ae20      0x3f8 ../../../platform/sam/drivers/eic/eic.o
                0x0000afe0                eic_line_set_config
                0x0000b0d4                eic_disable
                0x0000b0f4                eic_enable
                0x0000b114                eic_line_set_callback
                0x0000b198                NMI_Handler
                0x0000b1a6                EIC_1_Handler
                0x0000b1b4                EIC_2_Handler
                0x0000b1c2                EIC_3_Handler
                0x0000b1d0                EIC_4_Handler
                0x0000b1de                EIC_5_Handler
                0x0000b1ec                EIC_6_Handler
                0x0000b1fa                EIC_7_Handler
                0x0000b208                EIC_8_Handler
 .text          0x0000b218      0x45c ../../../platform/sam/drivers/spi/spi.o
                0x0000b23c                spi_enable_clock
                0x0000b258                spi_disable_clock
                0x0000b274                spi_set_peripheral_chip_select_value
                0x0000b2a6                spi_set_delay_between_chip_select
                0x0000b2d4                spi_read
                0x0000b340                spi_write
                0x0000b3ba                spi_set_clock_polarity
                0x0000b408                spi_set_clock_phase
                0x0000b456                spi_configure_cs_behavior
                0x0000b4fa                spi_set_bits_per_transfer
                0x0000b542                spi_calc_baudrate_div
                0x0000b57c                spi_set_baudrate_div
                0x0000b5ca                spi_set_transfer_delay
                0x0000b626                spi_set_writeprotect
                0x0000b65c                spi_get_writeprotect_status
 .text          0x0000b674      0x358 ../../../platform/sam/drivers/tc/tc.o
                0x0000b674                tc_init
                0x0000b6ac                tc_sync_trigger
                0x0000b6c6                tc_set_block_mode
                0x0000b6e2                tc_init_2bit_gray
                0x0000b708                tc_start
                0x0000b728                tc_stop
                0x0000b748                tc_read_cv
                0x0000b768                tc_read_ra
                0x0000b788                tc_read_rb
                0x0000b7a8                tc_read_rc
                0x0000b7c8                tc_write_ra
                0x0000b7ec                tc_write_rb
                0x0000b810                tc_write_rc
                0x0000b834                tc_enable_interrupt
                0x0000b85a                tc_disable_interrupt
                0x0000b880                tc_get_interrupt_mask
                0x0000b8a2                tc_get_status
                0x0000b8c4                tc_find_mck_divisor
                0x0000b968                tc_set_writeprotect
                0x0000b99c                tc_get_feature
                0x0000b9b4                tc_get_version
 .text          0x0000b9cc     0x1688 ../../../platform/sam/drivers/usbc/usbc_device.o
                0x0000bbb8                USBC_Handler
                0x0000bd04                udd_include_vbus_monitoring
                0x0000bd12                udd_enable
                0x0000be30                udd_disable
                0x0000be80                udd_attach
                0x0000bf10                udd_detach
                0x0000bf50                udd_is_high_speed
                0x0000bf5e                udd_set_address
                0x0000bfa4                udd_getaddress
                0x0000bfc0                udd_get_frame_number
                0x0000bfe0                udd_get_micro_frame_number
                0x0000bfee                udd_send_remotewakeup
                0x0000c030                udd_set_setup_payload
                0x0000c058                udd_ep_alloc
                0x0000c130                udd_ep_free
                0x0000c168                udd_ep_is_halted
                0x0000c19c                udd_ep_set_halt
                0x0000c1dc                udd_ep_clear_halt
                0x0000c298                udd_ep_run
                0x0000c3f0                udd_ep_abort
                0x0000c4a0                udd_ep_wait_stall_clear
 .text          0x0000d054      0x300 ../../../platform/sam/drivers/wdt/wdt_sam4l.o
                0x0000d0f0                wdt_get_config_defaults
                0x0000d12c                wdt_init
                0x0000d228                wdt_enable
                0x0000d280                wdt_disable
                0x0000d2bc                wdt_clear
                0x0000d2f8                wdt_reset_mcu
 .text          0x0000d354     0x15cc ../../../platform/common/services/clock/sam4l/sysclk.o
                0x0000db18                sysclk_priv_enable_module
                0x0000db78                sysclk_priv_disable_module
                0x0000dbd8                sysclk_enable_pba_module
                0x0000dc10                sysclk_disable_pba_module
                0x0000dc48                sysclk_enable_pbb_module
                0x0000dc80                sysclk_disable_pbb_module
                0x0000dcb8                sysclk_get_peripheral_bus_hz
                0x0000df14                sysclk_enable_peripheral_clock
                0x0000e322                sysclk_disable_peripheral_clock
                0x0000e71c                sysclk_set_prescalers
                0x0000e80c                sysclk_set_source
                0x0000e83c                sysclk_enable_usb
                0x0000e85a                sysclk_disable_usb
                0x0000e868                sysclk_init
 .text          0x0000e920      0x840 ../../../platform/common/services/clock/sam4l/dfll.o
                0x0000ee3a                dfll_enable_open_loop
                0x0000ef1c                dfll_disable_open_loop
                0x0000ef84                dfll_enable_closed_loop
                0x0000f070                dfll_disable_closed_loop
                0x0000f0d8                dfll_enable_config_defaults
 .text          0x0000f160      0x34c ../../../platform/common/services/clock/sam4l/osc.o
                0x0000f1e4                osc_priv_enable_osc0
                0x0000f218                osc_priv_disable_osc0
                0x0000f254                osc_priv_enable_osc32
                0x0000f288                osc_priv_disable_osc32
                0x0000f2cc                osc_priv_enable_rc32k
                0x0000f304                osc_priv_disable_rc32k
                0x0000f340                osc_priv_enable_rc1m
                0x0000f378                osc_priv_disable_rc1m
                0x0000f3b4                osc_priv_enable_rc80m
                0x0000f3ec                osc_priv_disable_rc80m
                0x0000f428                osc_priv_enable_rcfast
                0x0000f468                osc_priv_disable_rcfast
 .text          0x0000f4ac      0x150 ../../../platform/common/services/clock/sam4l/pll.o
                0x0000f530                pll_config_write
                0x0000f574                pll_enable
                0x0000f5bc                pll_disable
 .text          0x0000f5fc      0x48c ../../../platform/common/services/spi/sam_spi/spi_master.o
                0x0000f7f0                spi_master_init
                0x0000f848                spi_master_setup_device
                0x0000f8f8                spi_select_device
                0x0000f94c                spi_deselect_device
                0x0000f980                spi_write_packet
                0x0000f9ec                spi_read_packet
 .text          0x0000fa88      0xae8 ../../../platform/common/services/usb/udc/udc.o
                0x0000fa88                udc_get_interface_desc
                0x0000fcd8                udc_start
                0x0000fce8                udc_stop
                0x0000fcfc                udc_reset
                0x0000fd4c                udc_sof_notify
                0x000104ec                udc_process_setup
 .text          0x00010570     0x10e8 ../../../platform/common/services/usb/class/cdc/device/udi_cdc.o
                0x000105f4                udi_cdc_comm_enable
                0x00010734                udi_cdc_data_enable
                0x00010814                udi_cdc_comm_disable
                0x00010834                udi_cdc_data_disable
                0x0001086c                udi_cdc_comm_setup
                0x00010928                udi_cdc_data_setup
                0x00010936                udi_cdc_getsetting
                0x00010944                udi_cdc_data_sof_notify
                0x00010f54                udi_cdc_ctrl_signal_dcd
                0x00010f72                udi_cdc_ctrl_signal_dsr
                0x00010f90                udi_cdc_signal_framing_error
                0x00010fa2                udi_cdc_signal_parity_error
                0x00010fb4                udi_cdc_signal_overrun
                0x00010fc6                udi_cdc_multi_ctrl_signal_dcd
                0x00010fea                udi_cdc_multi_ctrl_signal_dsr
                0x0001100e                udi_cdc_multi_signal_framing_error
                0x0001102c                udi_cdc_multi_signal_parity_error
                0x0001104a                udi_cdc_multi_signal_overrun
                0x00011068                udi_cdc_multi_get_nb_received_data
                0x000110c0                udi_cdc_get_nb_received_data
                0x000110d0                udi_cdc_multi_is_rx_ready
                0x000110f6                udi_cdc_is_rx_ready
                0x00011106                udi_cdc_multi_getc
                0x000111f0                udi_cdc_getc
                0x00011200                udi_cdc_multi_read_buf
                0x00011308                udi_cdc_read_buf
                0x00011326                udi_cdc_multi_get_free_tx_buffer
                0x000113ec                udi_cdc_get_free_tx_buffer
                0x000113fc                udi_cdc_multi_is_tx_ready
                0x00011422                udi_cdc_is_tx_ready
                0x00011432                udi_cdc_multi_putc
                0x00011510                udi_cdc_putc
                0x0001152a                udi_cdc_multi_write_buf
                0x00011638                udi_cdc_write_buf
 .text          0x00011658       0x54 ../../../platform/common/utils/stdio/read.o
                0x00011658                _read
 .text          0x000116ac       0x6c ../../../platform/common/utils/stdio/write.o
                0x000116ac                _write
 .text          0x00011718      0x10c ../../../platform/common/utils/stdio/stdio_usb/stdio_usb.o
                0x00011718                stdio_usb_putchar
                0x0001175c                stdio_usb_getchar
                0x00011798                stdio_usb_enable
                0x000117b0                stdio_usb_disable
                0x000117c8                stdio_usb_init
 .text          0x00011824      0x470 ../../../board/WM400/src/board_init.o
                0x00011b42                board_init
 .text          0x00011c94       0x12 ../../../platform/sam/utils/syscalls/gcc/hardfault_handler.o
                0x00011c94                HardFault_Handler
 *fill*         0x00011ca6        0x2 
 .text.common_tc_delay
                0x00011ca8       0x98 ../../../stack/LwMesh/TDMA/services/common_hw_timer/sam/lib\libsam4l_lib_hw_timer.a(common_hw_timer.o)
                0x00011ca8                common_tc_delay
 .text.common_tc_init
                0x00011d40       0x28 ../../../stack/LwMesh/TDMA/services/common_hw_timer/sam/lib\libsam4l_lib_hw_timer.a(common_hw_timer.o)
                0x00011d40                common_tc_init
 .text.tmr_ovf_callback
                0x00011d68       0x60 ../../../stack/LwMesh/TDMA/services/common_hw_timer/sam/lib\libsam4l_lib_hw_timer.a(common_hw_timer.o)
                0x00011d68                tmr_ovf_callback
 .text.tmr_cca_callback
                0x00011dc8       0x1c ../../../stack/LwMesh/TDMA/services/common_hw_timer/sam/lib\libsam4l_lib_hw_timer.a(common_hw_timer.o)
                0x00011dc8                tmr_cca_callback
 .text.set_common_tc_expiry_callback
                0x00011de4        0xc ../../../stack/LwMesh/TDMA/services/common_hw_timer/sam/lib\libsam4l_lib_hw_timer.a(common_hw_timer.o)
                0x00011de4                set_common_tc_expiry_callback
 .text.__libc_init_array
                0x00011df0       0x50 c:/program files (x86)/atmel/studio/7.0/toolchain/arm/arm-gnu-toolchain/bin/../lib/gcc/arm-none-eabi/6.3.1/../../../../arm-none-eabi/lib/thumb/v7e-m\libg.a(lib_a-init.o)
                0x00011df0                __libc_init_array
 .text          0x00011e40      0x134 c:/program files (x86)/atmel/studio/7.0/toolchain/arm/arm-gnu-toolchain/bin/../lib/gcc/arm-none-eabi/6.3.1/../../../../arm-none-eabi/lib/thumb/v7e-m\libg.a(lib_a-memcpy.o)
                0x00011e40                memcpy
 .text.memset   0x00011f74       0x9c c:/program files (x86)/atmel/studio/7.0/toolchain/arm/arm-gnu-toolchain/bin/../lib/gcc/arm-none-eabi/6.3.1/../../../../arm-none-eabi/lib/thumb/v7e-m\libg.a(lib_a-memset.o)
                0x00011f74                memset
 .text.printf   0x00012010       0x28 c:/program files (x86)/atmel/studio/7.0/toolchain/arm/arm-gnu-toolchain/bin/../lib/gcc/arm-none-eabi/6.3.1/../../../../arm-none-eabi/lib/thumb/v7e-m\libg.a(lib_a-printf.o)
                0x00012010                printf
 .text.rand     0x00012038       0x40 c:/program files (x86)/atmel/studio/7.0/toolchain/arm/arm-gnu-toolchain/bin/../lib/gcc/arm-none-eabi/6.3.1/../../../../arm-none-eabi/lib/thumb/v7e-m\libg.a(lib_a-rand.o)
                0x00012038                rand
 .text.setbuf   0x00012078       0x10 c:/program files (x86)/atmel/studio/7.0/toolchain/arm/arm-gnu-toolchain/bin/../lib/gcc/arm-none-eabi/6.3.1/../../../../arm-none-eabi/lib/thumb/v7e-m\libg.a(lib_a-setbuf.o)
                0x00012078                setbuf
 .text.setvbuf  0x00012088      0x190 c:/program files (x86)/atmel/studio/7.0/toolchain/arm/arm-gnu-toolchain/bin/../lib/gcc/arm-none-eabi/6.3.1/../../../../arm-none-eabi/lib/thumb/v7e-m\libg.a(lib_a-setvbuf.o)
                0x00012088                setvbuf
 .text._vfprintf_r
                0x00012218     0x1558 c:/program files (x86)/atmel/studio/7.0/toolchain/arm/arm-gnu-toolchain/bin/../lib/gcc/arm-none-eabi/6.3.1/../../../../arm-none-eabi/lib/thumb/v7e-m\libg.a(lib_a-vfprintf.o)
                0x00012218                _vfprintf_r
 .text.__sbprintf
                0x00013770       0x84 c:/program files (x86)/atmel/studio/7.0/toolchain/arm/arm-gnu-toolchain/bin/../lib/gcc/arm-none-eabi/6.3.1/../../../../arm-none-eabi/lib/thumb/v7e-m\libg.a(lib_a-vfprintf.o)
 .text.__swsetup_r
                0x000137f4       0xc8 c:/program files (x86)/atmel/studio/7.0/toolchain/arm/arm-gnu-toolchain/bin/../lib/gcc/arm-none-eabi/6.3.1/../../../../arm-none-eabi/lib/thumb/v7e-m\libg.a(lib_a-wsetup.o)
                0x000137f4                __swsetup_r
 .text.startup.register_fini
                0x000138bc       0x14 c:/program files (x86)/atmel/studio/7.0/toolchain/arm/arm-gnu-toolchain/bin/../lib/gcc/arm-none-eabi/6.3.1/../../../../arm-none-eabi/lib/thumb/v7e-m\libg.a(lib_a-__call_atexit.o)
 .text.atexit   0x000138d0        0xc c:/program files (x86)/atmel/studio/7.0/toolchain/arm/arm-gnu-toolchain/bin/../lib/gcc/arm-none-eabi/6.3.1/../../../../arm-none-eabi/lib/thumb/v7e-m\libg.a(lib_a-atexit.o)
                0x000138d0                atexit
 .text.quorem   0x000138dc      0x128 c:/program files (x86)/atmel/studio/7.0/toolchain/arm/arm-gnu-toolchain/bin/../lib/gcc/arm-none-eabi/6.3.1/../../../../arm-none-eabi/lib/thumb/v7e-m\libg.a(lib_a-dtoa.o)
 *fill*         0x00013a04        0x4 
 .text._dtoa_r  0x00013a08      0xe54 c:/program files (x86)/atmel/studio/7.0/toolchain/arm/arm-gnu-toolchain/bin/../lib/gcc/arm-none-eabi/6.3.1/../../../../arm-none-eabi/lib/thumb/v7e-m\libg.a(lib_a-dtoa.o)
                0x00013a08                _dtoa_r
 .text.__sflush_r
                0x0001485c      0x140 c:/program files (x86)/atmel/studio/7.0/toolchain/arm/arm-gnu-toolchain/bin/../lib/gcc/arm-none-eabi/6.3.1/../../../../arm-none-eabi/lib/thumb/v7e-m\libg.a(lib_a-fflush.o)
                0x0001485c                __sflush_r
 .text._fflush_r
                0x0001499c       0x54 c:/program files (x86)/atmel/studio/7.0/toolchain/arm/arm-gnu-toolchain/bin/../lib/gcc/arm-none-eabi/6.3.1/../../../../arm-none-eabi/lib/thumb/v7e-m\libg.a(lib_a-fflush.o)
                0x0001499c                _fflush_r
 .text._cleanup_r
                0x000149f0        0xc c:/program files (x86)/atmel/studio/7.0/toolchain/arm/arm-gnu-toolchain/bin/../lib/gcc/arm-none-eabi/6.3.1/../../../../arm-none-eabi/lib/thumb/v7e-m\libg.a(lib_a-findfp.o)
                0x000149f0                _cleanup_r
 .text.std.isra.0
                0x000149fc       0x50 c:/program files (x86)/atmel/studio/7.0/toolchain/arm/arm-gnu-toolchain/bin/../lib/gcc/arm-none-eabi/6.3.1/../../../../arm-none-eabi/lib/thumb/v7e-m\libg.a(lib_a-findfp.o)
 .text.__sinit  0x00014a4c       0x58 c:/program files (x86)/atmel/studio/7.0/toolchain/arm/arm-gnu-toolchain/bin/../lib/gcc/arm-none-eabi/6.3.1/../../../../arm-none-eabi/lib/thumb/v7e-m\libg.a(lib_a-findfp.o)
                0x00014a4c                __sinit
 .text.__sfp_lock_acquire
                0x00014aa4        0xc c:/program files (x86)/atmel/studio/7.0/toolchain/arm/arm-gnu-toolchain/bin/../lib/gcc/arm-none-eabi/6.3.1/../../../../arm-none-eabi/lib/thumb/v7e-m\libg.a(lib_a-findfp.o)
                0x00014aa4                __sfp_lock_acquire
 .text.__sfp_lock_release
                0x00014ab0        0xc c:/program files (x86)/atmel/studio/7.0/toolchain/arm/arm-gnu-toolchain/bin/../lib/gcc/arm-none-eabi/6.3.1/../../../../arm-none-eabi/lib/thumb/v7e-m\libg.a(lib_a-findfp.o)
                0x00014ab0                __sfp_lock_release
 .text.__libc_fini_array
                0x00014abc       0x34 c:/program files (x86)/atmel/studio/7.0/toolchain/arm/arm-gnu-toolchain/bin/../lib/gcc/arm-none-eabi/6.3.1/../../../../arm-none-eabi/lib/thumb/v7e-m\libg.a(lib_a-fini.o)
                0x00014abc                __libc_fini_array
 .text._malloc_trim_r
                0x00014af0       0xa0 c:/program files (x86)/atmel/studio/7.0/toolchain/arm/arm-gnu-toolchain/bin/../lib/gcc/arm-none-eabi/6.3.1/../../../../arm-none-eabi/lib/thumb/v7e-m\libg.a(lib_a-freer.o)
                0x00014af0                _malloc_trim_r
 .text._free_r  0x00014b90      0x1cc c:/program files (x86)/atmel/studio/7.0/toolchain/arm/arm-gnu-toolchain/bin/../lib/gcc/arm-none-eabi/6.3.1/../../../../arm-none-eabi/lib/thumb/v7e-m\libg.a(lib_a-freer.o)
                0x00014b90                _free_r
 .text._fwalk_reent
                0x00014d5c       0x54 c:/program files (x86)/atmel/studio/7.0/toolchain/arm/arm-gnu-toolchain/bin/../lib/gcc/arm-none-eabi/6.3.1/../../../../arm-none-eabi/lib/thumb/v7e-m\libg.a(lib_a-fwalk.o)
                0x00014d5c                _fwalk_reent
 .text._localeconv_r
                0x00014db0       0x1c c:/program files (x86)/atmel/studio/7.0/toolchain/arm/arm-gnu-toolchain/bin/../lib/gcc/arm-none-eabi/6.3.1/../../../../arm-none-eabi/lib/thumb/v7e-m\libg.a(lib_a-localeconv.o)
                0x00014db0                _localeconv_r
 .text.__retarget_lock_init_recursive
                0x00014dcc        0x4 c:/program files (x86)/atmel/studio/7.0/toolchain/arm/arm-gnu-toolchain/bin/../lib/gcc/arm-none-eabi/6.3.1/../../../../arm-none-eabi/lib/thumb/v7e-m\libg.a(lib_a-lock.o)
                0x00014dcc                __retarget_lock_init_recursive
 .text.__retarget_lock_close_recursive
                0x00014dd0        0x4 c:/program files (x86)/atmel/studio/7.0/toolchain/arm/arm-gnu-toolchain/bin/../lib/gcc/arm-none-eabi/6.3.1/../../../../arm-none-eabi/lib/thumb/v7e-m\libg.a(lib_a-lock.o)
                0x00014dd0                __retarget_lock_close_recursive
 .text.__retarget_lock_acquire_recursive
                0x00014dd4        0x4 c:/program files (x86)/atmel/studio/7.0/toolchain/arm/arm-gnu-toolchain/bin/../lib/gcc/arm-none-eabi/6.3.1/../../../../arm-none-eabi/lib/thumb/v7e-m\libg.a(lib_a-lock.o)
                0x00014dd4                __retarget_lock_acquire_recursive
 .text.__retarget_lock_release_recursive
                0x00014dd8        0x4 c:/program files (x86)/atmel/studio/7.0/toolchain/arm/arm-gnu-toolchain/bin/../lib/gcc/arm-none-eabi/6.3.1/../../../../arm-none-eabi/lib/thumb/v7e-m\libg.a(lib_a-lock.o)
                0x00014dd8                __retarget_lock_release_recursive
 .text.__swhatbuf_r
                0x00014ddc       0x5c c:/program files (x86)/atmel/studio/7.0/toolchain/arm/arm-gnu-toolchain/bin/../lib/gcc/arm-none-eabi/6.3.1/../../../../arm-none-eabi/lib/thumb/v7e-m\libg.a(lib_a-makebuf.o)
                0x00014ddc                __swhatbuf_r
 .text.__smakebuf_r
                0x00014e38       0x94 c:/program files (x86)/atmel/studio/7.0/toolchain/arm/arm-gnu-toolchain/bin/../lib/gcc/arm-none-eabi/6.3.1/../../../../arm-none-eabi/lib/thumb/v7e-m\libg.a(lib_a-makebuf.o)
                0x00014e38                __smakebuf_r
 .text.malloc   0x00014ecc       0x10 c:/program files (x86)/atmel/studio/7.0/toolchain/arm/arm-gnu-toolchain/bin/../lib/gcc/arm-none-eabi/6.3.1/../../../../arm-none-eabi/lib/thumb/v7e-m\libg.a(lib_a-malloc.o)
                0x00014ecc                malloc
 .text._malloc_r
                0x00014edc      0x560 c:/program files (x86)/atmel/studio/7.0/toolchain/arm/arm-gnu-toolchain/bin/../lib/gcc/arm-none-eabi/6.3.1/../../../../arm-none-eabi/lib/thumb/v7e-m\libg.a(lib_a-mallocr.o)
                0x00014edc                _malloc_r
 *fill*         0x0001543c        0x4 
 .text          0x00015440       0xa0 c:/program files (x86)/atmel/studio/7.0/toolchain/arm/arm-gnu-toolchain/bin/../lib/gcc/arm-none-eabi/6.3.1/../../../../arm-none-eabi/lib/thumb/v7e-m\libg.a(lib_a-memchr.o)
                0x00015440                memchr
 .text.__malloc_lock
                0x000154e0        0xc c:/program files (x86)/atmel/studio/7.0/toolchain/arm/arm-gnu-toolchain/bin/../lib/gcc/arm-none-eabi/6.3.1/../../../../arm-none-eabi/lib/thumb/v7e-m\libg.a(lib_a-mlock.o)
                0x000154e0                __malloc_lock
 .text.__malloc_unlock
                0x000154ec        0xc c:/program files (x86)/atmel/studio/7.0/toolchain/arm/arm-gnu-toolchain/bin/../lib/gcc/arm-none-eabi/6.3.1/../../../../arm-none-eabi/lib/thumb/v7e-m\libg.a(lib_a-mlock.o)
                0x000154ec                __malloc_unlock
 .text._Balloc  0x000154f8       0x4c c:/program files (x86)/atmel/studio/7.0/toolchain/arm/arm-gnu-toolchain/bin/../lib/gcc/arm-none-eabi/6.3.1/../../../../arm-none-eabi/lib/thumb/v7e-m\libg.a(lib_a-mprec.o)
                0x000154f8                _Balloc
 .text._Bfree   0x00015544       0x14 c:/program files (x86)/atmel/studio/7.0/toolchain/arm/arm-gnu-toolchain/bin/../lib/gcc/arm-none-eabi/6.3.1/../../../../arm-none-eabi/lib/thumb/v7e-m\libg.a(lib_a-mprec.o)
                0x00015544                _Bfree
 .text.__multadd
                0x00015558       0x80 c:/program files (x86)/atmel/studio/7.0/toolchain/arm/arm-gnu-toolchain/bin/../lib/gcc/arm-none-eabi/6.3.1/../../../../arm-none-eabi/lib/thumb/v7e-m\libg.a(lib_a-mprec.o)
                0x00015558                __multadd
 .text.__hi0bits
                0x000155d8       0x40 c:/program files (x86)/atmel/studio/7.0/toolchain/arm/arm-gnu-toolchain/bin/../lib/gcc/arm-none-eabi/6.3.1/../../../../arm-none-eabi/lib/thumb/v7e-m\libg.a(lib_a-mprec.o)
                0x000155d8                __hi0bits
 .text.__lo0bits
                0x00015618       0x60 c:/program files (x86)/atmel/studio/7.0/toolchain/arm/arm-gnu-toolchain/bin/../lib/gcc/arm-none-eabi/6.3.1/../../../../arm-none-eabi/lib/thumb/v7e-m\libg.a(lib_a-mprec.o)
                0x00015618                __lo0bits
 .text.__i2b    0x00015678       0x14 c:/program files (x86)/atmel/studio/7.0/toolchain/arm/arm-gnu-toolchain/bin/../lib/gcc/arm-none-eabi/6.3.1/../../../../arm-none-eabi/lib/thumb/v7e-m\libg.a(lib_a-mprec.o)
                0x00015678                __i2b
 .text.__multiply
                0x0001568c      0x124 c:/program files (x86)/atmel/studio/7.0/toolchain/arm/arm-gnu-toolchain/bin/../lib/gcc/arm-none-eabi/6.3.1/../../../../arm-none-eabi/lib/thumb/v7e-m\libg.a(lib_a-mprec.o)
                0x0001568c                __multiply
 .text.__pow5mult
                0x000157b0       0xa0 c:/program files (x86)/atmel/studio/7.0/toolchain/arm/arm-gnu-toolchain/bin/../lib/gcc/arm-none-eabi/6.3.1/../../../../arm-none-eabi/lib/thumb/v7e-m\libg.a(lib_a-mprec.o)
                0x000157b0                __pow5mult
 .text.__lshift
                0x00015850       0xa4 c:/program files (x86)/atmel/studio/7.0/toolchain/arm/arm-gnu-toolchain/bin/../lib/gcc/arm-none-eabi/6.3.1/../../../../arm-none-eabi/lib/thumb/v7e-m\libg.a(lib_a-mprec.o)
                0x00015850                __lshift
 .text.__mcmp   0x000158f4       0x38 c:/program files (x86)/atmel/studio/7.0/toolchain/arm/arm-gnu-toolchain/bin/../lib/gcc/arm-none-eabi/6.3.1/../../../../arm-none-eabi/lib/thumb/v7e-m\libg.a(lib_a-mprec.o)
                0x000158f4                __mcmp
 .text.__mdiff  0x0001592c      0x108 c:/program files (x86)/atmel/studio/7.0/toolchain/arm/arm-gnu-toolchain/bin/../lib/gcc/arm-none-eabi/6.3.1/../../../../arm-none-eabi/lib/thumb/v7e-m\libg.a(lib_a-mprec.o)
                0x0001592c                __mdiff
 .text.__d2b    0x00015a34       0xb8 c:/program files (x86)/atmel/studio/7.0/toolchain/arm/arm-gnu-toolchain/bin/../lib/gcc/arm-none-eabi/6.3.1/../../../../arm-none-eabi/lib/thumb/v7e-m\libg.a(lib_a-mprec.o)
                0x00015a34                __d2b
 .text._sbrk_r  0x00015aec       0x24 c:/program files (x86)/atmel/studio/7.0/toolchain/arm/arm-gnu-toolchain/bin/../lib/gcc/arm-none-eabi/6.3.1/../../../../arm-none-eabi/lib/thumb/v7e-m\libg.a(lib_a-sbrkr.o)
                0x00015aec                _sbrk_r
 .text.__sread  0x00015b10       0x24 c:/program files (x86)/atmel/studio/7.0/toolchain/arm/arm-gnu-toolchain/bin/../lib/gcc/arm-none-eabi/6.3.1/../../../../arm-none-eabi/lib/thumb/v7e-m\libg.a(lib_a-stdio.o)
                0x00015b10                __sread
 .text.__swrite
                0x00015b34       0x3c c:/program files (x86)/atmel/studio/7.0/toolchain/arm/arm-gnu-toolchain/bin/../lib/gcc/arm-none-eabi/6.3.1/../../../../arm-none-eabi/lib/thumb/v7e-m\libg.a(lib_a-stdio.o)
                0x00015b34                __swrite
 .text.__sseek  0x00015b70       0x20 c:/program files (x86)/atmel/studio/7.0/toolchain/arm/arm-gnu-toolchain/bin/../lib/gcc/arm-none-eabi/6.3.1/../../../../arm-none-eabi/lib/thumb/v7e-m\libg.a(lib_a-stdio.o)
                0x00015b70                __sseek
 .text.__sclose
                0x00015b90        0x8 c:/program files (x86)/atmel/studio/7.0/toolchain/arm/arm-gnu-toolchain/bin/../lib/gcc/arm-none-eabi/6.3.1/../../../../arm-none-eabi/lib/thumb/v7e-m\libg.a(lib_a-stdio.o)
                0x00015b90                __sclose
 *fill*         0x00015b98       0x28 
 .text          0x00015bc0       0xdc c:/program files (x86)/atmel/studio/7.0/toolchain/arm/arm-gnu-toolchain/bin/../lib/gcc/arm-none-eabi/6.3.1/../../../../arm-none-eabi/lib/thumb/v7e-m\libg.a(lib_a-strlen.o)
                0x00015bc0                strlen
 .text.__sprint_r.part.0
                0x00015c9c       0x80 c:/program files (x86)/atmel/studio/7.0/toolchain/arm/arm-gnu-toolchain/bin/../lib/gcc/arm-none-eabi/6.3.1/../../../../arm-none-eabi/lib/thumb/v7e-m\libg.a(lib_a-vfiprintf.o)
 .text.__sprint_r
                0x00015d1c       0x14 c:/program files (x86)/atmel/studio/7.0/toolchain/arm/arm-gnu-toolchain/bin/../lib/gcc/arm-none-eabi/6.3.1/../../../../arm-none-eabi/lib/thumb/v7e-m\libg.a(lib_a-vfiprintf.o)
                0x00015d1c                __sprint_r
 .text._write_r
                0x00015d30       0x2c c:/program files (x86)/atmel/studio/7.0/toolchain/arm/arm-gnu-toolchain/bin/../lib/gcc/arm-none-eabi/6.3.1/../../../../arm-none-eabi/lib/thumb/v7e-m\libg.a(lib_a-writer.o)
                0x00015d30                _write_r
 .text.__register_exitproc
                0x00015d5c       0xc4 c:/program files (x86)/atmel/studio/7.0/toolchain/arm/arm-gnu-toolchain/bin/../lib/gcc/arm-none-eabi/6.3.1/../../../../arm-none-eabi/lib/thumb/v7e-m\libg.a(lib_a-__atexit.o)
                0x00015d5c                __register_exitproc
 .text._calloc_r
                0x00015e20       0x60 c:/program files (x86)/atmel/studio/7.0/toolchain/arm/arm-gnu-toolchain/bin/../lib/gcc/arm-none-eabi/6.3.1/../../../../arm-none-eabi/lib/thumb/v7e-m\libg.a(lib_a-callocr.o)
                0x00015e20                _calloc_r
 .text._close_r
                0x00015e80       0x24 c:/program files (x86)/atmel/studio/7.0/toolchain/arm/arm-gnu-toolchain/bin/../lib/gcc/arm-none-eabi/6.3.1/../../../../arm-none-eabi/lib/thumb/v7e-m\libg.a(lib_a-closer.o)
                0x00015e80                _close_r
 .text._fclose_r
                0x00015ea4       0xc4 c:/program files (x86)/atmel/studio/7.0/toolchain/arm/arm-gnu-toolchain/bin/../lib/gcc/arm-none-eabi/6.3.1/../../../../arm-none-eabi/lib/thumb/v7e-m\libg.a(lib_a-fclose.o)
                0x00015ea4                _fclose_r
 .text.__fputwc
                0x00015f68       0xa0 c:/program files (x86)/atmel/studio/7.0/toolchain/arm/arm-gnu-toolchain/bin/../lib/gcc/arm-none-eabi/6.3.1/../../../../arm-none-eabi/lib/thumb/v7e-m\libg.a(lib_a-fputwc.o)
                0x00015f68                __fputwc
 .text._fputwc_r
                0x00016008       0x68 c:/program files (x86)/atmel/studio/7.0/toolchain/arm/arm-gnu-toolchain/bin/../lib/gcc/arm-none-eabi/6.3.1/../../../../arm-none-eabi/lib/thumb/v7e-m\libg.a(lib_a-fputwc.o)
                0x00016008                _fputwc_r
 .text._fstat_r
                0x00016070       0x28 c:/program files (x86)/atmel/studio/7.0/toolchain/arm/arm-gnu-toolchain/bin/../lib/gcc/arm-none-eabi/6.3.1/../../../../arm-none-eabi/lib/thumb/v7e-m\libg.a(lib_a-fstatr.o)
                0x00016070                _fstat_r
 .text.__sfvwrite_r
                0x00016098      0x2f0 c:/program files (x86)/atmel/studio/7.0/toolchain/arm/arm-gnu-toolchain/bin/../lib/gcc/arm-none-eabi/6.3.1/../../../../arm-none-eabi/lib/thumb/v7e-m\libg.a(lib_a-fvwrite.o)
                0x00016098                __sfvwrite_r
 .text._isatty_r
                0x00016388       0x24 c:/program files (x86)/atmel/studio/7.0/toolchain/arm/arm-gnu-toolchain/bin/../lib/gcc/arm-none-eabi/6.3.1/../../../../arm-none-eabi/lib/thumb/v7e-m\libg.a(lib_a-isattyr.o)
                0x00016388                _isatty_r
 .text.__locale_mb_cur_max
                0x000163ac       0x1c c:/program files (x86)/atmel/studio/7.0/toolchain/arm/arm-gnu-toolchain/bin/../lib/gcc/arm-none-eabi/6.3.1/../../../../arm-none-eabi/lib/thumb/v7e-m\libg.a(lib_a-locale.o)
                0x000163ac                __locale_mb_cur_max
 .text._lseek_r
                0x000163c8       0x2c c:/program files (x86)/atmel/studio/7.0/toolchain/arm/arm-gnu-toolchain/bin/../lib/gcc/arm-none-eabi/6.3.1/../../../../arm-none-eabi/lib/thumb/v7e-m\libg.a(lib_a-lseekr.o)
                0x000163c8                _lseek_r
 .text.__ascii_mbtowc
                0x000163f4       0x2c c:/program files (x86)/atmel/studio/7.0/toolchain/arm/arm-gnu-toolchain/bin/../lib/gcc/arm-none-eabi/6.3.1/../../../../arm-none-eabi/lib/thumb/v7e-m\libg.a(lib_a-mbtowc_r.o)
                0x000163f4                __ascii_mbtowc
 .text.memmove  0x00016420       0xc8 c:/program files (x86)/atmel/studio/7.0/toolchain/arm/arm-gnu-toolchain/bin/../lib/gcc/arm-none-eabi/6.3.1/../../../../arm-none-eabi/lib/thumb/v7e-m\libg.a(lib_a-memmove.o)
                0x00016420                memmove
 .text._read_r  0x000164e8       0x2c c:/program files (x86)/atmel/studio/7.0/toolchain/arm/arm-gnu-toolchain/bin/../lib/gcc/arm-none-eabi/6.3.1/../../../../arm-none-eabi/lib/thumb/v7e-m\libg.a(lib_a-readr.o)
                0x000164e8                _read_r
 .text._realloc_r
                0x00016514      0x34c c:/program files (x86)/atmel/studio/7.0/toolchain/arm/arm-gnu-toolchain/bin/../lib/gcc/arm-none-eabi/6.3.1/../../../../arm-none-eabi/lib/thumb/v7e-m\libg.a(lib_a-reallocr.o)
                0x00016514                _realloc_r
 .text.__swbuf_r
                0x00016860       0xb0 c:/program files (x86)/atmel/studio/7.0/toolchain/arm/arm-gnu-toolchain/bin/../lib/gcc/arm-none-eabi/6.3.1/../../../../arm-none-eabi/lib/thumb/v7e-m\libg.a(lib_a-wbuf.o)
                0x00016860                __swbuf_r
 .text._wcrtomb_r
                0x00016910       0x54 c:/program files (x86)/atmel/studio/7.0/toolchain/arm/arm-gnu-toolchain/bin/../lib/gcc/arm-none-eabi/6.3.1/../../../../arm-none-eabi/lib/thumb/v7e-m\libg.a(lib_a-wcrtomb.o)
                0x00016910                _wcrtomb_r
 .text.__ascii_wctomb
                0x00016964       0x1c c:/program files (x86)/atmel/studio/7.0/toolchain/arm/arm-gnu-toolchain/bin/../lib/gcc/arm-none-eabi/6.3.1/../../../../arm-none-eabi/lib/thumb/v7e-m\libg.a(lib_a-wctomb_r.o)
                0x00016964                __ascii_wctomb
 .text          0x00016980      0x370 c:/program files (x86)/atmel/studio/7.0/toolchain/arm/arm-gnu-toolchain/bin/../lib/gcc/arm-none-eabi/6.3.1/thumb/v7e-m\libgcc.a(_arm_addsubdf3.o)
                0x00016980                __aeabi_drsub
                0x00016988                __aeabi_dsub
                0x00016988                __subdf3
                0x0001698c                __aeabi_dadd
                0x0001698c                __adddf3
                0x00016c04                __floatunsidf
                0x00016c04                __aeabi_ui2d
                0x00016c24                __floatsidf
                0x00016c24                __aeabi_i2d
                0x00016c48                __aeabi_f2d
                0x00016c48                __extendsfdf2
                0x00016c84                __floatundidf
                0x00016c84                __aeabi_ul2d
                0x00016c94                __floatdidf
                0x00016c94                __aeabi_l2d
 .text          0x00016cf0      0x424 c:/program files (x86)/atmel/studio/7.0/toolchain/arm/arm-gnu-toolchain/bin/../lib/gcc/arm-none-eabi/6.3.1/thumb/v7e-m\libgcc.a(_arm_muldivdf3.o)
                0x00016cf0                __aeabi_dmul
                0x00016cf0                __muldf3
                0x00016f44                __divdf3
                0x00016f44                __aeabi_ddiv
 .text          0x00017114      0x110 c:/program files (x86)/atmel/studio/7.0/toolchain/arm/arm-gnu-toolchain/bin/../lib/gcc/arm-none-eabi/6.3.1/thumb/v7e-m\libgcc.a(_arm_cmpdf2.o)
                0x00017114                __gtdf2
                0x00017114                __gedf2
                0x0001711c                __ltdf2
                0x0001711c                __ledf2
                0x00017124                __nedf2
                0x00017124                __eqdf2
                0x00017124                __cmpdf2
                0x000171a0                __aeabi_cdrcmple
                0x000171b0                __aeabi_cdcmpeq
                0x000171b0                __aeabi_cdcmple
                0x000171c0                __aeabi_dcmpeq
                0x000171d4                __aeabi_dcmplt
                0x000171e8                __aeabi_dcmple
                0x000171fc                __aeabi_dcmpge
                0x00017210                __aeabi_dcmpgt
 .text          0x00017224       0x2c c:/program files (x86)/atmel/studio/7.0/toolchain/arm/arm-gnu-toolchain/bin/../lib/gcc/arm-none-eabi/6.3.1/thumb/v7e-m\libgcc.a(_arm_unorddf2.o)
                0x00017224                __unorddf2
                0x00017224                __aeabi_dcmpun
 .text          0x00017250       0x50 c:/program files (x86)/atmel/studio/7.0/toolchain/arm/arm-gnu-toolchain/bin/../lib/gcc/arm-none-eabi/6.3.1/thumb/v7e-m\libgcc.a(_arm_fixdfsi.o)
                0x00017250                __aeabi_d2iz
                0x00017250                __fixdfsi
 .text          0x000172a0       0x30 c:/program files (x86)/atmel/studio/7.0/toolchain/arm/arm-gnu-toolchain/bin/../lib/gcc/arm-none-eabi/6.3.1/thumb/v7e-m\libgcc.a(_aeabi_uldivmod.o)
                0x000172a0                __aeabi_uldivmod
 .text          0x000172d0      0x2dc c:/program files (x86)/atmel/studio/7.0/toolchain/arm/arm-gnu-toolchain/bin/../lib/gcc/arm-none-eabi/6.3.1/thumb/v7e-m\libgcc.a(_udivmoddi4.o)
                0x000172d0                __udivmoddi4
 .text          0x000175ac        0x4 c:/program files (x86)/atmel/studio/7.0/toolchain/arm/arm-gnu-toolchain/bin/../lib/gcc/arm-none-eabi/6.3.1/thumb/v7e-m\libgcc.a(_dvmd_tls.o)
                0x000175ac                __aeabi_idiv0
                0x000175ac                __aeabi_ldiv0
 *(.glue_7t)
 .glue_7t       0x000175b0        0x0 linker stubs
 *(.glue_7)
 .glue_7        0x000175b0        0x0 linker stubs
 *(.rodata .rodata* .gnu.linkonce.r.*)
 .rodata        0x000175b0       0x39 Teste.o
 *fill*         0x000175e9        0x3 
 .rodata        0x000175ec        0x9 ../../../stack/LwMesh/TDMA/nwk/src/nwk.o
 *fill*         0x000175f5        0x3 
 .rodata        0x000175f8       0x19 ../../../platform/sam/utils/syscalls/gcc/syscalls.o
 *fill*         0x00017611        0x3 
 .rodata        0x00017614       0x14 ../../../platform/sam/drivers/tc/tc.o
 .rodata._global_impure_ptr
                0x00017628        0x4 c:/program files (x86)/atmel/studio/7.0/toolchain/arm/arm-gnu-toolchain/bin/../lib/gcc/arm-none-eabi/6.3.1/../../../../arm-none-eabi/lib/thumb/v7e-m\libg.a(lib_a-impure.o)
                0x00017628                _global_impure_ptr
 .rodata._vfprintf_r.str1.4
                0x0001762c       0x42 c:/program files (x86)/atmel/studio/7.0/toolchain/arm/arm-gnu-toolchain/bin/../lib/gcc/arm-none-eabi/6.3.1/../../../../arm-none-eabi/lib/thumb/v7e-m\libg.a(lib_a-vfprintf.o)
 *fill*         0x0001766e        0x2 
 .rodata.blanks.7238
                0x00017670       0x10 c:/program files (x86)/atmel/studio/7.0/toolchain/arm/arm-gnu-toolchain/bin/../lib/gcc/arm-none-eabi/6.3.1/../../../../arm-none-eabi/lib/thumb/v7e-m\libg.a(lib_a-vfprintf.o)
 .rodata.zeroes.7239
                0x00017680       0x10 c:/program files (x86)/atmel/studio/7.0/toolchain/arm/arm-gnu-toolchain/bin/../lib/gcc/arm-none-eabi/6.3.1/../../../../arm-none-eabi/lib/thumb/v7e-m\libg.a(lib_a-vfprintf.o)
 .rodata._dtoa_r.str1.4
                0x00017690       0x10 c:/program files (x86)/atmel/studio/7.0/toolchain/arm/arm-gnu-toolchain/bin/../lib/gcc/arm-none-eabi/6.3.1/../../../../arm-none-eabi/lib/thumb/v7e-m\libg.a(lib_a-dtoa.o)
                                 0x12 (size before relaxing)
 .rodata.__mprec_bigtens
                0x000176a0       0x28 c:/program files (x86)/atmel/studio/7.0/toolchain/arm/arm-gnu-toolchain/bin/../lib/gcc/arm-none-eabi/6.3.1/../../../../arm-none-eabi/lib/thumb/v7e-m\libg.a(lib_a-mprec.o)
                0x000176a0                __mprec_bigtens
 .rodata.__mprec_tens
                0x000176c8       0xc8 c:/program files (x86)/atmel/studio/7.0/toolchain/arm/arm-gnu-toolchain/bin/../lib/gcc/arm-none-eabi/6.3.1/../../../../arm-none-eabi/lib/thumb/v7e-m\libg.a(lib_a-mprec.o)
                0x000176c8                __mprec_tens
 .rodata.p05.6055
                0x00017790        0xc c:/program files (x86)/atmel/studio/7.0/toolchain/arm/arm-gnu-toolchain/bin/../lib/gcc/arm-none-eabi/6.3.1/../../../../arm-none-eabi/lib/thumb/v7e-m\libg.a(lib_a-mprec.o)
 .rodata._setlocale_r.str1.4
                0x0001779c        0xa c:/program files (x86)/atmel/studio/7.0/toolchain/arm/arm-gnu-toolchain/bin/../lib/gcc/arm-none-eabi/6.3.1/../../../../arm-none-eabi/lib/thumb/v7e-m\libg.a(lib_a-locale.o)
                                  0xd (size before relaxing)
 *fill*         0x000177a6        0x2 
 .rodata.str1.4
                0x000177a8        0x4 c:/program files (x86)/atmel/studio/7.0/toolchain/arm/arm-gnu-toolchain/bin/../lib/gcc/arm-none-eabi/6.3.1/../../../../arm-none-eabi/lib/thumb/v7e-m\libg.a(lib_a-locale.o)
                                  0x2 (size before relaxing)
 .rodata._ctype_
                0x000177ac      0x101 c:/program files (x86)/atmel/studio/7.0/toolchain/arm/arm-gnu-toolchain/bin/../lib/gcc/arm-none-eabi/6.3.1/../../../../arm-none-eabi/lib/thumb/v7e-m\libg.a(lib_a-ctype_.o)
                0x000177ac                _ctype_
 *(.ARM.extab* .gnu.linkonce.armextab.*)
                0x000178b0                . = ALIGN (0x4)
 *fill*         0x000178ad        0x3 
 *(.init)
 .init          0x000178b0        0x4 c:/program files (x86)/atmel/studio/7.0/toolchain/arm/arm-gnu-toolchain/bin/../lib/gcc/arm-none-eabi/6.3.1/thumb/v7e-m/crti.o
                0x000178b0                _init
 .init          0x000178b4        0x8 c:/program files (x86)/atmel/studio/7.0/toolchain/arm/arm-gnu-toolchain/bin/../lib/gcc/arm-none-eabi/6.3.1/thumb/v7e-m/crtn.o
                0x000178bc                . = ALIGN (0x4)
                0x000178bc                __preinit_array_start = .
 *(.preinit_array)
                0x000178bc                __preinit_array_end = .
                0x000178bc                . = ALIGN (0x4)
                0x000178bc                __init_array_start = .
 *(SORT(.init_array.*))
 .init_array.00000
                0x000178bc        0x4 c:/program files (x86)/atmel/studio/7.0/toolchain/arm/arm-gnu-toolchain/bin/../lib/gcc/arm-none-eabi/6.3.1/../../../../arm-none-eabi/lib/thumb/v7e-m\libg.a(lib_a-__call_atexit.o)
 *(.init_array)
 .init_array    0x000178c0        0x4 c:/program files (x86)/atmel/studio/7.0/toolchain/arm/arm-gnu-toolchain/bin/../lib/gcc/arm-none-eabi/6.3.1/thumb/v7e-m/crtbegin.o
                0x000178c4                __init_array_end = .
                0x000178c4                . = ALIGN (0x4)
 *crtbegin.o(.ctors)
 *(EXCLUDE_FILE(*crtend.o) .ctors)
 *(SORT(.ctors.*))
 *crtend.o(.ctors)
                0x000178c4                . = ALIGN (0x4)
 *(.fini)
 .fini          0x000178c4        0x4 c:/program files (x86)/atmel/studio/7.0/toolchain/arm/arm-gnu-toolchain/bin/../lib/gcc/arm-none-eabi/6.3.1/thumb/v7e-m/crti.o
                0x000178c4                _fini
 .fini          0x000178c8        0x8 c:/program files (x86)/atmel/studio/7.0/toolchain/arm/arm-gnu-toolchain/bin/../lib/gcc/arm-none-eabi/6.3.1/thumb/v7e-m/crtn.o
                0x000178d0                . = ALIGN (0x4)
                0x000178d0                __fini_array_start = .
 *(.fini_array)
 .fini_array    0x000178d0        0x4 c:/program files (x86)/atmel/studio/7.0/toolchain/arm/arm-gnu-toolchain/bin/../lib/gcc/arm-none-eabi/6.3.1/thumb/v7e-m/crtbegin.o
 *(SORT(.fini_array.*))
                0x000178d4                __fini_array_end = .
 *crtbegin.o(.dtors)
 *(EXCLUDE_FILE(*crtend.o) .dtors)
 *(SORT(.dtors.*))
 *crtend.o(.dtors)
                0x000178d4                . = ALIGN (0x4)
                0x000178d4                _efixed = .
                [!provide]                PROVIDE (__exidx_start, .)

.vfp11_veneer   0x000178d4        0x0
 .vfp11_veneer  0x000178d4        0x0 linker stubs

.v4_bx          0x000178d4        0x0
 .v4_bx         0x000178d4        0x0 linker stubs

.iplt           0x000178d4        0x0
 .iplt          0x000178d4        0x0 c:/program files (x86)/atmel/studio/7.0/toolchain/arm/arm-gnu-toolchain/bin/../lib/gcc/arm-none-eabi/6.3.1/thumb/v7e-m/crtbegin.o

.ARM.exidx      0x000178d4        0x8
 *(.ARM.exidx* .gnu.linkonce.armexidx.*)
 .ARM.exidx     0x000178d4        0x8 c:/program files (x86)/atmel/studio/7.0/toolchain/arm/arm-gnu-toolchain/bin/../lib/gcc/arm-none-eabi/6.3.1/thumb/v7e-m\libgcc.a(_udivmoddi4.o)
                [!provide]                PROVIDE (__exidx_end, .)

.eh_frame       0x000178dc        0x0
 .eh_frame      0x000178dc        0x0 c:/program files (x86)/atmel/studio/7.0/toolchain/arm/arm-gnu-toolchain/bin/../lib/gcc/arm-none-eabi/6.3.1/thumb/v7e-m/crtbegin.o

.rel.dyn        0x000178dc        0x0
 .rel.iplt      0x000178dc        0x0 c:/program files (x86)/atmel/studio/7.0/toolchain/arm/arm-gnu-toolchain/bin/../lib/gcc/arm-none-eabi/6.3.1/thumb/v7e-m/crtbegin.o

.jcr            0x000178dc        0x0
 .jcr           0x000178dc        0x0 c:/program files (x86)/atmel/studio/7.0/toolchain/arm/arm-gnu-toolchain/bin/../lib/gcc/arm-none-eabi/6.3.1/thumb/v7e-m/crtbegin.o

.igot.plt       0x000178dc        0x0
 .igot.plt      0x000178dc        0x0 c:/program files (x86)/atmel/studio/7.0/toolchain/arm/arm-gnu-toolchain/bin/../lib/gcc/arm-none-eabi/6.3.1/thumb/v7e-m/crtbegin.o
                0x000178dc                . = ALIGN (0x4)
                0x000178dc                _etext = .

.relocate       0x20000000      0xb58 load address 0x000178dc
                0x20000000                . = ALIGN (0x4)
                0x20000000                _srelocate = .
 *(.ramfunc .ramfunc.*)
 .ramfunc       0x20000000       0x74 ../../../platform/sam/drivers/bpm/bpm.o
                0x20000000                bpm_ps_no_halt_exec
 .ramfunc       0x20000074        0xa ../../../platform/common/services/delay/sam/cycle_counter.o
                0x20000074                portable_delay_cycles
 *(.data .data.*)
 .data.state    0x2000007e        0x1 Teste.o
                0x2000007e                state
 .data.last_dir
                0x2000007f        0x1 ../../../stack/LwMesh/TDMA/services/sal/at86rf2xx/src/sal.o
 .data.SPI_AT86RFX_DEVICE
                0x20000080        0x4 ../../../stack/LwMesh/TDMA/services/trx_access/trx_access.o
                0x20000080                SPI_AT86RFX_DEVICE
 .data.flashcalw_wait_until_ready
                0x20000084        0x4 ../../../platform/sam/drivers/flashcalw/flashcalw.o
                0x20000084                flashcalw_wait_until_ready
 .data.udc_string_desc_languageid
                0x20000088        0x4 ../../../platform/common/services/usb/udc/udc.o
 .data.udc_string_manufacturer_name
                0x2000008c        0x6 ../../../platform/common/services/usb/udc/udc.o
 *fill*         0x20000092        0x2 
 .data.udc_string_product_name
                0x20000094       0x27 ../../../platform/common/services/usb/udc/udc.o
 *fill*         0x200000bb        0x1 
 .data.udc_string_desc
                0x200000bc       0x4e ../../../platform/common/services/usb/udc/udc.o
 *fill*         0x2000010a        0x2 
 .data.udi_api_cdc_comm
                0x2000010c       0x14 ../../../platform/common/services/usb/class/cdc/device/udi_cdc.o
                0x2000010c                udi_api_cdc_comm
 .data.udi_api_cdc_data
                0x20000120       0x14 ../../../platform/common/services/usb/class/cdc/device/udi_cdc.o
                0x20000120                udi_api_cdc_data
 .data.udc_device_desc
                0x20000134       0x12 ../../../platform/common/services/usb/class/cdc/device/udi_cdc_desc.o
                0x20000134                udc_device_desc
 *fill*         0x20000146        0x2 
 .data.udc_desc_fs
                0x20000148       0x43 ../../../platform/common/services/usb/class/cdc/device/udi_cdc_desc.o
                0x20000148                udc_desc_fs
 *fill*         0x2000018b        0x1 
 .data.udi_apis
                0x2000018c        0x8 ../../../platform/common/services/usb/class/cdc/device/udi_cdc_desc.o
                0x2000018c                udi_apis
 .data.udc_config_fs
                0x20000194        0x8 ../../../platform/common/services/usb/class/cdc/device/udi_cdc_desc.o
                0x20000194                udc_config_fs
 .data.udc_config
                0x2000019c        0x8 ../../../platform/common/services/usb/class/cdc/device/udi_cdc_desc.o
                0x2000019c                udc_config
 .data.g_interrupt_enabled
                0x200001a4        0x1 ../../../platform/common/utils/interrupt\interrupt_sam_nvic.o
                0x200001a4                g_interrupt_enabled
 *fill*         0x200001a5        0x3 
 .data._impure_ptr
                0x200001a8        0x4 c:/program files (x86)/atmel/studio/7.0/toolchain/arm/arm-gnu-toolchain/bin/../lib/gcc/arm-none-eabi/6.3.1/../../../../arm-none-eabi/lib/thumb/v7e-m\libg.a(lib_a-impure.o)
                0x200001a8                _impure_ptr
 *fill*         0x200001ac        0x4 
 .data.impure_data
                0x200001b0      0x428 c:/program files (x86)/atmel/studio/7.0/toolchain/arm/arm-gnu-toolchain/bin/../lib/gcc/arm-none-eabi/6.3.1/../../../../arm-none-eabi/lib/thumb/v7e-m\libg.a(lib_a-impure.o)
 .data.__atexit_recursive_mutex
                0x200005d8        0x4 c:/program files (x86)/atmel/studio/7.0/toolchain/arm/arm-gnu-toolchain/bin/../lib/gcc/arm-none-eabi/6.3.1/../../../../arm-none-eabi/lib/thumb/v7e-m\libg.a(lib_a-__call_atexit.o)
                0x200005d8                __atexit_recursive_mutex
 .data.__malloc_av_
                0x200005dc      0x408 c:/program files (x86)/atmel/studio/7.0/toolchain/arm/arm-gnu-toolchain/bin/../lib/gcc/arm-none-eabi/6.3.1/../../../../arm-none-eabi/lib/thumb/v7e-m\libg.a(lib_a-mallocr.o)
                0x200005dc                __malloc_av_
 .data.__malloc_sbrk_base
                0x200009e4        0x4 c:/program files (x86)/atmel/studio/7.0/toolchain/arm/arm-gnu-toolchain/bin/../lib/gcc/arm-none-eabi/6.3.1/../../../../arm-none-eabi/lib/thumb/v7e-m\libg.a(lib_a-mallocr.o)
                0x200009e4                __malloc_sbrk_base
 .data.__malloc_trim_threshold
                0x200009e8        0x4 c:/program files (x86)/atmel/studio/7.0/toolchain/arm/arm-gnu-toolchain/bin/../lib/gcc/arm-none-eabi/6.3.1/../../../../arm-none-eabi/lib/thumb/v7e-m\libg.a(lib_a-mallocr.o)
                0x200009e8                __malloc_trim_threshold
 .data.__global_locale
                0x200009ec      0x16c c:/program files (x86)/atmel/studio/7.0/toolchain/arm/arm-gnu-toolchain/bin/../lib/gcc/arm-none-eabi/6.3.1/../../../../arm-none-eabi/lib/thumb/v7e-m\libg.a(lib_a-locale.o)
                0x200009ec                __global_locale
                0x20000b58                . = ALIGN (0x4)
                0x20000b58                _erelocate = .

.bss            0x20000b60     0x1674 load address 0x00018440
                0x20000b60                . = ALIGN (0x4)
                0x20000b60                _sbss = .
                0x20000b60                _szero = .
 *(.bss .bss.*)
 .bss           0x20000b60       0x1c c:/program files (x86)/atmel/studio/7.0/toolchain/arm/arm-gnu-toolchain/bin/../lib/gcc/arm-none-eabi/6.3.1/thumb/v7e-m/crtbegin.o
 .bss.tmr_callback_lldn
                0x20000b7c        0x4 Teste.o
                0x20000b7c                tmr_callback_lldn
 .bss.callback  0x20000b80        0x4 Teste.o
                0x20000b80                callback
 .bss.delay     0x20000b84        0x2 Teste.o
                0x20000b84                delay
 *fill*         0x20000b86        0x2 
 .bss.tmrInit   0x20000b88       0x14 Teste.o
 .bss.msgReq    0x20000b9c       0x24 Teste.o
 .bss.tmr_cont  0x20000bc0        0x4 Teste.o
                0x20000bc0                tmr_cont
 .bss.nwkDataReqQueue
                0x20000bc4        0x4 ../../../stack/LwMesh/TDMA/nwk/src/nwkDataReq.o
 .bss.nwkFrameFrames
                0x20000bc8      0xb04 ../../../stack/LwMesh/TDMA/nwk/src/nwkFrame.o
 .bss.nwkGroups
                0x200016cc        0x6 ../../../stack/LwMesh/TDMA/nwk/src/nwkGroup.o
 *fill*         0x200016d2        0x2 
 .bss.nwkRxDuplicateRejectionTable
                0x200016d4      0x12c ../../../stack/LwMesh/TDMA/nwk/src/nwkRx.o
 .bss.nwkRxAckControl
                0x20001800        0x1 ../../../stack/LwMesh/TDMA/nwk/src/nwkRx.o
 *fill*         0x20001801        0x3 
 .bss.nwkRxDuplicateRejectionTimer
                0x20001804       0x14 ../../../stack/LwMesh/TDMA/nwk/src/nwkRx.o
 .bss.nwkTxPhyActiveFrame
                0x20001818        0x4 ../../../stack/LwMesh/TDMA/nwk/src/nwkTx.o
 .bss.nwkTxAckWaitTimer
                0x2000181c       0x14 ../../../stack/LwMesh/TDMA/nwk/src/nwkTx.o
 .bss.nwkTxDelayTimer
                0x20001830       0x14 ../../../stack/LwMesh/TDMA/nwk/src/nwkTx.o
 .bss.phyState  0x20001844        0x1 ../../../stack/LwMesh/TDMA/phy/AT86RF233/src/phy.o
 *fill*         0x20001845        0x3 
 .bss.phyRxBuffer
                0x20001848       0x80 ../../../stack/LwMesh/TDMA/phy/AT86RF233/src/phy.o
 .bss.phyRxState
                0x200018c8        0x1 ../../../stack/LwMesh/TDMA/phy/AT86RF233/src/phy.o
 *fill*         0x200018c9        0x3 
 .bss.timers    0x200018cc        0x4 ../../../stack/LwMesh/TDMA/sys/src/sysTimer.o
 .bss.setup_flag
                0x200018d0        0x1 ../../../stack/LwMesh/TDMA/services/sal/at86rf2xx/src/sal.o
 .bss.dec_initialized
                0x200018d1        0x1 ../../../stack/LwMesh/TDMA/services/sal/at86rf2xx/src/sal.o
 *fill*         0x200018d2        0x2 
 .bss.aes_buf   0x200018d4       0x12 ../../../stack/LwMesh/TDMA/services/sal/at86rf2xx/src/sal.o
 *fill*         0x200018e6        0x2 
 .bss.enc_key   0x200018e8       0x10 ../../../stack/LwMesh/TDMA/services/sal/at86rf2xx/src/sal.o
 .bss.dec_key   0x200018f8       0x10 ../../../stack/LwMesh/TDMA/services/sal/at86rf2xx/src/sal.o
 .bss.irq_hdl_trx
                0x20001908        0x4 ../../../stack/LwMesh/TDMA/services/trx_access/trx_access.o
 .bss.heap.5297
                0x2000190c        0x4 ../../../platform/sam/utils/syscalls/gcc/syscalls.o
 .bss.stacked_r0.8186
                0x20001910        0x4 ../../../platform/sam/utils/syscalls/gcc/hardfault_handler_c.o
 .bss.stacked_r1.8187
                0x20001914        0x4 ../../../platform/sam/utils/syscalls/gcc/hardfault_handler_c.o
 .bss.stacked_r2.8188
                0x20001918        0x4 ../../../platform/sam/utils/syscalls/gcc/hardfault_handler_c.o
 .bss.stacked_r3.8189
                0x2000191c        0x4 ../../../platform/sam/utils/syscalls/gcc/hardfault_handler_c.o
 .bss.stacked_r12.8190
                0x20001920        0x4 ../../../platform/sam/utils/syscalls/gcc/hardfault_handler_c.o
 .bss.stacked_lr.8191
                0x20001924        0x4 ../../../platform/sam/utils/syscalls/gcc/hardfault_handler_c.o
 .bss.stacked_pc.8192
                0x20001928        0x4 ../../../platform/sam/utils/syscalls/gcc/hardfault_handler_c.o
 .bss.stacked_psr.8193
                0x2000192c        0x4 ../../../platform/sam/utils/syscalls/gcc/hardfault_handler_c.o
 .bss.flashcalw_error_status
                0x20001930        0x4 ../../../platform/sam/drivers/flashcalw/flashcalw.o
 .bss.gpio_int_sources
                0x20001934       0x30 ../../../platform/sam/drivers/gpio/gpio.o
 .bss.gpio_nb_sources
                0x20001964        0x4 ../../../platform/sam/drivers/gpio/gpio.o
 .bss.reg_value.8780
                0x20001968        0x4 ../../../platform/sam/drivers/spi/spi.o
 .bss.udd_b_idle
                0x2000196c        0x1 ../../../platform/sam/drivers/usbc/usbc_device.o
 *fill*         0x2000196d       0x13 
 .bss.udd_g_ep_table
                0x20001980       0x80 ../../../platform/sam/drivers/usbc/usbc_device.o
 .bss.udd_ep_control_state
                0x20001a00        0x1 ../../../platform/sam/drivers/usbc/usbc_device.o
 *fill*         0x20001a01        0x1 
 .bss.udd_ctrl_prev_payload_nb_trans
                0x20001a02        0x2 ../../../platform/sam/drivers/usbc/usbc_device.o
 .bss.udd_ctrl_payload_nb_trans
                0x20001a04        0x2 ../../../platform/sam/drivers/usbc/usbc_device.o
 *fill*         0x20001a06        0x2 
 .bss.udd_ep_job
                0x20001a08       0x3c ../../../platform/sam/drivers/usbc/usbc_device.o
 .bss.b_shortpacket.9372
                0x20001a44        0x1 ../../../platform/sam/drivers/usbc/usbc_device.o
 .bss.open_loop_done.8576
                0x20001a45        0x1 ../../../platform/common/services/clock/sam4l/dfll.o
 .bss.udc_device_status
                0x20001a46        0x2 ../../../platform/common/services/usb/udc/udc.o
 .bss.udc_num_configuration
                0x20001a48        0x1 ../../../platform/common/services/usb/udc/udc.o
 *fill*         0x20001a49        0x3 
 .bss.udc_ptr_conf
                0x20001a4c        0x4 ../../../platform/common/services/usb/udc/udc.o
 .bss.udc_ptr_iface
                0x20001a50        0x4 ../../../platform/common/services/usb/udc/udc.o
 .bss.udc_ep_status.8256
                0x20001a54        0x2 ../../../platform/common/services/usb/udc/udc.o
 .bss.udc_iface_setting.8314
                0x20001a56        0x1 ../../../platform/common/services/usb/udc/udc.o
 *fill*         0x20001a57        0x1 
 .bss.udi_cdc_line_coding
                0x20001a58        0x7 ../../../platform/common/services/usb/class/cdc/device/udi_cdc.o
 *fill*         0x20001a5f        0x1 
 .bss.udi_cdc_serial_state_msg_ongoing
                0x20001a60        0x1 ../../../platform/common/services/usb/class/cdc/device/udi_cdc.o
 *fill*         0x20001a61        0x3 
 .bss.udi_cdc_state
                0x20001a64        0x2 ../../../platform/common/services/usb/class/cdc/device/udi_cdc.o
 *fill*         0x20001a66        0x2 
 .bss.uid_cdc_state_msg
                0x20001a68        0xa ../../../platform/common/services/usb/class/cdc/device/udi_cdc.o
 .bss.udi_cdc_nb_comm_enabled
                0x20001a72        0x1 ../../../platform/common/services/usb/class/cdc/device/udi_cdc.o
 .bss.udi_cdc_nb_data_enabled
                0x20001a73        0x1 ../../../platform/common/services/usb/class/cdc/device/udi_cdc.o
 .bss.udi_cdc_data_running
                0x20001a74        0x1 ../../../platform/common/services/usb/class/cdc/device/udi_cdc.o
 *fill*         0x20001a75        0x3 
 .bss.udi_cdc_rx_buf
                0x20001a78      0x280 ../../../platform/common/services/usb/class/cdc/device/udi_cdc.o
 .bss.udi_cdc_rx_buf_nb
                0x20001cf8        0x4 ../../../platform/common/services/usb/class/cdc/device/udi_cdc.o
 .bss.udi_cdc_rx_buf_sel
                0x20001cfc        0x1 ../../../platform/common/services/usb/class/cdc/device/udi_cdc.o
 *fill*         0x20001cfd        0x3 
 .bss.udi_cdc_rx_pos
                0x20001d00        0x2 ../../../platform/common/services/usb/class/cdc/device/udi_cdc.o
 *fill*         0x20001d02        0x2 
 .bss.udi_cdc_rx_trans_ongoing
                0x20001d04        0x1 ../../../platform/common/services/usb/class/cdc/device/udi_cdc.o
 *fill*         0x20001d05        0x3 
 .bss.udi_cdc_tx_buf
                0x20001d08      0x280 ../../../platform/common/services/usb/class/cdc/device/udi_cdc.o
 .bss.udi_cdc_tx_buf_nb
                0x20001f88        0x4 ../../../platform/common/services/usb/class/cdc/device/udi_cdc.o
 .bss.udi_cdc_tx_buf_sel
                0x20001f8c        0x1 ../../../platform/common/services/usb/class/cdc/device/udi_cdc.o
 *fill*         0x20001f8d        0x3 
 .bss.udi_cdc_tx_sof_num
                0x20001f90        0x2 ../../../platform/common/services/usb/class/cdc/device/udi_cdc.o
 *fill*         0x20001f92        0x2 
 .bss.udi_cdc_tx_trans_ongoing
                0x20001f94        0x1 ../../../platform/common/services/usb/class/cdc/device/udi_cdc.o
 *fill*         0x20001f95        0x3 
 .bss.udi_cdc_tx_both_buf_to_send
                0x20001f98        0x1 ../../../platform/common/services/usb/class/cdc/device/udi_cdc.o
 .bss.port_notify.8461
                0x20001f99        0x1 ../../../platform/common/services/usb/class/cdc/device/udi_cdc.o
 .bss.sof_zlp_counter.8531
                0x20001f9a        0x2 ../../../platform/common/services/usb/class/cdc/device/udi_cdc.o
 .bss.stdio_usb_interface_enable
                0x20001f9c        0x1 ../../../platform/common/utils/stdio/stdio_usb/stdio_usb.o
 *fill*         0x20001f9d        0x3 
 .bss           0x20001fa0       0x14 ../../../stack/LwMesh/TDMA/services/common_hw_timer/sam/lib\libsam4l_lib_hw_timer.a(common_hw_timer.o)
 .bss.__malloc_current_mallinfo
                0x20001fb4       0x28 c:/program files (x86)/atmel/studio/7.0/toolchain/arm/arm-gnu-toolchain/bin/../lib/gcc/arm-none-eabi/6.3.1/../../../../arm-none-eabi/lib/thumb/v7e-m\libg.a(lib_a-mallocr.o)
                0x20001fb4                __malloc_current_mallinfo
 .bss.__malloc_max_sbrked_mem
                0x20001fdc        0x4 c:/program files (x86)/atmel/studio/7.0/toolchain/arm/arm-gnu-toolchain/bin/../lib/gcc/arm-none-eabi/6.3.1/../../../../arm-none-eabi/lib/thumb/v7e-m\libg.a(lib_a-mallocr.o)
                0x20001fdc                __malloc_max_sbrked_mem
 .bss.__malloc_max_total_mem
                0x20001fe0        0x4 c:/program files (x86)/atmel/studio/7.0/toolchain/arm/arm-gnu-toolchain/bin/../lib/gcc/arm-none-eabi/6.3.1/../../../../arm-none-eabi/lib/thumb/v7e-m\libg.a(lib_a-mallocr.o)
                0x20001fe0                __malloc_max_total_mem
 .bss.__malloc_top_pad
                0x20001fe4        0x4 c:/program files (x86)/atmel/studio/7.0/toolchain/arm/arm-gnu-toolchain/bin/../lib/gcc/arm-none-eabi/6.3.1/../../../../arm-none-eabi/lib/thumb/v7e-m\libg.a(lib_a-mallocr.o)
                0x20001fe4                __malloc_top_pad
 *(COMMON)
 COMMON         0x20001fe8       0x4c ../../../stack/LwMesh/TDMA/nwk/src/nwk.o
                0x20001fe8                nwkIb
 COMMON         0x20002034        0x1 ../../../stack/LwMesh/TDMA/sys/src/sysTimer.o
                0x20002034                SysTimerIrqCount
 *fill*         0x20002035        0x3 
 COMMON         0x20002038        0x4 ../../../stack/LwMesh/TDMA/services/common_hw_timer/sam/hw_timer.o
                0x20002038                tmr_callback
 COMMON         0x2000203c        0x8 ../../../stack/LwMesh/TDMA/services/sleep_mgr/sam4l/sleep_mgr.o
                0x2000203c                ast_alarm
                0x20002040                ast_counter
 COMMON         0x20002044       0x14 ../../../platform/sam/drivers/ast/ast.o
                0x20002044                ast_callback_pointer
 COMMON         0x20002058       0x24 ../../../platform/sam/drivers/eic/eic.o
                0x20002058                eic_callback_pointer
 COMMON         0x2000207c      0x118 ../../../platform/sam/drivers/usbc/usbc_device.o
                0x2000207c                udd_ep_out_cache_buffer
                0x2000213c                udd_g_ctrlreq
                0x20002154                udd_ctrl_buffer
 COMMON         0x20002194        0x8 ../../../platform/common/services/sleepmgr/sam/sleepmgr.o
                0x20002194                sleepmgr_locks
 COMMON         0x2000219c        0x4 ../../../platform/common/utils/stdio/read.o
                0x2000219c                ptr_get
 COMMON         0x200021a0        0x8 ../../../platform/common/utils/stdio/write.o
                0x200021a0                ptr_put
                0x200021a4                stdio_base
 COMMON         0x200021a8        0x1 ../../../stack/LwMesh/TDMA/services/common_hw_timer/sam/lib\libsam4l_lib_hw_timer.a(common_hw_timer.o)
                0x200021a8                timer_multiplier
 *fill*         0x200021a9        0x3 
 COMMON         0x200021ac       0x21 c:/program files (x86)/atmel/studio/7.0/toolchain/arm/arm-gnu-toolchain/bin/../lib/gcc/arm-none-eabi/6.3.1/../../../../arm-none-eabi/lib/thumb/v7e-m\libg.a(lib_a-lock.o)
                0x200021ac                __lock___atexit_recursive_mutex
                0x200021b0                __lock___arc4random_mutex
                0x200021b4                __lock___env_recursive_mutex
                0x200021b8                __lock___sinit_recursive_mutex
                0x200021bc                __lock___malloc_recursive_mutex
                0x200021c0                __lock___at_quick_exit_mutex
                0x200021c4                __lock___dd_hash_mutex
                0x200021c8                __lock___tz_mutex
                0x200021cc                __lock___sfp_recursive_mutex
 *fill*         0x200021cd        0x3 
 COMMON         0x200021d0        0x4 c:/program files (x86)/atmel/studio/7.0/toolchain/arm/arm-gnu-toolchain/bin/../lib/gcc/arm-none-eabi/6.3.1/../../../../arm-none-eabi/lib/thumb/v7e-m\libg.a(lib_a-reent.o)
                0x200021d0                errno
                0x200021d4                . = ALIGN (0x4)
                0x200021d4                _ebss = .
                0x200021d4                _ezero = .

.stack          0x200021d4     0x1004 load address 0x00019ab4
                0x200021d8                . = ALIGN (0x8)
 *fill*         0x200021d4        0x4 
                0x200021d8                _sstack = .
                0x200031d8                . = (. + __stack_size__)
 *fill*         0x200021d8     0x1000 
                0x200031d8                . = ALIGN (0x8)
                0x200031d8                _estack = .
                0x200031d8                . = ALIGN (0x4)
                0x200031d8                _end = .
START GROUP
LOAD c:/program files (x86)/atmel/studio/7.0/toolchain/arm/arm-gnu-toolchain/bin/../lib/gcc/arm-none-eabi/6.3.1/thumb/v7e-m\libgcc.a
LOAD c:/program files (x86)/atmel/studio/7.0/toolchain/arm/arm-gnu-toolchain/bin/../lib/gcc/arm-none-eabi/6.3.1/../../../../arm-none-eabi/lib/thumb/v7e-m\libg.a
LOAD c:/program files (x86)/atmel/studio/7.0/toolchain/arm/arm-gnu-toolchain/bin/../lib/gcc/arm-none-eabi/6.3.1/../../../../arm-none-eabi/lib/thumb/v7e-m\libc.a
END GROUP
LOAD c:/program files (x86)/atmel/studio/7.0/toolchain/arm/arm-gnu-toolchain/bin/../lib/gcc/arm-none-eabi/6.3.1/thumb/v7e-m/crtend.o
LOAD c:/program files (x86)/atmel/studio/7.0/toolchain/arm/arm-gnu-toolchain/bin/../lib/gcc/arm-none-eabi/6.3.1/thumb/v7e-m/crtn.o
OUTPUT(exp2_sam4lc2b_wm400_coordinator.elf elf32-littlearm)

.ARM.attributes
                0x00000000       0x2a
 .ARM.attributes
                0x00000000       0x1e c:/program files (x86)/atmel/studio/7.0/toolchain/arm/arm-gnu-toolchain/bin/../lib/gcc/arm-none-eabi/6.3.1/thumb/v7e-m/crti.o
 .ARM.attributes
                0x0000001e       0x2e c:/program files (x86)/atmel/studio/7.0/toolchain/arm/arm-gnu-toolchain/bin/../lib/gcc/arm-none-eabi/6.3.1/thumb/v7e-m/crtbegin.o
 .ARM.attributes
                0x0000004c       0x33 Teste.o
 .ARM.attributes
                0x0000007f       0x33 ../../../stack/LwMesh/TDMA/nwk/src/nwk.o
 .ARM.attributes
                0x000000b2       0x33 ../../../stack/LwMesh/TDMA/nwk/src/nwkDataReq.o
 .ARM.attributes
                0x000000e5       0x33 ../../../stack/LwMesh/TDMA/nwk/src/nwkFrame.o
 .ARM.attributes
                0x00000118       0x33 ../../../stack/LwMesh/TDMA/nwk/src/nwkGroup.o
 .ARM.attributes
                0x0000014b       0x33 ../../../stack/LwMesh/TDMA/nwk/src/nwkRx.o
 .ARM.attributes
                0x0000017e       0x33 ../../../stack/LwMesh/TDMA/nwk/src/nwkTx.o
 .ARM.attributes
                0x000001b1       0x33 ../../../stack/LwMesh/TDMA/phy/AT86RF233/src/phy.o
 .ARM.attributes
                0x000001e4       0x33 ../../../stack/LwMesh/TDMA/sys/src/sys.o
 .ARM.attributes
                0x00000217       0x33 ../../../stack/LwMesh/TDMA/sys/src/sysTimer.o
 .ARM.attributes
                0x0000024a       0x33 ../../../stack/LwMesh/TDMA/services/common_hw_timer/sam/hw_timer.o
 .ARM.attributes
                0x0000027d       0x33 ../../../stack/LwMesh/TDMA/services/sal/at86rf2xx/src/sal.o
 .ARM.attributes
                0x000002b0       0x33 ../../../stack/LwMesh/TDMA/services/sleep_mgr/sam4l/sleep_mgr.o
 .ARM.attributes
                0x000002e3       0x33 ../../../stack/LwMesh/TDMA/services/trx_access/trx_access.o
 .ARM.attributes
                0x00000316       0x33 ../../../platform/sam/utils/cmsis/sam4l/source/templates/exceptions.o
 .ARM.attributes
                0x00000349       0x33 ../../../platform/sam/utils/cmsis/sam4l/source/templates/gcc/startup_sam4l.o
 .ARM.attributes
                0x0000037c       0x33 ../../../platform/sam/utils/syscalls/gcc/syscalls.o
 .ARM.attributes
                0x000003af       0x33 ../../../platform/sam/utils/syscalls/gcc/hardfault_handler_c.o
 .ARM.attributes
                0x000003e2       0x33 ../../../platform/sam/drivers/ast/ast.o
 .ARM.attributes
                0x00000415       0x33 ../../../platform/sam/drivers/bpm/bpm.o
 .ARM.attributes
                0x00000448       0x33 ../../../platform/sam/drivers/flashcalw/flashcalw.o
 .ARM.attributes
                0x0000047b       0x33 ../../../platform/sam/drivers/gpio/gpio.o
 .ARM.attributes
                0x000004ae       0x33 ../../../platform/sam/drivers/eic/eic.o
 .ARM.attributes
                0x000004e1       0x33 ../../../platform/sam/drivers/spi/spi.o
 .ARM.attributes
                0x00000514       0x33 ../../../platform/sam/drivers/tc/tc.o
 .ARM.attributes
                0x00000547       0x33 ../../../platform/sam/drivers/usbc/usbc_device.o
 .ARM.attributes
                0x0000057a       0x33 ../../../platform/sam/drivers/wdt/wdt_sam4l.o
 .ARM.attributes