Archive member included to satisfy reference by file (symbol)

../../../stack/LwMesh/TDMA/services/common_hw_timer/sam/lib\libsam4l_lib_hw_timer.a(common_hw_timer.o)
                              ../../../stack/LwMesh/TDMA/sys/src/sysTimer.o (common_tc_delay)
c:/program files (x86)/atmel/studio/7.0/toolchain/arm/arm-gnu-toolchain/bin/../lib/gcc/arm-none-eabi/6.3.1/../../../../arm-none-eabi/lib/thumb/v7e-m\libg.a(lib_a-exit.o)
                              c:/program files (x86)/atmel/studio/7.0/toolchain/arm/arm-gnu-toolchain/bin/../lib/gcc/arm-none-eabi/6.3.1/../../../../arm-none-eabi/lib/thumb/v7e-m/crt0.o (exit)
c:/program files (x86)/atmel/studio/7.0/toolchain/arm/arm-gnu-toolchain/bin/../lib/gcc/arm-none-eabi/6.3.1/../../../../arm-none-eabi/lib/thumb/v7e-m\libg.a(lib_a-impure.o)
                              c:/program files (x86)/atmel/studio/7.0/toolchain/arm/arm-gnu-toolchain/bin/../lib/gcc/arm-none-eabi/6.3.1/../../../../arm-none-eabi/lib/thumb/v7e-m\libg.a(lib_a-exit.o) (_global_impure_ptr)
c:/program files (x86)/atmel/studio/7.0/toolchain/arm/arm-gnu-toolchain/bin/../lib/gcc/arm-none-eabi/6.3.1/../../../../arm-none-eabi/lib/thumb/v7e-m\libg.a(lib_a-init.o)
                              c:/program files (x86)/atmel/studio/7.0/toolchain/arm/arm-gnu-toolchain/bin/../lib/gcc/arm-none-eabi/6.3.1/../../../../arm-none-eabi/lib/thumb/v7e-m/crt0.o (__libc_init_array)
c:/program files (x86)/atmel/studio/7.0/toolchain/arm/arm-gnu-toolchain/bin/../lib/gcc/arm-none-eabi/6.3.1/../../../../arm-none-eabi/lib/thumb/v7e-m\libg.a(lib_a-memcpy.o)
                              ../../../stack/LwMesh/TDMA/nwk/src/nwkDataReq.o (memcpy)
c:/program files (x86)/atmel/studio/7.0/toolchain/arm/arm-gnu-toolchain/bin/../lib/gcc/arm-none-eabi/6.3.1/../../../../arm-none-eabi/lib/thumb/v7e-m\libg.a(lib_a-memset.o)
                              c:/program files (x86)/atmel/studio/7.0/toolchain/arm/arm-gnu-toolchain/bin/../lib/gcc/arm-none-eabi/6.3.1/../../../../arm-none-eabi/lib/thumb/v7e-m/crt0.o (memset)
c:/program files (x86)/atmel/studio/7.0/toolchain/arm/arm-gnu-toolchain/bin/../lib/gcc/arm-none-eabi/6.3.1/../../../../arm-none-eabi/lib/thumb/v7e-m\libg.a(lib_a-printf.o)
                              ../../../platform/sam/utils/syscalls/gcc/syscalls.o (printf)
c:/program files (x86)/atmel/studio/7.0/toolchain/arm/arm-gnu-toolchain/bin/../lib/gcc/arm-none-eabi/6.3.1/../../../../arm-none-eabi/lib/thumb/v7e-m\libg.a(lib_a-rand.o)
                              ../../../stack/LwMesh/TDMA/nwk/src/nwkTx.o (rand)
c:/program files (x86)/atmel/studio/7.0/toolchain/arm/arm-gnu-toolchain/bin/../lib/gcc/arm-none-eabi/6.3.1/../../../../arm-none-eabi/lib/thumb/v7e-m\libg.a(lib_a-setbuf.o)
                              ../../../platform/common/utils/stdio/stdio_usb/stdio_usb.o (setbuf)
c:/program files (x86)/atmel/studio/7.0/toolchain/arm/arm-gnu-toolchain/bin/../lib/gcc/arm-none-eabi/6.3.1/../../../../arm-none-eabi/lib/thumb/v7e-m\libg.a(lib_a-setvbuf.o)
                              c:/program files (x86)/atmel/studio/7.0/toolchain/arm/arm-gnu-toolchain/bin/../lib/gcc/arm-none-eabi/6.3.1/../../../../arm-none-eabi/lib/thumb/v7e-m\libg.a(lib_a-setbuf.o) (setvbuf)
c:/program files (x86)/atmel/studio/7.0/toolchain/arm/arm-gnu-toolchain/bin/../lib/gcc/arm-none-eabi/6.3.1/../../../../arm-none-eabi/lib/thumb/v7e-m\libg.a(lib_a-vfprintf.o)
                              c:/program files (x86)/atmel/studio/7.0/toolchain/arm/arm-gnu-toolchain/bin/../lib/gcc/arm-none-eabi/6.3.1/../../../../arm-none-eabi/lib/thumb/v7e-m\libg.a(lib_a-printf.o) (_vfprintf_r)
c:/program files (x86)/atmel/studio/7.0/toolchain/arm/arm-gnu-toolchain/bin/../lib/gcc/arm-none-eabi/6.3.1/../../../../arm-none-eabi/lib/thumb/v7e-m\libg.a(lib_a-wsetup.o)
                              c:/program files (x86)/atmel/studio/7.0/toolchain/arm/arm-gnu-toolchain/bin/../lib/gcc/arm-none-eabi/6.3.1/../../../../arm-none-eabi/lib/thumb/v7e-m\libg.a(lib_a-vfprintf.o) (__swsetup_r)
c:/program files (x86)/atmel/studio/7.0/toolchain/arm/arm-gnu-toolchain/bin/../lib/gcc/arm-none-eabi/6.3.1/../../../../arm-none-eabi/lib/thumb/v7e-m\libg.a(lib_a-__call_atexit.o)
                              c:/program files (x86)/atmel/studio/7.0/toolchain/arm/arm-gnu-toolchain/bin/../lib/gcc/arm-none-eabi/6.3.1/../../../../arm-none-eabi/lib/thumb/v7e-m\libg.a(lib_a-exit.o) (__call_exitprocs)
c:/program files (x86)/atmel/studio/7.0/toolchain/arm/arm-gnu-toolchain/bin/../lib/gcc/arm-none-eabi/6.3.1/../../../../arm-none-eabi/lib/thumb/v7e-m\libg.a(lib_a-atexit.o)
                              c:/program files (x86)/atmel/studio/7.0/toolchain/arm/arm-gnu-toolchain/bin/../lib/gcc/arm-none-eabi/6.3.1/../../../../arm-none-eabi/lib/thumb/v7e-m\libg.a(lib_a-__call_atexit.o) (atexit)
c:/program files (x86)/atmel/studio/7.0/toolchain/arm/arm-gnu-toolchain/bin/../lib/gcc/arm-none-eabi/6.3.1/../../../../arm-none-eabi/lib/thumb/v7e-m\libg.a(lib_a-dtoa.o)
[...]
Memory Configuration

Name             Origin             Length             Attributes
rom              0x00004000         0x0003c000         xr
ram              0x20000000         0x00008000         xrw
*default*        0x00000000         0xffffffff

Linker script and memory map

LOAD c:/program files (x86)/atmel/studio/7.0/toolchain/arm/arm-gnu-toolchain/bin/../lib/gcc/arm-none-eabi/6.3.1/thumb/v7e-m/crti.o
LOAD c:/program files (x86)/atmel/studio/7.0/toolchain/arm/arm-gnu-toolchain/bin/../lib/gcc/arm-none-eabi/6.3.1/thumb/v7e-m/crtbegin.o
LOAD c:/program files (x86)/atmel/studio/7.0/toolchain/arm/arm-gnu-toolchain/bin/../lib/gcc/arm-none-eabi/6.3.1/../../../../arm-none-eabi/lib/thumb/v7e-m/crt0.o
LOAD TC_lldn.o
LOAD ../../../stack/LwMesh/TDMA/nwk/src/nwk.o
LOAD ../../../stack/LwMesh/TDMA/nwk/src/nwkDataReq.o
LOAD ../../../stack/LwMesh/TDMA/nwk/src/nwkFrame.o
LOAD ../../../stack/LwMesh/TDMA/nwk/src/nwkGroup.o
LOAD ../../../stack/LwMesh/TDMA/nwk/src/nwkRoute.o
LOAD ../../../stack/LwMesh/TDMA/nwk/src/nwkRouteDiscovery.o
LOAD ../../../stack/LwMesh/TDMA/nwk/src/nwkRx.o
LOAD ../../../stack/LwMesh/TDMA/nwk/src/nwkSecurity.o
LOAD ../../../stack/LwMesh/TDMA/nwk/src/nwkTx.o
LOAD ../../../stack/LwMesh/TDMA/phy/AT86RF233/src/phy.o
LOAD ../../../stack/LwMesh/TDMA/sys/src/sys.o
LOAD ../../../stack/LwMesh/TDMA/sys/src/sysEncrypt.o
LOAD ../../../stack/LwMesh/TDMA/sys/src/sysTimer.o
LOAD ../../../stack/LwMesh/TDMA/services/common_hw_timer/sam/hw_timer.o
LOAD ../../../stack/LwMesh/TDMA/services/sal/at86rf2xx/src/sal.o
LOAD ../../../stack/LwMesh/TDMA/services/sleep_mgr/sam4l/sleep_mgr.o
LOAD ../../../stack/LwMesh/TDMA/services/trx_access/trx_access.o
LOAD ../../../platform/sam/utils/cmsis/sam4l/source/templates/system_sam4l.o
LOAD ../../../platform/sam/utils/cmsis/sam4l/source/templates/exceptions.o
LOAD ../../../platform/sam/utils/cmsis/sam4l/source/templates/gcc/startup_sam4l.o
LOAD ../../../platform/sam/utils/syscalls/gcc/syscalls.o
LOAD ../../../platform/sam/utils/syscalls/gcc/hardfault_handler_c.o
LOAD ../../../platform/sam/drivers/ast/ast.o
LOAD ../../../platform/sam/drivers/bpm/bpm.o
LOAD ../../../platform/sam/drivers/flashcalw/flashcalw.o
LOAD ../../../platform/sam/drivers/gpio/gpio.o
LOAD ../../../platform/sam/drivers/eic/eic.o
LOAD ../../../platform/sam/drivers/spi/spi.o
LOAD ../../../platform/sam/drivers/tc/tc.o
LOAD ../../../platform/sam/drivers/usbc/usbc_device.o
LOAD ../../../platform/sam/drivers/usart/usart.o
LOAD ../../../platform/sam/drivers/wdt/wdt_sam4l.o
LOAD ../../../platform/common/services/clock/sam4l/sysclk.o
LOAD ../../../platform/common/services/clock/sam4l/dfll.o
LOAD ../../../platform/common/services/clock/sam4l/osc.o
LOAD ../../../platform/common/services/clock/sam4l/pll.o
LOAD ../../../platform/common/services/delay/sam/cycle_counter.o
LOAD ../../../platform/common/services/serial/usart_serial.o
LOAD ../../../platform/common/services/spi/sam_spi/spi_master.o
LOAD ../../../platform/common/services/spi/sam_usart_spi/usart_spi.o
LOAD ../../../platform/common/services/sleepmgr/sam/sleepmgr.o
LOAD ../../../platform/common/services/usb/udc/udc.o
LOAD ../../../platform/common/services/usb/class/cdc/device/udi_cdc.o
LOAD ../../../platform/common/services/usb/class/cdc/device/udi_cdc_desc.o
LOAD ../../../platform/common/utils/interrupt\interrupt_sam_nvic.o
LOAD ../../../platform/common/utils/stdio/read.o
LOAD ../../../platform/common/utils/stdio/write.o
LOAD ../../../platform/common/utils/stdio/stdio_usb/stdio_usb.o
LOAD ../../../platform/thirdparty/wireless/addons/sio2host/usb/sio2host.o
LOAD ../../../board/WM400/src/board_init.o
LOAD ../../../platform/resources/buffer/src/bmm.o
LOAD ../../../platform/resources/queue/src/qmm.o
LOAD ../../../platform/sam/utils/syscalls/gcc/hardfault_handler.o
START GROUP
LOAD ../../../stack/LwMesh/TDMA/services/common_hw_timer/sam/lib\libsam4l_lib_hw_timer.a
END GROUP
START GROUP
LOAD ../../../platform/thirdparty/CMSIS/Lib/GCC\libarm_cortexM4l_math.a
LOAD c:/program files (x86)/atmel/studio/7.0/toolchain/arm/arm-gnu-toolchain/bin/../lib/gcc/arm-none-eabi/6.3.1/../../../../arm-none-eabi/lib/thumb/v7e-m\libm.a
END GROUP
                0x00001000                __stack_size__ = DEFINED (__stack_size__)?__stack_size__:0x1000
                0x20007ffc                __ram_end__ = ((ORIGIN (ram) + LENGTH (ram)) - 0x4)

.text           0x00004000    0x136dc
                0x00004000                . = ALIGN (0x4)
                0x00004000                _sfixed = .
 *(.vectors .vectors.*)
 .vectors       0x00004000      0x180 ../../../platform/sam/utils/cmsis/sam4l/source/templates/gcc/startup_sam4l.o
                0x00004000                exception_table
 *(.text .text.* .gnu.linkonce.t.*)
 .text          0x00004180       0x6c c:/program files (x86)/atmel/studio/7.0/toolchain/arm/arm-gnu-toolchain/bin/../lib/gcc/arm-none-eabi/6.3.1/thumb/v7e-m/crtbegin.o
 .text          0x000041ec      0x848 TC_lldn.o
                0x000047e0                hw_expiry_cb
                0x000047ec                hw_overflow_cb
                0x000047f8                timer_stop
                0x00004810                tc_delay
                0x0000483c                timer_init
                0x0000497c                timer_enable_cc_interrupt
                0x000049a4                tc_compare_stop
                0x000049cc                TC10_Handler
                0x000049e8                main
 .text          0x00004a34      0x1e4 ../../../stack/LwMesh/TDMA/nwk/src/nwk.o
                0x00004a34                NWK_Init
                0x00004aa8                NWK_SetAddr
                0x00004ad0                NWK_SetPanId
                0x00004af8                NWK_OpenEndpoint
                0x00004b20                NWK_Busy
                0x00004b40                NWK_Lock
                0x00004b60                NWK_Unlock
                0x00004b80                NWK_SleepReq
                0x00004b90                NWK_WakeupReq
                0x00004ba0                NWK_LinearizeLqi
                0x00004bf8                NWK_TaskHandler
 .text          0x00004c18      0x594 ../../../stack/LwMesh/TDMA/nwk/src/nwkDataReq.o
                0x00004c18                nwkDataReqInit
                0x00004c30                NWK_DataReq
                0x00005164                nwkDataReqTaskHandler
 .text          0x000051ac      0x26c ../../../stack/LwMesh/TDMA/nwk/src/nwkFrame.o
                0x000051ac                nwkFrameInit
                0x000051e4                nwkFrameAlloc
                0x0000528c                nwkFrameAlloc_LLDN
                0x00005364                nwkFrameFree
                0x00005390                nwkFrameNext
                0x000053dc                nwkFrameCommandInit
 .text          0x00005418      0x104 ../../../stack/LwMesh/TDMA/nwk/src/nwkGroup.o
                0x00005418                nwkGroupInit
                0x0000544c                NWK_GroupAdd
                0x0000546c                NWK_GroupRemove
                0x0000548c                NWK_GroupIsMember
 .text          0x0000551c      0xb90 ../../../stack/LwMesh/TDMA/nwk/src/nwkRx.o
                0x00005546                nwkRxInit
                0x000055a8                PHY_DataInd
                0x000057c4                NWK_SetAckControl
                0x00006014                nwkRxTaskHandler
 .text          0x000060ac      0x6d8 ../../../stack/LwMesh/TDMA/nwk/src/nwkTx.o
                0x000060ac                nwkTxInit
                0x000060f8                nwkTxBeaconFrame
                0x00006168                nwkTxBeaconFrameLLDN
                0x000061e4                nwkTxMacCommandFrameLLDN
                0x00006290                nwkTxFrame
                0x00006384                nwkTxBroadcastFrame
                0x00006468                nwkTxAckReceived
                0x0000653c                nwkTxConfirm
                0x000065fc                PHY_DataConf
                0x00006648                nwkTxTaskHandler
 .text          0x00006784      0x684 ../../../stack/LwMesh/TDMA/phy/AT86RF233/src/phy.o
                0x0000680a                PHY_Init
                0x00006890                PHY_SetTdmaMode
                0x000068e6                PHY_SetRxState
                0x00006908                PHY_SetChannel
                0x00006938                PHY_SetPanId
                0x00006968                PHY_SetShortAddr
                0x000069ae                PHY_SetTxPower
                0x000069de                PHY_Sleep
                0x00006a48                PHY_Wakeup
                0x00006a68                PHY_DataReq
                0x00006ac8                PHY_RandomReq
                0x00006b28                PHY_EncryptReq
                0x00006b60                PHY_EdReq
                0x00006ccc                PHY_SetIEEEAddr
                0x00006d10                PHY_TaskHandler
 .text          0x00006e08       0x48 ../../../stack/LwMesh/TDMA/sys/src/sys.o
                0x00006e08                SYS_Init
                0x00006e30                SYS_TaskHandler
 .text          0x00006e50      0x30c ../../../stack/LwMesh/TDMA/sys/src/sysTimer.o
                0x00006ed4                SYS_TimerInit
                0x00006f14                SYS_TimerStart
                0x00006f3c                SYS_TimerStop
                0x00006fb0                SYS_TimerStarted
                0x00006fe8                SYS_TimerTaskHandler
                0x00007134                SYS_HwExpiry_Cb
 .text          0x0000715c      0x3a4 ../../../stack/LwMesh/TDMA/services/common_hw_timer/sam/hw_timer.o
                0x00007210                tmr_read_count
                0x0000722c                save_cpu_interrupt
                0x0000723c                restore_cpu_interrupt
                0x00007256                tmr_stop
                0x00007270                tmr_write_cmpreg
                0x00007298                tmr_init
                0x00007318                tmr_disable_cc_interrupt
                0x00007340                tmr_enable_cc_interrupt
                0x00007368                tmr_disable_ovf_interrupt
                0x00007474                TC00_Handler
                0x00007490                TC01_Handler
                0x000074ac                TC02_Handler
                0x000074c8                TC11_Handler
                0x000074e4                TC12_Handler
 .text          0x00007500      0x2c8 ../../../stack/LwMesh/TDMA/services/sal/at86rf2xx/src/sal.o
                0x00007500                sal_init
                0x0000750c                sal_aes_setup
                0x000076ac                sal_aes_restart
                0x0000771c                _sal_aes_clean_up
                0x00007728                sal_aes_wrrd
                0x000077a8                sal_aes_read
 .text          0x000077c8      0x458 ../../../stack/LwMesh/TDMA/services/sleep_mgr/sam4l/sleep_mgr.o
                0x00007b8c                sm_init
                0x00007bcc                sm_sleep
 .text          0x00007c20      0x930 ../../../stack/LwMesh/TDMA/services/trx_access/trx_access.o
                0x00007f7c                GPIO_2_Handler
                0x00007fcc                trx_spi_init
                0x00008080                PhyReset
                0x000080bc                trx_reg_read
                0x00008130                trx_reg_write
                0x000081a0                trx_irq_init
                0x000081bc                trx_bit_read
                0x000081f6                trx_bit_write
                0x00008260                trx_frame_read
                0x000082cc                trx_frame_write
                0x00008334                trx_sram_write
                0x000083c8                trx_sram_read
                0x00008468                trx_aes_wrrd
 .text          0x00008550        0x6 ../../../platform/sam/utils/cmsis/sam4l/source/templates/exceptions.o
                0x00008550                DACC_Handler
                0x00008550                DebugMon_Handler
                0x00008550                TRNG_Handler
                0x00008550                SPI_Handler
                0x00008550                SysTick_Handler
                0x00008550                PDCA_10_Handler
                0x00008550                USART3_Handler
                0x00008550                AST_PER_Handler
                0x00008550                AST_CLKREADY_Handler
                0x00008550                AST_OVF_Handler
                0x00008550                PDCA_5_Handler
                0x00008550                PendSV_Handler
                0x00008550                SCIF_Handler
                0x00008550                PDCA_15_Handler
                0x00008550                CRCCU_Handler
                0x00008550                USART0_Handler
                0x00008550                TWIM3_Handler
                0x00008550                UsageFault_Handler
                0x00008550                PDCA_0_Handler
                0x00008550                PDCA_14_Handler
                0x00008550                BPM_Handler
                0x00008550                PARC_Handler
                0x00008550                WDT_Handler
                0x00008550                TWIS0_Handler
                0x00008550                PDCA_8_Handler
                0x00008550                TWIS1_Handler
                0x00008550                TWIM2_Handler
                0x00008550                AESA_Handler
                0x00008550                PDCA_13_Handler
                0x00008550                Dummy_Handler
                0x00008550                PDCA_3_Handler
                0x00008550                ABDACB_Handler
                0x00008550                CATB_Handler
                0x00008550                LCDCA_Handler
                0x00008550                USART1_Handler
                0x00008550                AST_READY_Handler
                0x00008550                PDCA_2_Handler
                0x00008550                AST_ALARM_Handler
                0x00008550                TWIM0_Handler
                0x00008550                PM_Handler
                0x00008550                PDCA_1_Handler
                0x00008550                PDCA_11_Handler
                0x00008550                ACIFC_Handler
                0x00008550                PDCA_6_Handler
                0x00008550                MemManage_Handler
                0x00008550                SVC_Handler
                0x00008550                PDCA_12_Handler
                0x00008550                PDCA_9_Handler
                0x00008550                ADCIFE_Handler
                0x00008550                PDCA_7_Handler
                0x00008550                PEVC_TR_Handler
                0x00008550                USART2_Handler
                0x00008550                TWIM1_Handler
                0x00008550                HFLASHC_Handler
                0x00008550                BSCIF_Handler
                0x00008550                IISC_Handler
                0x00008550                BusFault_Handler
                0x00008550                FREQM_Handler
                0x00008550                PDCA_4_Handler
                0x00008550                PEVC_OV_Handler
 *fill*         0x00008556        0x2 
 .text          0x00008558       0x84 ../../../platform/sam/utils/cmsis/sam4l/source/templates/gcc/startup_sam4l.o
                0x00008558                Reset_Handler
 .text          0x000085dc      0x110 ../../../platform/sam/utils/syscalls/gcc/syscalls.o
                0x000085dc                _sbrk
                0x00008634                link
                0x0000864c                _close
                0x00008662                _fstat
                0x00008680                _isatty
                0x00008694                _lseek
                0x000086ac                _exit
                0x000086c8                _kill
                0x000086dc                _getpid
 .text          0x000086ec       0x6c ../../../platform/sam/utils/syscalls/gcc/hardfault_handler_c.o
                0x000086ec                HardFault_Handler_C
 .text          0x00008758      0xa24 ../../../platform/sam/drivers/ast/ast.o
                0x0000893c                ast_is_enabled
                0x0000896c                ast_enable
                0x0000898c                ast_disable
                0x000089d4                ast_enable_counter_clear_on_alarm
                0x00008a1c                ast_clear_prescalar
                0x00008a54                ast_set_config
                0x00008b72                ast_configure_digital_tuner
                0x00008c7c                ast_init_digital_tuner
                0x00008cea                ast_disable_digital_tuner
                0x00008d22                ast_write_calendar_value
                0x00008d56                ast_write_counter_value
                0x00008d8a                ast_read_calendar_value
                0x00008da4                ast_write_alarm0_value
                0x00008dd8                ast_write_periodic0_value
                0x00008e0c                ast_enable_interrupt
                0x00008e90                ast_disable_interrupt
                0x00008f14                ast_clear_interrupt_flag
                0x00008f98                ast_set_callback
                0x00008ff0                ast_enable_wakeup
                0x0000905a                ast_disable_wakeup
                0x000090c4                ast_enable_event
                0x00009120                ast_disable_event
 .text          0x0000917c      0x4e8 ../../../platform/sam/drivers/bpm/bpm.o
                0x00009200                bpm_power_scaling_cpu_failsafe
                0x0000929c                bpm_power_scaling_cpu
                0x000092f4                bpm_enable_fast_wakeup
                0x00009324                bpm_disable_fast_wakeup
                0x00009354                bpm_set_clk32_source
                0x0000939c                bpm_get_backup_wakeup_cause
                0x000093b2                bpm_enable_wakeup_source
                0x000093d2                bpm_disable_wakeup_source
                0x000093f4                bpm_enable_backup_pin
                0x00009414                bpm_disable_backup_pin
                0x00009436                bpm_enable_io_retention
                0x00009454                bpm_disable_io_retention
                0x00009472                bpm_enable_interrupt
                0x0000948c                bpm_disable_interrupt
                0x000094a6                bpm_get_interrupt_mask
                0x000094bc                bpm_get_interrupt_status
                0x000094d2                bpm_clear_interrupt
                0x000094ec                bpm_get_status
                0x00009502                bpm_get_version
                0x0000951a                bpm_sleep
 .text          0x00009664     0x12fc ../../../platform/sam/drivers/flashcalw/flashcalw.o
                0x00009664                flashcalw_get_flash_size
                0x000096e4                flashcalw_get_page_count
                0x000096f4                flashcalw_get_page_count_per_region
                0x00009704                flashcalw_get_page_region
                0x0000972e                flashcalw_get_region_first_page_number
                0x0000974a                flashcalw_get_wait_state
                0x0000976c                flashcalw_set_wait_state
                0x0000979c                flashcalw_set_flash_waitstate_and_readmode
                0x00009850                flashcalw_is_ready_int_enabled
                0x00009874                flashcalw_enable_ready_int
                0x0000989c                flashcalw_is_lock_error_int_enabled
                0x000098c0                flashcalw_enable_lock_error_int
                0x000098e8                flashcalw_is_prog_error_int_enabled
                0x0000990c                flashcalw_enable_prog_error_int
                0x00009934                flashcalw_is_ready
                0x00009958                flashcalw_default_wait_until_ready
                0x0000998c                flashcalw_is_lock_error
                0x000099b0                flashcalw_is_programming_error
                0x000099d4                flashcalw_get_command
                0x000099ec                flashcalw_get_page_number
                0x00009a04                flashcalw_issue_command
                0x00009a78                flashcalw_no_operation
                0x00009a8a                flashcalw_erase_all
                0x00009a9c                flashcalw_is_security_bit_active
                0x00009ac0                flashcalw_set_security_bit
                0x00009ad2                flashcalw_is_page_region_locked
                0x00009af4                flashcalw_is_region_locked
                0x00009b28                flashcalw_lock_page_region
                0x00009b50                flashcalw_lock_region
                0x00009b78                flashcalw_lock_all_regions
                0x00009bc0                flashcalw_read_gp_fuse_bit
                0x00009c1a                flashcalw_read_gp_fuse_bitfield
                0x00009ca2                flashcalw_read_gp_fuse_byte
                0x00009ce0                flashcalw_read_all_gp_fuses
                0x00009d1c                flashcalw_erase_gp_fuse_bit
                0x00009d56                flashcalw_erase_gp_fuse_bitfield
                0x00009e14                flashcalw_erase_gp_fuse_byte
                0x00009ea4                flashcalw_erase_all_gp_fuses
                0x00009ee6                flashcalw_write_gp_fuse_bit
                0x00009f14                flashcalw_write_gp_fuse_bitfield
                0x00009fa4                flashcalw_write_gp_fuse_byte
                0x00009fcc                flashcalw_write_all_gp_fuses
                0x0000a024                flashcalw_set_gp_fuse_bit
                0x0000a050                flashcalw_set_gp_fuse_bitfield
                0x0000a0e0                flashcalw_set_gp_fuse_byte
                0x0000a13c                flashcalw_set_all_gp_fuses
                0x0000a1a0                flashcalw_clear_page_buffer
                0x0000a1b2                flashcalw_is_page_erased
                0x0000a1d4                flashcalw_quick_page_read
                0x0000a1f2                flashcalw_erase_page
                0x0000a23c                flashcalw_erase_all_pages
                0x0000a2a0                flashcalw_write_page
                0x0000a2b8                flashcalw_quick_user_page_read
                0x0000a2d0                flashcalw_erase_user_page
                0x0000a302                flashcalw_write_user_page
                0x0000a314                flashcalw_memset8
                0x0000a34c                flashcalw_memset16
                0x0000a37e                flashcalw_memset32
                0x0000a3c8                flashcalw_memset64
                0x0000a6dc                flashcalw_memcpy
                0x0000a814                flashcalw_picocache_enable
                0x0000a840                flashcalw_picocache_disable
                0x0000a870                flashcalw_picocache_get_status
                0x0000a884                flashcalw_picocache_invalid_all
                0x0000a89c                flashcalw_picocache_invalid_line
                0x0000a8d0                flashcalw_picocache_set_monitor_mode
                0x0000a8ec                flashcalw_picocache_enable_monitor
                0x0000a904                flashcalw_picocache_disable_monitor
                0x0000a91c                flashcalw_picocache_reset_monitor
                0x0000a934                flashcalw_picocache_get_monitor_cnt
                0x0000a948                flashcalw_picocache_get_version
 .text          0x0000a960      0x310 ../../../platform/sam/drivers/gpio/gpio.o
                0x0000aa58                gpio_set_pin_callback
                0x0000abb0                GPIO_0_Handler
                0x0000abc0                GPIO_1_Handler
                0x0000abd2                GPIO_3_Handler
                0x0000abe4                GPIO_4_Handler
                0x0000abf4                GPIO_5_Handler
                0x0000ac06                GPIO_6_Handler
                0x0000ac18                GPIO_7_Handler
                0x0000ac2a                GPIO_8_Handler
                0x0000ac3a                GPIO_9_Handler
                0x0000ac4c                GPIO_10_Handler
                0x0000ac5e                GPIO_11_Handler
 .text          0x0000ac70      0x3f8 ../../../platform/sam/drivers/eic/eic.o
                0x0000ae30                eic_line_set_config
                0x0000af24                eic_disable
                0x0000af44                eic_enable
                0x0000af64                eic_line_set_callback
                0x0000afe8                NMI_Handler
                0x0000aff6                EIC_1_Handler
                0x0000b004                EIC_2_Handler
                0x0000b012                EIC_3_Handler
                0x0000b020                EIC_4_Handler
                0x0000b02e                EIC_5_Handler
                0x0000b03c                EIC_6_Handler
                0x0000b04a                EIC_7_Handler
                0x0000b058                EIC_8_Handler
 .text          0x0000b068      0x45c ../../../platform/sam/drivers/spi/spi.o
                0x0000b08c                spi_enable_clock
                0x0000b0a8                spi_disable_clock
                0x0000b0c4                spi_set_peripheral_chip_select_value
                0x0000b0f6                spi_set_delay_between_chip_select
                0x0000b124                spi_read
                0x0000b190                spi_write
                0x0000b20a                spi_set_clock_polarity
                0x0000b258                spi_set_clock_phase
                0x0000b2a6                spi_configure_cs_behavior
                0x0000b34a                spi_set_bits_per_transfer
                0x0000b392                spi_calc_baudrate_div
                0x0000b3cc                spi_set_baudrate_div
                0x0000b41a                spi_set_transfer_delay
                0x0000b476                spi_set_writeprotect
                0x0000b4ac                spi_get_writeprotect_status
 .text          0x0000b4c4      0x358 ../../../platform/sam/drivers/tc/tc.o
                0x0000b4c4                tc_init
                0x0000b4fc                tc_sync_trigger
                0x0000b516                tc_set_block_mode
                0x0000b532                tc_init_2bit_gray
                0x0000b558                tc_start
                0x0000b578                tc_stop
                0x0000b598                tc_read_cv
                0x0000b5b8                tc_read_ra
                0x0000b5d8                tc_read_rb
                0x0000b5f8                tc_read_rc
                0x0000b618                tc_write_ra
                0x0000b63c                tc_write_rb
                0x0000b660                tc_write_rc
                0x0000b684                tc_enable_interrupt
                0x0000b6aa                tc_disable_interrupt
                0x0000b6d0                tc_get_interrupt_mask
                0x0000b6f2                tc_get_status
                0x0000b714                tc_find_mck_divisor
                0x0000b7b8                tc_set_writeprotect
                0x0000b7ec                tc_get_feature
                0x0000b804                tc_get_version
 .text          0x0000b81c     0x1688 ../../../platform/sam/drivers/usbc/usbc_device.o
                0x0000ba08                USBC_Handler
                0x0000bb54                udd_include_vbus_monitoring
                0x0000bb62                udd_enable
                0x0000bc80                udd_disable
                0x0000bcd0                udd_attach
                0x0000bd60                udd_detach
                0x0000bda0                udd_is_high_speed
                0x0000bdae                udd_set_address
                0x0000bdf4                udd_getaddress
                0x0000be10                udd_get_frame_number
                0x0000be30                udd_get_micro_frame_number
                0x0000be3e                udd_send_remotewakeup
                0x0000be80                udd_set_setup_payload
                0x0000bea8                udd_ep_alloc
                0x0000bf80                udd_ep_free
                0x0000bfb8                udd_ep_is_halted
                0x0000bfec                udd_ep_set_halt
                0x0000c02c                udd_ep_clear_halt
                0x0000c0e8                udd_ep_run
                0x0000c240                udd_ep_abort
                0x0000c2f0                udd_ep_wait_stall_clear
 .text          0x0000cea4      0x300 ../../../platform/sam/drivers/wdt/wdt_sam4l.o
                0x0000cf40                wdt_get_config_defaults
                0x0000cf7c                wdt_init
                0x0000d078                wdt_enable
                0x0000d0d0                wdt_disable
                0x0000d10c                wdt_clear
                0x0000d148                wdt_reset_mcu
 .text          0x0000d1a4     0x15cc ../../../platform/common/services/clock/sam4l/sysclk.o
                0x0000d968                sysclk_priv_enable_module
                0x0000d9c8                sysclk_priv_disable_module
                0x0000da28                sysclk_enable_pba_module
                0x0000da60                sysclk_disable_pba_module
                0x0000da98                sysclk_enable_pbb_module
                0x0000dad0                sysclk_disable_pbb_module
                0x0000db08                sysclk_get_peripheral_bus_hz
                0x0000dd64                sysclk_enable_peripheral_clock
                0x0000e172                sysclk_disable_peripheral_clock
                0x0000e56c                sysclk_set_prescalers
                0x0000e65c                sysclk_set_source
                0x0000e68c                sysclk_enable_usb
                0x0000e6aa                sysclk_disable_usb
                0x0000e6b8                sysclk_init
 .text          0x0000e770      0x840 ../../../platform/common/services/clock/sam4l/dfll.o
                0x0000ec8a                dfll_enable_open_loop
                0x0000ed6c                dfll_disable_open_loop
                0x0000edd4                dfll_enable_closed_loop
                0x0000eec0                dfll_disable_closed_loop
                0x0000ef28                dfll_enable_config_defaults
 .text          0x0000efb0      0x34c ../../../platform/common/services/clock/sam4l/osc.o
                0x0000f034                osc_priv_enable_osc0
                0x0000f068                osc_priv_disable_osc0
                0x0000f0a4                osc_priv_enable_osc32
                0x0000f0d8                osc_priv_disable_osc32
                0x0000f11c                osc_priv_enable_rc32k
                0x0000f154                osc_priv_disable_rc32k
                0x0000f190                osc_priv_enable_rc1m
                0x0000f1c8                osc_priv_disable_rc1m
                0x0000f204                osc_priv_enable_rc80m
                0x0000f23c                osc_priv_disable_rc80m
                0x0000f278                osc_priv_enable_rcfast
                0x0000f2b8                osc_priv_disable_rcfast
 .text          0x0000f2fc      0x150 ../../../platform/common/services/clock/sam4l/pll.o
                0x0000f380                pll_config_write
                0x0000f3c4                pll_enable
                0x0000f40c                pll_disable
 .text          0x0000f44c      0x48c ../../../platform/common/services/spi/sam_spi/spi_master.o
                0x0000f640                spi_master_init
                0x0000f698                spi_master_setup_device
                0x0000f748                spi_select_device
                0x0000f79c                spi_deselect_device
                0x0000f7d0                spi_write_packet
                0x0000f83c                spi_read_packet
 .text          0x0000f8d8      0xae8 ../../../platform/common/services/usb/udc/udc.o
                0x0000f8d8                udc_get_interface_desc
                0x0000fb28                udc_start
                0x0000fb38                udc_stop
                0x0000fb4c                udc_reset
                0x0000fb9c                udc_sof_notify
                0x0001033c                udc_process_setup
 .text          0x000103c0     0x10e8 ../../../platform/common/services/usb/class/cdc/device/udi_cdc.o
                0x00010444                udi_cdc_comm_enable
                0x00010584                udi_cdc_data_enable
                0x00010664                udi_cdc_comm_disable
                0x00010684                udi_cdc_data_disable
                0x000106bc                udi_cdc_comm_setup
                0x00010778                udi_cdc_data_setup
                0x00010786                udi_cdc_getsetting
                0x00010794                udi_cdc_data_sof_notify
                0x00010da4                udi_cdc_ctrl_signal_dcd
                0x00010dc2                udi_cdc_ctrl_signal_dsr
                0x00010de0                udi_cdc_signal_framing_error
                0x00010df2                udi_cdc_signal_parity_error
                0x00010e04                udi_cdc_signal_overrun
                0x00010e16                udi_cdc_multi_ctrl_signal_dcd
                0x00010e3a                udi_cdc_multi_ctrl_signal_dsr
                0x00010e5e                udi_cdc_multi_signal_framing_error
                0x00010e7c                udi_cdc_multi_signal_parity_error
                0x00010e9a                udi_cdc_multi_signal_overrun
                0x00010eb8                udi_cdc_multi_get_nb_received_data
                0x00010f10                udi_cdc_get_nb_received_data
                0x00010f20                udi_cdc_multi_is_rx_ready
                0x00010f46                udi_cdc_is_rx_ready
                0x00010f56                udi_cdc_multi_getc
                0x00011040                udi_cdc_getc
                0x00011050                udi_cdc_multi_read_buf
                0x00011158                udi_cdc_read_buf
                0x00011176                udi_cdc_multi_get_free_tx_buffer
                0x0001123c                udi_cdc_get_free_tx_buffer
                0x0001124c                udi_cdc_multi_is_tx_ready
                0x00011272                udi_cdc_is_tx_ready
                0x00011282                udi_cdc_multi_putc
                0x00011360                udi_cdc_putc
                0x0001137a                udi_cdc_multi_write_buf
                0x00011488                udi_cdc_write_buf
 .text          0x000114a8       0x54 ../../../platform/common/utils/stdio/read.o
                0x000114a8                _read
 .text          0x000114fc       0x6c ../../../platform/common/utils/stdio/write.o
                0x000114fc                _write
 .text          0x00011568      0x10c ../../../platform/common/utils/stdio/stdio_usb/stdio_usb.o
                0x00011568                stdio_usb_putchar
                0x000115ac                stdio_usb_getchar
                0x000115e8                stdio_usb_enable
                0x00011600                stdio_usb_disable
                0x00011618                stdio_usb_init
 .text          0x00011674      0x470 ../../../board/WM400/src/board_init.o
                0x00011992                board_init
 .text          0x00011ae4       0x12 ../../../platform/sam/utils/syscalls/gcc/hardfault_handler.o
                0x00011ae4                HardFault_Handler
 *fill*         0x00011af6        0x2 
 .text.common_tc_delay
                0x00011af8       0x98 ../../../stack/LwMesh/TDMA/services/common_hw_timer/sam/lib\libsam4l_lib_hw_timer.a(common_hw_timer.o)
                0x00011af8                common_tc_delay
 .text.common_tc_init
                0x00011b90       0x28 ../../../stack/LwMesh/TDMA/services/common_hw_timer/sam/lib\libsam4l_lib_hw_timer.a(common_hw_timer.o)
                0x00011b90                common_tc_init
 .text.tmr_ovf_callback
                0x00011bb8       0x60 ../../../stack/LwMesh/TDMA/services/common_hw_timer/sam/lib\libsam4l_lib_hw_timer.a(common_hw_timer.o)
                0x00011bb8                tmr_ovf_callback
 .text.tmr_cca_callback
                0x00011c18       0x1c ../../../stack/LwMesh/TDMA/services/common_hw_timer/sam/lib\libsam4l_lib_hw_timer.a(common_hw_timer.o)
                0x00011c18                tmr_cca_callback
 .text.set_common_tc_expiry_callback
                0x00011c34        0xc ../../../stack/LwMesh/TDMA/services/common_hw_timer/sam/lib\libsam4l_lib_hw_timer.a(common_hw_timer.o)
                0x00011c34                set_common_tc_expiry_callback
 .text.__libc_init_array
                0x00011c40       0x50 c:/program files (x86)/atmel/studio/7.0/toolchain/arm/arm-gnu-toolchain/bin/../lib/gcc/arm-none-eabi/6.3.1/../../../../arm-none-eabi/lib/thumb/v7e-m\libg.a(lib_a-init.o)
                0x00011c40                __libc_init_array
 .text          0x00011c90      0x134 c:/program files (x86)/atmel/studio/7.0/toolchain/arm/arm-gnu-toolchain/bin/../lib/gcc/arm-none-eabi/6.3.1/../../../../arm-none-eabi/lib/thumb/v7e-m\libg.a(lib_a-memcpy.o)
                0x00011c90                memcpy
 .text.memset   0x00011dc4       0x9c c:/program files (x86)/atmel/studio/7.0/toolchain/arm/arm-gnu-toolchain/bin/../lib/gcc/arm-none-eabi/6.3.1/../../../../arm-none-eabi/lib/thumb/v7e-m\libg.a(lib_a-memset.o)
                0x00011dc4                memset
 .text.printf   0x00011e60       0x28 c:/program files (x86)/atmel/studio/7.0/toolchain/arm/arm-gnu-toolchain/bin/../lib/gcc/arm-none-eabi/6.3.1/../../../../arm-none-eabi/lib/thumb/v7e-m\libg.a(lib_a-printf.o)
                0x00011e60                printf
 .text.rand     0x00011e88       0x40 c:/program files (x86)/atmel/studio/7.0/toolchain/arm/arm-gnu-toolchain/bin/../lib/gcc/arm-none-eabi/6.3.1/../../../../arm-none-eabi/lib/thumb/v7e-m\libg.a(lib_a-rand.o)
                0x00011e88                rand
 .text.setbuf   0x00011ec8       0x10 c:/program files (x86)/atmel/studio/7.0/toolchain/arm/arm-gnu-toolchain/bin/../lib/gcc/arm-none-eabi/6.3.1/../../../../arm-none-eabi/lib/thumb/v7e-m\libg.a(lib_a-setbuf.o)
                0x00011ec8                setbuf
 .text.setvbuf  0x00011ed8      0x190 c:/program files (x86)/atmel/studio/7.0/toolchain/arm/arm-gnu-toolchain/bin/../lib/gcc/arm-none-eabi/6.3.1/../../../../arm-none-eabi/lib/thumb/v7e-m\libg.a(lib_a-setvbuf.o)
                0x00011ed8                setvbuf
 .text._vfprintf_r
                0x00012068     0x1558 c:/program files (x86)/atmel/studio/7.0/toolchain/arm/arm-gnu-toolchain/bin/../lib/gcc/arm-none-eabi/6.3.1/../../../../arm-none-eabi/lib/thumb/v7e-m\libg.a(lib_a-vfprintf.o)
                0x00012068                _vfprintf_r
 .text.__sbprintf
                0x000135c0       0x84 c:/program files (x86)/atmel/studio/7.0/toolchain/arm/arm-gnu-toolchain/bin/../lib/gcc/arm-none-eabi/6.3.1/../../../../arm-none-eabi/lib/thumb/v7e-m\libg.a(lib_a-vfprintf.o)
 .text.__swsetup_r
                0x00013644       0xc8 c:/program files (x86)/atmel/studio/7.0/toolchain/arm/arm-gnu-toolchain/bin/../lib/gcc/arm-none-eabi/6.3.1/../../../../arm-none-eabi/lib/thumb/v7e-m\libg.a(lib_a-wsetup.o)
                0x00013644                __swsetup_r
 .text.startup.register_fini
                0x0001370c       0x14 c:/program files (x86)/atmel/studio/7.0/toolchain/arm/arm-gnu-toolchain/bin/../lib/gcc/arm-none-eabi/6.3.1/../../../../arm-none-eabi/lib/thumb/v7e-m\libg.a(lib_a-__call_atexit.o)
 .text.atexit   0x00013720        0xc c:/program files (x86)/atmel/studio/7.0/toolchain/arm/arm-gnu-toolchain/bin/../lib/gcc/arm-none-eabi/6.3.1/../../../../arm-none-eabi/lib/thumb/v7e-m\libg.a(lib_a-atexit.o)
                0x00013720                atexit
 .text.quorem   0x0001372c      0x128 c:/program files (x86)/atmel/studio/7.0/toolchain/arm/arm-gnu-toolchain/bin/../lib/gcc/arm-none-eabi/6.3.1/../../../../arm-none-eabi/lib/thumb/v7e-m\libg.a(lib_a-dtoa.o)
 *fill*         0x00013854        0x4 
 .text._dtoa_r  0x00013858      0xe54 c:/program files (x86)/atmel/studio/7.0/toolchain/arm/arm-gnu-toolchain/bin/../lib/gcc/arm-none-eabi/6.3.1/../../../../arm-none-eabi/lib/thumb/v7e-m\libg.a(lib_a-dtoa.o)
                0x00013858                _dtoa_r
 .text.__sflush_r
                0x000146ac      0x140 c:/program files (x86)/atmel/studio/7.0/toolchain/arm/arm-gnu-toolchain/bin/../lib/gcc/arm-none-eabi/6.3.1/../../../../arm-none-eabi/lib/thumb/v7e-m\libg.a(lib_a-fflush.o)
                0x000146ac                __sflush_r
 .text._fflush_r
                0x000147ec       0x54 c:/program files (x86)/atmel/studio/7.0/toolchain/arm/arm-gnu-toolchain/bin/../lib/gcc/arm-none-eabi/6.3.1/../../../../arm-none-eabi/lib/thumb/v7e-m\libg.a(lib_a-fflush.o)
                0x000147ec                _fflush_r
 .text._cleanup_r
                0x00014840        0xc c:/program files (x86)/atmel/studio/7.0/toolchain/arm/arm-gnu-toolchain/bin/../lib/gcc/arm-none-eabi/6.3.1/../../../../arm-none-eabi/lib/thumb/v7e-m\libg.a(lib_a-findfp.o)
                0x00014840                _cleanup_r
 .text.std.isra.0
                0x0001484c       0x50 c:/program files (x86)/atmel/studio/7.0/toolchain/arm/arm-gnu-toolchain/bin/../lib/gcc/arm-none-eabi/6.3.1/../../../../arm-none-eabi/lib/thumb/v7e-m\libg.a(lib_a-findfp.o)
 .text.__sinit  0x0001489c       0x58 c:/program files (x86)/atmel/studio/7.0/toolchain/arm/arm-gnu-toolchain/bin/../lib/gcc/arm-none-eabi/6.3.1/../../../../arm-none-eabi/lib/thumb/v7e-m\libg.a(lib_a-findfp.o)
                0x0001489c                __sinit
 .text.__sfp_lock_acquire
                0x000148f4        0xc c:/program files (x86)/atmel/studio/7.0/toolchain/arm/arm-gnu-toolchain/bin/../lib/gcc/arm-none-eabi/6.3.1/../../../../arm-none-eabi/lib/thumb/v7e-m\libg.a(lib_a-findfp.o)
                0x000148f4                __sfp_lock_acquire
 .text.__sfp_lock_release
                0x00014900        0xc c:/program files (x86)/atmel/studio/7.0/toolchain/arm/arm-gnu-toolchain/bin/../lib/gcc/arm-none-eabi/6.3.1/../../../../arm-none-eabi/lib/thumb/v7e-m\libg.a(lib_a-findfp.o)
                0x00014900                __sfp_lock_release
 .text.__libc_fini_array
                0x0001490c       0x34 c:/program files (x86)/atmel/studio/7.0/toolchain/arm/arm-gnu-toolchain/bin/../lib/gcc/arm-none-eabi/6.3.1/../../../../arm-none-eabi/lib/thumb/v7e-m\libg.a(lib_a-fini.o)
                0x0001490c                __libc_fini_array
 .text._malloc_trim_r
                0x00014940       0xa0 c:/program files (x86)/atmel/studio/7.0/toolchain/arm/arm-gnu-toolchain/bin/../lib/gcc/arm-none-eabi/6.3.1/../../../../arm-none-eabi/lib/thumb/v7e-m\libg.a(lib_a-freer.o)
                0x00014940                _malloc_trim_r
 .text._free_r  0x000149e0      0x1cc c:/program files (x86)/atmel/studio/7.0/toolchain/arm/arm-gnu-toolchain/bin/../lib/gcc/arm-none-eabi/6.3.1/../../../../arm-none-eabi/lib/thumb/v7e-m\libg.a(lib_a-freer.o)
                0x000149e0                _free_r
 .text._fwalk_reent
                0x00014bac       0x54 c:/program files (x86)/atmel/studio/7.0/toolchain/arm/arm-gnu-toolchain/bin/../lib/gcc/arm-none-eabi/6.3.1/../../../../arm-none-eabi/lib/thumb/v7e-m\libg.a(lib_a-fwalk.o)
                0x00014bac                _fwalk_reent
 .text._localeconv_r
                0x00014c00       0x1c c:/program files (x86)/atmel/studio/7.0/toolchain/arm/arm-gnu-toolchain/bin/../lib/gcc/arm-none-eabi/6.3.1/../../../../arm-none-eabi/lib/thumb/v7e-m\libg.a(lib_a-localeconv.o)
                0x00014c00                _localeconv_r
 .text.__retarget_lock_init_recursive
                0x00014c1c        0x4 c:/program files (x86)/atmel/studio/7.0/toolchain/arm/arm-gnu-toolchain/bin/../lib/gcc/arm-none-eabi/6.3.1/../../../../arm-none-eabi/lib/thumb/v7e-m\libg.a(lib_a-lock.o)
                0x00014c1c                __retarget_lock_init_recursive
 .text.__retarget_lock_close_recursive
                0x00014c20        0x4 c:/program files (x86)/atmel/studio/7.0/toolchain/arm/arm-gnu-toolchain/bin/../lib/gcc/arm-none-eabi/6.3.1/../../../../arm-none-eabi/lib/thumb/v7e-m\libg.a(lib_a-lock.o)
                0x00014c20                __retarget_lock_close_recursive
 .text.__retarget_lock_acquire_recursive
                0x00014c24        0x4 c:/program files (x86)/atmel/studio/7.0/toolchain/arm/arm-gnu-toolchain/bin/../lib/gcc/arm-none-eabi/6.3.1/../../../../arm-none-eabi/lib/thumb/v7e-m\libg.a(lib_a-lock.o)
                0x00014c24                __retarget_lock_acquire_recursive
 .text.__retarget_lock_release_recursive
                0x00014c28        0x4 c:/program files (x86)/atmel/studio/7.0/toolchain/arm/arm-gnu-toolchain/bin/../lib/gcc/arm-none-eabi/6.3.1/../../../../arm-none-eabi/lib/thumb/v7e-m\libg.a(lib_a-lock.o)
                0x00014c28                __retarget_lock_release_recursive
 .text.__swhatbuf_r
                0x00014c2c       0x5c c:/program files (x86)/atmel/studio/7.0/toolchain/arm/arm-gnu-toolchain/bin/../lib/gcc/arm-none-eabi/6.3.1/../../../../arm-none-eabi/lib/thumb/v7e-m\libg.a(lib_a-makebuf.o)
                0x00014c2c                __swhatbuf_r
 .text.__smakebuf_r
                0x00014c88       0x94 c:/program files (x86)/atmel/studio/7.0/toolchain/arm/arm-gnu-toolchain/bin/../lib/gcc/arm-none-eabi/6.3.1/../../../../arm-none-eabi/lib/thumb/v7e-m\libg.a(lib_a-makebuf.o)
                0x00014c88                __smakebuf_r
 .text.malloc   0x00014d1c       0x10 c:/program files (x86)/atmel/studio/7.0/toolchain/arm/arm-gnu-toolchain/bin/../lib/gcc/arm-none-eabi/6.3.1/../../../../arm-none-eabi/lib/thumb/v7e-m\libg.a(lib_a-malloc.o)
                0x00014d1c                malloc
 .text._malloc_r
                0x00014d2c      0x560 c:/program files (x86)/atmel/studio/7.0/toolchain/arm/arm-gnu-toolchain/bin/../lib/gcc/arm-none-eabi/6.3.1/../../../../arm-none-eabi/lib/thumb/v7e-m\libg.a(lib_a-mallocr.o)
                0x00014d2c                _malloc_r
 *fill*         0x0001528c        0x4 
 .text          0x00015290       0xa0 c:/program files (x86)/atmel/studio/7.0/toolchain/arm/arm-gnu-toolchain/bin/../lib/gcc/arm-none-eabi/6.3.1/../../../../arm-none-eabi/lib/thumb/v7e-m\libg.a(lib_a-memchr.o)
                0x00015290                memchr
 .text.__malloc_lock
                0x00015330        0xc c:/program files (x86)/atmel/studio/7.0/toolchain/arm/arm-gnu-toolchain/bin/../lib/gcc/arm-none-eabi/6.3.1/../../../../arm-none-eabi/lib/thumb/v7e-m\libg.a(lib_a-mlock.o)
                0x00015330                __malloc_lock
 .text.__malloc_unlock
                0x0001533c        0xc c:/program files (x86)/atmel/studio/7.0/toolchain/arm/arm-gnu-toolchain/bin/../lib/gcc/arm-none-eabi/6.3.1/../../../../arm-none-eabi/lib/thumb/v7e-m\libg.a(lib_a-mlock.o)
                0x0001533c                __malloc_unlock
 .text._Balloc  0x00015348       0x4c c:/program files (x86)/atmel/studio/7.0/toolchain/arm/arm-gnu-toolchain/bin/../lib/gcc/arm-none-eabi/6.3.1/../../../../arm-none-eabi/lib/thumb/v7e-m\libg.a(lib_a-mprec.o)
                0x00015348                _Balloc
 .text._Bfree   0x00015394       0x14 c:/program files (x86)/atmel/studio/7.0/toolchain/arm/arm-gnu-toolchain/bin/../lib/gcc/arm-none-eabi/6.3.1/../../../../arm-none-eabi/lib/thumb/v7e-m\libg.a(lib_a-mprec.o)
                0x00015394                _Bfree
 .text.__multadd
                0x000153a8       0x80 c:/program files (x86)/atmel/studio/7.0/toolchain/arm/arm-gnu-toolchain/bin/../lib/gcc/arm-none-eabi/6.3.1/../../../../arm-none-eabi/lib/thumb/v7e-m\libg.a(lib_a-mprec.o)
                0x000153a8                __multadd
 .text.__hi0bits
                0x00015428       0x40 c:/program files (x86)/atmel/studio/7.0/toolchain/arm/arm-gnu-toolchain/bin/../lib/gcc/arm-none-eabi/6.3.1/../../../../arm-none-eabi/lib/thumb/v7e-m\libg.a(lib_a-mprec.o)
                0x00015428                __hi0bits
 .text.__lo0bits
                0x00015468       0x60 c:/program files (x86)/atmel/studio/7.0/toolchain/arm/arm-gnu-toolchain/bin/../lib/gcc/arm-none-eabi/6.3.1/../../../../arm-none-eabi/lib/thumb/v7e-m\libg.a(lib_a-mprec.o)
                0x00015468                __lo0bits
 .text.__i2b    0x000154c8       0x14 c:/program files (x86)/atmel/studio/7.0/toolchain/arm/arm-gnu-toolchain/bin/../lib/gcc/arm-none-eabi/6.3.1/../../../../arm-none-eabi/lib/thumb/v7e-m\libg.a(lib_a-mprec.o)
                0x000154c8                __i2b
 .text.__multiply
                0x000154dc      0x124 c:/program files (x86)/atmel/studio/7.0/toolchain/arm/arm-gnu-toolchain/bin/../lib/gcc/arm-none-eabi/6.3.1/../../../../arm-none-eabi/lib/thumb/v7e-m\libg.a(lib_a-mprec.o)
                0x000154dc                __multiply
 .text.__pow5mult
                0x00015600       0xa0 c:/program files (x86)/atmel/studio/7.0/toolchain/arm/arm-gnu-toolchain/bin/../lib/gcc/arm-none-eabi/6.3.1/../../../../arm-none-eabi/lib/thumb/v7e-m\libg.a(lib_a-mprec.o)
                0x00015600                __pow5mult
 .text.__lshift
                0x000156a0       0xa4 c:/program files (x86)/atmel/studio/7.0/toolchain/arm/arm-gnu-toolchain/bin/../lib/gcc/arm-none-eabi/6.3.1/../../../../arm-none-eabi/lib/thumb/v7e-m\libg.a(lib_a-mprec.o)
                0x000156a0                __lshift
 .text.__mcmp   0x00015744       0x38 c:/program files (x86)/atmel/studio/7.0/toolchain/arm/arm-gnu-toolchain/bin/../lib/gcc/arm-none-eabi/6.3.1/../../../../arm-none-eabi/lib/thumb/v7e-m\libg.a(lib_a-mprec.o)
                0x00015744                __mcmp
 .text.__mdiff  0x0001577c      0x108 c:/program files (x86)/atmel/studio/7.0/toolchain/arm/arm-gnu-toolchain/bin/../lib/gcc/arm-none-eabi/6.3.1/../../../../arm-none-eabi/lib/thumb/v7e-m\libg.a(lib_a-mprec.o)
                0x0001577c                __mdiff
 .text.__d2b    0x00015884       0xb8 c:/program files (x86)/atmel/studio/7.0/toolchain/arm/arm-gnu-toolchain/bin/../lib/gcc/arm-none-eabi/6.3.1/../../../../arm-none-eabi/lib/thumb/v7e-m\libg.a(lib_a-mprec.o)
                0x00015884                __d2b
 .text._sbrk_r  0x0001593c       0x24 c:/program files (x86)/atmel/studio/7.0/toolchain/arm/arm-gnu-toolchain/bin/../lib/gcc/arm-none-eabi/6.3.1/../../../../arm-none-eabi/lib/thumb/v7e-m\libg.a(lib_a-sbrkr.o)
                0x0001593c                _sbrk_r
 .text.__sread  0x00015960       0x24 c:/program files (x86)/atmel/studio/7.0/toolchain/arm/arm-gnu-toolchain/bin/../lib/gcc/arm-none-eabi/6.3.1/../../../../arm-none-eabi/lib/thumb/v7e-m\libg.a(lib_a-stdio.o)
                0x00015960                __sread
 .text.__swrite
                0x00015984       0x3c c:/program files (x86)/atmel/studio/7.0/toolchain/arm/arm-gnu-toolchain/bin/../lib/gcc/arm-none-eabi/6.3.1/../../../../arm-none-eabi/lib/thumb/v7e-m\libg.a(lib_a-stdio.o)
                0x00015984                __swrite
 .text.__sseek  0x000159c0       0x20 c:/program files (x86)/atmel/studio/7.0/toolchain/arm/arm-gnu-toolchain/bin/../lib/gcc/arm-none-eabi/6.3.1/../../../../arm-none-eabi/lib/thumb/v7e-m\libg.a(lib_a-stdio.o)
                0x000159c0                __sseek
 .text.__sclose
                0x000159e0        0x8 c:/program files (x86)/atmel/studio/7.0/toolchain/arm/arm-gnu-toolchain/bin/../lib/gcc/arm-none-eabi/6.3.1/../../../../arm-none-eabi/lib/thumb/v7e-m\libg.a(lib_a-stdio.o)
                0x000159e0                __sclose
 *fill*         0x000159e8       0x18 
 .text          0x00015a00       0xdc c:/program files (x86)/atmel/studio/7.0/toolchain/arm/arm-gnu-toolchain/bin/../lib/gcc/arm-none-eabi/6.3.1/../../../../arm-none-eabi/lib/thumb/v7e-m\libg.a(lib_a-strlen.o)
                0x00015a00                strlen
 .text.__sprint_r.part.0
                0x00015adc       0x80 c:/program files (x86)/atmel/studio/7.0/toolchain/arm/arm-gnu-toolchain/bin/../lib/gcc/arm-none-eabi/6.3.1/../../../../arm-none-eabi/lib/thumb/v7e-m\libg.a(lib_a-vfiprintf.o)
 .text.__sprint_r
                0x00015b5c       0x14 c:/program files (x86)/atmel/studio/7.0/toolchain/arm/arm-gnu-toolchain/bin/../lib/gcc/arm-none-eabi/6.3.1/../../../../arm-none-eabi/lib/thumb/v7e-m\libg.a(lib_a-vfiprintf.o)
                0x00015b5c                __sprint_r
 .text._write_r
                0x00015b70       0x2c c:/program files (x86)/atmel/studio/7.0/toolchain/arm/arm-gnu-toolchain/bin/../lib/gcc/arm-none-eabi/6.3.1/../../../../arm-none-eabi/lib/thumb/v7e-m\libg.a(lib_a-writer.o)
                0x00015b70                _write_r
 .text.__register_exitproc
                0x00015b9c       0xc4 c:/program files (x86)/atmel/studio/7.0/toolchain/arm/arm-gnu-toolchain/bin/../lib/gcc/arm-none-eabi/6.3.1/../../../../arm-none-eabi/lib/thumb/v7e-m\libg.a(lib_a-__atexit.o)
                0x00015b9c                __register_exitproc
 .text._calloc_r
                0x00015c60       0x60 c:/program files (x86)/atmel/studio/7.0/toolchain/arm/arm-gnu-toolchain/bin/../lib/gcc/arm-none-eabi/6.3.1/../../../../arm-none-eabi/lib/thumb/v7e-m\libg.a(lib_a-callocr.o)
                0x00015c60                _calloc_r
 .text._close_r
                0x00015cc0       0x24 c:/program files (x86)/atmel/studio/7.0/toolchain/arm/arm-gnu-toolchain/bin/../lib/gcc/arm-none-eabi/6.3.1/../../../../arm-none-eabi/lib/thumb/v7e-m\libg.a(lib_a-closer.o)
                0x00015cc0                _close_r
 .text._fclose_r
                0x00015ce4       0xc4 c:/program files (x86)/atmel/studio/7.0/toolchain/arm/arm-gnu-toolchain/bin/../lib/gcc/arm-none-eabi/6.3.1/../../../../arm-none-eabi/lib/thumb/v7e-m\libg.a(lib_a-fclose.o)
                0x00015ce4                _fclose_r
 .text.__fputwc
                0x00015da8       0xa0 c:/program files (x86)/atmel/studio/7.0/toolchain/arm/arm-gnu-toolchain/bin/../lib/gcc/arm-none-eabi/6.3.1/../../../../arm-none-eabi/lib/thumb/v7e-m\libg.a(lib_a-fputwc.o)
                0x00015da8                __fputwc
 .text._fputwc_r
                0x00015e48       0x68 c:/program files (x86)/atmel/studio/7.0/toolchain/arm/arm-gnu-toolchain/bin/../lib/gcc/arm-none-eabi/6.3.1/../../../../arm-none-eabi/lib/thumb/v7e-m\libg.a(lib_a-fputwc.o)
                0x00015e48                _fputwc_r
 .text._fstat_r
                0x00015eb0       0x28 c:/program files (x86)/atmel/studio/7.0/toolchain/arm/arm-gnu-toolchain/bin/../lib/gcc/arm-none-eabi/6.3.1/../../../../arm-none-eabi/lib/thumb/v7e-m\libg.a(lib_a-fstatr.o)
                0x00015eb0                _fstat_r
 .text.__sfvwrite_r
                0x00015ed8      0x2f0 c:/program files (x86)/atmel/studio/7.0/toolchain/arm/arm-gnu-toolchain/bin/../lib/gcc/arm-none-eabi/6.3.1/../../../../arm-none-eabi/lib/thumb/v7e-m\libg.a(lib_a-fvwrite.o)
                0x00015ed8                __sfvwrite_r
 .text._isatty_r
                0x000161c8       0x24 c:/program files (x86)/atmel/studio/7.0/toolchain/arm/arm-gnu-toolchain/bin/../lib/gcc/arm-none-eabi/6.3.1/../../../../arm-none-eabi/lib/thumb/v7e-m\libg.a(lib_a-isattyr.o)
                0x000161c8                _isatty_r
 .text.__locale_mb_cur_max
                0x000161ec       0x1c c:/program files (x86)/atmel/studio/7.0/toolchain/arm/arm-gnu-toolchain/bin/../lib/gcc/arm-none-eabi/6.3.1/../../../../arm-none-eabi/lib/thumb/v7e-m\libg.a(lib_a-locale.o)
                0x000161ec                __locale_mb_cur_max
 .text._lseek_r
                0x00016208       0x2c c:/program files (x86)/atmel/studio/7.0/toolchain/arm/arm-gnu-toolchain/bin/../lib/gcc/arm-none-eabi/6.3.1/../../../../arm-none-eabi/lib/thumb/v7e-m\libg.a(lib_a-lseekr.o)
                0x00016208                _lseek_r
 .text.__ascii_mbtowc
                0x00016234       0x2c c:/program files (x86)/atmel/studio/7.0/toolchain/arm/arm-gnu-toolchain/bin/../lib/gcc/arm-none-eabi/6.3.1/../../../../arm-none-eabi/lib/thumb/v7e-m\libg.a(lib_a-mbtowc_r.o)
                0x00016234                __ascii_mbtowc
 .text.memmove  0x00016260       0xc8 c:/program files (x86)/atmel/studio/7.0/toolchain/arm/arm-gnu-toolchain/bin/../lib/gcc/arm-none-eabi/6.3.1/../../../../arm-none-eabi/lib/thumb/v7e-m\libg.a(lib_a-memmove.o)
                0x00016260                memmove
 .text._read_r  0x00016328       0x2c c:/program files (x86)/atmel/studio/7.0/toolchain/arm/arm-gnu-toolchain/bin/../lib/gcc/arm-none-eabi/6.3.1/../../../../arm-none-eabi/lib/thumb/v7e-m\libg.a(lib_a-readr.o)
                0x00016328                _read_r
 .text._realloc_r
                0x00016354      0x34c c:/program files (x86)/atmel/studio/7.0/toolchain/arm/arm-gnu-toolchain/bin/../lib/gcc/arm-none-eabi/6.3.1/../../../../arm-none-eabi/lib/thumb/v7e-m\libg.a(lib_a-reallocr.o)
                0x00016354                _realloc_r
 .text.__swbuf_r
                0x000166a0       0xb0 c:/program files (x86)/atmel/studio/7.0/toolchain/arm/arm-gnu-toolchain/bin/../lib/gcc/arm-none-eabi/6.3.1/../../../../arm-none-eabi/lib/thumb/v7e-m\libg.a(lib_a-wbuf.o)
                0x000166a0                __swbuf_r
 .text._wcrtomb_r
                0x00016750       0x54 c:/program files (x86)/atmel/studio/7.0/toolchain/arm/arm-gnu-toolchain/bin/../lib/gcc/arm-none-eabi/6.3.1/../../../../arm-none-eabi/lib/thumb/v7e-m\libg.a(lib_a-wcrtomb.o)
                0x00016750                _wcrtomb_r
 .text.__ascii_wctomb
                0x000167a4       0x1c c:/program files (x86)/atmel/studio/7.0/toolchain/arm/arm-gnu-toolchain/bin/../lib/gcc/arm-none-eabi/6.3.1/../../../../arm-none-eabi/lib/thumb/v7e-m\libg.a(lib_a-wctomb_r.o)
                0x000167a4                __ascii_wctomb
 .text          0x000167c0      0x370 c:/program files (x86)/atmel/studio/7.0/toolchain/arm/arm-gnu-toolchain/bin/../lib/gcc/arm-none-eabi/6.3.1/thumb/v7e-m\libgcc.a(_arm_addsubdf3.o)
                0x000167c0                __aeabi_drsub
                0x000167c8                __aeabi_dsub
                0x000167c8                __subdf3
                0x000167cc                __aeabi_dadd
                0x000167cc                __adddf3
                0x00016a44                __floatunsidf
                0x00016a44                __aeabi_ui2d
                0x00016a64                __floatsidf
                0x00016a64                __aeabi_i2d
                0x00016a88                __aeabi_f2d
                0x00016a88                __extendsfdf2
                0x00016ac4                __floatundidf
                0x00016ac4                __aeabi_ul2d
                0x00016ad4                __floatdidf
                0x00016ad4                __aeabi_l2d
 .text          0x00016b30      0x424 c:/program files (x86)/atmel/studio/7.0/toolchain/arm/arm-gnu-toolchain/bin/../lib/gcc/arm-none-eabi/6.3.1/thumb/v7e-m\libgcc.a(_arm_muldivdf3.o)
                0x00016b30                __aeabi_dmul
                0x00016b30                __muldf3
                0x00016d84                __divdf3
                0x00016d84                __aeabi_ddiv
 .text          0x00016f54      0x110 c:/program files (x86)/atmel/studio/7.0/toolchain/arm/arm-gnu-toolchain/bin/../lib/gcc/arm-none-eabi/6.3.1/thumb/v7e-m\libgcc.a(_arm_cmpdf2.o)
                0x00016f54                __gtdf2
                0x00016f54                __gedf2
                0x00016f5c                __ltdf2
                0x00016f5c                __ledf2
                0x00016f64                __nedf2
                0x00016f64                __eqdf2
                0x00016f64                __cmpdf2
                0x00016fe0                __aeabi_cdrcmple
                0x00016ff0                __aeabi_cdcmpeq
                0x00016ff0                __aeabi_cdcmple
                0x00017000                __aeabi_dcmpeq
                0x00017014                __aeabi_dcmplt
                0x00017028                __aeabi_dcmple
                0x0001703c                __aeabi_dcmpge
                0x00017050                __aeabi_dcmpgt
 .text          0x00017064       0x2c c:/program files (x86)/atmel/studio/7.0/toolchain/arm/arm-gnu-toolchain/bin/../lib/gcc/arm-none-eabi/6.3.1/thumb/v7e-m\libgcc.a(_arm_unorddf2.o)
                0x00017064                __unorddf2
                0x00017064                __aeabi_dcmpun
 .text          0x00017090       0x50 c:/program files (x86)/atmel/studio/7.0/toolchain/arm/arm-gnu-toolchain/bin/../lib/gcc/arm-none-eabi/6.3.1/thumb/v7e-m\libgcc.a(_arm_fixdfsi.o)
                0x00017090                __aeabi_d2iz
                0x00017090                __fixdfsi
 .text          0x000170e0       0x30 c:/program files (x86)/atmel/studio/7.0/toolchain/arm/arm-gnu-toolchain/bin/../lib/gcc/arm-none-eabi/6.3.1/thumb/v7e-m\libgcc.a(_aeabi_uldivmod.o)
                0x000170e0                __aeabi_uldivmod
 .text          0x00017110      0x2dc c:/program files (x86)/atmel/studio/7.0/toolchain/arm/arm-gnu-toolchain/bin/../lib/gcc/arm-none-eabi/6.3.1/thumb/v7e-m\libgcc.a(_udivmoddi4.o)
                0x00017110                __udivmoddi4
 .text          0x000173ec        0x4 c:/program files (x86)/atmel/studio/7.0/toolchain/arm/arm-gnu-toolchain/bin/../lib/gcc/arm-none-eabi/6.3.1/thumb/v7e-m\libgcc.a(_dvmd_tls.o)
                0x000173ec                __aeabi_idiv0
                0x000173ec                __aeabi_ldiv0
 *(.glue_7t)
 .glue_7t       0x000173f0        0x0 linker stubs
 *(.glue_7)
 .glue_7        0x000173f0        0x0 linker stubs
 *(.rodata .rodata* .gnu.linkonce.r.*)
 .rodata        0x000173f0        0x9 ../../../stack/LwMesh/TDMA/nwk/src/nwk.o
 *fill*         0x000173f9        0x3 
 .rodata        0x000173fc       0x19 ../../../platform/sam/utils/syscalls/gcc/syscalls.o
 *fill*         0x00017415        0x3 
 .rodata        0x00017418       0x14 ../../../platform/sam/drivers/tc/tc.o
 .rodata._global_impure_ptr
                0x0001742c        0x4 c:/program files (x86)/atmel/studio/7.0/toolchain/arm/arm-gnu-toolchain/bin/../lib/gcc/arm-none-eabi/6.3.1/../../../../arm-none-eabi/lib/thumb/v7e-m\libg.a(lib_a-impure.o)
                0x0001742c                _global_impure_ptr
 .rodata._vfprintf_r.str1.4
                0x00017430       0x42 c:/program files (x86)/atmel/studio/7.0/toolchain/arm/arm-gnu-toolchain/bin/../lib/gcc/arm-none-eabi/6.3.1/../../../../arm-none-eabi/lib/thumb/v7e-m\libg.a(lib_a-vfprintf.o)
 *fill*         0x00017472        0x2 
 .rodata.blanks.7238
                0x00017474       0x10 c:/program files (x86)/atmel/studio/7.0/toolchain/arm/arm-gnu-toolchain/bin/../lib/gcc/arm-none-eabi/6.3.1/../../../../arm-none-eabi/lib/thumb/v7e-m\libg.a(lib_a-vfprintf.o)
 .rodata.zeroes.7239
                0x00017484       0x10 c:/program files (x86)/atmel/studio/7.0/toolchain/arm/arm-gnu-toolchain/bin/../lib/gcc/arm-none-eabi/6.3.1/../../../../arm-none-eabi/lib/thumb/v7e-m\libg.a(lib_a-vfprintf.o)
 .rodata._dtoa_r.str1.4
                0x00017494       0x10 c:/program files (x86)/atmel/studio/7.0/toolchain/arm/arm-gnu-toolchain/bin/../lib/gcc/arm-none-eabi/6.3.1/../../../../arm-none-eabi/lib/thumb/v7e-m\libg.a(lib_a-dtoa.o)
                                 0x12 (size before relaxing)
 *fill*         0x000174a4        0x4 
 .rodata.__mprec_bigtens
                0x000174a8       0x28 c:/program files (x86)/atmel/studio/7.0/toolchain/arm/arm-gnu-toolchain/bin/../lib/gcc/arm-none-eabi/6.3.1/../../../../arm-none-eabi/lib/thumb/v7e-m\libg.a(lib_a-mprec.o)
                0x000174a8                __mprec_bigtens
 .rodata.__mprec_tens
                0x000174d0       0xc8 c:/program files (x86)/atmel/studio/7.0/toolchain/arm/arm-gnu-toolchain/bin/../lib/gcc/arm-none-eabi/6.3.1/../../../../arm-none-eabi/lib/thumb/v7e-m\libg.a(lib_a-mprec.o)
                0x000174d0                __mprec_tens
 .rodata.p05.6055
                0x00017598        0xc c:/program files (x86)/atmel/studio/7.0/toolchain/arm/arm-gnu-toolchain/bin/../lib/gcc/arm-none-eabi/6.3.1/../../../../arm-none-eabi/lib/thumb/v7e-m\libg.a(lib_a-mprec.o)
 .rodata._setlocale_r.str1.4
                0x000175a4        0xa c:/program files (x86)/atmel/studio/7.0/toolchain/arm/arm-gnu-toolchain/bin/../lib/gcc/arm-none-eabi/6.3.1/../../../../arm-none-eabi/lib/thumb/v7e-m\libg.a(lib_a-locale.o)
                                  0xd (size before relaxing)
 *fill*         0x000175ae        0x2 
 .rodata.str1.4
                0x000175b0        0x4 c:/program files (x86)/atmel/studio/7.0/toolchain/arm/arm-gnu-toolchain/bin/../lib/gcc/arm-none-eabi/6.3.1/../../../../arm-none-eabi/lib/thumb/v7e-m\libg.a(lib_a-locale.o)
                                  0x2 (size before relaxing)
 .rodata._ctype_
                0x000175b4      0x101 c:/program files (x86)/atmel/studio/7.0/toolchain/arm/arm-gnu-toolchain/bin/../lib/gcc/arm-none-eabi/6.3.1/../../../../arm-none-eabi/lib/thumb/v7e-m\libg.a(lib_a-ctype_.o)
                0x000175b4                _ctype_
 *(.ARM.extab* .gnu.linkonce.armextab.*)
                0x000176b8                . = ALIGN (0x4)
 *fill*         0x000176b5        0x3 
 *(.init)
 .init          0x000176b8        0x4 c:/program files (x86)/atmel/studio/7.0/toolchain/arm/arm-gnu-toolchain/bin/../lib/gcc/arm-none-eabi/6.3.1/thumb/v7e-m/crti.o
                0x000176b8                _init
 .init          0x000176bc        0x8 c:/program files (x86)/atmel/studio/7.0/toolchain/arm/arm-gnu-toolchain/bin/../lib/gcc/arm-none-eabi/6.3.1/thumb/v7e-m/crtn.o
                0x000176c4                . = ALIGN (0x4)
                0x000176c4                __preinit_array_start = .
 *(.preinit_array)
                0x000176c4                __preinit_array_end = .
                0x000176c4                . = ALIGN (0x4)
                0x000176c4                __init_array_start = .
 *(SORT(.init_array.*))
 .init_array.00000
                0x000176c4        0x4 c:/program files (x86)/atmel/studio/7.0/toolchain/arm/arm-gnu-toolchain/bin/../lib/gcc/arm-none-eabi/6.3.1/../../../../arm-none-eabi/lib/thumb/v7e-m\libg.a(lib_a-__call_atexit.o)
 *(.init_array)
 .init_array    0x000176c8        0x4 c:/program files (x86)/atmel/studio/7.0/toolchain/arm/arm-gnu-toolchain/bin/../lib/gcc/arm-none-eabi/6.3.1/thumb/v7e-m/crtbegin.o
                0x000176cc                __init_array_end = .
                0x000176cc                . = ALIGN (0x4)
 *crtbegin.o(.ctors)
 *(EXCLUDE_FILE(*crtend.o) .ctors)
 *(SORT(.ctors.*))
 *crtend.o(.ctors)
                0x000176cc                . = ALIGN (0x4)
 *(.fini)
 .fini          0x000176cc        0x4 c:/program files (x86)/atmel/studio/7.0/toolchain/arm/arm-gnu-toolchain/bin/../lib/gcc/arm-none-eabi/6.3.1/thumb/v7e-m/crti.o
                0x000176cc                _fini
 .fini          0x000176d0        0x8 c:/program files (x86)/atmel/studio/7.0/toolchain/arm/arm-gnu-toolchain/bin/../lib/gcc/arm-none-eabi/6.3.1/thumb/v7e-m/crtn.o
                0x000176d8                . = ALIGN (0x4)
                0x000176d8                __fini_array_start = .
 *(.fini_array)
 .fini_array    0x000176d8        0x4 c:/program files (x86)/atmel/studio/7.0/toolchain/arm/arm-gnu-toolchain/bin/../lib/gcc/arm-none-eabi/6.3.1/thumb/v7e-m/crtbegin.o
 *(SORT(.fini_array.*))
                0x000176dc                __fini_array_end = .
 *crtbegin.o(.dtors)
 *(EXCLUDE_FILE(*crtend.o) .dtors)
 *(SORT(.dtors.*))
 *crtend.o(.dtors)
                0x000176dc                . = ALIGN (0x4)
                0x000176dc                _efixed = .
                [!provide]                PROVIDE (__exidx_start, .)

.vfp11_veneer   0x000176dc        0x0
 .vfp11_veneer  0x000176dc        0x0 linker stubs

.v4_bx          0x000176dc        0x0
 .v4_bx         0x000176dc        0x0 linker stubs

.iplt           0x000176dc        0x0
 .iplt          0x000176dc        0x0 c:/program files (x86)/atmel/studio/7.0/toolchain/arm/arm-gnu-toolchain/bin/../lib/gcc/arm-none-eabi/6.3.1/thumb/v7e-m/crtbegin.o

.ARM.exidx      0x000176dc        0x8
 *(.ARM.exidx* .gnu.linkonce.armexidx.*)
 .ARM.exidx     0x000176dc        0x8 c:/program files (x86)/atmel/studio/7.0/toolchain/arm/arm-gnu-toolchain/bin/../lib/gcc/arm-none-eabi/6.3.1/thumb/v7e-m\libgcc.a(_udivmoddi4.o)
                [!provide]                PROVIDE (__exidx_end, .)

.eh_frame       0x000176e4        0x0
 .eh_frame      0x000176e4        0x0 c:/program files (x86)/atmel/studio/7.0/toolchain/arm/arm-gnu-toolchain/bin/../lib/gcc/arm-none-eabi/6.3.1/thumb/v7e-m/crtbegin.o

.rel.dyn        0x000176e4        0x0
 .rel.iplt      0x000176e4        0x0 c:/program files (x86)/atmel/studio/7.0/toolchain/arm/arm-gnu-toolchain/bin/../lib/gcc/arm-none-eabi/6.3.1/thumb/v7e-m/crtbegin.o

.jcr            0x000176e4        0x0
 .jcr           0x000176e4        0x0 c:/program files (x86)/atmel/studio/7.0/toolchain/arm/arm-gnu-toolchain/bin/../lib/gcc/arm-none-eabi/6.3.1/thumb/v7e-m/crtbegin.o

.igot.plt       0x000176e4        0x0
 .igot.plt      0x000176e4        0x0 c:/program files (x86)/atmel/studio/7.0/toolchain/arm/arm-gnu-toolchain/bin/../lib/gcc/arm-none-eabi/6.3.1/thumb/v7e-m/crtbegin.o
                0x000176e4                . = ALIGN (0x4)
                0x000176e4                _etext = .

.relocate       0x20000000      0xb58 load address 0x000176e4
                0x20000000                . = ALIGN (0x4)
                0x20000000                _srelocate = .
 *(.ramfunc .ramfunc.*)
 .ramfunc       0x20000000       0x74 ../../../platform/sam/drivers/bpm/bpm.o
                0x20000000                bpm_ps_no_halt_exec
 .ramfunc       0x20000074        0xa ../../../platform/common/services/delay/sam/cycle_counter.o
                0x20000074                portable_delay_cycles
 *(.data .data.*)
 .data.last_dir
                0x2000007e        0x1 ../../../stack/LwMesh/TDMA/services/sal/at86rf2xx/src/sal.o
 *fill*         0x2000007f        0x1 
 .data.SPI_AT86RFX_DEVICE
                0x20000080        0x4 ../../../stack/LwMesh/TDMA/services/trx_access/trx_access.o
                0x20000080                SPI_AT86RFX_DEVICE
 .data.flashcalw_wait_until_ready
                0x20000084        0x4 ../../../platform/sam/drivers/flashcalw/flashcalw.o
                0x20000084                flashcalw_wait_until_ready
 .data.udc_string_desc_languageid
                0x20000088        0x4 ../../../platform/common/services/usb/udc/udc.o
 .data.udc_string_manufacturer_name
                0x2000008c        0x6 ../../../platform/common/services/usb/udc/udc.o
 *fill*         0x20000092        0x2 
 .data.udc_string_product_name
                0x20000094       0x27 ../../../platform/common/services/usb/udc/udc.o
 *fill*         0x200000bb        0x1 
 .data.udc_string_desc
                0x200000bc       0x4e ../../../platform/common/services/usb/udc/udc.o
 *fill*         0x2000010a        0x2 
 .data.udi_api_cdc_comm
                0x2000010c       0x14 ../../../platform/common/services/usb/class/cdc/device/udi_cdc.o
                0x2000010c                udi_api_cdc_comm
 .data.udi_api_cdc_data
                0x20000120       0x14 ../../../platform/common/services/usb/class/cdc/device/udi_cdc.o
                0x20000120                udi_api_cdc_data
 .data.udc_device_desc
                0x20000134       0x12 ../../../platform/common/services/usb/class/cdc/device/udi_cdc_desc.o
                0x20000134                udc_device_desc
 *fill*         0x20000146        0x2 
 .data.udc_desc_fs
                0x20000148       0x43 ../../../platform/common/services/usb/class/cdc/device/udi_cdc_desc.o
                0x20000148                udc_desc_fs
 *fill*         0x2000018b        0x1 
 .data.udi_apis
                0x2000018c        0x8 ../../../platform/common/services/usb/class/cdc/device/udi_cdc_desc.o
                0x2000018c                udi_apis
 .data.udc_config_fs
                0x20000194        0x8 ../../../platform/common/services/usb/class/cdc/device/udi_cdc_desc.o
                0x20000194                udc_config_fs
 .data.udc_config
                0x2000019c        0x8 ../../../platform/common/services/usb/class/cdc/device/udi_cdc_desc.o
                0x2000019c                udc_config
 .data.g_interrupt_enabled
                0x200001a4        0x1 ../../../platform/common/utils/interrupt\interrupt_sam_nvic.o
                0x200001a4                g_interrupt_enabled
 *fill*         0x200001a5        0x3 
 .data._impure_ptr
                0x200001a8        0x4 c:/program files (x86)/atmel/studio/7.0/toolchain/arm/arm-gnu-toolchain/bin/../lib/gcc/arm-none-eabi/6.3.1/../../../../arm-none-eabi/lib/thumb/v7e-m\libg.a(lib_a-impure.o)
                0x200001a8                _impure_ptr
 *fill*         0x200001ac        0x4 
 .data.impure_data
                0x200001b0      0x428 c:/program files (x86)/atmel/studio/7.0/toolchain/arm/arm-gnu-toolchain/bin/../lib/gcc/arm-none-eabi/6.3.1/../../../../arm-none-eabi/lib/thumb/v7e-m\libg.a(lib_a-impure.o)
 .data.__atexit_recursive_mutex
                0x200005d8        0x4 c:/program files (x86)/atmel/studio/7.0/toolchain/arm/arm-gnu-toolchain/bin/../lib/gcc/arm-none-eabi/6.3.1/../../../../arm-none-eabi/lib/thumb/v7e-m\libg.a(lib_a-__call_atexit.o)
                0x200005d8                __atexit_recursive_mutex
 .data.__malloc_av_
                0x200005dc      0x408 c:/program files (x86)/atmel/studio/7.0/toolchain/arm/arm-gnu-toolchain/bin/../lib/gcc/arm-none-eabi/6.3.1/../../../../arm-none-eabi/lib/thumb/v7e-m\libg.a(lib_a-mallocr.o)
                0x200005dc                __malloc_av_
 .data.__malloc_sbrk_base
                0x200009e4        0x4 c:/program files (x86)/atmel/studio/7.0/toolchain/arm/arm-gnu-toolchain/bin/../lib/gcc/arm-none-eabi/6.3.1/../../../../arm-none-eabi/lib/thumb/v7e-m\libg.a(lib_a-mallocr.o)
                0x200009e4                __malloc_sbrk_base
 .data.__malloc_trim_threshold
                0x200009e8        0x4 c:/program files (x86)/atmel/studio/7.0/toolchain/arm/arm-gnu-toolchain/bin/../lib/gcc/arm-none-eabi/6.3.1/../../../../arm-none-eabi/lib/thumb/v7e-m\libg.a(lib_a-mallocr.o)
                0x200009e8                __malloc_trim_threshold
 .data.__global_locale
                0x200009ec      0x16c c:/program files (x86)/atmel/studio/7.0/toolchain/arm/arm-gnu-toolchain/bin/../lib/gcc/arm-none-eabi/6.3.1/../../../../arm-none-eabi/lib/thumb/v7e-m\libg.a(lib_a-locale.o)
                0x200009ec                __global_locale
                0x20000b58                . = ALIGN (0x4)
                0x20000b58                _erelocate = .

.bss            0x20000b60     0x1638 load address 0x00018260
                0x20000b60                . = ALIGN (0x4)
                0x20000b60                _sbss = .
                0x20000b60                _szero = .
 *(.bss .bss.*)
 .bss           0x20000b60       0x1c c:/program files (x86)/atmel/studio/7.0/toolchain/arm/arm-gnu-toolchain/bin/../lib/gcc/arm-none-eabi/6.3.1/thumb/v7e-m/crtbegin.o
 .bss.nwkDataReqQueue
                0x20000b7c        0x4 ../../../stack/LwMesh/TDMA/nwk/src/nwkDataReq.o
 .bss.nwkFrameFrames
                0x20000b80      0xb04 ../../../stack/LwMesh/TDMA/nwk/src/nwkFrame.o
 .bss.nwkGroups
                0x20001684        0x6 ../../../stack/LwMesh/TDMA/nwk/src/nwkGroup.o
 *fill*         0x2000168a        0x2 
 .bss.nwkRxDuplicateRejectionTable
                0x2000168c      0x12c ../../../stack/LwMesh/TDMA/nwk/src/nwkRx.o
 .bss.nwkRxAckControl
                0x200017b8        0x1 ../../../stack/LwMesh/TDMA/nwk/src/nwkRx.o
 *fill*         0x200017b9        0x3 
 .bss.nwkRxDuplicateRejectionTimer
                0x200017bc       0x14 ../../../stack/LwMesh/TDMA/nwk/src/nwkRx.o
 .bss.nwkTxPhyActiveFrame
                0x200017d0        0x4 ../../../stack/LwMesh/TDMA/nwk/src/nwkTx.o
 .bss.nwkTxAckWaitTimer
                0x200017d4       0x14 ../../../stack/LwMesh/TDMA/nwk/src/nwkTx.o
 .bss.nwkTxDelayTimer
                0x200017e8       0x14 ../../../stack/LwMesh/TDMA/nwk/src/nwkTx.o
 .bss.phyState  0x200017fc        0x1 ../../../stack/LwMesh/TDMA/phy/AT86RF233/src/phy.o
 *fill*         0x200017fd        0x3 
 .bss.phyRxBuffer
                0x20001800       0x80 ../../../stack/LwMesh/TDMA/phy/AT86RF233/src/phy.o
 .bss.phyRxState
                0x20001880        0x1 ../../../stack/LwMesh/TDMA/phy/AT86RF233/src/phy.o
 *fill*         0x20001881        0x3 
 .bss.timers    0x20001884        0x4 ../../../stack/LwMesh/TDMA/sys/src/sysTimer.o
 .bss.setup_flag
                0x20001888        0x1 ../../../stack/LwMesh/TDMA/services/sal/at86rf2xx/src/sal.o
 .bss.dec_initialized
                0x20001889        0x1 ../../../stack/LwMesh/TDMA/services/sal/at86rf2xx/src/sal.o
 *fill*         0x2000188a        0x2 
 .bss.aes_buf   0x2000188c       0x12 ../../../stack/LwMesh/TDMA/services/sal/at86rf2xx/src/sal.o
 *fill*         0x2000189e        0x2 
 .bss.enc_key   0x200018a0       0x10 ../../../stack/LwMesh/TDMA/services/sal/at86rf2xx/src/sal.o
 .bss.dec_key   0x200018b0       0x10 ../../../stack/LwMesh/TDMA/services/sal/at86rf2xx/src/sal.o
 .bss.irq_hdl_trx
                0x200018c0        0x4 ../../../stack/LwMesh/TDMA/services/trx_access/trx_access.o
 .bss.heap.5297
                0x200018c4        0x4 ../../../platform/sam/utils/syscalls/gcc/syscalls.o
 .bss.stacked_r0.8186
                0x200018c8        0x4 ../../../platform/sam/utils/syscalls/gcc/hardfault_handler_c.o
 .bss.stacked_r1.8187
                0x200018cc        0x4 ../../../platform/sam/utils/syscalls/gcc/hardfault_handler_c.o
 .bss.stacked_r2.8188
                0x200018d0        0x4 ../../../platform/sam/utils/syscalls/gcc/hardfault_handler_c.o
 .bss.stacked_r3.8189
                0x200018d4        0x4 ../../../platform/sam/utils/syscalls/gcc/hardfault_handler_c.o
 .bss.stacked_r12.8190
                0x200018d8        0x4 ../../../platform/sam/utils/syscalls/gcc/hardfault_handler_c.o
 .bss.stacked_lr.8191
                0x200018dc        0x4 ../../../platform/sam/utils/syscalls/gcc/hardfault_handler_c.o
 .bss.stacked_pc.8192
                0x200018e0        0x4 ../../../platform/sam/utils/syscalls/gcc/hardfault_handler_c.o
 .bss.stacked_psr.8193
                0x200018e4        0x4 ../../../platform/sam/utils/syscalls/gcc/hardfault_handler_c.o
 .bss.flashcalw_error_status
                0x200018e8        0x4 ../../../platform/sam/drivers/flashcalw/flashcalw.o
 .bss.gpio_int_sources
                0x200018ec       0x30 ../../../platform/sam/drivers/gpio/gpio.o
 .bss.gpio_nb_sources
                0x2000191c        0x4 ../../../platform/sam/drivers/gpio/gpio.o
 .bss.reg_value.8780
                0x20001920        0x4 ../../../platform/sam/drivers/spi/spi.o
 .bss.udd_b_idle
                0x20001924        0x1 ../../../platform/sam/drivers/usbc/usbc_device.o
 *fill*         0x20001925       0x1b 
 .bss.udd_g_ep_table
                0x20001940       0x80 ../../../platform/sam/drivers/usbc/usbc_device.o
 .bss.udd_ep_control_state
                0x200019c0        0x1 ../../../platform/sam/drivers/usbc/usbc_device.o
 *fill*         0x200019c1        0x1 
 .bss.udd_ctrl_prev_payload_nb_trans
                0x200019c2        0x2 ../../../platform/sam/drivers/usbc/usbc_device.o
 .bss.udd_ctrl_payload_nb_trans
                0x200019c4        0x2 ../../../platform/sam/drivers/usbc/usbc_device.o
 *fill*         0x200019c6        0x2 
 .bss.udd_ep_job
                0x200019c8       0x3c ../../../platform/sam/drivers/usbc/usbc_device.o
 .bss.b_shortpacket.9372
                0x20001a04        0x1 ../../../platform/sam/drivers/usbc/usbc_device.o
 .bss.open_loop_done.8576
                0x20001a05        0x1 ../../../platform/common/services/clock/sam4l/dfll.o
 .bss.udc_device_status
                0x20001a06        0x2 ../../../platform/common/services/usb/udc/udc.o
 .bss.udc_num_configuration
                0x20001a08        0x1 ../../../platform/common/services/usb/udc/udc.o
 *fill*         0x20001a09        0x3 
 .bss.udc_ptr_conf
                0x20001a0c        0x4 ../../../platform/common/services/usb/udc/udc.o
 .bss.udc_ptr_iface
                0x20001a10        0x4 ../../../platform/common/services/usb/udc/udc.o
 .bss.udc_ep_status.8256
                0x20001a14        0x2 ../../../platform/common/services/usb/udc/udc.o
 .bss.udc_iface_setting.8314
                0x20001a16        0x1 ../../../platform/common/services/usb/udc/udc.o
 *fill*         0x20001a17        0x1 
 .bss.udi_cdc_line_coding
                0x20001a18        0x7 ../../../platform/common/services/usb/class/cdc/device/udi_cdc.o
 *fill*         0x20001a1f        0x1 
 .bss.udi_cdc_serial_state_msg_ongoing
                0x20001a20        0x1 ../../../platform/common/services/usb/class/cdc/device/udi_cdc.o
 *fill*         0x20001a21        0x3 
 .bss.udi_cdc_state
                0x20001a24        0x2 ../../../platform/common/services/usb/class/cdc/device/udi_cdc.o
 *fill*         0x20001a26        0x2 
 .bss.uid_cdc_state_msg
                0x20001a28        0xa ../../../platform/common/services/usb/class/cdc/device/udi_cdc.o
 .bss.udi_cdc_nb_comm_enabled
                0x20001a32        0x1 ../../../platform/common/services/usb/class/cdc/device/udi_cdc.o
 .bss.udi_cdc_nb_data_enabled
                0x20001a33        0x1 ../../../platform/common/services/usb/class/cdc/device/udi_cdc.o
 .bss.udi_cdc_data_running
                0x20001a34        0x1 ../../../platform/common/services/usb/class/cdc/device/udi_cdc.o
 *fill*         0x20001a35        0x3 
 .bss.udi_cdc_rx_buf
                0x20001a38      0x280 ../../../platform/common/services/usb/class/cdc/device/udi_cdc.o
 .bss.udi_cdc_rx_buf_nb
                0x20001cb8        0x4 ../../../platform/common/services/usb/class/cdc/device/udi_cdc.o
 .bss.udi_cdc_rx_buf_sel
                0x20001cbc        0x1 ../../../platform/common/services/usb/class/cdc/device/udi_cdc.o
 *fill*         0x20001cbd        0x3 
 .bss.udi_cdc_rx_pos
                0x20001cc0        0x2 ../../../platform/common/services/usb/class/cdc/device/udi_cdc.o
 *fill*         0x20001cc2        0x2 
 .bss.udi_cdc_rx_trans_ongoing
                0x20001cc4        0x1 ../../../platform/common/services/usb/class/cdc/device/udi_cdc.o
 *fill*         0x20001cc5        0x3 
 .bss.udi_cdc_tx_buf
                0x20001cc8      0x280 ../../../platform/common/services/usb/class/cdc/device/udi_cdc.o
 .bss.udi_cdc_tx_buf_nb
                0x20001f48        0x4 ../../../platform/common/services/usb/class/cdc/device/udi_cdc.o
 .bss.udi_cdc_tx_buf_sel
                0x20001f4c        0x1 ../../../platform/common/services/usb/class/cdc/device/udi_cdc.o
 *fill*         0x20001f4d        0x3 
 .bss.udi_cdc_tx_sof_num
                0x20001f50        0x2 ../../../platform/common/services/usb/class/cdc/device/udi_cdc.o
 *fill*         0x20001f52        0x2 
 .bss.udi_cdc_tx_trans_ongoing
                0x20001f54        0x1 ../../../platform/common/services/usb/class/cdc/device/udi_cdc.o
 *fill*         0x20001f55        0x3 
 .bss.udi_cdc_tx_both_buf_to_send
                0x20001f58        0x1 ../../../platform/common/services/usb/class/cdc/device/udi_cdc.o
 .bss.port_notify.8461
                0x20001f59        0x1 ../../../platform/common/services/usb/class/cdc/device/udi_cdc.o
 .bss.sof_zlp_counter.8531
                0x20001f5a        0x2 ../../../platform/common/services/usb/class/cdc/device/udi_cdc.o
 .bss.stdio_usb_interface_enable
                0x20001f5c        0x1 ../../../platform/common/utils/stdio/stdio_usb/stdio_usb.o
 *fill*         0x20001f5d        0x3 
 .bss           0x20001f60       0x14 ../../../stack/LwMesh/TDMA/services/common_hw_timer/sam/lib\libsam4l_lib_hw_timer.a(common_hw_timer.o)
 .bss.__malloc_current_mallinfo
                0x20001f74       0x28 c:/program files (x86)/atmel/studio/7.0/toolchain/arm/arm-gnu-toolchain/bin/../lib/gcc/arm-none-eabi/6.3.1/../../../../arm-none-eabi/lib/thumb/v7e-m\libg.a(lib_a-mallocr.o)
                0x20001f74                __malloc_current_mallinfo
 .bss.__malloc_max_sbrked_mem
                0x20001f9c        0x4 c:/program files (x86)/atmel/studio/7.0/toolchain/arm/arm-gnu-toolchain/bin/../lib/gcc/arm-none-eabi/6.3.1/../../../../arm-none-eabi/lib/thumb/v7e-m\libg.a(lib_a-mallocr.o)
                0x20001f9c                __malloc_max_sbrked_mem
 .bss.__malloc_max_total_mem
                0x20001fa0        0x4 c:/program files (x86)/atmel/studio/7.0/toolchain/arm/arm-gnu-toolchain/bin/../lib/gcc/arm-none-eabi/6.3.1/../../../../arm-none-eabi/lib/thumb/v7e-m\libg.a(lib_a-mallocr.o)
                0x20001fa0                __malloc_max_total_mem
 .bss.__malloc_top_pad
                0x20001fa4        0x4 c:/program files (x86)/atmel/studio/7.0/toolchain/arm/arm-gnu-toolchain/bin/../lib/gcc/arm-none-eabi/6.3.1/../../../../arm-none-eabi/lib/thumb/v7e-m\libg.a(lib_a-mallocr.o)
                0x20001fa4                __malloc_top_pad
 *(COMMON)
 COMMON         0x20001fa8        0x8 TC_lldn.o
                0x20001fa8                n
                0x20001fac                tmr_callback
 COMMON         0x20001fb0       0x4c ../../../stack/LwMesh/TDMA/nwk/src/nwk.o
                0x20001fb0                nwkIb
 COMMON         0x20001ffc        0x1 ../../../stack/LwMesh/TDMA/sys/src/sysTimer.o
                0x20001ffc                SysTimerIrqCount
 *fill*         0x20001ffd        0x3 
 COMMON         0x20002000        0x8 ../../../stack/LwMesh/TDMA/services/sleep_mgr/sam4l/sleep_mgr.o
                0x20002000                ast_alarm
                0x20002004                ast_counter
 COMMON         0x20002008       0x14 ../../../platform/sam/drivers/ast/ast.o
                0x20002008                ast_callback_pointer
 COMMON         0x2000201c       0x24 ../../../platform/sam/drivers/eic/eic.o
                0x2000201c                eic_callback_pointer
 COMMON         0x20002040      0x118 ../../../platform/sam/drivers/usbc/usbc_device.o
                0x20002040                udd_ep_out_cache_buffer
                0x20002100                udd_g_ctrlreq
                0x20002118                udd_ctrl_buffer
 COMMON         0x20002158        0x8 ../../../platform/common/services/sleepmgr/sam/sleepmgr.o
                0x20002158                sleepmgr_locks
 COMMON         0x20002160        0x4 ../../../platform/common/utils/stdio/read.o
                0x20002160                ptr_get
 COMMON         0x20002164        0x8 ../../../platform/common/utils/stdio/write.o
                0x20002164                ptr_put
                0x20002168                stdio_base
 COMMON         0x2000216c        0x1 ../../../stack/LwMesh/TDMA/services/common_hw_timer/sam/lib\libsam4l_lib_hw_timer.a(common_hw_timer.o)
                0x2000216c                timer_multiplier
 *fill*         0x2000216d        0x3 
 COMMON         0x20002170       0x21 c:/program files (x86)/atmel/studio/7.0/toolchain/arm/arm-gnu-toolchain/bin/../lib/gcc/arm-none-eabi/6.3.1/../../../../arm-none-eabi/lib/thumb/v7e-m\libg.a(lib_a-lock.o)
                0x20002170                __lock___atexit_recursive_mutex
                0x20002174                __lock___arc4random_mutex
                0x20002178                __lock___env_recursive_mutex
                0x2000217c                __lock___sinit_recursive_mutex
                0x20002180                __lock___malloc_recursive_mutex
                0x20002184                __lock___at_quick_exit_mutex
                0x20002188                __lock___dd_hash_mutex
                0x2000218c                __lock___tz_mutex
                0x20002190                __lock___sfp_recursive_mutex
 *fill*         0x20002191        0x3 
 COMMON         0x20002194        0x4 c:/program files (x86)/atmel/studio/7.0/toolchain/arm/arm-gnu-toolchain/bin/../lib/gcc/arm-none-eabi/6.3.1/../../../../arm-none-eabi/lib/thumb/v7e-m\libg.a(lib_a-reent.o)
                0x20002194                errno
                0x20002198                . = ALIGN (0x4)
                0x20002198                _ebss = .
                0x20002198                _ezero = .

.stack          0x20002198     0x1000 load address 0x00019898
                0x20002198                . = ALIGN (0x8)
                0x20002198                _sstack = .
                0x20003198                . = (. + __stack_size__)
 *fill*         0x20002198     0x1000 
                0x20003198                . = ALIGN (0x8)
                0x20003198                _estack = .
                0x20003198                . = ALIGN (0x4)
                0x20003198                _end = .
START GROUP
LOAD c:/program files (x86)/atmel/studio/7.0/toolchain/arm/arm-gnu-toolchain/bin/../lib/gcc/arm-none-eabi/6.3.1/thumb/v7e-m\libgcc.a
LOAD c:/program files (x86)/atmel/studio/7.0/toolchain/arm/arm-gnu-toolchain/bin/../lib/gcc/arm-none-eabi/6.3.1/../../../../arm-none-eabi/lib/thumb/v7e-m\libg.a
LOAD c:/program files (x86)/atmel/studio/7.0/toolchain/arm/arm-gnu-toolchain/bin/../lib/gcc/arm-none-eabi/6.3.1/../../../../arm-none-eabi/lib/thumb/v7e-m\libc.a
END GROUP
LOAD c:/program files (x86)/atmel/studio/7.0/toolchain/arm/arm-gnu-toolchain/bin/../lib/gcc/arm-none-eabi/6.3.1/thumb/v7e-m/crtend.o
LOAD c:/program files (x86)/atmel/studio/7.0/toolchain/arm/arm-gnu-toolchain/bin/../lib/gcc/arm-none-eabi/6.3.1/thumb/v7e-m/crtn.o
OUTPUT(exp2_sam4lc2b_wm400_coordinator.elf elf32-littlearm)

.ARM.attributes
                0x00000000       0x2a
 .ARM.attributes
                0x00000000       0x1e c:/program files (x86)/atmel/studio/7.0/toolchain/arm/arm-gnu-toolchain/bin/../lib/gcc/arm-none-eabi/6.3.1/thumb/v7e-m/crti.o
 .ARM.attributes
                0x0000001e       0x2e c:/program files (x86)/atmel/studio/7.0/toolchain/arm/arm-gnu-toolchain/bin/../lib/gcc/arm-none-eabi/6.3.1/thumb/v7e-m/crtbegin.o
 .ARM.attributes
                0x0000004c       0x33 TC_lldn.o
 .ARM.attributes
                0x0000007f       0x33 ../../../stack/LwMesh/TDMA/nwk/src/nwk.o
 .ARM.attributes
                0x000000b2       0x33 ../../../stack/LwMesh/TDMA/nwk/src/nwkDataReq.o
 .ARM.attributes
                0x000000e5       0x33 ../../../stack/LwMesh/TDMA/nwk/src/nwkFrame.o
 .ARM.attributes
                0x00000118       0x33 ../../../stack/LwMesh/TDMA/nwk/src/nwkGroup.o
 .ARM.attributes
                0x0000014b       0x33 ../../../stack/LwMesh/TDMA/nwk/src/nwkRx.o
 .ARM.attributes
                0x0000017e       0x33 ../../../stack/LwMesh/TDMA/nwk/src/nwkTx.o
 .ARM.attributes
                0x000001b1       0x33 ../../../stack/LwMesh/TDMA/phy/AT86RF233/src/phy.o
 .ARM.attributes
                0x000001e4       0x33 ../../../stack/LwMesh/TDMA/sys/src/sys.o
 .ARM.attributes
                0x00000217       0x33 ../../../stack/LwMesh/TDMA/sys/src/sysTimer.o
 .ARM.attributes
                0x0000024a       0x33 ../../../stack/LwMesh/TDMA/services/common_hw_timer/sam/hw_timer.o
 .ARM.attributes
                0x0000027d       0x33 ../../../stack/LwMesh/TDMA/services/sal/at86rf2xx/src/sal.o
 .ARM.attributes
                0x000002b0       0x33 ../../../stack/LwMesh/TDMA/services/sleep_mgr/sam4l/sleep_mgr.o
 .ARM.attributes
                0x000002e3       0x33 ../../../stack/LwMesh/TDMA/services/trx_access/trx_access.o
 .ARM.attributes
                0x00000316       0x33 ../../../platform/sam/utils/cmsis/sam4l/source/templates/exceptions.o
 .ARM.attributes
                0x00000349       0x33 ../../../platform/sam/utils/cmsis/sam4l/source/templates/gcc/startup_sam4l.o
 .ARM.attributes
                0x0000037c       0x33 ../../../platform/sam/utils/syscalls/gcc/syscalls.o
 .ARM.attributes
                0x000003af       0x33 ../../../platform/sam/utils/syscalls/gcc/hardfault_handler_c.o
 .ARM.attributes
                0x000003e2       0x33 ../../../platform/sam/drivers/ast/ast.o
 .ARM.attributes
                0x00000415       0x33 ../../../platform/sam/drivers/bpm/bpm.o
 .ARM.attributes
                0x00000448       0x33 ../../../platform/sam/drivers/flashcalw/flashcalw.o
 .ARM.attributes
                0x0000047b       0x33 ../../../platform/sam/drivers/gpio/gpio.o
 .ARM.attributes
                0x000004ae       0x33 ../../../platform/sam/drivers/eic/eic.o
 .ARM.attributes
                0x000004e1       0x33 ../../../platform/sam/drivers/spi/spi.o
 .ARM.attributes
                0x00000514       0x33 ../../../platform/sam/drivers/tc/tc.o
 .ARM.attributes
                0x00000547       0x33 ../../../platform/sam/drivers/usbc/usbc_device.o
 .ARM.attributes
                0x0000057a       0x33 ../../../platform/sam/drivers/wdt/wdt_sam4l.o
 .ARM.attributes
                0x000005ad       0x33 ../../../platform/common/services/clock/sam4l/sysclk.o
 .ARM.attributes
                0x000005e0       0x33 ../../../platform/common/services/clock/sam4l/dfll.o
 .ARM.attributes
                0x00000613       0x33 ../../../platform/common/services/clock/sam4l/osc.o
 .ARM.attributes
                0x00000646       0x33 ../../../platform/common/services/clock/sam4l/pll.o
 .ARM.attributes
                0x00000679       0x33 ../../../platform/common/services/delay/sam/cycle_counter.o
 .ARM.attributes
                0x000006ac       0x33 ../../../platform/common/services/spi/sam_spi/spi_master.o
 .ARM.attributes
                0x000006df       0x33 ../../../platform/common/services/sleepmgr/sam/sleepmgr.o
 .ARM.attributes
                0x00000712       0x33 ../../../platform/common/services/usb/udc/udc.o
 .ARM.attributes
                0x00000745       0x33 ../../../platform/common/services/usb/class/cdc/device/udi_cdc.o