Archive member included to satisfy reference by file (symbol)

../../../stack/LwMesh/TDMA/services/common_hw_timer/sam/lib\libsam4l_lib_hw_timer.a(common_hw_timer.o)
                              ../../../stack/LwMesh/TDMA/sys/src/sysTimer.o (common_tc_delay)
c:/program files (x86)/atmel/studio/7.0/toolchain/arm/arm-gnu-toolchain/bin/../lib/gcc/arm-none-eabi/6.3.1/../../../../arm-none-eabi/lib/thumb/v7e-m\libg.a(lib_a-exit.o)
                              c:/program files (x86)/atmel/studio/7.0/toolchain/arm/arm-gnu-toolchain/bin/../lib/gcc/arm-none-eabi/6.3.1/../../../../arm-none-eabi/lib/thumb/v7e-m/crt0.o (exit)
c:/program files (x86)/atmel/studio/7.0/toolchain/arm/arm-gnu-toolchain/bin/../lib/gcc/arm-none-eabi/6.3.1/../../../../arm-none-eabi/lib/thumb/v7e-m\libg.a(lib_a-impure.o)
                              c:/program files (x86)/atmel/studio/7.0/toolchain/arm/arm-gnu-toolchain/bin/../lib/gcc/arm-none-eabi/6.3.1/../../../../arm-none-eabi/lib/thumb/v7e-m\libg.a(lib_a-exit.o) (_global_impure_ptr)
c:/program files (x86)/atmel/studio/7.0/toolchain/arm/arm-gnu-toolchain/bin/../lib/gcc/arm-none-eabi/6.3.1/../../../../arm-none-eabi/lib/thumb/v7e-m\libg.a(lib_a-init.o)
                              c:/program files (x86)/atmel/studio/7.0/toolchain/arm/arm-gnu-toolchain/bin/../lib/gcc/arm-none-eabi/6.3.1/../../../../arm-none-eabi/lib/thumb/v7e-m/crt0.o (__libc_init_array)
c:/program files (x86)/atmel/studio/7.0/toolchain/arm/arm-gnu-toolchain/bin/../lib/gcc/arm-none-eabi/6.3.1/../../../../arm-none-eabi/lib/thumb/v7e-m\libg.a(lib_a-memcpy.o)
                              ../../../stack/LwMesh/TDMA/nwk/src/nwkDataReq.o (memcpy)
c:/program files (x86)/atmel/studio/7.0/toolchain/arm/arm-gnu-toolchain/bin/../lib/gcc/arm-none-eabi/6.3.1/../../../../arm-none-eabi/lib/thumb/v7e-m\libg.a(lib_a-memset.o)
                              c:/program files (x86)/atmel/studio/7.0/toolchain/arm/arm-gnu-toolchain/bin/../lib/gcc/arm-none-eabi/6.3.1/../../../../arm-none-eabi/lib/thumb/v7e-m/crt0.o (memset)
c:/program files (x86)/atmel/studio/7.0/toolchain/arm/arm-gnu-toolchain/bin/../lib/gcc/arm-none-eabi/6.3.1/../../../../arm-none-eabi/lib/thumb/v7e-m\libg.a(lib_a-printf.o)
                              ../../../platform/sam/utils/syscalls/gcc/syscalls.o (printf)
c:/program files (x86)/atmel/studio/7.0/toolchain/arm/arm-gnu-toolchain/bin/../lib/gcc/arm-none-eabi/6.3.1/../../../../arm-none-eabi/lib/thumb/v7e-m\libg.a(lib_a-rand.o)
                              ../../../stack/LwMesh/TDMA/nwk/src/nwkTx.o (rand)
c:/program files (x86)/atmel/studio/7.0/toolchain/arm/arm-gnu-toolchain/bin/../lib/gcc/arm-none-eabi/6.3.1/../../../../arm-none-eabi/lib/thumb/v7e-m\libg.a(lib_a-setbuf.o)
                              ../../../platform/common/utils/stdio/stdio_usb/stdio_usb.o (setbuf)
c:/program files (x86)/atmel/studio/7.0/toolchain/arm/arm-gnu-toolchain/bin/../lib/gcc/arm-none-eabi/6.3.1/../../../../arm-none-eabi/lib/thumb/v7e-m\libg.a(lib_a-setvbuf.o)
                              c:/program files (x86)/atmel/studio/7.0/toolchain/arm/arm-gnu-toolchain/bin/../lib/gcc/arm-none-eabi/6.3.1/../../../../arm-none-eabi/lib/thumb/v7e-m\libg.a(lib_a-setbuf.o) (setvbuf)
c:/program files (x86)/atmel/studio/7.0/toolchain/arm/arm-gnu-toolchain/bin/../lib/gcc/arm-none-eabi/6.3.1/../../../../arm-none-eabi/lib/thumb/v7e-m\libg.a(lib_a-vfprintf.o)
                              c:/program files (x86)/atmel/studio/7.0/toolchain/arm/arm-gnu-toolchain/bin/../lib/gcc/arm-none-eabi/6.3.1/../../../../arm-none-eabi/lib/thumb/v7e-m\libg.a(lib_a-printf.o) (_vfprintf_r)
c:/program files (x86)/atmel/studio/7.0/toolchain/arm/arm-gnu-toolchain/bin/../lib/gcc/arm-none-eabi/6.3.1/../../../../arm-none-eabi/lib/thumb/v7e-m\libg.a(lib_a-wsetup.o)
                              c:/program files (x86)/atmel/studio/7.0/toolchain/arm/arm-gnu-toolchain/bin/../lib/gcc/arm-none-eabi/6.3.1/../../../../arm-none-eabi/lib/thumb/v7e-m\libg.a(lib_a-vfprintf.o) (__swsetup_r)
c:/program files (x86)/atmel/studio/7.0/toolchain/arm/arm-gnu-toolchain/bin/../lib/gcc/arm-none-eabi/6.3.1/../../../../arm-none-eabi/lib/thumb/v7e-m\libg.a(lib_a-__call_atexit.o)
                              c:/program files (x86)/atmel/studio/7.0/toolchain/arm/arm-gnu-toolchain/bin/../lib/gcc/arm-none-eabi/6.3.1/../../../../arm-none-eabi/lib/thumb/v7e-m\libg.a(lib_a-exit.o) (__call_exitprocs)
c:/program files (x86)/atmel/studio/7.0/toolchain/arm/arm-gnu-toolchain/bin/../lib/gcc/arm-none-eabi/6.3.1/../../../../arm-none-eabi/lib/thumb/v7e-m\libg.a(lib_a-atexit.o)
                              c:/program files (x86)/atmel/studio/7.0/toolchain/arm/arm-gnu-toolchain/bin/../lib/gcc/arm-none-eabi/6.3.1/../../../../arm-none-eabi/lib/thumb/v7e-m\libg.a(lib_a-__call_atexit.o) (atexit)
c:/program files (x86)/atmel/studio/7.0/toolchain/arm/arm-gnu-toolchain/bin/../lib/gcc/arm-none-eabi/6.3.1/../../../../arm-none-eabi/lib/thumb/v7e-m\libg.a(lib_a-dtoa.o)
[...]
Memory Configuration

Name             Origin             Length             Attributes
rom              0x00004000         0x0003c000         xr
ram              0x20000000         0x00008000         xrw
*default*        0x00000000         0xffffffff

Linker script and memory map

LOAD c:/program files (x86)/atmel/studio/7.0/toolchain/arm/arm-gnu-toolchain/bin/../lib/gcc/arm-none-eabi/6.3.1/thumb/v7e-m/crti.o
LOAD c:/program files (x86)/atmel/studio/7.0/toolchain/arm/arm-gnu-toolchain/bin/../lib/gcc/arm-none-eabi/6.3.1/thumb/v7e-m/crtbegin.o
LOAD c:/program files (x86)/atmel/studio/7.0/toolchain/arm/arm-gnu-toolchain/bin/../lib/gcc/arm-none-eabi/6.3.1/../../../../arm-none-eabi/lib/thumb/v7e-m/crt0.o
LOAD TC_lldn.o
LOAD ../../../stack/LwMesh/TDMA/nwk/src/nwk.o
LOAD ../../../stack/LwMesh/TDMA/nwk/src/nwkDataReq.o
LOAD ../../../stack/LwMesh/TDMA/nwk/src/nwkFrame.o
LOAD ../../../stack/LwMesh/TDMA/nwk/src/nwkGroup.o
LOAD ../../../stack/LwMesh/TDMA/nwk/src/nwkRoute.o
LOAD ../../../stack/LwMesh/TDMA/nwk/src/nwkRouteDiscovery.o
LOAD ../../../stack/LwMesh/TDMA/nwk/src/nwkRx.o
LOAD ../../../stack/LwMesh/TDMA/nwk/src/nwkSecurity.o
LOAD ../../../stack/LwMesh/TDMA/nwk/src/nwkTx.o
LOAD ../../../stack/LwMesh/TDMA/phy/AT86RF233/src/phy.o
LOAD ../../../stack/LwMesh/TDMA/sys/src/sys.o
LOAD ../../../stack/LwMesh/TDMA/sys/src/sysEncrypt.o
LOAD ../../../stack/LwMesh/TDMA/sys/src/sysTimer.o
LOAD ../../../stack/LwMesh/TDMA/services/common_hw_timer/sam/hw_timer.o
LOAD ../../../stack/LwMesh/TDMA/services/sal/at86rf2xx/src/sal.o
LOAD ../../../stack/LwMesh/TDMA/services/sleep_mgr/sam4l/sleep_mgr.o
LOAD ../../../stack/LwMesh/TDMA/services/trx_access/trx_access.o
LOAD ../../../platform/sam/utils/cmsis/sam4l/source/templates/system_sam4l.o
LOAD ../../../platform/sam/utils/cmsis/sam4l/source/templates/exceptions.o
LOAD ../../../platform/sam/utils/cmsis/sam4l/source/templates/gcc/startup_sam4l.o
LOAD ../../../platform/sam/utils/syscalls/gcc/syscalls.o
LOAD ../../../platform/sam/utils/syscalls/gcc/hardfault_handler_c.o
LOAD ../../../platform/sam/drivers/ast/ast.o
LOAD ../../../platform/sam/drivers/bpm/bpm.o
LOAD ../../../platform/sam/drivers/flashcalw/flashcalw.o
LOAD ../../../platform/sam/drivers/gpio/gpio.o
LOAD ../../../platform/sam/drivers/eic/eic.o
LOAD ../../../platform/sam/drivers/spi/spi.o
LOAD ../../../platform/sam/drivers/tc/tc.o
LOAD ../../../platform/sam/drivers/usbc/usbc_device.o
LOAD ../../../platform/sam/drivers/usart/usart.o
LOAD ../../../platform/sam/drivers/wdt/wdt_sam4l.o
LOAD ../../../platform/common/services/clock/sam4l/sysclk.o
LOAD ../../../platform/common/services/clock/sam4l/dfll.o
LOAD ../../../platform/common/services/clock/sam4l/osc.o
LOAD ../../../platform/common/services/clock/sam4l/pll.o
LOAD ../../../platform/common/services/delay/sam/cycle_counter.o
LOAD ../../../platform/common/services/serial/usart_serial.o
LOAD ../../../platform/common/services/spi/sam_spi/spi_master.o
LOAD ../../../platform/common/services/spi/sam_usart_spi/usart_spi.o
LOAD ../../../platform/common/services/sleepmgr/sam/sleepmgr.o
LOAD ../../../platform/common/services/usb/udc/udc.o
LOAD ../../../platform/common/services/usb/class/cdc/device/udi_cdc.o
LOAD ../../../platform/common/services/usb/class/cdc/device/udi_cdc_desc.o
LOAD ../../../platform/common/utils/interrupt\interrupt_sam_nvic.o
LOAD ../../../platform/common/utils/stdio/read.o
LOAD ../../../platform/common/utils/stdio/write.o
LOAD ../../../platform/common/utils/stdio/stdio_usb/stdio_usb.o
LOAD ../../../platform/thirdparty/wireless/addons/sio2host/usb/sio2host.o
LOAD ../../../board/WM400/src/board_init.o
LOAD ../../../platform/resources/buffer/src/bmm.o
LOAD ../../../platform/resources/queue/src/qmm.o
LOAD ../../../platform/sam/utils/syscalls/gcc/hardfault_handler.o
START GROUP
LOAD ../../../stack/LwMesh/TDMA/services/common_hw_timer/sam/lib\libsam4l_lib_hw_timer.a
END GROUP
START GROUP
LOAD ../../../platform/thirdparty/CMSIS/Lib/GCC\libarm_cortexM4l_math.a
LOAD c:/program files (x86)/atmel/studio/7.0/toolchain/arm/arm-gnu-toolchain/bin/../lib/gcc/arm-none-eabi/6.3.1/../../../../arm-none-eabi/lib/thumb/v7e-m\libm.a
END GROUP
                0x00001000                __stack_size__ = DEFINED (__stack_size__)?__stack_size__:0x1000
                0x20007ffc                __ram_end__ = ((ORIGIN (ram) + LENGTH (ram)) - 0x4)

.text           0x00004000     0xf5cc
                0x00004000                . = ALIGN (0x4)
                0x00004000                _sfixed = .
 *(.vectors .vectors.*)
 .vectors       0x00004000      0x180 ../../../platform/sam/utils/cmsis/sam4l/source/templates/gcc/startup_sam4l.o
                0x00004000                exception_table
 *(.text .text.* .gnu.linkonce.t.*)
 .text          0x00004180       0x6c c:/program files (x86)/atmel/studio/7.0/toolchain/arm/arm-gnu-toolchain/bin/../lib/gcc/arm-none-eabi/6.3.1/thumb/v7e-m/crtbegin.o
 .text          0x000041ec      0x80c TC_lldn.o
                0x000047e0                hw_expiry_cb
                0x000047ec                hw_overflow_cb
                0x000047f8                timer_stop
                0x00004810                tc_delay
                0x0000483c                timer_init
                0x0000497c                timer_enable_cc_interrupt
                0x000049a4                tc_compare_stop
                0x000049cc                TC10_Handler
                0x000049e8                main
 .text          0x000049f8      0x3a4 ../../../stack/LwMesh/TDMA/services/common_hw_timer/sam/hw_timer.o
                0x00004aac                tmr_read_count
                0x00004ac8                save_cpu_interrupt
                0x00004ad8                restore_cpu_interrupt
                0x00004af2                tmr_stop
                0x00004b0c                tmr_write_cmpreg
                0x00004b34                tmr_init
                0x00004bb4                tmr_disable_cc_interrupt
                0x00004bdc                tmr_enable_cc_interrupt
                0x00004c04                tmr_disable_ovf_interrupt
                0x00004d10                TC00_Handler
                0x00004d2c                TC01_Handler
                0x00004d48                TC02_Handler
                0x00004d64                TC11_Handler
                0x00004d80                TC12_Handler
 .text          0x00004d9c      0x930 ../../../stack/LwMesh/TDMA/services/trx_access/trx_access.o
                0x000050f8                GPIO_2_Handler
                0x00005148                trx_spi_init
                0x000051fc                PhyReset
                0x00005238                trx_reg_read
                0x000052ac                trx_reg_write
                0x0000531c                trx_irq_init
                0x00005338                trx_bit_read
                0x00005372                trx_bit_write
                0x000053dc                trx_frame_read
                0x00005448                trx_frame_write
                0x000054b0                trx_sram_write
                0x00005544                trx_sram_read
                0x000055e4                trx_aes_wrrd
 .text          0x000056cc        0x6 ../../../platform/sam/utils/cmsis/sam4l/source/templates/exceptions.o
                0x000056cc                DACC_Handler
                0x000056cc                DebugMon_Handler
                0x000056cc                TRNG_Handler
                0x000056cc                SPI_Handler
                0x000056cc                SysTick_Handler
                0x000056cc                PDCA_10_Handler
                0x000056cc                USART3_Handler
                0x000056cc                AST_PER_Handler
                0x000056cc                AST_CLKREADY_Handler
                0x000056cc                AST_OVF_Handler
                0x000056cc                PDCA_5_Handler
                0x000056cc                PendSV_Handler
                0x000056cc                SCIF_Handler
                0x000056cc                PDCA_15_Handler
                0x000056cc                CRCCU_Handler
                0x000056cc                USART0_Handler
                0x000056cc                TWIM3_Handler
                0x000056cc                UsageFault_Handler
                0x000056cc                PDCA_0_Handler
                0x000056cc                PDCA_14_Handler
                0x000056cc                BPM_Handler
                0x000056cc                PARC_Handler
                0x000056cc                WDT_Handler
                0x000056cc                TWIS0_Handler
                0x000056cc                PDCA_8_Handler
                0x000056cc                TWIS1_Handler
                0x000056cc                TWIM2_Handler
                0x000056cc                AESA_Handler
                0x000056cc                PDCA_13_Handler
                0x000056cc                Dummy_Handler
                0x000056cc                PDCA_3_Handler
                0x000056cc                ABDACB_Handler
                0x000056cc                CATB_Handler
                0x000056cc                LCDCA_Handler
                0x000056cc                USART1_Handler
                0x000056cc                AST_READY_Handler
                0x000056cc                PDCA_2_Handler
                0x000056cc                AST_ALARM_Handler
                0x000056cc                TWIM0_Handler
                0x000056cc                PM_Handler
                0x000056cc                PDCA_1_Handler
                0x000056cc                PDCA_11_Handler
                0x000056cc                ACIFC_Handler
                0x000056cc                PDCA_6_Handler
                0x000056cc                MemManage_Handler
                0x000056cc                SVC_Handler
                0x000056cc                PDCA_12_Handler
                0x000056cc                PDCA_9_Handler
                0x000056cc                ADCIFE_Handler
                0x000056cc                PDCA_7_Handler
                0x000056cc                PEVC_TR_Handler
                0x000056cc                USART2_Handler
                0x000056cc                TWIM1_Handler
                0x000056cc                HFLASHC_Handler
                0x000056cc                BSCIF_Handler
                0x000056cc                IISC_Handler
                0x000056cc                BusFault_Handler
                0x000056cc                FREQM_Handler
                0x000056cc                PDCA_4_Handler
                0x000056cc                PEVC_OV_Handler
 *fill*         0x000056d2        0x2 
 .text          0x000056d4       0x84 ../../../platform/sam/utils/cmsis/sam4l/source/templates/gcc/startup_sam4l.o
                0x000056d4                Reset_Handler
 .text          0x00005758      0x110 ../../../platform/sam/utils/syscalls/gcc/syscalls.o
                0x00005758                _sbrk
                0x000057b0                link
                0x000057c8                _close
                0x000057de                _fstat
                0x000057fc                _isatty
                0x00005810                _lseek
                0x00005828                _exit
                0x00005844                _kill
                0x00005858                _getpid
 .text          0x00005868       0x6c ../../../platform/sam/utils/syscalls/gcc/hardfault_handler_c.o
                0x00005868                HardFault_Handler_C
 .text          0x000058d4      0x4e8 ../../../platform/sam/drivers/bpm/bpm.o
                0x00005958                bpm_power_scaling_cpu_failsafe
                0x000059f4                bpm_power_scaling_cpu
                0x00005a4c                bpm_enable_fast_wakeup
                0x00005a7c                bpm_disable_fast_wakeup
                0x00005aac                bpm_set_clk32_source
                0x00005af4                bpm_get_backup_wakeup_cause
                0x00005b0a                bpm_enable_wakeup_source
                0x00005b2a                bpm_disable_wakeup_source
                0x00005b4c                bpm_enable_backup_pin
                0x00005b6c                bpm_disable_backup_pin
                0x00005b8e                bpm_enable_io_retention
                0x00005bac                bpm_disable_io_retention
                0x00005bca                bpm_enable_interrupt
                0x00005be4                bpm_disable_interrupt
                0x00005bfe                bpm_get_interrupt_mask
                0x00005c14                bpm_get_interrupt_status
                0x00005c2a                bpm_clear_interrupt
                0x00005c44                bpm_get_status
                0x00005c5a                bpm_get_version
                0x00005c72                bpm_sleep
 .text          0x00005dbc     0x12fc ../../../platform/sam/drivers/flashcalw/flashcalw.o
                0x00005dbc                flashcalw_get_flash_size
                0x00005e3c                flashcalw_get_page_count
                0x00005e4c                flashcalw_get_page_count_per_region
                0x00005e5c                flashcalw_get_page_region
                0x00005e86                flashcalw_get_region_first_page_number
                0x00005ea2                flashcalw_get_wait_state
                0x00005ec4                flashcalw_set_wait_state
                0x00005ef4                flashcalw_set_flash_waitstate_and_readmode
                0x00005fa8                flashcalw_is_ready_int_enabled
                0x00005fcc                flashcalw_enable_ready_int
                0x00005ff4                flashcalw_is_lock_error_int_enabled
                0x00006018                flashcalw_enable_lock_error_int
                0x00006040                flashcalw_is_prog_error_int_enabled
                0x00006064                flashcalw_enable_prog_error_int
                0x0000608c                flashcalw_is_ready
                0x000060b0                flashcalw_default_wait_until_ready
                0x000060e4                flashcalw_is_lock_error
                0x00006108                flashcalw_is_programming_error
                0x0000612c                flashcalw_get_command
                0x00006144                flashcalw_get_page_number
                0x0000615c                flashcalw_issue_command
                0x000061d0                flashcalw_no_operation
                0x000061e2                flashcalw_erase_all
                0x000061f4                flashcalw_is_security_bit_active
                0x00006218                flashcalw_set_security_bit
                0x0000622a                flashcalw_is_page_region_locked
                0x0000624c                flashcalw_is_region_locked
                0x00006280                flashcalw_lock_page_region
                0x000062a8                flashcalw_lock_region
                0x000062d0                flashcalw_lock_all_regions
                0x00006318                flashcalw_read_gp_fuse_bit
                0x00006372                flashcalw_read_gp_fuse_bitfield
                0x000063fa                flashcalw_read_gp_fuse_byte
                0x00006438                flashcalw_read_all_gp_fuses
                0x00006474                flashcalw_erase_gp_fuse_bit
                0x000064ae                flashcalw_erase_gp_fuse_bitfield
                0x0000656c                flashcalw_erase_gp_fuse_byte
                0x000065fc                flashcalw_erase_all_gp_fuses
                0x0000663e                flashcalw_write_gp_fuse_bit
                0x0000666c                flashcalw_write_gp_fuse_bitfield
                0x000066fc                flashcalw_write_gp_fuse_byte
                0x00006724                flashcalw_write_all_gp_fuses
                0x0000677c                flashcalw_set_gp_fuse_bit
                0x000067a8                flashcalw_set_gp_fuse_bitfield
                0x00006838                flashcalw_set_gp_fuse_byte
                0x00006894                flashcalw_set_all_gp_fuses
                0x000068f8                flashcalw_clear_page_buffer
                0x0000690a                flashcalw_is_page_erased
                0x0000692c                flashcalw_quick_page_read
                0x0000694a                flashcalw_erase_page
                0x00006994                flashcalw_erase_all_pages
                0x000069f8                flashcalw_write_page
                0x00006a10                flashcalw_quick_user_page_read
                0x00006a28                flashcalw_erase_user_page
                0x00006a5a                flashcalw_write_user_page
                0x00006a6c                flashcalw_memset8
                0x00006aa4                flashcalw_memset16
                0x00006ad6                flashcalw_memset32
                0x00006b20                flashcalw_memset64
                0x00006e34                flashcalw_memcpy
                0x00006f6c                flashcalw_picocache_enable
                0x00006f98                flashcalw_picocache_disable
                0x00006fc8                flashcalw_picocache_get_status
                0x00006fdc                flashcalw_picocache_invalid_all
                0x00006ff4                flashcalw_picocache_invalid_line
                0x00007028                flashcalw_picocache_set_monitor_mode
                0x00007044                flashcalw_picocache_enable_monitor
                0x0000705c                flashcalw_picocache_disable_monitor
                0x00007074                flashcalw_picocache_reset_monitor
                0x0000708c                flashcalw_picocache_get_monitor_cnt
                0x000070a0                flashcalw_picocache_get_version
 .text          0x000070b8      0x310 ../../../platform/sam/drivers/gpio/gpio.o
                0x000071b0                gpio_set_pin_callback
                0x00007308                GPIO_0_Handler
                0x00007318                GPIO_1_Handler
                0x0000732a                GPIO_3_Handler
                0x0000733c                GPIO_4_Handler
                0x0000734c                GPIO_5_Handler
                0x0000735e                GPIO_6_Handler
                0x00007370                GPIO_7_Handler
                0x00007382                GPIO_8_Handler
                0x00007392                GPIO_9_Handler
                0x000073a4                GPIO_10_Handler
                0x000073b6                GPIO_11_Handler
 .text          0x000073c8      0x3f8 ../../../platform/sam/drivers/eic/eic.o
                0x00007588                eic_line_set_config
                0x0000767c                eic_disable
                0x0000769c                eic_enable
                0x000076bc                eic_line_set_callback
                0x00007740                NMI_Handler
                0x0000774e                EIC_1_Handler
                0x0000775c                EIC_2_Handler
                0x0000776a                EIC_3_Handler
                0x00007778                EIC_4_Handler
                0x00007786                EIC_5_Handler
                0x00007794                EIC_6_Handler
                0x000077a2                EIC_7_Handler
                0x000077b0                EIC_8_Handler
 .text          0x000077c0      0x45c ../../../platform/sam/drivers/spi/spi.o
                0x000077e4                spi_enable_clock
                0x00007800                spi_disable_clock
                0x0000781c                spi_set_peripheral_chip_select_value
                0x0000784e                spi_set_delay_between_chip_select
                0x0000787c                spi_read
                0x000078e8                spi_write
                0x00007962                spi_set_clock_polarity
                0x000079b0                spi_set_clock_phase
                0x000079fe                spi_configure_cs_behavior
                0x00007aa2                spi_set_bits_per_transfer
                0x00007aea                spi_calc_baudrate_div
                0x00007b24                spi_set_baudrate_div
                0x00007b72                spi_set_transfer_delay
                0x00007bce                spi_set_writeprotect
                0x00007c04                spi_get_writeprotect_status
 .text          0x00007c1c      0x358 ../../../platform/sam/drivers/tc/tc.o
                0x00007c1c                tc_init
                0x00007c54                tc_sync_trigger
                0x00007c6e                tc_set_block_mode
                0x00007c8a                tc_init_2bit_gray
                0x00007cb0                tc_start
                0x00007cd0                tc_stop
                0x00007cf0                tc_read_cv
                0x00007d10                tc_read_ra
                0x00007d30                tc_read_rb
                0x00007d50                tc_read_rc
                0x00007d70                tc_write_ra
                0x00007d94                tc_write_rb
                0x00007db8                tc_write_rc
                0x00007ddc                tc_enable_interrupt
                0x00007e02                tc_disable_interrupt
                0x00007e28                tc_get_interrupt_mask
                0x00007e4a                tc_get_status
                0x00007e6c                tc_find_mck_divisor
                0x00007f10                tc_set_writeprotect
                0x00007f44                tc_get_feature
                0x00007f5c                tc_get_version
 .text          0x00007f74     0x1688 ../../../platform/sam/drivers/usbc/usbc_device.o
                0x00008160                USBC_Handler
                0x000082ac                udd_include_vbus_monitoring
                0x000082ba                udd_enable
                0x000083d8                udd_disable
                0x00008428                udd_attach
                0x000084b8                udd_detach
                0x000084f8                udd_is_high_speed
                0x00008506                udd_set_address
                0x0000854c                udd_getaddress
                0x00008568                udd_get_frame_number
                0x00008588                udd_get_micro_frame_number
                0x00008596                udd_send_remotewakeup
                0x000085d8                udd_set_setup_payload
                0x00008600                udd_ep_alloc
                0x000086d8                udd_ep_free
                0x00008710                udd_ep_is_halted
                0x00008744                udd_ep_set_halt
                0x00008784                udd_ep_clear_halt
                0x00008840                udd_ep_run
                0x00008998                udd_ep_abort
                0x00008a48                udd_ep_wait_stall_clear
 .text          0x000095fc     0x15cc ../../../platform/common/services/clock/sam4l/sysclk.o
                0x00009dc0                sysclk_priv_enable_module
                0x00009e20                sysclk_priv_disable_module
                0x00009e80                sysclk_enable_pba_module
                0x00009eb8                sysclk_disable_pba_module
                0x00009ef0                sysclk_enable_pbb_module
                0x00009f28                sysclk_disable_pbb_module
                0x00009f60                sysclk_get_peripheral_bus_hz
                0x0000a1bc                sysclk_enable_peripheral_clock
                0x0000a5ca                sysclk_disable_peripheral_clock
                0x0000a9c4                sysclk_set_prescalers
                0x0000aab4                sysclk_set_source
                0x0000aae4                sysclk_enable_usb
                0x0000ab02                sysclk_disable_usb
                0x0000ab10                sysclk_init
 .text          0x0000abc8      0x840 ../../../platform/common/services/clock/sam4l/dfll.o
                0x0000b0e2                dfll_enable_open_loop
                0x0000b1c4                dfll_disable_open_loop
                0x0000b22c                dfll_enable_closed_loop
                0x0000b318                dfll_disable_closed_loop
                0x0000b380                dfll_enable_config_defaults
 .text          0x0000b408      0x34c ../../../platform/common/services/clock/sam4l/osc.o
                0x0000b48c                osc_priv_enable_osc0
                0x0000b4c0                osc_priv_disable_osc0
                0x0000b4fc                osc_priv_enable_osc32
                0x0000b530                osc_priv_disable_osc32
                0x0000b574                osc_priv_enable_rc32k
                0x0000b5ac                osc_priv_disable_rc32k
                0x0000b5e8                osc_priv_enable_rc1m
                0x0000b620                osc_priv_disable_rc1m
                0x0000b65c                osc_priv_enable_rc80m
                0x0000b694                osc_priv_disable_rc80m
                0x0000b6d0                osc_priv_enable_rcfast
                0x0000b710                osc_priv_disable_rcfast
 .text          0x0000b754      0x150 ../../../platform/common/services/clock/sam4l/pll.o
                0x0000b7d8                pll_config_write
                0x0000b81c                pll_enable
                0x0000b864                pll_disable
 .text          0x0000b8a4      0x48c ../../../platform/common/services/spi/sam_spi/spi_master.o
                0x0000ba98                spi_master_init
                0x0000baf0                spi_master_setup_device
                0x0000bba0                spi_select_device
                0x0000bbf4                spi_deselect_device
                0x0000bc28                spi_write_packet
                0x0000bc94                spi_read_packet
 .text          0x0000bd30      0xae8 ../../../platform/common/services/usb/udc/udc.o
                0x0000bd30                udc_get_interface_desc
                0x0000bf80                udc_start
                0x0000bf90                udc_stop
                0x0000bfa4                udc_reset
                0x0000bff4                udc_sof_notify
                0x0000c794                udc_process_setup
 .text          0x0000c818     0x10e8 ../../../platform/common/services/usb/class/cdc/device/udi_cdc.o
                0x0000c89c                udi_cdc_comm_enable
                0x0000c9dc                udi_cdc_data_enable
                0x0000cabc                udi_cdc_comm_disable
                0x0000cadc                udi_cdc_data_disable
                0x0000cb14                udi_cdc_comm_setup
                0x0000cbd0                udi_cdc_data_setup
                0x0000cbde                udi_cdc_getsetting
                0x0000cbec                udi_cdc_data_sof_notify
                0x0000d1fc                udi_cdc_ctrl_signal_dcd
                0x0000d21a                udi_cdc_ctrl_signal_dsr
                0x0000d238                udi_cdc_signal_framing_error
                0x0000d24a                udi_cdc_signal_parity_error
                0x0000d25c                udi_cdc_signal_overrun
                0x0000d26e                udi_cdc_multi_ctrl_signal_dcd
                0x0000d292                udi_cdc_multi_ctrl_signal_dsr
                0x0000d2b6                udi_cdc_multi_signal_framing_error
                0x0000d2d4                udi_cdc_multi_signal_parity_error
                0x0000d2f2                udi_cdc_multi_signal_overrun
                0x0000d310                udi_cdc_multi_get_nb_received_data
                0x0000d368                udi_cdc_get_nb_received_data
                0x0000d378                udi_cdc_multi_is_rx_ready
                0x0000d39e                udi_cdc_is_rx_ready
                0x0000d3ae                udi_cdc_multi_getc
                0x0000d498                udi_cdc_getc
                0x0000d4a8                udi_cdc_multi_read_buf
                0x0000d5b0                udi_cdc_read_buf
                0x0000d5ce                udi_cdc_multi_get_free_tx_buffer
                0x0000d694                udi_cdc_get_free_tx_buffer
                0x0000d6a4                udi_cdc_multi_is_tx_ready
                0x0000d6ca                udi_cdc_is_tx_ready
                0x0000d6da                udi_cdc_multi_putc
                0x0000d7b8                udi_cdc_putc
                0x0000d7d2                udi_cdc_multi_write_buf
                0x0000d8e0                udi_cdc_write_buf
 .text          0x0000d900       0x54 ../../../platform/common/utils/stdio/read.o
                0x0000d900                _read
 .text          0x0000d954       0x6c ../../../platform/common/utils/stdio/write.o
                0x0000d954                _write
 .text          0x0000d9c0      0x10c ../../../platform/common/utils/stdio/stdio_usb/stdio_usb.o
                0x0000d9c0                stdio_usb_putchar
                0x0000da04                stdio_usb_getchar
                0x0000da40                stdio_usb_enable
                0x0000da58                stdio_usb_disable
                0x0000da70                stdio_usb_init
 .text          0x0000dacc       0x12 ../../../platform/sam/utils/syscalls/gcc/hardfault_handler.o
                0x0000dacc                HardFault_Handler
 *fill*         0x0000dade        0x2 
 .text.tmr_ovf_callback
                0x0000dae0       0x60 ../../../stack/LwMesh/TDMA/services/common_hw_timer/sam/lib\libsam4l_lib_hw_timer.a(common_hw_timer.o)
                0x0000dae0                tmr_ovf_callback
 .text.tmr_cca_callback
                0x0000db40       0x1c ../../../stack/LwMesh/TDMA/services/common_hw_timer/sam/lib\libsam4l_lib_hw_timer.a(common_hw_timer.o)
                0x0000db40                tmr_cca_callback
 .text.__libc_init_array
                0x0000db5c       0x50 c:/program files (x86)/atmel/studio/7.0/toolchain/arm/arm-gnu-toolchain/bin/../lib/gcc/arm-none-eabi/6.3.1/../../../../arm-none-eabi/lib/thumb/v7e-m\libg.a(lib_a-init.o)
                0x0000db5c                __libc_init_array
 .text          0x0000dbac      0x134 c:/program files (x86)/atmel/studio/7.0/toolchain/arm/arm-gnu-toolchain/bin/../lib/gcc/arm-none-eabi/6.3.1/../../../../arm-none-eabi/lib/thumb/v7e-m\libg.a(lib_a-memcpy.o)
                0x0000dbac                memcpy
 .text.memset   0x0000dce0       0x9c c:/program files (x86)/atmel/studio/7.0/toolchain/arm/arm-gnu-toolchain/bin/../lib/gcc/arm-none-eabi/6.3.1/../../../../arm-none-eabi/lib/thumb/v7e-m\libg.a(lib_a-memset.o)
                0x0000dce0                memset
 .text.printf   0x0000dd7c       0x28 c:/program files (x86)/atmel/studio/7.0/toolchain/arm/arm-gnu-toolchain/bin/../lib/gcc/arm-none-eabi/6.3.1/../../../../arm-none-eabi/lib/thumb/v7e-m\libg.a(lib_a-printf.o)
                0x0000dd7c                printf
 .text.setbuf   0x0000dda4       0x10 c:/program files (x86)/atmel/studio/7.0/toolchain/arm/arm-gnu-toolchain/bin/../lib/gcc/arm-none-eabi/6.3.1/../../../../arm-none-eabi/lib/thumb/v7e-m\libg.a(lib_a-setbuf.o)
                0x0000dda4                setbuf
 .text.setvbuf  0x0000ddb4      0x190 c:/program files (x86)/atmel/studio/7.0/toolchain/arm/arm-gnu-toolchain/bin/../lib/gcc/arm-none-eabi/6.3.1/../../../../arm-none-eabi/lib/thumb/v7e-m\libg.a(lib_a-setvbuf.o)
                0x0000ddb4                setvbuf
 .text._vfprintf_r
                0x0000df44     0x1558 c:/program files (x86)/atmel/studio/7.0/toolchain/arm/arm-gnu-toolchain/bin/../lib/gcc/arm-none-eabi/6.3.1/../../../../arm-none-eabi/lib/thumb/v7e-m\libg.a(lib_a-vfprintf.o)
                0x0000df44                _vfprintf_r
 .text.__sbprintf
                0x0000f49c       0x84 c:/program files (x86)/atmel/studio/7.0/toolchain/arm/arm-gnu-toolchain/bin/../lib/gcc/arm-none-eabi/6.3.1/../../../../arm-none-eabi/lib/thumb/v7e-m\libg.a(lib_a-vfprintf.o)
 .text.__swsetup_r
                0x0000f520       0xc8 c:/program files (x86)/atmel/studio/7.0/toolchain/arm/arm-gnu-toolchain/bin/../lib/gcc/arm-none-eabi/6.3.1/../../../../arm-none-eabi/lib/thumb/v7e-m\libg.a(lib_a-wsetup.o)
                0x0000f520                __swsetup_r
 .text.startup.register_fini
                0x0000f5e8       0x14 c:/program files (x86)/atmel/studio/7.0/toolchain/arm/arm-gnu-toolchain/bin/../lib/gcc/arm-none-eabi/6.3.1/../../../../arm-none-eabi/lib/thumb/v7e-m\libg.a(lib_a-__call_atexit.o)
 .text.atexit   0x0000f5fc        0xc c:/program files (x86)/atmel/studio/7.0/toolchain/arm/arm-gnu-toolchain/bin/../lib/gcc/arm-none-eabi/6.3.1/../../../../arm-none-eabi/lib/thumb/v7e-m\libg.a(lib_a-atexit.o)
                0x0000f5fc                atexit
 .text.quorem   0x0000f608      0x128 c:/program files (x86)/atmel/studio/7.0/toolchain/arm/arm-gnu-toolchain/bin/../lib/gcc/arm-none-eabi/6.3.1/../../../../arm-none-eabi/lib/thumb/v7e-m\libg.a(lib_a-dtoa.o)
 .text._dtoa_r  0x0000f730      0xe54 c:/program files (x86)/atmel/studio/7.0/toolchain/arm/arm-gnu-toolchain/bin/../lib/gcc/arm-none-eabi/6.3.1/../../../../arm-none-eabi/lib/thumb/v7e-m\libg.a(lib_a-dtoa.o)
                0x0000f730                _dtoa_r
 .text.__sflush_r
                0x00010584      0x140 c:/program files (x86)/atmel/studio/7.0/toolchain/arm/arm-gnu-toolchain/bin/../lib/gcc/arm-none-eabi/6.3.1/../../../../arm-none-eabi/lib/thumb/v7e-m\libg.a(lib_a-fflush.o)
                0x00010584                __sflush_r
 .text._fflush_r
                0x000106c4       0x54 c:/program files (x86)/atmel/studio/7.0/toolchain/arm/arm-gnu-toolchain/bin/../lib/gcc/arm-none-eabi/6.3.1/../../../../arm-none-eabi/lib/thumb/v7e-m\libg.a(lib_a-fflush.o)
                0x000106c4                _fflush_r
 .text._cleanup_r
                0x00010718        0xc c:/program files (x86)/atmel/studio/7.0/toolchain/arm/arm-gnu-toolchain/bin/../lib/gcc/arm-none-eabi/6.3.1/../../../../arm-none-eabi/lib/thumb/v7e-m\libg.a(lib_a-findfp.o)
                0x00010718                _cleanup_r
 .text.std.isra.0
                0x00010724       0x50 c:/program files (x86)/atmel/studio/7.0/toolchain/arm/arm-gnu-toolchain/bin/../lib/gcc/arm-none-eabi/6.3.1/../../../../arm-none-eabi/lib/thumb/v7e-m\libg.a(lib_a-findfp.o)
 .text.__sinit  0x00010774       0x58 c:/program files (x86)/atmel/studio/7.0/toolchain/arm/arm-gnu-toolchain/bin/../lib/gcc/arm-none-eabi/6.3.1/../../../../arm-none-eabi/lib/thumb/v7e-m\libg.a(lib_a-findfp.o)
                0x00010774                __sinit
 .text.__sfp_lock_acquire
                0x000107cc        0xc c:/program files (x86)/atmel/studio/7.0/toolchain/arm/arm-gnu-toolchain/bin/../lib/gcc/arm-none-eabi/6.3.1/../../../../arm-none-eabi/lib/thumb/v7e-m\libg.a(lib_a-findfp.o)
                0x000107cc                __sfp_lock_acquire
 .text.__sfp_lock_release
                0x000107d8        0xc c:/program files (x86)/atmel/studio/7.0/toolchain/arm/arm-gnu-toolchain/bin/../lib/gcc/arm-none-eabi/6.3.1/../../../../arm-none-eabi/lib/thumb/v7e-m\libg.a(lib_a-findfp.o)
                0x000107d8                __sfp_lock_release
 .text.__libc_fini_array
                0x000107e4       0x34 c:/program files (x86)/atmel/studio/7.0/toolchain/arm/arm-gnu-toolchain/bin/../lib/gcc/arm-none-eabi/6.3.1/../../../../arm-none-eabi/lib/thumb/v7e-m\libg.a(lib_a-fini.o)
                0x000107e4                __libc_fini_array
 .text._malloc_trim_r
                0x00010818       0xa0 c:/program files (x86)/atmel/studio/7.0/toolchain/arm/arm-gnu-toolchain/bin/../lib/gcc/arm-none-eabi/6.3.1/../../../../arm-none-eabi/lib/thumb/v7e-m\libg.a(lib_a-freer.o)
                0x00010818                _malloc_trim_r
 .text._free_r  0x000108b8      0x1cc c:/program files (x86)/atmel/studio/7.0/toolchain/arm/arm-gnu-toolchain/bin/../lib/gcc/arm-none-eabi/6.3.1/../../../../arm-none-eabi/lib/thumb/v7e-m\libg.a(lib_a-freer.o)
                0x000108b8                _free_r
 .text._fwalk_reent
                0x00010a84       0x54 c:/program files (x86)/atmel/studio/7.0/toolchain/arm/arm-gnu-toolchain/bin/../lib/gcc/arm-none-eabi/6.3.1/../../../../arm-none-eabi/lib/thumb/v7e-m\libg.a(lib_a-fwalk.o)
                0x00010a84                _fwalk_reent
 .text._localeconv_r
                0x00010ad8       0x1c c:/program files (x86)/atmel/studio/7.0/toolchain/arm/arm-gnu-toolchain/bin/../lib/gcc/arm-none-eabi/6.3.1/../../../../arm-none-eabi/lib/thumb/v7e-m\libg.a(lib_a-localeconv.o)
                0x00010ad8                _localeconv_r
 .text.__retarget_lock_init_recursive
                0x00010af4        0x4 c:/program files (x86)/atmel/studio/7.0/toolchain/arm/arm-gnu-toolchain/bin/../lib/gcc/arm-none-eabi/6.3.1/../../../../arm-none-eabi/lib/thumb/v7e-m\libg.a(lib_a-lock.o)
                0x00010af4                __retarget_lock_init_recursive
 .text.__retarget_lock_close_recursive
                0x00010af8        0x4 c:/program files (x86)/atmel/studio/7.0/toolchain/arm/arm-gnu-toolchain/bin/../lib/gcc/arm-none-eabi/6.3.1/../../../../arm-none-eabi/lib/thumb/v7e-m\libg.a(lib_a-lock.o)
                0x00010af8                __retarget_lock_close_recursive
 .text.__retarget_lock_acquire_recursive
                0x00010afc        0x4 c:/program files (x86)/atmel/studio/7.0/toolchain/arm/arm-gnu-toolchain/bin/../lib/gcc/arm-none-eabi/6.3.1/../../../../arm-none-eabi/lib/thumb/v7e-m\libg.a(lib_a-lock.o)
                0x00010afc                __retarget_lock_acquire_recursive
 .text.__retarget_lock_release_recursive
                0x00010b00        0x4 c:/program files (x86)/atmel/studio/7.0/toolchain/arm/arm-gnu-toolchain/bin/../lib/gcc/arm-none-eabi/6.3.1/../../../../arm-none-eabi/lib/thumb/v7e-m\libg.a(lib_a-lock.o)
                0x00010b00                __retarget_lock_release_recursive
 .text.__swhatbuf_r
                0x00010b04       0x5c c:/program files (x86)/atmel/studio/7.0/toolchain/arm/arm-gnu-toolchain/bin/../lib/gcc/arm-none-eabi/6.3.1/../../../../arm-none-eabi/lib/thumb/v7e-m\libg.a(lib_a-makebuf.o)
                0x00010b04                __swhatbuf_r
 .text.__smakebuf_r
                0x00010b60       0x94 c:/program files (x86)/atmel/studio/7.0/toolchain/arm/arm-gnu-toolchain/bin/../lib/gcc/arm-none-eabi/6.3.1/../../../../arm-none-eabi/lib/thumb/v7e-m\libg.a(lib_a-makebuf.o)
                0x00010b60                __smakebuf_r
 .text.malloc   0x00010bf4       0x10 c:/program files (x86)/atmel/studio/7.0/toolchain/arm/arm-gnu-toolchain/bin/../lib/gcc/arm-none-eabi/6.3.1/../../../../arm-none-eabi/lib/thumb/v7e-m\libg.a(lib_a-malloc.o)
                0x00010bf4                malloc
 .text._malloc_r
                0x00010c04      0x560 c:/program files (x86)/atmel/studio/7.0/toolchain/arm/arm-gnu-toolchain/bin/../lib/gcc/arm-none-eabi/6.3.1/../../../../arm-none-eabi/lib/thumb/v7e-m\libg.a(lib_a-mallocr.o)
                0x00010c04                _malloc_r
 *fill*         0x00011164        0xc 
 .text          0x00011170       0xa0 c:/program files (x86)/atmel/studio/7.0/toolchain/arm/arm-gnu-toolchain/bin/../lib/gcc/arm-none-eabi/6.3.1/../../../../arm-none-eabi/lib/thumb/v7e-m\libg.a(lib_a-memchr.o)
                0x00011170                memchr
 .text.__malloc_lock
                0x00011210        0xc c:/program files (x86)/atmel/studio/7.0/toolchain/arm/arm-gnu-toolchain/bin/../lib/gcc/arm-none-eabi/6.3.1/../../../../arm-none-eabi/lib/thumb/v7e-m\libg.a(lib_a-mlock.o)
                0x00011210                __malloc_lock
 .text.__malloc_unlock
                0x0001121c        0xc c:/program files (x86)/atmel/studio/7.0/toolchain/arm/arm-gnu-toolchain/bin/../lib/gcc/arm-none-eabi/6.3.1/../../../../arm-none-eabi/lib/thumb/v7e-m\libg.a(lib_a-mlock.o)
                0x0001121c                __malloc_unlock
 .text._Balloc  0x00011228       0x4c c:/program files (x86)/atmel/studio/7.0/toolchain/arm/arm-gnu-toolchain/bin/../lib/gcc/arm-none-eabi/6.3.1/../../../../arm-none-eabi/lib/thumb/v7e-m\libg.a(lib_a-mprec.o)
                0x00011228                _Balloc
 .text._Bfree   0x00011274       0x14 c:/program files (x86)/atmel/studio/7.0/toolchain/arm/arm-gnu-toolchain/bin/../lib/gcc/arm-none-eabi/6.3.1/../../../../arm-none-eabi/lib/thumb/v7e-m\libg.a(lib_a-mprec.o)
                0x00011274                _Bfree
 .text.__multadd
                0x00011288       0x80 c:/program files (x86)/atmel/studio/7.0/toolchain/arm/arm-gnu-toolchain/bin/../lib/gcc/arm-none-eabi/6.3.1/../../../../arm-none-eabi/lib/thumb/v7e-m\libg.a(lib_a-mprec.o)
                0x00011288                __multadd
 .text.__hi0bits
                0x00011308       0x40 c:/program files (x86)/atmel/studio/7.0/toolchain/arm/arm-gnu-toolchain/bin/../lib/gcc/arm-none-eabi/6.3.1/../../../../arm-none-eabi/lib/thumb/v7e-m\libg.a(lib_a-mprec.o)
                0x00011308                __hi0bits
 .text.__lo0bits
                0x00011348       0x60 c:/program files (x86)/atmel/studio/7.0/toolchain/arm/arm-gnu-toolchain/bin/../lib/gcc/arm-none-eabi/6.3.1/../../../../arm-none-eabi/lib/thumb/v7e-m\libg.a(lib_a-mprec.o)
                0x00011348                __lo0bits
 .text.__i2b    0x000113a8       0x14 c:/program files (x86)/atmel/studio/7.0/toolchain/arm/arm-gnu-toolchain/bin/../lib/gcc/arm-none-eabi/6.3.1/../../../../arm-none-eabi/lib/thumb/v7e-m\libg.a(lib_a-mprec.o)
                0x000113a8                __i2b
 .text.__multiply
                0x000113bc      0x124 c:/program files (x86)/atmel/studio/7.0/toolchain/arm/arm-gnu-toolchain/bin/../lib/gcc/arm-none-eabi/6.3.1/../../../../arm-none-eabi/lib/thumb/v7e-m\libg.a(lib_a-mprec.o)
                0x000113bc                __multiply
 .text.__pow5mult
                0x000114e0       0xa0 c:/program files (x86)/atmel/studio/7.0/toolchain/arm/arm-gnu-toolchain/bin/../lib/gcc/arm-none-eabi/6.3.1/../../../../arm-none-eabi/lib/thumb/v7e-m\libg.a(lib_a-mprec.o)
                0x000114e0                __pow5mult
 .text.__lshift
                0x00011580       0xa4 c:/program files (x86)/atmel/studio/7.0/toolchain/arm/arm-gnu-toolchain/bin/../lib/gcc/arm-none-eabi/6.3.1/../../../../arm-none-eabi/lib/thumb/v7e-m\libg.a(lib_a-mprec.o)
                0x00011580                __lshift
 .text.__mcmp   0x00011624       0x38 c:/program files (x86)/atmel/studio/7.0/toolchain/arm/arm-gnu-toolchain/bin/../lib/gcc/arm-none-eabi/6.3.1/../../../../arm-none-eabi/lib/thumb/v7e-m\libg.a(lib_a-mprec.o)
                0x00011624                __mcmp
 .text.__mdiff  0x0001165c      0x108 c:/program files (x86)/atmel/studio/7.0/toolchain/arm/arm-gnu-toolchain/bin/../lib/gcc/arm-none-eabi/6.3.1/../../../../arm-none-eabi/lib/thumb/v7e-m\libg.a(lib_a-mprec.o)
                0x0001165c                __mdiff
 .text.__d2b    0x00011764       0xb8 c:/program files (x86)/atmel/studio/7.0/toolchain/arm/arm-gnu-toolchain/bin/../lib/gcc/arm-none-eabi/6.3.1/../../../../arm-none-eabi/lib/thumb/v7e-m\libg.a(lib_a-mprec.o)
                0x00011764                __d2b
 .text._sbrk_r  0x0001181c       0x24 c:/program files (x86)/atmel/studio/7.0/toolchain/arm/arm-gnu-toolchain/bin/../lib/gcc/arm-none-eabi/6.3.1/../../../../arm-none-eabi/lib/thumb/v7e-m\libg.a(lib_a-sbrkr.o)
                0x0001181c                _sbrk_r
 .text.__sread  0x00011840       0x24 c:/program files (x86)/atmel/studio/7.0/toolchain/arm/arm-gnu-toolchain/bin/../lib/gcc/arm-none-eabi/6.3.1/../../../../arm-none-eabi/lib/thumb/v7e-m\libg.a(lib_a-stdio.o)
                0x00011840                __sread
 .text.__swrite
                0x00011864       0x3c c:/program files (x86)/atmel/studio/7.0/toolchain/arm/arm-gnu-toolchain/bin/../lib/gcc/arm-none-eabi/6.3.1/../../../../arm-none-eabi/lib/thumb/v7e-m\libg.a(lib_a-stdio.o)
                0x00011864                __swrite
 .text.__sseek  0x000118a0       0x20 c:/program files (x86)/atmel/studio/7.0/toolchain/arm/arm-gnu-toolchain/bin/../lib/gcc/arm-none-eabi/6.3.1/../../../../arm-none-eabi/lib/thumb/v7e-m\libg.a(lib_a-stdio.o)
                0x000118a0                __sseek
 .text.__sclose
                0x000118c0        0x8 c:/program files (x86)/atmel/studio/7.0/toolchain/arm/arm-gnu-toolchain/bin/../lib/gcc/arm-none-eabi/6.3.1/../../../../arm-none-eabi/lib/thumb/v7e-m\libg.a(lib_a-stdio.o)
                0x000118c0                __sclose
 *fill*         0x000118c8       0x38 
 .text          0x00011900       0xdc c:/program files (x86)/atmel/studio/7.0/toolchain/arm/arm-gnu-toolchain/bin/../lib/gcc/arm-none-eabi/6.3.1/../../../../arm-none-eabi/lib/thumb/v7e-m\libg.a(lib_a-strlen.o)
                0x00011900                strlen
 .text.__sprint_r.part.0
                0x000119dc       0x80 c:/program files (x86)/atmel/studio/7.0/toolchain/arm/arm-gnu-toolchain/bin/../lib/gcc/arm-none-eabi/6.3.1/../../../../arm-none-eabi/lib/thumb/v7e-m\libg.a(lib_a-vfiprintf.o)
 .text.__sprint_r
                0x00011a5c       0x14 c:/program files (x86)/atmel/studio/7.0/toolchain/arm/arm-gnu-toolchain/bin/../lib/gcc/arm-none-eabi/6.3.1/../../../../arm-none-eabi/lib/thumb/v7e-m\libg.a(lib_a-vfiprintf.o)
                0x00011a5c                __sprint_r
 .text._write_r
                0x00011a70       0x2c c:/program files (x86)/atmel/studio/7.0/toolchain/arm/arm-gnu-toolchain/bin/../lib/gcc/arm-none-eabi/6.3.1/../../../../arm-none-eabi/lib/thumb/v7e-m\libg.a(lib_a-writer.o)
                0x00011a70                _write_r
 .text.__register_exitproc
                0x00011a9c       0xc4 c:/program files (x86)/atmel/studio/7.0/toolchain/arm/arm-gnu-toolchain/bin/../lib/gcc/arm-none-eabi/6.3.1/../../../../arm-none-eabi/lib/thumb/v7e-m\libg.a(lib_a-__atexit.o)
                0x00011a9c                __register_exitproc
 .text._calloc_r
                0x00011b60       0x60 c:/program files (x86)/atmel/studio/7.0/toolchain/arm/arm-gnu-toolchain/bin/../lib/gcc/arm-none-eabi/6.3.1/../../../../arm-none-eabi/lib/thumb/v7e-m\libg.a(lib_a-callocr.o)
                0x00011b60                _calloc_r
 .text._close_r
                0x00011bc0       0x24 c:/program files (x86)/atmel/studio/7.0/toolchain/arm/arm-gnu-toolchain/bin/../lib/gcc/arm-none-eabi/6.3.1/../../../../arm-none-eabi/lib/thumb/v7e-m\libg.a(lib_a-closer.o)
                0x00011bc0                _close_r
 .text._fclose_r
                0x00011be4       0xc4 c:/program files (x86)/atmel/studio/7.0/toolchain/arm/arm-gnu-toolchain/bin/../lib/gcc/arm-none-eabi/6.3.1/../../../../arm-none-eabi/lib/thumb/v7e-m\libg.a(lib_a-fclose.o)
                0x00011be4                _fclose_r
 .text.__fputwc
                0x00011ca8       0xa0 c:/program files (x86)/atmel/studio/7.0/toolchain/arm/arm-gnu-toolchain/bin/../lib/gcc/arm-none-eabi/6.3.1/../../../../arm-none-eabi/lib/thumb/v7e-m\libg.a(lib_a-fputwc.o)
                0x00011ca8                __fputwc
 .text._fputwc_r
                0x00011d48       0x68 c:/program files (x86)/atmel/studio/7.0/toolchain/arm/arm-gnu-toolchain/bin/../lib/gcc/arm-none-eabi/6.3.1/../../../../arm-none-eabi/lib/thumb/v7e-m\libg.a(lib_a-fputwc.o)
                0x00011d48                _fputwc_r
 .text._fstat_r
                0x00011db0       0x28 c:/program files (x86)/atmel/studio/7.0/toolchain/arm/arm-gnu-toolchain/bin/../lib/gcc/arm-none-eabi/6.3.1/../../../../arm-none-eabi/lib/thumb/v7e-m\libg.a(lib_a-fstatr.o)
                0x00011db0                _fstat_r
 .text.__sfvwrite_r
                0x00011dd8      0x2f0 c:/program files (x86)/atmel/studio/7.0/toolchain/arm/arm-gnu-toolchain/bin/../lib/gcc/arm-none-eabi/6.3.1/../../../../arm-none-eabi/lib/thumb/v7e-m\libg.a(lib_a-fvwrite.o)
                0x00011dd8                __sfvwrite_r
 .text._isatty_r
                0x000120c8       0x24 c:/program files (x86)/atmel/studio/7.0/toolchain/arm/arm-gnu-toolchain/bin/../lib/gcc/arm-none-eabi/6.3.1/../../../../arm-none-eabi/lib/thumb/v7e-m\libg.a(lib_a-isattyr.o)
                0x000120c8                _isatty_r
 .text.__locale_mb_cur_max
                0x000120ec       0x1c c:/program files (x86)/atmel/studio/7.0/toolchain/arm/arm-gnu-toolchain/bin/../lib/gcc/arm-none-eabi/6.3.1/../../../../arm-none-eabi/lib/thumb/v7e-m\libg.a(lib_a-locale.o)
                0x000120ec                __locale_mb_cur_max
 .text._lseek_r
                0x00012108       0x2c c:/program files (x86)/atmel/studio/7.0/toolchain/arm/arm-gnu-toolchain/bin/../lib/gcc/arm-none-eabi/6.3.1/../../../../arm-none-eabi/lib/thumb/v7e-m\libg.a(lib_a-lseekr.o)
                0x00012108                _lseek_r
 .text.__ascii_mbtowc
                0x00012134       0x2c c:/program files (x86)/atmel/studio/7.0/toolchain/arm/arm-gnu-toolchain/bin/../lib/gcc/arm-none-eabi/6.3.1/../../../../arm-none-eabi/lib/thumb/v7e-m\libg.a(lib_a-mbtowc_r.o)
                0x00012134                __ascii_mbtowc
 .text.memmove  0x00012160       0xc8 c:/program files (x86)/atmel/studio/7.0/toolchain/arm/arm-gnu-toolchain/bin/../lib/gcc/arm-none-eabi/6.3.1/../../../../arm-none-eabi/lib/thumb/v7e-m\libg.a(lib_a-memmove.o)
                0x00012160                memmove
 .text._read_r  0x00012228       0x2c c:/program files (x86)/atmel/studio/7.0/toolchain/arm/arm-gnu-toolchain/bin/../lib/gcc/arm-none-eabi/6.3.1/../../../../arm-none-eabi/lib/thumb/v7e-m\libg.a(lib_a-readr.o)
                0x00012228                _read_r
 .text._realloc_r
                0x00012254      0x34c c:/program files (x86)/atmel/studio/7.0/toolchain/arm/arm-gnu-toolchain/bin/../lib/gcc/arm-none-eabi/6.3.1/../../../../arm-none-eabi/lib/thumb/v7e-m\libg.a(lib_a-reallocr.o)
                0x00012254                _realloc_r
 .text.__swbuf_r
                0x000125a0       0xb0 c:/program files (x86)/atmel/studio/7.0/toolchain/arm/arm-gnu-toolchain/bin/../lib/gcc/arm-none-eabi/6.3.1/../../../../arm-none-eabi/lib/thumb/v7e-m\libg.a(lib_a-wbuf.o)
                0x000125a0                __swbuf_r
 .text._wcrtomb_r
                0x00012650       0x54 c:/program files (x86)/atmel/studio/7.0/toolchain/arm/arm-gnu-toolchain/bin/../lib/gcc/arm-none-eabi/6.3.1/../../../../arm-none-eabi/lib/thumb/v7e-m\libg.a(lib_a-wcrtomb.o)
                0x00012650                _wcrtomb_r
 .text.__ascii_wctomb
                0x000126a4       0x1c c:/program files (x86)/atmel/studio/7.0/toolchain/arm/arm-gnu-toolchain/bin/../lib/gcc/arm-none-eabi/6.3.1/../../../../arm-none-eabi/lib/thumb/v7e-m\libg.a(lib_a-wctomb_r.o)
                0x000126a4                __ascii_wctomb
 .text          0x000126c0      0x370 c:/program files (x86)/atmel/studio/7.0/toolchain/arm/arm-gnu-toolchain/bin/../lib/gcc/arm-none-eabi/6.3.1/thumb/v7e-m\libgcc.a(_arm_addsubdf3.o)
                0x000126c0                __aeabi_drsub
                0x000126c8                __aeabi_dsub
                0x000126c8                __subdf3
                0x000126cc                __aeabi_dadd
                0x000126cc                __adddf3
                0x00012944                __floatunsidf
                0x00012944                __aeabi_ui2d
                0x00012964                __floatsidf
                0x00012964                __aeabi_i2d
                0x00012988                __aeabi_f2d
                0x00012988                __extendsfdf2
                0x000129c4                __floatundidf
                0x000129c4                __aeabi_ul2d
                0x000129d4                __floatdidf
                0x000129d4                __aeabi_l2d
 .text          0x00012a30      0x424 c:/program files (x86)/atmel/studio/7.0/toolchain/arm/arm-gnu-toolchain/bin/../lib/gcc/arm-none-eabi/6.3.1/thumb/v7e-m\libgcc.a(_arm_muldivdf3.o)
                0x00012a30                __aeabi_dmul
                0x00012a30                __muldf3
                0x00012c84                __divdf3
                0x00012c84                __aeabi_ddiv
 .text          0x00012e54      0x110 c:/program files (x86)/atmel/studio/7.0/toolchain/arm/arm-gnu-toolchain/bin/../lib/gcc/arm-none-eabi/6.3.1/thumb/v7e-m\libgcc.a(_arm_cmpdf2.o)
                0x00012e54                __gtdf2
                0x00012e54                __gedf2
                0x00012e5c                __ltdf2
                0x00012e5c                __ledf2
                0x00012e64                __nedf2
                0x00012e64                __eqdf2
                0x00012e64                __cmpdf2
                0x00012ee0                __aeabi_cdrcmple
                0x00012ef0                __aeabi_cdcmpeq
                0x00012ef0                __aeabi_cdcmple
                0x00012f00                __aeabi_dcmpeq
                0x00012f14                __aeabi_dcmplt
                0x00012f28                __aeabi_dcmple
                0x00012f3c                __aeabi_dcmpge
                0x00012f50                __aeabi_dcmpgt
 .text          0x00012f64       0x2c c:/program files (x86)/atmel/studio/7.0/toolchain/arm/arm-gnu-toolchain/bin/../lib/gcc/arm-none-eabi/6.3.1/thumb/v7e-m\libgcc.a(_arm_unorddf2.o)
                0x00012f64                __unorddf2
                0x00012f64                __aeabi_dcmpun
 .text          0x00012f90       0x50 c:/program files (x86)/atmel/studio/7.0/toolchain/arm/arm-gnu-toolchain/bin/../lib/gcc/arm-none-eabi/6.3.1/thumb/v7e-m\libgcc.a(_arm_fixdfsi.o)
                0x00012f90                __aeabi_d2iz
                0x00012f90                __fixdfsi
 .text          0x00012fe0       0x30 c:/program files (x86)/atmel/studio/7.0/toolchain/arm/arm-gnu-toolchain/bin/../lib/gcc/arm-none-eabi/6.3.1/thumb/v7e-m\libgcc.a(_aeabi_uldivmod.o)
                0x00012fe0                __aeabi_uldivmod
 .text          0x00013010      0x2dc c:/program files (x86)/atmel/studio/7.0/toolchain/arm/arm-gnu-toolchain/bin/../lib/gcc/arm-none-eabi/6.3.1/thumb/v7e-m\libgcc.a(_udivmoddi4.o)
                0x00013010                __udivmoddi4
 .text          0x000132ec        0x4 c:/program files (x86)/atmel/studio/7.0/toolchain/arm/arm-gnu-toolchain/bin/../lib/gcc/arm-none-eabi/6.3.1/thumb/v7e-m\libgcc.a(_dvmd_tls.o)
                0x000132ec                __aeabi_idiv0
                0x000132ec                __aeabi_ldiv0
 *(.glue_7t)
 .glue_7t       0x000132f0        0x0 linker stubs
 *(.glue_7)
 .glue_7        0x000132f0        0x0 linker stubs
 *(.rodata .rodata* .gnu.linkonce.r.*)
 .rodata        0x000132f0       0x19 ../../../platform/sam/utils/syscalls/gcc/syscalls.o
 *fill*         0x00013309        0x3 
 .rodata        0x0001330c       0x14 ../../../platform/sam/drivers/tc/tc.o
 .rodata._global_impure_ptr
                0x00013320        0x4 c:/program files (x86)/atmel/studio/7.0/toolchain/arm/arm-gnu-toolchain/bin/../lib/gcc/arm-none-eabi/6.3.1/../../../../arm-none-eabi/lib/thumb/v7e-m\libg.a(lib_a-impure.o)
                0x00013320                _global_impure_ptr
 .rodata._vfprintf_r.str1.4
                0x00013324       0x42 c:/program files (x86)/atmel/studio/7.0/toolchain/arm/arm-gnu-toolchain/bin/../lib/gcc/arm-none-eabi/6.3.1/../../../../arm-none-eabi/lib/thumb/v7e-m\libg.a(lib_a-vfprintf.o)
 *fill*         0x00013366        0x2 
 .rodata.blanks.7238
                0x00013368       0x10 c:/program files (x86)/atmel/studio/7.0/toolchain/arm/arm-gnu-toolchain/bin/../lib/gcc/arm-none-eabi/6.3.1/../../../../arm-none-eabi/lib/thumb/v7e-m\libg.a(lib_a-vfprintf.o)
 .rodata.zeroes.7239
                0x00013378       0x10 c:/program files (x86)/atmel/studio/7.0/toolchain/arm/arm-gnu-toolchain/bin/../lib/gcc/arm-none-eabi/6.3.1/../../../../arm-none-eabi/lib/thumb/v7e-m\libg.a(lib_a-vfprintf.o)
 .rodata._dtoa_r.str1.4
                0x00013388       0x10 c:/program files (x86)/atmel/studio/7.0/toolchain/arm/arm-gnu-toolchain/bin/../lib/gcc/arm-none-eabi/6.3.1/../../../../arm-none-eabi/lib/thumb/v7e-m\libg.a(lib_a-dtoa.o)
                                 0x12 (size before relaxing)
 .rodata.__mprec_bigtens
                0x00013398       0x28 c:/program files (x86)/atmel/studio/7.0/toolchain/arm/arm-gnu-toolchain/bin/../lib/gcc/arm-none-eabi/6.3.1/../../../../arm-none-eabi/lib/thumb/v7e-m\libg.a(lib_a-mprec.o)
                0x00013398                __mprec_bigtens
 .rodata.__mprec_tens
                0x000133c0       0xc8 c:/program files (x86)/atmel/studio/7.0/toolchain/arm/arm-gnu-toolchain/bin/../lib/gcc/arm-none-eabi/6.3.1/../../../../arm-none-eabi/lib/thumb/v7e-m\libg.a(lib_a-mprec.o)
                0x000133c0                __mprec_tens
 .rodata.p05.6055
                0x00013488        0xc c:/program files (x86)/atmel/studio/7.0/toolchain/arm/arm-gnu-toolchain/bin/../lib/gcc/arm-none-eabi/6.3.1/../../../../arm-none-eabi/lib/thumb/v7e-m\libg.a(lib_a-mprec.o)
 .rodata._setlocale_r.str1.4
                0x00013494        0xa c:/program files (x86)/atmel/studio/7.0/toolchain/arm/arm-gnu-toolchain/bin/../lib/gcc/arm-none-eabi/6.3.1/../../../../arm-none-eabi/lib/thumb/v7e-m\libg.a(lib_a-locale.o)
                                  0xd (size before relaxing)
 *fill*         0x0001349e        0x2 
 .rodata.str1.4
                0x000134a0        0x4 c:/program files (x86)/atmel/studio/7.0/toolchain/arm/arm-gnu-toolchain/bin/../lib/gcc/arm-none-eabi/6.3.1/../../../../arm-none-eabi/lib/thumb/v7e-m\libg.a(lib_a-locale.o)
                                  0x2 (size before relaxing)
 .rodata._ctype_
                0x000134a4      0x101 c:/program files (x86)/atmel/studio/7.0/toolchain/arm/arm-gnu-toolchain/bin/../lib/gcc/arm-none-eabi/6.3.1/../../../../arm-none-eabi/lib/thumb/v7e-m\libg.a(lib_a-ctype_.o)
                0x000134a4                _ctype_
 *(.ARM.extab* .gnu.linkonce.armextab.*)
                0x000135a8                . = ALIGN (0x4)
 *fill*         0x000135a5        0x3 
 *(.init)
 .init          0x000135a8        0x4 c:/program files (x86)/atmel/studio/7.0/toolchain/arm/arm-gnu-toolchain/bin/../lib/gcc/arm-none-eabi/6.3.1/thumb/v7e-m/crti.o
                0x000135a8                _init
 .init          0x000135ac        0x8 c:/program files (x86)/atmel/studio/7.0/toolchain/arm/arm-gnu-toolchain/bin/../lib/gcc/arm-none-eabi/6.3.1/thumb/v7e-m/crtn.o
                0x000135b4                . = ALIGN (0x4)
                0x000135b4                __preinit_array_start = .
 *(.preinit_array)
                0x000135b4                __preinit_array_end = .
                0x000135b4                . = ALIGN (0x4)
                0x000135b4                __init_array_start = .
 *(SORT(.init_array.*))
 .init_array.00000
                0x000135b4        0x4 c:/program files (x86)/atmel/studio/7.0/toolchain/arm/arm-gnu-toolchain/bin/../lib/gcc/arm-none-eabi/6.3.1/../../../../arm-none-eabi/lib/thumb/v7e-m\libg.a(lib_a-__call_atexit.o)
 *(.init_array)
 .init_array    0x000135b8        0x4 c:/program files (x86)/atmel/studio/7.0/toolchain/arm/arm-gnu-toolchain/bin/../lib/gcc/arm-none-eabi/6.3.1/thumb/v7e-m/crtbegin.o
                0x000135bc                __init_array_end = .
                0x000135bc                . = ALIGN (0x4)
 *crtbegin.o(.ctors)
 *(EXCLUDE_FILE(*crtend.o) .ctors)
 *(SORT(.ctors.*))
 *crtend.o(.ctors)
                0x000135bc                . = ALIGN (0x4)
 *(.fini)
 .fini          0x000135bc        0x4 c:/program files (x86)/atmel/studio/7.0/toolchain/arm/arm-gnu-toolchain/bin/../lib/gcc/arm-none-eabi/6.3.1/thumb/v7e-m/crti.o
                0x000135bc                _fini
 .fini          0x000135c0        0x8 c:/program files (x86)/atmel/studio/7.0/toolchain/arm/arm-gnu-toolchain/bin/../lib/gcc/arm-none-eabi/6.3.1/thumb/v7e-m/crtn.o
                0x000135c8                . = ALIGN (0x4)
                0x000135c8                __fini_array_start = .
 *(.fini_array)
 .fini_array    0x000135c8        0x4 c:/program files (x86)/atmel/studio/7.0/toolchain/arm/arm-gnu-toolchain/bin/../lib/gcc/arm-none-eabi/6.3.1/thumb/v7e-m/crtbegin.o
 *(SORT(.fini_array.*))
                0x000135cc                __fini_array_end = .
 *crtbegin.o(.dtors)
 *(EXCLUDE_FILE(*crtend.o) .dtors)
 *(SORT(.dtors.*))
 *crtend.o(.dtors)
                0x000135cc                . = ALIGN (0x4)
                0x000135cc                _efixed = .
                [!provide]                PROVIDE (__exidx_start, .)

.vfp11_veneer   0x000135cc        0x0
 .vfp11_veneer  0x000135cc        0x0 linker stubs

.v4_bx          0x000135cc        0x0
 .v4_bx         0x000135cc        0x0 linker stubs

.iplt           0x000135cc        0x0
 .iplt          0x000135cc        0x0 c:/program files (x86)/atmel/studio/7.0/toolchain/arm/arm-gnu-toolchain/bin/../lib/gcc/arm-none-eabi/6.3.1/thumb/v7e-m/crtbegin.o

.ARM.exidx      0x000135cc        0x8
 *(.ARM.exidx* .gnu.linkonce.armexidx.*)
 .ARM.exidx     0x000135cc        0x8 c:/program files (x86)/atmel/studio/7.0/toolchain/arm/arm-gnu-toolchain/bin/../lib/gcc/arm-none-eabi/6.3.1/thumb/v7e-m\libgcc.a(_udivmoddi4.o)
                [!provide]                PROVIDE (__exidx_end, .)

.eh_frame       0x000135d4        0x0
 .eh_frame      0x000135d4        0x0 c:/program files (x86)/atmel/studio/7.0/toolchain/arm/arm-gnu-toolchain/bin/../lib/gcc/arm-none-eabi/6.3.1/thumb/v7e-m/crtbegin.o

.rel.dyn        0x000135d4        0x0
 .rel.iplt      0x000135d4        0x0 c:/program files (x86)/atmel/studio/7.0/toolchain/arm/arm-gnu-toolchain/bin/../lib/gcc/arm-none-eabi/6.3.1/thumb/v7e-m/crtbegin.o

.jcr            0x000135d4        0x0
 .jcr           0x000135d4        0x0 c:/program files (x86)/atmel/studio/7.0/toolchain/arm/arm-gnu-toolchain/bin/../lib/gcc/arm-none-eabi/6.3.1/thumb/v7e-m/crtbegin.o

.igot.plt       0x000135d4        0x0
 .igot.plt      0x000135d4        0x0 c:/program files (x86)/atmel/studio/7.0/toolchain/arm/arm-gnu-toolchain/bin/../lib/gcc/arm-none-eabi/6.3.1/thumb/v7e-m/crtbegin.o
                0x000135d4                . = ALIGN (0x4)
                0x000135d4                _etext = .

.relocate       0x20000000      0xb58 load address 0x000135d4
                0x20000000                . = ALIGN (0x4)
                0x20000000                _srelocate = .
 *(.ramfunc .ramfunc.*)
 .ramfunc       0x20000000       0x74 ../../../platform/sam/drivers/bpm/bpm.o
                0x20000000                bpm_ps_no_halt_exec
 .ramfunc       0x20000074        0xa ../../../platform/common/services/delay/sam/cycle_counter.o
                0x20000074                portable_delay_cycles
 *(.data .data.*)
 *fill*         0x2000007e        0x2 
 .data.SPI_AT86RFX_DEVICE
                0x20000080        0x4 ../../../stack/LwMesh/TDMA/services/trx_access/trx_access.o
                0x20000080                SPI_AT86RFX_DEVICE
 .data.flashcalw_wait_until_ready
                0x20000084        0x4 ../../../platform/sam/drivers/flashcalw/flashcalw.o
                0x20000084                flashcalw_wait_until_ready
 .data.udc_string_desc_languageid
                0x20000088        0x4 ../../../platform/common/services/usb/udc/udc.o
 .data.udc_string_manufacturer_name
                0x2000008c        0x6 ../../../platform/common/services/usb/udc/udc.o
 *fill*         0x20000092        0x2 
 .data.udc_string_product_name
                0x20000094       0x27 ../../../platform/common/services/usb/udc/udc.o
 *fill*         0x200000bb        0x1 
 .data.udc_string_desc
                0x200000bc       0x4e ../../../platform/common/services/usb/udc/udc.o
 *fill*         0x2000010a        0x2 
 .data.udi_api_cdc_comm
                0x2000010c       0x14 ../../../platform/common/services/usb/class/cdc/device/udi_cdc.o
                0x2000010c                udi_api_cdc_comm
 .data.udi_api_cdc_data
                0x20000120       0x14 ../../../platform/common/services/usb/class/cdc/device/udi_cdc.o
                0x20000120                udi_api_cdc_data
 .data.udc_device_desc
                0x20000134       0x12 ../../../platform/common/services/usb/class/cdc/device/udi_cdc_desc.o
                0x20000134                udc_device_desc
 *fill*         0x20000146        0x2 
 .data.udc_desc_fs
                0x20000148       0x43 ../../../platform/common/services/usb/class/cdc/device/udi_cdc_desc.o
                0x20000148                udc_desc_fs
 *fill*         0x2000018b        0x1 
 .data.udi_apis
                0x2000018c        0x8 ../../../platform/common/services/usb/class/cdc/device/udi_cdc_desc.o
                0x2000018c                udi_apis
 .data.udc_config_fs
                0x20000194        0x8 ../../../platform/common/services/usb/class/cdc/device/udi_cdc_desc.o
                0x20000194                udc_config_fs
 .data.udc_config
                0x2000019c        0x8 ../../../platform/common/services/usb/class/cdc/device/udi_cdc_desc.o
                0x2000019c                udc_config
 .data.g_interrupt_enabled
                0x200001a4        0x1 ../../../platform/common/utils/interrupt\interrupt_sam_nvic.o
                0x200001a4                g_interrupt_enabled
 *fill*         0x200001a5        0x3 
 .data._impure_ptr
                0x200001a8        0x4 c:/program files (x86)/atmel/studio/7.0/toolchain/arm/arm-gnu-toolchain/bin/../lib/gcc/arm-none-eabi/6.3.1/../../../../arm-none-eabi/lib/thumb/v7e-m\libg.a(lib_a-impure.o)
                0x200001a8                _impure_ptr
 *fill*         0x200001ac        0x4 
 .data.impure_data
                0x200001b0      0x428 c:/program files (x86)/atmel/studio/7.0/toolchain/arm/arm-gnu-toolchain/bin/../lib/gcc/arm-none-eabi/6.3.1/../../../../arm-none-eabi/lib/thumb/v7e-m\libg.a(lib_a-impure.o)
 .data.__atexit_recursive_mutex
                0x200005d8        0x4 c:/program files (x86)/atmel/studio/7.0/toolchain/arm/arm-gnu-toolchain/bin/../lib/gcc/arm-none-eabi/6.3.1/../../../../arm-none-eabi/lib/thumb/v7e-m\libg.a(lib_a-__call_atexit.o)
                0x200005d8                __atexit_recursive_mutex
 .data.__malloc_av_
                0x200005dc      0x408 c:/program files (x86)/atmel/studio/7.0/toolchain/arm/arm-gnu-toolchain/bin/../lib/gcc/arm-none-eabi/6.3.1/../../../../arm-none-eabi/lib/thumb/v7e-m\libg.a(lib_a-mallocr.o)
                0x200005dc                __malloc_av_
 .data.__malloc_sbrk_base
                0x200009e4        0x4 c:/program files (x86)/atmel/studio/7.0/toolchain/arm/arm-gnu-toolchain/bin/../lib/gcc/arm-none-eabi/6.3.1/../../../../arm-none-eabi/lib/thumb/v7e-m\libg.a(lib_a-mallocr.o)
                0x200009e4                __malloc_sbrk_base
 .data.__malloc_trim_threshold
                0x200009e8        0x4 c:/program files (x86)/atmel/studio/7.0/toolchain/arm/arm-gnu-toolchain/bin/../lib/gcc/arm-none-eabi/6.3.1/../../../../arm-none-eabi/lib/thumb/v7e-m\libg.a(lib_a-mallocr.o)
                0x200009e8                __malloc_trim_threshold
 .data.__global_locale
                0x200009ec      0x16c c:/program files (x86)/atmel/studio/7.0/toolchain/arm/arm-gnu-toolchain/bin/../lib/gcc/arm-none-eabi/6.3.1/../../../../arm-none-eabi/lib/thumb/v7e-m\libg.a(lib_a-locale.o)
                0x200009ec                __global_locale
                0x20000b58                . = ALIGN (0x4)
                0x20000b58                _erelocate = .

.bss            0x20000b60      0x88c load address 0x00014140
                0x20000b60                . = ALIGN (0x4)
                0x20000b60                _sbss = .
                0x20000b60                _szero = .
 *(.bss .bss.*)
 .bss           0x20000b60       0x1c c:/program files (x86)/atmel/studio/7.0/toolchain/arm/arm-gnu-toolchain/bin/../lib/gcc/arm-none-eabi/6.3.1/thumb/v7e-m/crtbegin.o
 .bss.irq_hdl_trx
                0x20000b7c        0x4 ../../../stack/LwMesh/TDMA/services/trx_access/trx_access.o
 .bss.heap.5297
                0x20000b80        0x4 ../../../platform/sam/utils/syscalls/gcc/syscalls.o
 .bss.stacked_r0.8186
                0x20000b84        0x4 ../../../platform/sam/utils/syscalls/gcc/hardfault_handler_c.o
 .bss.stacked_r1.8187
                0x20000b88        0x4 ../../../platform/sam/utils/syscalls/gcc/hardfault_handler_c.o
 .bss.stacked_r2.8188
                0x20000b8c        0x4 ../../../platform/sam/utils/syscalls/gcc/hardfault_handler_c.o
 .bss.stacked_r3.8189
                0x20000b90        0x4 ../../../platform/sam/utils/syscalls/gcc/hardfault_handler_c.o
 .bss.stacked_r12.8190
                0x20000b94        0x4 ../../../platform/sam/utils/syscalls/gcc/hardfault_handler_c.o
 .bss.stacked_lr.8191
                0x20000b98        0x4 ../../../platform/sam/utils/syscalls/gcc/hardfault_handler_c.o
 .bss.stacked_pc.8192
                0x20000b9c        0x4 ../../../platform/sam/utils/syscalls/gcc/hardfault_handler_c.o
 .bss.stacked_psr.8193
                0x20000ba0        0x4 ../../../platform/sam/utils/syscalls/gcc/hardfault_handler_c.o
 .bss.flashcalw_error_status
                0x20000ba4        0x4 ../../../platform/sam/drivers/flashcalw/flashcalw.o
 .bss.gpio_int_sources
                0x20000ba8       0x30 ../../../platform/sam/drivers/gpio/gpio.o
 .bss.gpio_nb_sources
                0x20000bd8        0x4 ../../../platform/sam/drivers/gpio/gpio.o
 .bss.reg_value.8780
                0x20000bdc        0x4 ../../../platform/sam/drivers/spi/spi.o
 .bss.udd_b_idle
                0x20000be0        0x1 ../../../platform/sam/drivers/usbc/usbc_device.o
 *fill*         0x20000be1       0x1f 
 .bss.udd_g_ep_table
                0x20000c00       0x80 ../../../platform/sam/drivers/usbc/usbc_device.o
 .bss.udd_ep_control_state
                0x20000c80        0x1 ../../../platform/sam/drivers/usbc/usbc_device.o
 *fill*         0x20000c81        0x1 
 .bss.udd_ctrl_prev_payload_nb_trans
                0x20000c82        0x2 ../../../platform/sam/drivers/usbc/usbc_device.o
 .bss.udd_ctrl_payload_nb_trans
                0x20000c84        0x2 ../../../platform/sam/drivers/usbc/usbc_device.o
 *fill*         0x20000c86        0x2 
 .bss.udd_ep_job
                0x20000c88       0x3c ../../../platform/sam/drivers/usbc/usbc_device.o
 .bss.b_shortpacket.9372
                0x20000cc4        0x1 ../../../platform/sam/drivers/usbc/usbc_device.o
 .bss.open_loop_done.8576
                0x20000cc5        0x1 ../../../platform/common/services/clock/sam4l/dfll.o
 .bss.udc_device_status
                0x20000cc6        0x2 ../../../platform/common/services/usb/udc/udc.o
 .bss.udc_num_configuration
                0x20000cc8        0x1 ../../../platform/common/services/usb/udc/udc.o
 *fill*         0x20000cc9        0x3 
 .bss.udc_ptr_conf
                0x20000ccc        0x4 ../../../platform/common/services/usb/udc/udc.o
 .bss.udc_ptr_iface
                0x20000cd0        0x4 ../../../platform/common/services/usb/udc/udc.o
 .bss.udc_ep_status.8256
                0x20000cd4        0x2 ../../../platform/common/services/usb/udc/udc.o
 .bss.udc_iface_setting.8314
                0x20000cd6        0x1 ../../../platform/common/services/usb/udc/udc.o
 *fill*         0x20000cd7        0x1 
 .bss.udi_cdc_line_coding
                0x20000cd8        0x7 ../../../platform/common/services/usb/class/cdc/device/udi_cdc.o
 *fill*         0x20000cdf        0x1 
 .bss.udi_cdc_serial_state_msg_ongoing
                0x20000ce0        0x1 ../../../platform/common/services/usb/class/cdc/device/udi_cdc.o
 *fill*         0x20000ce1        0x3 
 .bss.udi_cdc_state
                0x20000ce4        0x2 ../../../platform/common/services/usb/class/cdc/device/udi_cdc.o
 *fill*         0x20000ce6        0x2 
 .bss.uid_cdc_state_msg
                0x20000ce8        0xa ../../../platform/common/services/usb/class/cdc/device/udi_cdc.o
 .bss.udi_cdc_nb_comm_enabled
                0x20000cf2        0x1 ../../../platform/common/services/usb/class/cdc/device/udi_cdc.o
 .bss.udi_cdc_nb_data_enabled
                0x20000cf3        0x1 ../../../platform/common/services/usb/class/cdc/device/udi_cdc.o
 .bss.udi_cdc_data_running
                0x20000cf4        0x1 ../../../platform/common/services/usb/class/cdc/device/udi_cdc.o
 *fill*         0x20000cf5        0x3 
 .bss.udi_cdc_rx_buf
                0x20000cf8      0x280 ../../../platform/common/services/usb/class/cdc/device/udi_cdc.o
 .bss.udi_cdc_rx_buf_nb
                0x20000f78        0x4 ../../../platform/common/services/usb/class/cdc/device/udi_cdc.o
 .bss.udi_cdc_rx_buf_sel
                0x20000f7c        0x1 ../../../platform/common/services/usb/class/cdc/device/udi_cdc.o
 *fill*         0x20000f7d        0x3 
 .bss.udi_cdc_rx_pos
                0x20000f80        0x2 ../../../platform/common/services/usb/class/cdc/device/udi_cdc.o
 *fill*         0x20000f82        0x2 
 .bss.udi_cdc_rx_trans_ongoing
                0x20000f84        0x1 ../../../platform/common/services/usb/class/cdc/device/udi_cdc.o
 *fill*         0x20000f85        0x3 
 .bss.udi_cdc_tx_buf
                0x20000f88      0x280 ../../../platform/common/services/usb/class/cdc/device/udi_cdc.o
 .bss.udi_cdc_tx_buf_nb
                0x20001208        0x4 ../../../platform/common/services/usb/class/cdc/device/udi_cdc.o
 .bss.udi_cdc_tx_buf_sel
                0x2000120c        0x1 ../../../platform/common/services/usb/class/cdc/device/udi_cdc.o
 *fill*         0x2000120d        0x3 
 .bss.udi_cdc_tx_sof_num
                0x20001210        0x2 ../../../platform/common/services/usb/class/cdc/device/udi_cdc.o
 *fill*         0x20001212        0x2 
 .bss.udi_cdc_tx_trans_ongoing
                0x20001214        0x1 ../../../platform/common/services/usb/class/cdc/device/udi_cdc.o
 *fill*         0x20001215        0x3 
 .bss.udi_cdc_tx_both_buf_to_send
                0x20001218        0x1 ../../../platform/common/services/usb/class/cdc/device/udi_cdc.o
 .bss.port_notify.8461
                0x20001219        0x1 ../../../platform/common/services/usb/class/cdc/device/udi_cdc.o
 .bss.sof_zlp_counter.8531
                0x2000121a        0x2 ../../../platform/common/services/usb/class/cdc/device/udi_cdc.o
 .bss.stdio_usb_interface_enable
                0x2000121c        0x1 ../../../platform/common/utils/stdio/stdio_usb/stdio_usb.o
 *fill*         0x2000121d        0x3 
 .bss           0x20001220       0x14 ../../../stack/LwMesh/TDMA/services/common_hw_timer/sam/lib\libsam4l_lib_hw_timer.a(common_hw_timer.o)
 .bss.__malloc_current_mallinfo
                0x20001234       0x28 c:/program files (x86)/atmel/studio/7.0/toolchain/arm/arm-gnu-toolchain/bin/../lib/gcc/arm-none-eabi/6.3.1/../../../../arm-none-eabi/lib/thumb/v7e-m\libg.a(lib_a-mallocr.o)
                0x20001234                __malloc_current_mallinfo
 .bss.__malloc_max_sbrked_mem
                0x2000125c        0x4 c:/program files (x86)/atmel/studio/7.0/toolchain/arm/arm-gnu-toolchain/bin/../lib/gcc/arm-none-eabi/6.3.1/../../../../arm-none-eabi/lib/thumb/v7e-m\libg.a(lib_a-mallocr.o)
                0x2000125c                __malloc_max_sbrked_mem
 .bss.__malloc_max_total_mem
                0x20001260        0x4 c:/program files (x86)/atmel/studio/7.0/toolchain/arm/arm-gnu-toolchain/bin/../lib/gcc/arm-none-eabi/6.3.1/../../../../arm-none-eabi/lib/thumb/v7e-m\libg.a(lib_a-mallocr.o)
                0x20001260                __malloc_max_total_mem
 .bss.__malloc_top_pad
                0x20001264        0x4 c:/program files (x86)/atmel/studio/7.0/toolchain/arm/arm-gnu-toolchain/bin/../lib/gcc/arm-none-eabi/6.3.1/../../../../arm-none-eabi/lib/thumb/v7e-m\libg.a(lib_a-mallocr.o)
                0x20001264                __malloc_top_pad
 *(COMMON)
 COMMON         0x20001268        0x8 TC_lldn.o
                0x20001268                n
                0x2000126c                tmr_callback
 COMMON         0x20001270       0x24 ../../../platform/sam/drivers/eic/eic.o
                0x20001270                eic_callback_pointer
 COMMON         0x20001294      0x118 ../../../platform/sam/drivers/usbc/usbc_device.o
                0x20001294                udd_ep_out_cache_buffer
                0x20001354                udd_g_ctrlreq
                0x2000136c                udd_ctrl_buffer
 COMMON         0x200013ac        0x8 ../../../platform/common/services/sleepmgr/sam/sleepmgr.o
                0x200013ac                sleepmgr_locks
 COMMON         0x200013b4        0x4 ../../../platform/common/utils/stdio/read.o
                0x200013b4                ptr_get
 COMMON         0x200013b8        0x8 ../../../platform/common/utils/stdio/write.o
                0x200013b8                ptr_put
                0x200013bc                stdio_base
 COMMON         0x200013c0        0x1 ../../../stack/LwMesh/TDMA/services/common_hw_timer/sam/lib\libsam4l_lib_hw_timer.a(common_hw_timer.o)
                0x200013c0                timer_multiplier
 *fill*         0x200013c1        0x3 
 COMMON         0x200013c4       0x21 c:/program files (x86)/atmel/studio/7.0/toolchain/arm/arm-gnu-toolchain/bin/../lib/gcc/arm-none-eabi/6.3.1/../../../../arm-none-eabi/lib/thumb/v7e-m\libg.a(lib_a-lock.o)
                0x200013c4                __lock___atexit_recursive_mutex
                0x200013c8                __lock___arc4random_mutex
                0x200013cc                __lock___env_recursive_mutex
                0x200013d0                __lock___sinit_recursive_mutex
                0x200013d4                __lock___malloc_recursive_mutex
                0x200013d8                __lock___at_quick_exit_mutex
                0x200013dc                __lock___dd_hash_mutex
                0x200013e0                __lock___tz_mutex
                0x200013e4                __lock___sfp_recursive_mutex
 *fill*         0x200013e5        0x3 
 COMMON         0x200013e8        0x4 c:/program files (x86)/atmel/studio/7.0/toolchain/arm/arm-gnu-toolchain/bin/../lib/gcc/arm-none-eabi/6.3.1/../../../../arm-none-eabi/lib/thumb/v7e-m\libg.a(lib_a-reent.o)
                0x200013e8                errno
                0x200013ec                . = ALIGN (0x4)
                0x200013ec                _ebss = .
                0x200013ec                _ezero = .

.stack          0x200013ec     0x1004 load address 0x000149cc
                0x200013f0                . = ALIGN (0x8)
 *fill*         0x200013ec        0x4 
                0x200013f0                _sstack = .
                0x200023f0                . = (. + __stack_size__)
 *fill*         0x200013f0     0x1000 
                0x200023f0                . = ALIGN (0x8)
                0x200023f0                _estack = .
                0x200023f0                . = ALIGN (0x4)
                0x200023f0                _end = .
START GROUP
LOAD c:/program files (x86)/atmel/studio/7.0/toolchain/arm/arm-gnu-toolchain/bin/../lib/gcc/arm-none-eabi/6.3.1/thumb/v7e-m\libgcc.a
LOAD c:/program files (x86)/atmel/studio/7.0/toolchain/arm/arm-gnu-toolchain/bin/../lib/gcc/arm-none-eabi/6.3.1/../../../../arm-none-eabi/lib/thumb/v7e-m\libg.a
LOAD c:/program files (x86)/atmel/studio/7.0/toolchain/arm/arm-gnu-toolchain/bin/../lib/gcc/arm-none-eabi/6.3.1/../../../../arm-none-eabi/lib/thumb/v7e-m\libc.a
END GROUP
LOAD c:/program files (x86)/atmel/studio/7.0/toolchain/arm/arm-gnu-toolchain/bin/../lib/gcc/arm-none-eabi/6.3.1/thumb/v7e-m/crtend.o
LOAD c:/program files (x86)/atmel/studio/7.0/toolchain/arm/arm-gnu-toolchain/bin/../lib/gcc/arm-none-eabi/6.3.1/thumb/v7e-m/crtn.o
OUTPUT(exp2_sam4lc2b_wm400_coordinator.elf elf32-littlearm)

.ARM.attributes
                0x00000000       0x2a
 .ARM.attributes
                0x00000000       0x1e c:/program files (x86)/atmel/studio/7.0/toolchain/arm/arm-gnu-toolchain/bin/../lib/gcc/arm-none-eabi/6.3.1/thumb/v7e-m/crti.o
 .ARM.attributes
                0x0000001e       0x2e c:/program files (x86)/atmel/studio/7.0/toolchain/arm/arm-gnu-toolchain/bin/../lib/gcc/arm-none-eabi/6.3.1/thumb/v7e-m/crtbegin.o
 .ARM.attributes
                0x0000004c       0x33 TC_lldn.o
 .ARM.attributes
                0x0000007f       0x33 ../../../stack/LwMesh/TDMA/services/common_hw_timer/sam/hw_timer.o
 .ARM.attributes
                0x000000b2       0x33 ../../../stack/LwMesh/TDMA/services/trx_access/trx_access.o
 .ARM.attributes
                0x000000e5       0x33 ../../../platform/sam/utils/cmsis/sam4l/source/templates/exceptions.o
 .ARM.attributes
                0x00000118       0x33 ../../../platform/sam/utils/cmsis/sam4l/source/templates/gcc/startup_sam4l.o
 .ARM.attributes
                0x0000014b       0x33 ../../../platform/sam/utils/syscalls/gcc/syscalls.o
 .ARM.attributes
                0x0000017e       0x33 ../../../platform/sam/utils/syscalls/gcc/hardfault_handler_c.o
 .ARM.attributes
                0x000001b1       0x33 ../../../platform/sam/drivers/bpm/bpm.o
 .ARM.attributes
                0x000001e4       0x33 ../../../platform/sam/drivers/flashcalw/flashcalw.o
 .ARM.attributes
                0x00000217       0x33 ../../../platform/sam/drivers/gpio/gpio.o
 .ARM.attributes
                0x0000024a       0x33 ../../../platform/sam/drivers/eic/eic.o
 .ARM.attributes
                0x0000027d       0x33 ../../../platform/sam/drivers/spi/spi.o
 .ARM.attributes
                0x000002b0       0x33 ../../../platform/sam/drivers/tc/tc.o
 .ARM.attributes
                0x000002e3       0x33 ../../../platform/sam/drivers/usbc/usbc_device.o
 .ARM.attributes
                0x00000316       0x33 ../../../platform/common/services/clock/sam4l/sysclk.o
 .ARM.attributes
                0x00000349       0x33 ../../../platform/common/services/clock/sam4l/dfll.o
 .ARM.attributes
                0x0000037c       0x33 ../../../platform/common/services/clock/sam4l/osc.o
 .ARM.attributes
                0x000003af       0x33 ../../../platform/common/services/clock/sam4l/pll.o
 .ARM.attributes
                0x000003e2       0x33 ../../../platform/common/services/delay/sam/cycle_counter.o
 .ARM.attributes
                0x00000415       0x33 ../../../platform/common/services/spi/sam_spi/spi_master.o
 .ARM.attributes
                0x00000448       0x33 ../../../platform/common/services/sleepmgr/sam/sleepmgr.o
 .ARM.attributes
                0x0000047b       0x33 ../../../platform/common/services/usb/udc/udc.o
 .ARM.attributes
                0x000004ae       0x33 ../../../platform/common/services/usb/class/cdc/device/udi_cdc.o
 .ARM.attributes
                0x000004e1       0x33 ../../../platform/common/services/usb/class/cdc/device/udi_cdc_desc.o
 .ARM.attributes
                0x00000514       0x33 ../../../platform/common/utils/interrupt\interrupt_sam_nvic.o
 .ARM.attributes
                0x00000547       0x33 ../../../platform/common/utils/stdio/read.o
 .ARM.attributes
                0x0000057a       0x33 ../../../platform/common/utils/stdio/write.o
 .ARM.attributes
                0x000005ad       0x33 ../../../platform/common/utils/stdio/stdio_usb/stdio_usb.o
 .ARM.attributes
                0x000005e0       0x21 ../../../platform/sam/utils/syscalls/gcc/hardfault_handler.o
 .ARM.attributes
                0x00000601       0x33 ../../../stack/LwMesh/TDMA/services/common_hw_timer/sam/lib\libsam4l_lib_hw_timer.a(common_hw_timer.o)
 .ARM.attributes
                0x00000634       0x2e c:/program files (x86)/atmel/studio/7.0/toolchain/arm/arm-gnu-toolchain/bin/../lib/gcc/arm-none-eabi/6.3.1/../../../../arm-none-eabi/lib/thumb/v7e-m\libg.a(lib_a-impure.o)
 .ARM.attributes
                0x00000662       0x2e c:/program files (x86)/atmel/studio/7.0/toolchain/arm/arm-gnu-toolchain/bin/../lib/gcc/arm-none-eabi/6.3.1/../../../../arm-none-eabi/lib/thumb/v7e-m\libg.a(lib_a-init.o)
 .ARM.attributes
                0x00000690       0x1c c:/program files (x86)/atmel/studio/7.0/toolchain/arm/arm-gnu-toolchain/bin/../lib/gcc/arm-none-eabi/6.3.1/../../../../arm-none-eabi/lib/thumb/v7e-m\libg.a(lib_a-memcpy.o)
 .ARM.attributes
                0x000006ac       0x2e c:/program files (x86)/atmel/studio/7.0/toolchain/arm/arm-gnu-toolchain/bin/../lib/gcc/arm-none-eabi/6.3.1/../../../../arm-none-eabi/lib/thumb/v7e-m\libg.a(lib_a-memset.o)
 .ARM.attributes
                0x000006da       0x2e c:/program files (x86)/atmel/studio/7.0/toolchain/arm/arm-gnu-toolchain/bin/../lib/gcc/arm-none-eabi/6.3.1/../../../../arm-none-eabi/lib/thumb/v7e-m\libg.a(lib_a-printf.o)
 .ARM.attributes
                0x00000708       0x2e c:/program files (x86)/atmel/studio/7.0/toolchain/arm/arm-gnu-toolchain/bin/../lib/gcc/arm-none-eabi/6.3.1/../../../../arm-none-eabi/lib/thumb/v7e-m\libg.a(lib_a-setbuf.o)
 .ARM.attributes
                0x00000736       0x2e c:/program files (x86)/atmel/studio/7.0/toolchain/arm/arm-gnu-toolchain/bin/../lib/gcc/arm-none-eabi/6.3.1/../../../../arm-none-eabi/lib/thumb/v7e-m\libg.a(lib_a-setvbuf.o)
 .ARM.attributes
                0x00000764       0x2e c:/program files (x86)/atmel/studio/7.0/toolchain/arm/arm-gnu-toolchain/bin/../lib/gcc/arm-none-eabi/6.3.1/../../../../arm-none-eabi/lib/thumb/v7e-m\libg.a(lib_a-vfprintf.o)
 .ARM.attributes
                0x00000792       0x2e c:/program files (x86)/atmel/studio/7.0/toolchain/arm/arm-gnu-toolchain/bin/../lib/gcc/arm-none-eabi/6.3.1/../../../../arm-none-eabi/lib/thumb/v7e-m\libg.a(lib_a-wsetup.o)
 .ARM.attributes
                0x000007c0       0x2e c:/program files (x86)/atmel/studio/7.0/toolchain/arm/arm-gnu-toolchain/bin/../lib/gcc/arm-none-eabi/6.3.1/../../../../arm-none-eabi/lib/thumb/v7e-m\libg.a(lib_a-__call_atexit.o)
 .ARM.attributes
                0x000007ee       0x2e c:/program files (x86)/atmel/studio/7.0/toolchain/arm/arm-gnu-toolchain/bin/../lib/gcc/arm-none-eabi/6.3.1/../../../../arm-none-eabi/lib/thumb/v7e-m\libg.a(lib_a-atexit.o)
 .ARM.attributes
                0x0000081c       0x2e c:/program files (x86)/atmel/studio/7.0/toolchain/arm/arm-gnu-toolchain/bin/../lib/gcc/arm-none-eabi/6.3.1/../../../../arm-none-eabi/lib/thumb/v7e-m\libg.a(lib_a-dtoa.o)
 .ARM.attributes
                0x0000084a       0x2e c:/program files (x86)/atmel/studio/7.0/toolchain/arm/arm-gnu-toolchain/bin/../lib/gcc/arm-none-eabi/6.3.1/../../../../arm-none-eabi/lib/thumb/v7e-m\libg.a(lib_a-fflush.o)
 .ARM.attributes
                0x00000878       0x2e c:/program files (x86)/atmel/studio/7.0/toolchain/arm/arm-gnu-toolchain/bin/../lib/gcc/arm-none-eabi/6.3.1/../../../../arm-none-eabi/lib/thumb/v7e-m\libg.a(lib_a-findfp.o)
 .ARM.attributes
                0x000008a6       0x2e c:/program files (x86)/atmel/studio/7.0/toolchain/arm/arm-gnu-toolchain/bin/../lib/gcc/arm-none-eabi/6.3.1/../../../../arm-none-eabi/lib/thumb/v7e-m\libg.a(lib_a-fini.o)
 .ARM.attributes
                0x000008d4       0x2e c:/program files (x86)/atmel/studio/7.0/toolchain/arm/arm-gnu-toolchain/bin/../lib/gcc/arm-none-eabi/6.3.1/../../../../arm-none-eabi/lib/thumb/v7e-m\libg.a(lib_a-freer.o)
 .ARM.attributes
                0x00000902       0x2e c:/program files (x86)/atmel/studio/7.0/toolchain/arm/arm-gnu-toolchain/bin/../lib/gcc/arm-none-eabi/6.3.1/../../../../arm-none-eabi/lib/thumb/v7e-m\libg.a(lib_a-fwalk.o)
 .ARM.attributes
                0x00000930       0x2e c:/program files (x86)/atmel/studio/7.0/toolchain/arm/arm-gnu-toolchain/bin/../lib/gcc/arm-none-eabi/6.3.1/../../../../arm-none-eabi/lib/thumb/v7e-m\libg.a(lib_a-localeconv.o)
 .ARM.attributes
                0x0000095e       0x2e c:/program files (x86)/atmel/studio/7.0/toolchain/arm/arm-gnu-toolchain/bin/../lib/gcc/arm-none-eabi/6.3.1/../../../../arm-none-eabi/lib/thumb/v7e-m\libg.a(lib_a-lock.o)
 .ARM.attributes
                0x0000098c       0x2e c:/program files (x86)/atmel/studio/7.0/toolchain/arm/arm-gnu-toolchain/bin/../lib/gcc/arm-none-eabi/6.3.1/../../../../arm-none-eabi/lib/thumb/v7e-m\libg.a(lib_a-makebuf.o)
 .ARM.attributes
                0x000009ba       0x2e c:/program files (x86)/atmel/studio/7.0/toolchain/arm/arm-gnu-toolchain/bin/../lib/gcc/arm-none-eabi/6.3.1/../../../../arm-none-eabi/lib/thumb/v7e-m\libg.a(lib_a-malloc.o)
 .ARM.attributes
                0x000009e8       0x2e c:/program files (x86)/atmel/studio/7.0/toolchain/arm/arm-gnu-toolchain/bin/../lib/gcc/arm-none-eabi/6.3.1/../../../../arm-none-eabi/lib/thumb/v7e-m\libg.a(lib_a-mallocr.o)
 .ARM.attributes
                0x00000a16       0x1c c:/program files (x86)/atmel/studio/7.0/toolchain/arm/arm-gnu-toolchain/bin/../lib/gcc/arm-none-eabi/6.3.1/../../../../arm-none-eabi/lib/thumb/v7e-m\libg.a(lib_a-memchr.o)
 .ARM.attributes
                0x00000a32       0x2e c:/program files (x86)/atmel/studio/7.0/toolchain/arm/arm-gnu-toolchain/bin/../lib/gcc/arm-none-eabi/6.3.1/../../../../arm-none-eabi/lib/thumb/v7e-m\libg.a(lib_a-mlock.o)
 .ARM.attributes
                0x00000a60       0x2e c:/program files (x86)/atmel/studio/7.0/toolchain/arm/arm-gnu-toolchain/bin/../lib/gcc/arm-none-eabi/6.3.1/../../../../arm-none-eabi/lib/thumb/v7e-m\libg.a(lib_a-mprec.o)
 .ARM.attributes
                0x00000a8e       0x2e c:/program files (x86)/atmel/studio/7.0/toolchain/arm/arm-gnu-toolchain/bin/../lib/gcc/arm-none-eabi/6.3.1/../../../../arm-none-eabi/lib/thumb/v7e-m\libg.a(lib_a-sbrkr.o)
 .ARM.attributes
                0x00000abc       0x2e c:/program files (x86)/atmel/studio/7.0/toolchain/arm/arm-gnu-toolchain/bin/../lib/gcc/arm-none-eabi/6.3.1/../../../../arm-none-eabi/lib/thumb/v7e-m\libg.a(lib_a-stdio.o)
 .ARM.attributes
                0x00000aea       0x1c c:/program files (x86)/atmel/studio/7.0/toolchain/arm/arm-gnu-toolchain/bin/../lib/gcc/arm-none-eabi/6.3.1/../../../../arm-none-eabi/lib/thumb/v7e-m\libg.a(lib_a-strlen.o)
 .ARM.attributes
                0x00000b06       0x2e c:/program files (x86)/atmel/studio/7.0/toolchain/arm/arm-gnu-toolchain/bin/../lib/gcc/arm-none-eabi/6.3.1/../../../../arm-none-eabi/lib/thumb/v7e-m\libg.a(lib_a-vfiprintf.o)
 .ARM.attributes
                0x00000b34       0x2e c:/program files (x86)/atmel/studio/7.0/toolchain/arm/arm-gnu-toolchain/bin/../lib/gcc/arm-none-eabi/6.3.1/../../../../arm-none-eabi/lib/thumb/v7e-m\libg.a(lib_a-writer.o)
 .ARM.attributes
                0x00000b62       0x2e c:/program files (x86)/atmel/studio/7.0/toolchain/arm/arm-gnu-toolchain/bin/../lib/gcc/arm-none-eabi/6.3.1/../../../../arm-none-eabi/lib/thumb/v7e-m\libg.a(lib_a-__atexit.o)
 .ARM.attributes
                0x00000b90       0x2e c:/program files (x86)/atmel/studio/7.0/toolchain/arm/arm-gnu-toolchain/bin/../lib/gcc/arm-none-eabi/6.3.1/../../../../arm-none-eabi/lib/thumb/v7e-m\libg.a(lib_a-callocr.o)
 .ARM.attributes
                0x00000bbe       0x2e c:/program files (x86)/atmel/studio/7.0/toolchain/arm/arm-gnu-toolchain/bin/../lib/gcc/arm-none-eabi/6.3.1/../../../../arm-none-eabi/lib/thumb/v7e-m\libg.a(lib_a-closer.o)
 .ARM.attributes
                0x00000bec       0x2e c:/program files (x86)/atmel/studio/7.0/toolchain/arm/arm-gnu-toolchain/bin/../lib/gcc/arm-none-eabi/6.3.1/../../../../arm-none-eabi/lib/thumb/v7e-m\libg.a(lib_a-fclose.o)
 .ARM.attributes
                0x00000c1a       0x2e c:/program files (x86)/atmel/studio/7.0/toolchain/arm/arm-gnu-toolchain/bin/../lib/gcc/arm-none-eabi/6.3.1/../../../../arm-none-eabi/lib/thumb/v7e-m\libg.a(lib_a-fputwc.o)
 .ARM.attributes
                0x00000c48       0x2e c:/program files (x86)/atmel/studio/7.0/toolchain/arm/arm-gnu-toolchain/bin/../lib/gcc/arm-none-eabi/6.3.1/../../../../arm-none-eabi/lib/thumb/v7e-m\libg.a(lib_a-fstatr.o)
 .ARM.attributes
                0x00000c76       0x2e c:/program files (x86)/atmel/studio/7.0/toolchain/arm/arm-gnu-toolchain/bin/../lib/gcc/arm-none-eabi/6.3.1/../../../../arm-none-eabi/lib/thumb/v7e-m\libg.a(lib_a-fvwrite.o)
 .ARM.attributes
                0x00000ca4       0x2e c:/program files (x86)/atmel/studio/7.0/toolchain/arm/arm-gnu-toolchain/bin/../lib/gcc/arm-none-eabi/6.3.1/../../../../arm-none-eabi/lib/thumb/v7e-m\libg.a(lib_a-isattyr.o)
 .ARM.attributes
                0x00000cd2       0x2e c:/program files (x86)/atmel/studio/7.0/toolchain/arm/arm-gnu-toolchain/bin/../lib/gcc/arm-none-eabi/6.3.1/../../../../arm-none-eabi/lib/thumb/v7e-m\libg.a(lib_a-locale.o)
 .ARM.attributes
                0x00000d00       0x2e c:/program files (x86)/atmel/studio/7.0/toolchain/arm/arm-gnu-toolchain/bin/../lib/gcc/arm-none-eabi/6.3.1/../../../../arm-none-eabi/lib/thumb/v7e-m\libg.a(lib_a-lseekr.o)
 .ARM.attributes
                0x00000d2e       0x2e c:/program files (x86)/atmel/studio/7.0/toolchain/arm/arm-gnu-toolchain/bin/../lib/gcc/arm-none-eabi/6.3.1/../../../../arm-none-eabi/lib/thumb/v7e-m\libg.a(lib_a-mbtowc_r.o)
 .ARM.attributes
                0x00000d5c       0x2e c:/program files (x86)/atmel/studio/7.0/toolchain/arm/arm-gnu-toolchain/bin/../lib/gcc/arm-none-eabi/6.3.1/../../../../arm-none-eabi/lib/thumb/v7e-m\libg.a(lib_a-memmove.o)
 .ARM.attributes
                0x00000d8a       0x2e c:/program files (x86)/atmel/studio/7.0/toolchain/arm/arm-gnu-toolchain/bin/../lib/gcc/arm-none-eabi/6.3.1/../../../../arm-none-eabi/lib/thumb/v7e-m\libg.a(lib_a-readr.o)
 .ARM.attributes
                0x00000db8       0x2e c:/program files (x86)/atmel/studio/7.0/toolchain/arm/arm-gnu-toolchain/bin/../lib/gcc/arm-none-eabi/6.3.1/../../../../arm-none-eabi/lib/thumb/v7e-m\libg.a(lib_a-reallocr.o)
 .ARM.attributes
                0x00000de6       0x2e c:/program files (x86)/atmel/studio/7.0/toolchain/arm/arm-gnu-toolchain/bin/../lib/gcc/arm-none-eabi/6.3.1/../../../../arm-none-eabi/lib/thumb/v7e-m\libg.a(lib_a-reent.o)
 .ARM.attributes
                0x00000e14       0x2e c:/program files (x86)/atmel/studio/7.0/toolchain/arm/arm-gnu-toolchain/bin/../lib/gcc/arm-none-eabi/6.3.1/../../../../arm-none-eabi/lib/thumb/v7e-m\libg.a(lib_a-wbuf.o)
 .ARM.attributes
                0x00000e42       0x2e c:/program files (x86)/atmel/studio/7.0/toolchain/arm/arm-gnu-toolchain/bin/../lib/gcc/arm-none-eabi/6.3.1/../../../../arm-none-eabi/lib/thumb/v7e-m\libg.a(lib_a-wcrtomb.o)
 .ARM.attributes
                0x00000e70       0x2e c:/program files (x86)/atmel/studio/7.0/toolchain/arm/arm-gnu-toolchain/bin/../lib/gcc/arm-none-eabi/6.3.1/../../../../arm-none-eabi/lib/thumb/v7e-m\libg.a(lib_a-wctomb_r.o)
 .ARM.attributes
                0x00000e9e       0x2e c:/program files (x86)/atmel/studio/7.0/toolchain/arm/arm-gnu-toolchain/bin/../lib/gcc/arm-none-eabi/6.3.1/../../../../arm-none-eabi/lib/thumb/v7e-m\libg.a(lib_a-ctype_.o)
 .ARM.attributes
                0x00000ecc       0x1e c:/program files (x86)/atmel/studio/7.0/toolchain/arm/arm-gnu-toolchain/bin/../lib/gcc/arm-none-eabi/6.3.1/thumb/v7e-m\libgcc.a(_arm_addsubdf3.o)