Archive member included to satisfy reference by file (symbol)

../../../stack/LwMesh/TDMA/services/common_hw_timer/sam/lib\libsam4l_lib_hw_timer.a(common_hw_timer.o)
                              ../../../stack/LwMesh/TDMA/sys/src/sysTimer.o (common_tc_delay)
c:/program files (x86)/atmel/studio/7.0/toolchain/arm/arm-gnu-toolchain/bin/../lib/gcc/arm-none-eabi/6.3.1/../../../../arm-none-eabi/lib/thumb/v7e-m\libg.a(lib_a-exit.o)
                              c:/program files (x86)/atmel/studio/7.0/toolchain/arm/arm-gnu-toolchain/bin/../lib/gcc/arm-none-eabi/6.3.1/../../../../arm-none-eabi/lib/thumb/v7e-m/crt0.o (exit)
c:/program files (x86)/atmel/studio/7.0/toolchain/arm/arm-gnu-toolchain/bin/../lib/gcc/arm-none-eabi/6.3.1/../../../../arm-none-eabi/lib/thumb/v7e-m\libg.a(lib_a-impure.o)
                              c:/program files (x86)/atmel/studio/7.0/toolchain/arm/arm-gnu-toolchain/bin/../lib/gcc/arm-none-eabi/6.3.1/../../../../arm-none-eabi/lib/thumb/v7e-m\libg.a(lib_a-exit.o) (_global_impure_ptr)
c:/program files (x86)/atmel/studio/7.0/toolchain/arm/arm-gnu-toolchain/bin/../lib/gcc/arm-none-eabi/6.3.1/../../../../arm-none-eabi/lib/thumb/v7e-m\libg.a(lib_a-init.o)
                              c:/program files (x86)/atmel/studio/7.0/toolchain/arm/arm-gnu-toolchain/bin/../lib/gcc/arm-none-eabi/6.3.1/../../../../arm-none-eabi/lib/thumb/v7e-m/crt0.o (__libc_init_array)
c:/program files (x86)/atmel/studio/7.0/toolchain/arm/arm-gnu-toolchain/bin/../lib/gcc/arm-none-eabi/6.3.1/../../../../arm-none-eabi/lib/thumb/v7e-m\libg.a(lib_a-memcpy.o)
                              ../../../stack/LwMesh/TDMA/nwk/src/nwkDataReq.o (memcpy)
c:/program files (x86)/atmel/studio/7.0/toolchain/arm/arm-gnu-toolchain/bin/../lib/gcc/arm-none-eabi/6.3.1/../../../../arm-none-eabi/lib/thumb/v7e-m\libg.a(lib_a-memset.o)
                              c:/program files (x86)/atmel/studio/7.0/toolchain/arm/arm-gnu-toolchain/bin/../lib/gcc/arm-none-eabi/6.3.1/../../../../arm-none-eabi/lib/thumb/v7e-m/crt0.o (memset)
c:/program files (x86)/atmel/studio/7.0/toolchain/arm/arm-gnu-toolchain/bin/../lib/gcc/arm-none-eabi/6.3.1/../../../../arm-none-eabi/lib/thumb/v7e-m\libg.a(lib_a-printf.o)
                              hw_timer_lldn.o (printf)
c:/program files (x86)/atmel/studio/7.0/toolchain/arm/arm-gnu-toolchain/bin/../lib/gcc/arm-none-eabi/6.3.1/../../../../arm-none-eabi/lib/thumb/v7e-m\libg.a(lib_a-rand.o)
                              ../../../stack/LwMesh/TDMA/nwk/src/nwkTx.o (rand)
c:/program files (x86)/atmel/studio/7.0/toolchain/arm/arm-gnu-toolchain/bin/../lib/gcc/arm-none-eabi/6.3.1/../../../../arm-none-eabi/lib/thumb/v7e-m\libg.a(lib_a-setbuf.o)
                              ../../../platform/common/utils/stdio/stdio_usb/stdio_usb.o (setbuf)
c:/program files (x86)/atmel/studio/7.0/toolchain/arm/arm-gnu-toolchain/bin/../lib/gcc/arm-none-eabi/6.3.1/../../../../arm-none-eabi/lib/thumb/v7e-m\libg.a(lib_a-setvbuf.o)
                              c:/program files (x86)/atmel/studio/7.0/toolchain/arm/arm-gnu-toolchain/bin/../lib/gcc/arm-none-eabi/6.3.1/../../../../arm-none-eabi/lib/thumb/v7e-m\libg.a(lib_a-setbuf.o) (setvbuf)
c:/program files (x86)/atmel/studio/7.0/toolchain/arm/arm-gnu-toolchain/bin/../lib/gcc/arm-none-eabi/6.3.1/../../../../arm-none-eabi/lib/thumb/v7e-m\libg.a(lib_a-vfprintf.o)
                              c:/program files (x86)/atmel/studio/7.0/toolchain/arm/arm-gnu-toolchain/bin/../lib/gcc/arm-none-eabi/6.3.1/../../../../arm-none-eabi/lib/thumb/v7e-m\libg.a(lib_a-printf.o) (_vfprintf_r)
c:/program files (x86)/atmel/studio/7.0/toolchain/arm/arm-gnu-toolchain/bin/../lib/gcc/arm-none-eabi/6.3.1/../../../../arm-none-eabi/lib/thumb/v7e-m\libg.a(lib_a-wsetup.o)
                              c:/program files (x86)/atmel/studio/7.0/toolchain/arm/arm-gnu-toolchain/bin/../lib/gcc/arm-none-eabi/6.3.1/../../../../arm-none-eabi/lib/thumb/v7e-m\libg.a(lib_a-vfprintf.o) (__swsetup_r)
c:/program files (x86)/atmel/studio/7.0/toolchain/arm/arm-gnu-toolchain/bin/../lib/gcc/arm-none-eabi/6.3.1/../../../../arm-none-eabi/lib/thumb/v7e-m\libg.a(lib_a-__call_atexit.o)
                              c:/program files (x86)/atmel/studio/7.0/toolchain/arm/arm-gnu-toolchain/bin/../lib/gcc/arm-none-eabi/6.3.1/../../../../arm-none-eabi/lib/thumb/v7e-m\libg.a(lib_a-exit.o) (__call_exitprocs)
c:/program files (x86)/atmel/studio/7.0/toolchain/arm/arm-gnu-toolchain/bin/../lib/gcc/arm-none-eabi/6.3.1/../../../../arm-none-eabi/lib/thumb/v7e-m\libg.a(lib_a-atexit.o)
                              c:/program files (x86)/atmel/studio/7.0/toolchain/arm/arm-gnu-toolchain/bin/../lib/gcc/arm-none-eabi/6.3.1/../../../../arm-none-eabi/lib/thumb/v7e-m\libg.a(lib_a-__call_atexit.o) (atexit)
c:/program files (x86)/atmel/studio/7.0/toolchain/arm/arm-gnu-toolchain/bin/../lib/gcc/arm-none-eabi/6.3.1/../../../../arm-none-eabi/lib/thumb/v7e-m\libg.a(lib_a-dtoa.o)
[...]
Memory Configuration

Name             Origin             Length             Attributes
rom              0x00004000         0x0003c000         xr
ram              0x20000000         0x00008000         xrw
*default*        0x00000000         0xffffffff

Linker script and memory map

LOAD c:/program files (x86)/atmel/studio/7.0/toolchain/arm/arm-gnu-toolchain/bin/../lib/gcc/arm-none-eabi/6.3.1/thumb/v7e-m/crti.o
LOAD c:/program files (x86)/atmel/studio/7.0/toolchain/arm/arm-gnu-toolchain/bin/../lib/gcc/arm-none-eabi/6.3.1/thumb/v7e-m/crtbegin.o
LOAD c:/program files (x86)/atmel/studio/7.0/toolchain/arm/arm-gnu-toolchain/bin/../lib/gcc/arm-none-eabi/6.3.1/../../../../arm-none-eabi/lib/thumb/v7e-m/crt0.o
LOAD hw_timer_lldn.o
LOAD ../../../stack/LwMesh/TDMA/nwk/src/nwk.o
LOAD ../../../stack/LwMesh/TDMA/nwk/src/nwkDataReq.o
LOAD ../../../stack/LwMesh/TDMA/nwk/src/nwkFrame.o
LOAD ../../../stack/LwMesh/TDMA/nwk/src/nwkGroup.o
LOAD ../../../stack/LwMesh/TDMA/nwk/src/nwkRoute.o
LOAD ../../../stack/LwMesh/TDMA/nwk/src/nwkRouteDiscovery.o
LOAD ../../../stack/LwMesh/TDMA/nwk/src/nwkRx.o
LOAD ../../../stack/LwMesh/TDMA/nwk/src/nwkSecurity.o
LOAD ../../../stack/LwMesh/TDMA/nwk/src/nwkTx.o
LOAD ../../../stack/LwMesh/TDMA/phy/AT86RF233/src/phy.o
LOAD ../../../stack/LwMesh/TDMA/sys/src/sys.o
LOAD ../../../stack/LwMesh/TDMA/sys/src/sysEncrypt.o
LOAD ../../../stack/LwMesh/TDMA/sys/src/sysTimer.o
LOAD ../../../stack/LwMesh/TDMA/services/common_hw_timer/sam/hw_timer.o
LOAD ../../../stack/LwMesh/TDMA/services/sal/at86rf2xx/src/sal.o
LOAD ../../../stack/LwMesh/TDMA/services/sleep_mgr/sam4l/sleep_mgr.o
LOAD ../../../stack/LwMesh/TDMA/services/trx_access/trx_access.o
LOAD ../../../platform/sam/utils/cmsis/sam4l/source/templates/system_sam4l.o
LOAD ../../../platform/sam/utils/cmsis/sam4l/source/templates/exceptions.o
LOAD ../../../platform/sam/utils/cmsis/sam4l/source/templates/gcc/startup_sam4l.o
LOAD ../../../platform/sam/utils/syscalls/gcc/syscalls.o
LOAD ../../../platform/sam/utils/syscalls/gcc/hardfault_handler_c.o
LOAD ../../../platform/sam/drivers/ast/ast.o
LOAD ../../../platform/sam/drivers/bpm/bpm.o
LOAD ../../../platform/sam/drivers/flashcalw/flashcalw.o
LOAD ../../../platform/sam/drivers/gpio/gpio.o
LOAD ../../../platform/sam/drivers/eic/eic.o
LOAD ../../../platform/sam/drivers/spi/spi.o
LOAD ../../../platform/sam/drivers/tc/tc.o
LOAD ../../../platform/sam/drivers/usbc/usbc_device.o
LOAD ../../../platform/sam/drivers/usart/usart.o
LOAD ../../../platform/sam/drivers/wdt/wdt_sam4l.o
LOAD ../../../platform/common/services/clock/sam4l/sysclk.o
LOAD ../../../platform/common/services/clock/sam4l/dfll.o
LOAD ../../../platform/common/services/clock/sam4l/osc.o
LOAD ../../../platform/common/services/clock/sam4l/pll.o
LOAD ../../../platform/common/services/delay/sam/cycle_counter.o
LOAD ../../../platform/common/services/serial/usart_serial.o
LOAD ../../../platform/common/services/spi/sam_spi/spi_master.o
LOAD ../../../platform/common/services/spi/sam_usart_spi/usart_spi.o
LOAD ../../../platform/common/services/sleepmgr/sam/sleepmgr.o
LOAD ../../../platform/common/services/usb/udc/udc.o
LOAD ../../../platform/common/services/usb/class/cdc/device/udi_cdc.o
LOAD ../../../platform/common/services/usb/class/cdc/device/udi_cdc_desc.o
LOAD ../../../platform/common/utils/interrupt\interrupt_sam_nvic.o
LOAD ../../../platform/common/utils/stdio/read.o
LOAD ../../../platform/common/utils/stdio/write.o
LOAD ../../../platform/common/utils/stdio/stdio_usb/stdio_usb.o
LOAD ../../../platform/thirdparty/wireless/addons/sio2host/usb/sio2host.o
LOAD ../../../board/WM400/src/board_init.o
LOAD ../../../platform/resources/buffer/src/bmm.o
LOAD ../../../platform/resources/queue/src/qmm.o
LOAD ../../../platform/sam/utils/syscalls/gcc/hardfault_handler.o
START GROUP
LOAD ../../../stack/LwMesh/TDMA/services/common_hw_timer/sam/lib\libsam4l_lib_hw_timer.a
END GROUP
START GROUP
LOAD ../../../platform/thirdparty/CMSIS/Lib/GCC\libarm_cortexM4l_math.a
LOAD c:/program files (x86)/atmel/studio/7.0/toolchain/arm/arm-gnu-toolchain/bin/../lib/gcc/arm-none-eabi/6.3.1/../../../../arm-none-eabi/lib/thumb/v7e-m\libm.a
END GROUP
                0x00001000                __stack_size__ = DEFINED (__stack_size__)?__stack_size__:0x1000
                0x20007ffc                __ram_end__ = ((ORIGIN (ram) + LENGTH (ram)) - 0x4)

.text           0x00004000    0x1382c
                0x00004000                . = ALIGN (0x4)
                0x00004000                _sfixed = .
 *(.vectors .vectors.*)
 .vectors       0x00004000      0x180 ../../../platform/sam/utils/cmsis/sam4l/source/templates/gcc/startup_sam4l.o
                0x00004000                exception_table
 *(.text .text.* .gnu.linkonce.t.*)
 .text          0x00004180       0x6c c:/program files (x86)/atmel/studio/7.0/toolchain/arm/arm-gnu-toolchain/bin/../lib/gcc/arm-none-eabi/6.3.1/thumb/v7e-m/crtbegin.o
 .text          0x000041ec      0x938 hw_timer_lldn.o
                0x000047e0                hw_timer_lldn_setup
                0x00004848                hw_expiry_cb
                0x00004870                hw_callback
                0x000048a4                hw_overflow_cb
                0x000048bc                timer_stop
                0x000048d4                tc_delay
                0x000048fc                timer_init
                0x00004a14                timer_enable_cc_interrupt
                0x00004a3c                tc_compare_stop
                0x00004a64                TC10_Handler
                0x00004a80                APP_TaskHandler
                0x00004aa8                main
 .text          0x00004b24      0x1e4 ../../../stack/LwMesh/TDMA/nwk/src/nwk.o
                0x00004b24                NWK_Init
                0x00004b98                NWK_SetAddr
                0x00004bc0                NWK_SetPanId
                0x00004be8                NWK_OpenEndpoint
                0x00004c10                NWK_Busy
                0x00004c30                NWK_Lock
                0x00004c50                NWK_Unlock
                0x00004c70                NWK_SleepReq
                0x00004c80                NWK_WakeupReq
                0x00004c90                NWK_LinearizeLqi
                0x00004ce8                NWK_TaskHandler
 .text          0x00004d08      0x594 ../../../stack/LwMesh/TDMA/nwk/src/nwkDataReq.o
                0x00004d08                nwkDataReqInit
                0x00004d20                NWK_DataReq
                0x00005254                nwkDataReqTaskHandler
 .text          0x0000529c      0x26c ../../../stack/LwMesh/TDMA/nwk/src/nwkFrame.o
                0x0000529c                nwkFrameInit
                0x000052d4                nwkFrameAlloc
                0x0000537c                nwkFrameAlloc_LLDN
                0x00005454                nwkFrameFree
                0x00005480                nwkFrameNext
                0x000054cc                nwkFrameCommandInit
 .text          0x00005508      0x104 ../../../stack/LwMesh/TDMA/nwk/src/nwkGroup.o
                0x00005508                nwkGroupInit
                0x0000553c                NWK_GroupAdd
                0x0000555c                NWK_GroupRemove
                0x0000557c                NWK_GroupIsMember
 .text          0x0000560c      0xb90 ../../../stack/LwMesh/TDMA/nwk/src/nwkRx.o
                0x00005636                nwkRxInit
                0x00005698                PHY_DataInd
                0x000058b4                NWK_SetAckControl
                0x00006104                nwkRxTaskHandler
 .text          0x0000619c      0x6d8 ../../../stack/LwMesh/TDMA/nwk/src/nwkTx.o
                0x0000619c                nwkTxInit
                0x000061e8                nwkTxBeaconFrame
                0x00006258                nwkTxBeaconFrameLLDN
                0x000062d4                nwkTxMacCommandFrameLLDN
                0x00006380                nwkTxFrame
                0x00006474                nwkTxBroadcastFrame
                0x00006558                nwkTxAckReceived
                0x0000662c                nwkTxConfirm
                0x000066ec                PHY_DataConf
                0x00006738                nwkTxTaskHandler
 .text          0x00006874      0x684 ../../../stack/LwMesh/TDMA/phy/AT86RF233/src/phy.o
                0x000068fa                PHY_Init
                0x00006980                PHY_SetTdmaMode
                0x000069d6                PHY_SetRxState
                0x000069f8                PHY_SetChannel
                0x00006a28                PHY_SetPanId
                0x00006a58                PHY_SetShortAddr
                0x00006a9e                PHY_SetTxPower
                0x00006ace                PHY_Sleep
                0x00006b38                PHY_Wakeup
                0x00006b58                PHY_DataReq
                0x00006bb8                PHY_RandomReq
                0x00006c18                PHY_EncryptReq
                0x00006c50                PHY_EdReq
                0x00006dbc                PHY_SetIEEEAddr
                0x00006e00                PHY_TaskHandler
 .text          0x00006ef8       0x48 ../../../stack/LwMesh/TDMA/sys/src/sys.o
                0x00006ef8                SYS_Init
                0x00006f20                SYS_TaskHandler
 .text          0x00006f40      0x30c ../../../stack/LwMesh/TDMA/sys/src/sysTimer.o
                0x00006fc4                SYS_TimerInit
                0x00007004                SYS_TimerStart
                0x0000702c                SYS_TimerStop
                0x000070a0                SYS_TimerStarted
                0x000070d8                SYS_TimerTaskHandler
                0x00007224                SYS_HwExpiry_Cb
 .text          0x0000724c      0x3a4 ../../../stack/LwMesh/TDMA/services/common_hw_timer/sam/hw_timer.o
                0x00007300                tmr_read_count
                0x0000731c                save_cpu_interrupt
                0x0000732c                restore_cpu_interrupt
                0x00007346                tmr_stop
                0x00007360                tmr_write_cmpreg
                0x00007388                tmr_init
                0x00007408                tmr_disable_cc_interrupt
                0x00007430                tmr_enable_cc_interrupt
                0x00007458                tmr_disable_ovf_interrupt
                0x00007564                TC00_Handler
                0x00007580                TC01_Handler
                0x0000759c                TC02_Handler
                0x000075b8                TC11_Handler
                0x000075d4                TC12_Handler
 .text          0x000075f0      0x2c8 ../../../stack/LwMesh/TDMA/services/sal/at86rf2xx/src/sal.o
                0x000075f0                sal_init
                0x000075fc                sal_aes_setup
                0x0000779c                sal_aes_restart
                0x0000780c                _sal_aes_clean_up
                0x00007818                sal_aes_wrrd
                0x00007898                sal_aes_read
 .text          0x000078b8      0x458 ../../../stack/LwMesh/TDMA/services/sleep_mgr/sam4l/sleep_mgr.o
                0x00007c7c                sm_init
                0x00007cbc                sm_sleep
 .text          0x00007d10      0x930 ../../../stack/LwMesh/TDMA/services/trx_access/trx_access.o
                0x0000806c                GPIO_2_Handler
                0x000080bc                trx_spi_init
                0x00008170                PhyReset
                0x000081ac                trx_reg_read
                0x00008220                trx_reg_write
                0x00008290                trx_irq_init
                0x000082ac                trx_bit_read
                0x000082e6                trx_bit_write
                0x00008350                trx_frame_read
                0x000083bc                trx_frame_write
                0x00008424                trx_sram_write
                0x000084b8                trx_sram_read
                0x00008558                trx_aes_wrrd
 .text          0x00008640        0x6 ../../../platform/sam/utils/cmsis/sam4l/source/templates/exceptions.o
                0x00008640                DACC_Handler
                0x00008640                DebugMon_Handler
                0x00008640                TRNG_Handler
                0x00008640                SPI_Handler
                0x00008640                SysTick_Handler
                0x00008640                PDCA_10_Handler
                0x00008640                USART3_Handler
                0x00008640                AST_PER_Handler
                0x00008640                AST_CLKREADY_Handler
                0x00008640                AST_OVF_Handler
                0x00008640                PDCA_5_Handler
                0x00008640                PendSV_Handler
                0x00008640                SCIF_Handler
                0x00008640                PDCA_15_Handler
                0x00008640                CRCCU_Handler
                0x00008640                USART0_Handler
                0x00008640                TWIM3_Handler
                0x00008640                UsageFault_Handler
                0x00008640                PDCA_0_Handler
                0x00008640                PDCA_14_Handler
                0x00008640                BPM_Handler
                0x00008640                PARC_Handler
                0x00008640                WDT_Handler
                0x00008640                TWIS0_Handler
                0x00008640                PDCA_8_Handler
                0x00008640                TWIS1_Handler
                0x00008640                TWIM2_Handler
                0x00008640                AESA_Handler
                0x00008640                PDCA_13_Handler
                0x00008640                Dummy_Handler
                0x00008640                PDCA_3_Handler
                0x00008640                ABDACB_Handler
                0x00008640                CATB_Handler
                0x00008640                LCDCA_Handler
                0x00008640                USART1_Handler
                0x00008640                AST_READY_Handler
                0x00008640                PDCA_2_Handler
                0x00008640                AST_ALARM_Handler
                0x00008640                TWIM0_Handler
                0x00008640                PM_Handler
                0x00008640                PDCA_1_Handler
                0x00008640                PDCA_11_Handler
                0x00008640                ACIFC_Handler
                0x00008640                PDCA_6_Handler
                0x00008640                MemManage_Handler
                0x00008640                SVC_Handler
                0x00008640                PDCA_12_Handler
                0x00008640                PDCA_9_Handler
                0x00008640                ADCIFE_Handler
                0x00008640                PDCA_7_Handler
                0x00008640                PEVC_TR_Handler
                0x00008640                USART2_Handler
                0x00008640                TWIM1_Handler
                0x00008640                HFLASHC_Handler
                0x00008640                BSCIF_Handler
                0x00008640                IISC_Handler
                0x00008640                BusFault_Handler
                0x00008640                FREQM_Handler
                0x00008640                PDCA_4_Handler
                0x00008640                PEVC_OV_Handler
 *fill*         0x00008646        0x2 
 .text          0x00008648       0x84 ../../../platform/sam/utils/cmsis/sam4l/source/templates/gcc/startup_sam4l.o
                0x00008648                Reset_Handler
 .text          0x000086cc      0x110 ../../../platform/sam/utils/syscalls/gcc/syscalls.o
                0x000086cc                _sbrk
                0x00008724                link
                0x0000873c                _close
                0x00008752                _fstat
                0x00008770                _isatty
                0x00008784                _lseek
                0x0000879c                _exit
                0x000087b8                _kill
                0x000087cc                _getpid
 .text          0x000087dc       0x6c ../../../platform/sam/utils/syscalls/gcc/hardfault_handler_c.o
                0x000087dc                HardFault_Handler_C
 .text          0x00008848      0xa24 ../../../platform/sam/drivers/ast/ast.o
                0x00008a2c                ast_is_enabled
                0x00008a5c                ast_enable
                0x00008a7c                ast_disable
                0x00008ac4                ast_enable_counter_clear_on_alarm
                0x00008b0c                ast_clear_prescalar
                0x00008b44                ast_set_config
                0x00008c62                ast_configure_digital_tuner
                0x00008d6c                ast_init_digital_tuner
                0x00008dda                ast_disable_digital_tuner
                0x00008e12                ast_write_calendar_value
                0x00008e46                ast_write_counter_value
                0x00008e7a                ast_read_calendar_value
                0x00008e94                ast_write_alarm0_value
                0x00008ec8                ast_write_periodic0_value
                0x00008efc                ast_enable_interrupt
                0x00008f80                ast_disable_interrupt
                0x00009004                ast_clear_interrupt_flag
                0x00009088                ast_set_callback
                0x000090e0                ast_enable_wakeup
                0x0000914a                ast_disable_wakeup
                0x000091b4                ast_enable_event
                0x00009210                ast_disable_event
 .text          0x0000926c      0x4e8 ../../../platform/sam/drivers/bpm/bpm.o
                0x000092f0                bpm_power_scaling_cpu_failsafe
                0x0000938c                bpm_power_scaling_cpu
                0x000093e4                bpm_enable_fast_wakeup
                0x00009414                bpm_disable_fast_wakeup
                0x00009444                bpm_set_clk32_source
                0x0000948c                bpm_get_backup_wakeup_cause
                0x000094a2                bpm_enable_wakeup_source
                0x000094c2                bpm_disable_wakeup_source
                0x000094e4                bpm_enable_backup_pin
                0x00009504                bpm_disable_backup_pin
                0x00009526                bpm_enable_io_retention
                0x00009544                bpm_disable_io_retention
                0x00009562                bpm_enable_interrupt
                0x0000957c                bpm_disable_interrupt
                0x00009596                bpm_get_interrupt_mask
                0x000095ac                bpm_get_interrupt_status
                0x000095c2                bpm_clear_interrupt
                0x000095dc                bpm_get_status
                0x000095f2                bpm_get_version
                0x0000960a                bpm_sleep
 .text          0x00009754     0x12fc ../../../platform/sam/drivers/flashcalw/flashcalw.o
                0x00009754                flashcalw_get_flash_size
                0x000097d4                flashcalw_get_page_count
                0x000097e4                flashcalw_get_page_count_per_region
                0x000097f4                flashcalw_get_page_region
                0x0000981e                flashcalw_get_region_first_page_number
                0x0000983a                flashcalw_get_wait_state
                0x0000985c                flashcalw_set_wait_state
                0x0000988c                flashcalw_set_flash_waitstate_and_readmode
                0x00009940                flashcalw_is_ready_int_enabled
                0x00009964                flashcalw_enable_ready_int
                0x0000998c                flashcalw_is_lock_error_int_enabled
                0x000099b0                flashcalw_enable_lock_error_int
                0x000099d8                flashcalw_is_prog_error_int_enabled
                0x000099fc                flashcalw_enable_prog_error_int
                0x00009a24                flashcalw_is_ready
                0x00009a48                flashcalw_default_wait_until_ready
                0x00009a7c                flashcalw_is_lock_error
                0x00009aa0                flashcalw_is_programming_error
                0x00009ac4                flashcalw_get_command
                0x00009adc                flashcalw_get_page_number
                0x00009af4                flashcalw_issue_command
                0x00009b68                flashcalw_no_operation
                0x00009b7a                flashcalw_erase_all
                0x00009b8c                flashcalw_is_security_bit_active
                0x00009bb0                flashcalw_set_security_bit
                0x00009bc2                flashcalw_is_page_region_locked
                0x00009be4                flashcalw_is_region_locked
                0x00009c18                flashcalw_lock_page_region
                0x00009c40                flashcalw_lock_region
                0x00009c68                flashcalw_lock_all_regions
                0x00009cb0                flashcalw_read_gp_fuse_bit
                0x00009d0a                flashcalw_read_gp_fuse_bitfield
                0x00009d92                flashcalw_read_gp_fuse_byte
                0x00009dd0                flashcalw_read_all_gp_fuses
                0x00009e0c                flashcalw_erase_gp_fuse_bit
                0x00009e46                flashcalw_erase_gp_fuse_bitfield
                0x00009f04                flashcalw_erase_gp_fuse_byte
                0x00009f94                flashcalw_erase_all_gp_fuses
                0x00009fd6                flashcalw_write_gp_fuse_bit
                0x0000a004                flashcalw_write_gp_fuse_bitfield
                0x0000a094                flashcalw_write_gp_fuse_byte
                0x0000a0bc                flashcalw_write_all_gp_fuses
                0x0000a114                flashcalw_set_gp_fuse_bit
                0x0000a140                flashcalw_set_gp_fuse_bitfield
                0x0000a1d0                flashcalw_set_gp_fuse_byte
                0x0000a22c                flashcalw_set_all_gp_fuses
                0x0000a290                flashcalw_clear_page_buffer
                0x0000a2a2                flashcalw_is_page_erased
                0x0000a2c4                flashcalw_quick_page_read
                0x0000a2e2                flashcalw_erase_page
                0x0000a32c                flashcalw_erase_all_pages
                0x0000a390                flashcalw_write_page
                0x0000a3a8                flashcalw_quick_user_page_read
                0x0000a3c0                flashcalw_erase_user_page
                0x0000a3f2                flashcalw_write_user_page
                0x0000a404                flashcalw_memset8
                0x0000a43c                flashcalw_memset16
                0x0000a46e                flashcalw_memset32
                0x0000a4b8                flashcalw_memset64
                0x0000a7cc                flashcalw_memcpy
                0x0000a904                flashcalw_picocache_enable
                0x0000a930                flashcalw_picocache_disable
                0x0000a960                flashcalw_picocache_get_status
                0x0000a974                flashcalw_picocache_invalid_all
                0x0000a98c                flashcalw_picocache_invalid_line
                0x0000a9c0                flashcalw_picocache_set_monitor_mode
                0x0000a9dc                flashcalw_picocache_enable_monitor
                0x0000a9f4                flashcalw_picocache_disable_monitor
                0x0000aa0c                flashcalw_picocache_reset_monitor
                0x0000aa24                flashcalw_picocache_get_monitor_cnt
                0x0000aa38                flashcalw_picocache_get_version
 .text          0x0000aa50      0x310 ../../../platform/sam/drivers/gpio/gpio.o
                0x0000ab48                gpio_set_pin_callback
                0x0000aca0                GPIO_0_Handler
                0x0000acb0                GPIO_1_Handler
                0x0000acc2                GPIO_3_Handler
                0x0000acd4                GPIO_4_Handler
                0x0000ace4                GPIO_5_Handler
                0x0000acf6                GPIO_6_Handler
                0x0000ad08                GPIO_7_Handler
                0x0000ad1a                GPIO_8_Handler
                0x0000ad2a                GPIO_9_Handler
                0x0000ad3c                GPIO_10_Handler
                0x0000ad4e                GPIO_11_Handler
 .text          0x0000ad60      0x3f8 ../../../platform/sam/drivers/eic/eic.o
                0x0000af20                eic_line_set_config
                0x0000b014                eic_disable
                0x0000b034                eic_enable
                0x0000b054                eic_line_set_callback
                0x0000b0d8                NMI_Handler
                0x0000b0e6                EIC_1_Handler
                0x0000b0f4                EIC_2_Handler
                0x0000b102                EIC_3_Handler
                0x0000b110                EIC_4_Handler
                0x0000b11e                EIC_5_Handler
                0x0000b12c                EIC_6_Handler
                0x0000b13a                EIC_7_Handler
                0x0000b148                EIC_8_Handler
 .text          0x0000b158      0x45c ../../../platform/sam/drivers/spi/spi.o
                0x0000b17c                spi_enable_clock
                0x0000b198                spi_disable_clock
                0x0000b1b4                spi_set_peripheral_chip_select_value
                0x0000b1e6                spi_set_delay_between_chip_select
                0x0000b214                spi_read
                0x0000b280                spi_write
                0x0000b2fa                spi_set_clock_polarity
                0x0000b348                spi_set_clock_phase
                0x0000b396                spi_configure_cs_behavior
                0x0000b43a                spi_set_bits_per_transfer
                0x0000b482                spi_calc_baudrate_div
                0x0000b4bc                spi_set_baudrate_div
                0x0000b50a                spi_set_transfer_delay
                0x0000b566                spi_set_writeprotect
                0x0000b59c                spi_get_writeprotect_status
 .text          0x0000b5b4      0x358 ../../../platform/sam/drivers/tc/tc.o
                0x0000b5b4                tc_init
                0x0000b5ec                tc_sync_trigger
                0x0000b606                tc_set_block_mode
                0x0000b622                tc_init_2bit_gray
                0x0000b648                tc_start
                0x0000b668                tc_stop
                0x0000b688                tc_read_cv
                0x0000b6a8                tc_read_ra
                0x0000b6c8                tc_read_rb
                0x0000b6e8                tc_read_rc
                0x0000b708                tc_write_ra
                0x0000b72c                tc_write_rb
                0x0000b750                tc_write_rc
                0x0000b774                tc_enable_interrupt
                0x0000b79a                tc_disable_interrupt
                0x0000b7c0                tc_get_interrupt_mask
                0x0000b7e2                tc_get_status
                0x0000b804                tc_find_mck_divisor
                0x0000b8a8                tc_set_writeprotect
                0x0000b8dc                tc_get_feature
                0x0000b8f4                tc_get_version
 .text          0x0000b90c     0x1688 ../../../platform/sam/drivers/usbc/usbc_device.o
                0x0000baf8                USBC_Handler
                0x0000bc44                udd_include_vbus_monitoring
                0x0000bc52                udd_enable
                0x0000bd70                udd_disable
                0x0000bdc0                udd_attach
                0x0000be50                udd_detach
                0x0000be90                udd_is_high_speed
                0x0000be9e                udd_set_address
                0x0000bee4                udd_getaddress
                0x0000bf00                udd_get_frame_number
                0x0000bf20                udd_get_micro_frame_number
                0x0000bf2e                udd_send_remotewakeup
                0x0000bf70                udd_set_setup_payload
                0x0000bf98                udd_ep_alloc
                0x0000c070                udd_ep_free
                0x0000c0a8                udd_ep_is_halted
                0x0000c0dc                udd_ep_set_halt
                0x0000c11c                udd_ep_clear_halt
                0x0000c1d8                udd_ep_run
                0x0000c330                udd_ep_abort
                0x0000c3e0                udd_ep_wait_stall_clear
 .text          0x0000cf94      0x300 ../../../platform/sam/drivers/wdt/wdt_sam4l.o
                0x0000d030                wdt_get_config_defaults
                0x0000d06c                wdt_init
                0x0000d168                wdt_enable
                0x0000d1c0                wdt_disable
                0x0000d1fc                wdt_clear
                0x0000d238                wdt_reset_mcu
 .text          0x0000d294     0x15cc ../../../platform/common/services/clock/sam4l/sysclk.o
                0x0000da58                sysclk_priv_enable_module
                0x0000dab8                sysclk_priv_disable_module
                0x0000db18                sysclk_enable_pba_module
                0x0000db50                sysclk_disable_pba_module
                0x0000db88                sysclk_enable_pbb_module
                0x0000dbc0                sysclk_disable_pbb_module
                0x0000dbf8                sysclk_get_peripheral_bus_hz
                0x0000de54                sysclk_enable_peripheral_clock
                0x0000e262                sysclk_disable_peripheral_clock
                0x0000e65c                sysclk_set_prescalers
                0x0000e74c                sysclk_set_source
                0x0000e77c                sysclk_enable_usb
                0x0000e79a                sysclk_disable_usb
                0x0000e7a8                sysclk_init
 .text          0x0000e860      0x840 ../../../platform/common/services/clock/sam4l/dfll.o
                0x0000ed7a                dfll_enable_open_loop
                0x0000ee5c                dfll_disable_open_loop
                0x0000eec4                dfll_enable_closed_loop
                0x0000efb0                dfll_disable_closed_loop
                0x0000f018                dfll_enable_config_defaults
 .text          0x0000f0a0      0x34c ../../../platform/common/services/clock/sam4l/osc.o
                0x0000f124                osc_priv_enable_osc0
                0x0000f158                osc_priv_disable_osc0
                0x0000f194                osc_priv_enable_osc32
                0x0000f1c8                osc_priv_disable_osc32
                0x0000f20c                osc_priv_enable_rc32k
                0x0000f244                osc_priv_disable_rc32k
                0x0000f280                osc_priv_enable_rc1m
                0x0000f2b8                osc_priv_disable_rc1m
                0x0000f2f4                osc_priv_enable_rc80m
                0x0000f32c                osc_priv_disable_rc80m
                0x0000f368                osc_priv_enable_rcfast
                0x0000f3a8                osc_priv_disable_rcfast
 .text          0x0000f3ec      0x150 ../../../platform/common/services/clock/sam4l/pll.o
                0x0000f470                pll_config_write
                0x0000f4b4                pll_enable
                0x0000f4fc                pll_disable
 .text          0x0000f53c      0x48c ../../../platform/common/services/spi/sam_spi/spi_master.o
                0x0000f730                spi_master_init
                0x0000f788                spi_master_setup_device
                0x0000f838                spi_select_device
                0x0000f88c                spi_deselect_device
                0x0000f8c0                spi_write_packet
                0x0000f92c                spi_read_packet
 .text          0x0000f9c8      0xae8 ../../../platform/common/services/usb/udc/udc.o
                0x0000f9c8                udc_get_interface_desc
                0x0000fc18                udc_start
                0x0000fc28                udc_stop
                0x0000fc3c                udc_reset
                0x0000fc8c                udc_sof_notify
                0x0001042c                udc_process_setup
 .text          0x000104b0     0x10e8 ../../../platform/common/services/usb/class/cdc/device/udi_cdc.o
                0x00010534                udi_cdc_comm_enable
                0x00010674                udi_cdc_data_enable
                0x00010754                udi_cdc_comm_disable
                0x00010774                udi_cdc_data_disable
                0x000107ac                udi_cdc_comm_setup
                0x00010868                udi_cdc_data_setup
                0x00010876                udi_cdc_getsetting
                0x00010884                udi_cdc_data_sof_notify
                0x00010e94                udi_cdc_ctrl_signal_dcd
                0x00010eb2                udi_cdc_ctrl_signal_dsr
                0x00010ed0                udi_cdc_signal_framing_error
                0x00010ee2                udi_cdc_signal_parity_error
                0x00010ef4                udi_cdc_signal_overrun
                0x00010f06                udi_cdc_multi_ctrl_signal_dcd
                0x00010f2a                udi_cdc_multi_ctrl_signal_dsr
                0x00010f4e                udi_cdc_multi_signal_framing_error
                0x00010f6c                udi_cdc_multi_signal_parity_error
                0x00010f8a                udi_cdc_multi_signal_overrun
                0x00010fa8                udi_cdc_multi_get_nb_received_data
                0x00011000                udi_cdc_get_nb_received_data
                0x00011010                udi_cdc_multi_is_rx_ready
                0x00011036                udi_cdc_is_rx_ready
                0x00011046                udi_cdc_multi_getc
                0x00011130                udi_cdc_getc
                0x00011140                udi_cdc_multi_read_buf
                0x00011248                udi_cdc_read_buf
                0x00011266                udi_cdc_multi_get_free_tx_buffer
                0x0001132c                udi_cdc_get_free_tx_buffer
                0x0001133c                udi_cdc_multi_is_tx_ready
                0x00011362                udi_cdc_is_tx_ready
                0x00011372                udi_cdc_multi_putc
                0x00011450                udi_cdc_putc
                0x0001146a                udi_cdc_multi_write_buf
                0x00011578                udi_cdc_write_buf
 .text          0x00011598       0x54 ../../../platform/common/utils/stdio/read.o
                0x00011598                _read
 .text          0x000115ec       0x6c ../../../platform/common/utils/stdio/write.o
                0x000115ec                _write
 .text          0x00011658      0x10c ../../../platform/common/utils/stdio/stdio_usb/stdio_usb.o
                0x00011658                stdio_usb_putchar
                0x0001169c                stdio_usb_getchar
                0x000116d8                stdio_usb_enable
                0x000116f0                stdio_usb_disable
                0x00011708                stdio_usb_init
 .text          0x00011764      0x470 ../../../board/WM400/src/board_init.o
                0x00011a82                board_init
 .text          0x00011bd4       0x12 ../../../platform/sam/utils/syscalls/gcc/hardfault_handler.o
                0x00011bd4                HardFault_Handler
 *fill*         0x00011be6        0x2 
 .text.common_tc_delay
                0x00011be8       0x98 ../../../stack/LwMesh/TDMA/services/common_hw_timer/sam/lib\libsam4l_lib_hw_timer.a(common_hw_timer.o)
                0x00011be8                common_tc_delay
 .text.common_tc_init
                0x00011c80       0x28 ../../../stack/LwMesh/TDMA/services/common_hw_timer/sam/lib\libsam4l_lib_hw_timer.a(common_hw_timer.o)
                0x00011c80                common_tc_init
 .text.tmr_ovf_callback
                0x00011ca8       0x60 ../../../stack/LwMesh/TDMA/services/common_hw_timer/sam/lib\libsam4l_lib_hw_timer.a(common_hw_timer.o)
                0x00011ca8                tmr_ovf_callback
 .text.tmr_cca_callback
                0x00011d08       0x1c ../../../stack/LwMesh/TDMA/services/common_hw_timer/sam/lib\libsam4l_lib_hw_timer.a(common_hw_timer.o)
                0x00011d08                tmr_cca_callback
 .text.set_common_tc_expiry_callback
                0x00011d24        0xc ../../../stack/LwMesh/TDMA/services/common_hw_timer/sam/lib\libsam4l_lib_hw_timer.a(common_hw_timer.o)
                0x00011d24                set_common_tc_expiry_callback
 .text.__libc_init_array
                0x00011d30       0x50 c:/program files (x86)/atmel/studio/7.0/toolchain/arm/arm-gnu-toolchain/bin/../lib/gcc/arm-none-eabi/6.3.1/../../../../arm-none-eabi/lib/thumb/v7e-m\libg.a(lib_a-init.o)
                0x00011d30                __libc_init_array
 .text          0x00011d80      0x134 c:/program files (x86)/atmel/studio/7.0/toolchain/arm/arm-gnu-toolchain/bin/../lib/gcc/arm-none-eabi/6.3.1/../../../../arm-none-eabi/lib/thumb/v7e-m\libg.a(lib_a-memcpy.o)
                0x00011d80                memcpy
 .text.memset   0x00011eb4       0x9c c:/program files (x86)/atmel/studio/7.0/toolchain/arm/arm-gnu-toolchain/bin/../lib/gcc/arm-none-eabi/6.3.1/../../../../arm-none-eabi/lib/thumb/v7e-m\libg.a(lib_a-memset.o)
                0x00011eb4                memset
 .text.printf   0x00011f50       0x28 c:/program files (x86)/atmel/studio/7.0/toolchain/arm/arm-gnu-toolchain/bin/../lib/gcc/arm-none-eabi/6.3.1/../../../../arm-none-eabi/lib/thumb/v7e-m\libg.a(lib_a-printf.o)
                0x00011f50                printf
 .text.rand     0x00011f78       0x40 c:/program files (x86)/atmel/studio/7.0/toolchain/arm/arm-gnu-toolchain/bin/../lib/gcc/arm-none-eabi/6.3.1/../../../../arm-none-eabi/lib/thumb/v7e-m\libg.a(lib_a-rand.o)
                0x00011f78                rand
 .text.setbuf   0x00011fb8       0x10 c:/program files (x86)/atmel/studio/7.0/toolchain/arm/arm-gnu-toolchain/bin/../lib/gcc/arm-none-eabi/6.3.1/../../../../arm-none-eabi/lib/thumb/v7e-m\libg.a(lib_a-setbuf.o)
                0x00011fb8                setbuf
 .text.setvbuf  0x00011fc8      0x190 c:/program files (x86)/atmel/studio/7.0/toolchain/arm/arm-gnu-toolchain/bin/../lib/gcc/arm-none-eabi/6.3.1/../../../../arm-none-eabi/lib/thumb/v7e-m\libg.a(lib_a-setvbuf.o)
                0x00011fc8                setvbuf
 .text._vfprintf_r
                0x00012158     0x1558 c:/program files (x86)/atmel/studio/7.0/toolchain/arm/arm-gnu-toolchain/bin/../lib/gcc/arm-none-eabi/6.3.1/../../../../arm-none-eabi/lib/thumb/v7e-m\libg.a(lib_a-vfprintf.o)
                0x00012158                _vfprintf_r
 .text.__sbprintf
                0x000136b0       0x84 c:/program files (x86)/atmel/studio/7.0/toolchain/arm/arm-gnu-toolchain/bin/../lib/gcc/arm-none-eabi/6.3.1/../../../../arm-none-eabi/lib/thumb/v7e-m\libg.a(lib_a-vfprintf.o)
 .text.__swsetup_r
                0x00013734       0xc8 c:/program files (x86)/atmel/studio/7.0/toolchain/arm/arm-gnu-toolchain/bin/../lib/gcc/arm-none-eabi/6.3.1/../../../../arm-none-eabi/lib/thumb/v7e-m\libg.a(lib_a-wsetup.o)
                0x00013734                __swsetup_r
 .text.startup.register_fini
                0x000137fc       0x14 c:/program files (x86)/atmel/studio/7.0/toolchain/arm/arm-gnu-toolchain/bin/../lib/gcc/arm-none-eabi/6.3.1/../../../../arm-none-eabi/lib/thumb/v7e-m\libg.a(lib_a-__call_atexit.o)
 .text.atexit   0x00013810        0xc c:/program files (x86)/atmel/studio/7.0/toolchain/arm/arm-gnu-toolchain/bin/../lib/gcc/arm-none-eabi/6.3.1/../../../../arm-none-eabi/lib/thumb/v7e-m\libg.a(lib_a-atexit.o)
                0x00013810                atexit
 .text.quorem   0x0001381c      0x128 c:/program files (x86)/atmel/studio/7.0/toolchain/arm/arm-gnu-toolchain/bin/../lib/gcc/arm-none-eabi/6.3.1/../../../../arm-none-eabi/lib/thumb/v7e-m\libg.a(lib_a-dtoa.o)
 *fill*         0x00013944        0x4 
 .text._dtoa_r  0x00013948      0xe54 c:/program files (x86)/atmel/studio/7.0/toolchain/arm/arm-gnu-toolchain/bin/../lib/gcc/arm-none-eabi/6.3.1/../../../../arm-none-eabi/lib/thumb/v7e-m\libg.a(lib_a-dtoa.o)
                0x00013948                _dtoa_r
 .text.__sflush_r
                0x0001479c      0x140 c:/program files (x86)/atmel/studio/7.0/toolchain/arm/arm-gnu-toolchain/bin/../lib/gcc/arm-none-eabi/6.3.1/../../../../arm-none-eabi/lib/thumb/v7e-m\libg.a(lib_a-fflush.o)
                0x0001479c                __sflush_r
 .text._fflush_r
                0x000148dc       0x54 c:/program files (x86)/atmel/studio/7.0/toolchain/arm/arm-gnu-toolchain/bin/../lib/gcc/arm-none-eabi/6.3.1/../../../../arm-none-eabi/lib/thumb/v7e-m\libg.a(lib_a-fflush.o)
                0x000148dc                _fflush_r
 .text._cleanup_r
                0x00014930        0xc c:/program files (x86)/atmel/studio/7.0/toolchain/arm/arm-gnu-toolchain/bin/../lib/gcc/arm-none-eabi/6.3.1/../../../../arm-none-eabi/lib/thumb/v7e-m\libg.a(lib_a-findfp.o)
                0x00014930                _cleanup_r
 .text.std.isra.0
                0x0001493c       0x50 c:/program files (x86)/atmel/studio/7.0/toolchain/arm/arm-gnu-toolchain/bin/../lib/gcc/arm-none-eabi/6.3.1/../../../../arm-none-eabi/lib/thumb/v7e-m\libg.a(lib_a-findfp.o)
 .text.__sinit  0x0001498c       0x58 c:/program files (x86)/atmel/studio/7.0/toolchain/arm/arm-gnu-toolchain/bin/../lib/gcc/arm-none-eabi/6.3.1/../../../../arm-none-eabi/lib/thumb/v7e-m\libg.a(lib_a-findfp.o)
                0x0001498c                __sinit
 .text.__sfp_lock_acquire
                0x000149e4        0xc c:/program files (x86)/atmel/studio/7.0/toolchain/arm/arm-gnu-toolchain/bin/../lib/gcc/arm-none-eabi/6.3.1/../../../../arm-none-eabi/lib/thumb/v7e-m\libg.a(lib_a-findfp.o)
                0x000149e4                __sfp_lock_acquire
 .text.__sfp_lock_release
                0x000149f0        0xc c:/program files (x86)/atmel/studio/7.0/toolchain/arm/arm-gnu-toolchain/bin/../lib/gcc/arm-none-eabi/6.3.1/../../../../arm-none-eabi/lib/thumb/v7e-m\libg.a(lib_a-findfp.o)
                0x000149f0                __sfp_lock_release
 .text.__libc_fini_array
                0x000149fc       0x34 c:/program files (x86)/atmel/studio/7.0/toolchain/arm/arm-gnu-toolchain/bin/../lib/gcc/arm-none-eabi/6.3.1/../../../../arm-none-eabi/lib/thumb/v7e-m\libg.a(lib_a-fini.o)
                0x000149fc                __libc_fini_array
 .text._malloc_trim_r
                0x00014a30       0xa0 c:/program files (x86)/atmel/studio/7.0/toolchain/arm/arm-gnu-toolchain/bin/../lib/gcc/arm-none-eabi/6.3.1/../../../../arm-none-eabi/lib/thumb/v7e-m\libg.a(lib_a-freer.o)
                0x00014a30                _malloc_trim_r
 .text._free_r  0x00014ad0      0x1cc c:/program files (x86)/atmel/studio/7.0/toolchain/arm/arm-gnu-toolchain/bin/../lib/gcc/arm-none-eabi/6.3.1/../../../../arm-none-eabi/lib/thumb/v7e-m\libg.a(lib_a-freer.o)
                0x00014ad0                _free_r
 .text._fwalk_reent
                0x00014c9c       0x54 c:/program files (x86)/atmel/studio/7.0/toolchain/arm/arm-gnu-toolchain/bin/../lib/gcc/arm-none-eabi/6.3.1/../../../../arm-none-eabi/lib/thumb/v7e-m\libg.a(lib_a-fwalk.o)
                0x00014c9c                _fwalk_reent
 .text._localeconv_r
                0x00014cf0       0x1c c:/program files (x86)/atmel/studio/7.0/toolchain/arm/arm-gnu-toolchain/bin/../lib/gcc/arm-none-eabi/6.3.1/../../../../arm-none-eabi/lib/thumb/v7e-m\libg.a(lib_a-localeconv.o)
                0x00014cf0                _localeconv_r
 .text.__retarget_lock_init_recursive
                0x00014d0c        0x4 c:/program files (x86)/atmel/studio/7.0/toolchain/arm/arm-gnu-toolchain/bin/../lib/gcc/arm-none-eabi/6.3.1/../../../../arm-none-eabi/lib/thumb/v7e-m\libg.a(lib_a-lock.o)
                0x00014d0c                __retarget_lock_init_recursive
 .text.__retarget_lock_close_recursive
                0x00014d10        0x4 c:/program files (x86)/atmel/studio/7.0/toolchain/arm/arm-gnu-toolchain/bin/../lib/gcc/arm-none-eabi/6.3.1/../../../../arm-none-eabi/lib/thumb/v7e-m\libg.a(lib_a-lock.o)
                0x00014d10                __retarget_lock_close_recursive
 .text.__retarget_lock_acquire_recursive
                0x00014d14        0x4 c:/program files (x86)/atmel/studio/7.0/toolchain/arm/arm-gnu-toolchain/bin/../lib/gcc/arm-none-eabi/6.3.1/../../../../arm-none-eabi/lib/thumb/v7e-m\libg.a(lib_a-lock.o)
                0x00014d14                __retarget_lock_acquire_recursive
 .text.__retarget_lock_release_recursive
                0x00014d18        0x4 c:/program files (x86)/atmel/studio/7.0/toolchain/arm/arm-gnu-toolchain/bin/../lib/gcc/arm-none-eabi/6.3.1/../../../../arm-none-eabi/lib/thumb/v7e-m\libg.a(lib_a-lock.o)
                0x00014d18                __retarget_lock_release_recursive
 .text.__swhatbuf_r
                0x00014d1c       0x5c c:/program files (x86)/atmel/studio/7.0/toolchain/arm/arm-gnu-toolchain/bin/../lib/gcc/arm-none-eabi/6.3.1/../../../../arm-none-eabi/lib/thumb/v7e-m\libg.a(lib_a-makebuf.o)
                0x00014d1c                __swhatbuf_r
 .text.__smakebuf_r
                0x00014d78       0x94 c:/program files (x86)/atmel/studio/7.0/toolchain/arm/arm-gnu-toolchain/bin/../lib/gcc/arm-none-eabi/6.3.1/../../../../arm-none-eabi/lib/thumb/v7e-m\libg.a(lib_a-makebuf.o)
                0x00014d78                __smakebuf_r
 .text.malloc   0x00014e0c       0x10 c:/program files (x86)/atmel/studio/7.0/toolchain/arm/arm-gnu-toolchain/bin/../lib/gcc/arm-none-eabi/6.3.1/../../../../arm-none-eabi/lib/thumb/v7e-m\libg.a(lib_a-malloc.o)
                0x00014e0c                malloc
 .text._malloc_r
                0x00014e1c      0x560 c:/program files (x86)/atmel/studio/7.0/toolchain/arm/arm-gnu-toolchain/bin/../lib/gcc/arm-none-eabi/6.3.1/../../../../arm-none-eabi/lib/thumb/v7e-m\libg.a(lib_a-mallocr.o)
                0x00014e1c                _malloc_r
 *fill*         0x0001537c        0x4 
 .text          0x00015380       0xa0 c:/program files (x86)/atmel/studio/7.0/toolchain/arm/arm-gnu-toolchain/bin/../lib/gcc/arm-none-eabi/6.3.1/../../../../arm-none-eabi/lib/thumb/v7e-m\libg.a(lib_a-memchr.o)
                0x00015380                memchr
 .text.__malloc_lock
                0x00015420        0xc c:/program files (x86)/atmel/studio/7.0/toolchain/arm/arm-gnu-toolchain/bin/../lib/gcc/arm-none-eabi/6.3.1/../../../../arm-none-eabi/lib/thumb/v7e-m\libg.a(lib_a-mlock.o)
                0x00015420                __malloc_lock
 .text.__malloc_unlock
                0x0001542c        0xc c:/program files (x86)/atmel/studio/7.0/toolchain/arm/arm-gnu-toolchain/bin/../lib/gcc/arm-none-eabi/6.3.1/../../../../arm-none-eabi/lib/thumb/v7e-m\libg.a(lib_a-mlock.o)
                0x0001542c                __malloc_unlock
 .text._Balloc  0x00015438       0x4c c:/program files (x86)/atmel/studio/7.0/toolchain/arm/arm-gnu-toolchain/bin/../lib/gcc/arm-none-eabi/6.3.1/../../../../arm-none-eabi/lib/thumb/v7e-m\libg.a(lib_a-mprec.o)
                0x00015438                _Balloc
 .text._Bfree   0x00015484       0x14 c:/program files (x86)/atmel/studio/7.0/toolchain/arm/arm-gnu-toolchain/bin/../lib/gcc/arm-none-eabi/6.3.1/../../../../arm-none-eabi/lib/thumb/v7e-m\libg.a(lib_a-mprec.o)
                0x00015484                _Bfree
 .text.__multadd
                0x00015498       0x80 c:/program files (x86)/atmel/studio/7.0/toolchain/arm/arm-gnu-toolchain/bin/../lib/gcc/arm-none-eabi/6.3.1/../../../../arm-none-eabi/lib/thumb/v7e-m\libg.a(lib_a-mprec.o)
                0x00015498                __multadd
 .text.__hi0bits
                0x00015518       0x40 c:/program files (x86)/atmel/studio/7.0/toolchain/arm/arm-gnu-toolchain/bin/../lib/gcc/arm-none-eabi/6.3.1/../../../../arm-none-eabi/lib/thumb/v7e-m\libg.a(lib_a-mprec.o)
                0x00015518                __hi0bits
 .text.__lo0bits
                0x00015558       0x60 c:/program files (x86)/atmel/studio/7.0/toolchain/arm/arm-gnu-toolchain/bin/../lib/gcc/arm-none-eabi/6.3.1/../../../../arm-none-eabi/lib/thumb/v7e-m\libg.a(lib_a-mprec.o)
                0x00015558                __lo0bits
 .text.__i2b    0x000155b8       0x14 c:/program files (x86)/atmel/studio/7.0/toolchain/arm/arm-gnu-toolchain/bin/../lib/gcc/arm-none-eabi/6.3.1/../../../../arm-none-eabi/lib/thumb/v7e-m\libg.a(lib_a-mprec.o)
                0x000155b8                __i2b
 .text.__multiply
                0x000155cc      0x124 c:/program files (x86)/atmel/studio/7.0/toolchain/arm/arm-gnu-toolchain/bin/../lib/gcc/arm-none-eabi/6.3.1/../../../../arm-none-eabi/lib/thumb/v7e-m\libg.a(lib_a-mprec.o)
                0x000155cc                __multiply
 .text.__pow5mult
                0x000156f0       0xa0 c:/program files (x86)/atmel/studio/7.0/toolchain/arm/arm-gnu-toolchain/bin/../lib/gcc/arm-none-eabi/6.3.1/../../../../arm-none-eabi/lib/thumb/v7e-m\libg.a(lib_a-mprec.o)
                0x000156f0                __pow5mult
 .text.__lshift
                0x00015790       0xa4 c:/program files (x86)/atmel/studio/7.0/toolchain/arm/arm-gnu-toolchain/bin/../lib/gcc/arm-none-eabi/6.3.1/../../../../arm-none-eabi/lib/thumb/v7e-m\libg.a(lib_a-mprec.o)
                0x00015790                __lshift
 .text.__mcmp   0x00015834       0x38 c:/program files (x86)/atmel/studio/7.0/toolchain/arm/arm-gnu-toolchain/bin/../lib/gcc/arm-none-eabi/6.3.1/../../../../arm-none-eabi/lib/thumb/v7e-m\libg.a(lib_a-mprec.o)
                0x00015834                __mcmp
 .text.__mdiff  0x0001586c      0x108 c:/program files (x86)/atmel/studio/7.0/toolchain/arm/arm-gnu-toolchain/bin/../lib/gcc/arm-none-eabi/6.3.1/../../../../arm-none-eabi/lib/thumb/v7e-m\libg.a(lib_a-mprec.o)
                0x0001586c                __mdiff
 .text.__d2b    0x00015974       0xb8 c:/program files (x86)/atmel/studio/7.0/toolchain/arm/arm-gnu-toolchain/bin/../lib/gcc/arm-none-eabi/6.3.1/../../../../arm-none-eabi/lib/thumb/v7e-m\libg.a(lib_a-mprec.o)
                0x00015974                __d2b
 .text._sbrk_r  0x00015a2c       0x24 c:/program files (x86)/atmel/studio/7.0/toolchain/arm/arm-gnu-toolchain/bin/../lib/gcc/arm-none-eabi/6.3.1/../../../../arm-none-eabi/lib/thumb/v7e-m\libg.a(lib_a-sbrkr.o)
                0x00015a2c                _sbrk_r
 .text.__sread  0x00015a50       0x24 c:/program files (x86)/atmel/studio/7.0/toolchain/arm/arm-gnu-toolchain/bin/../lib/gcc/arm-none-eabi/6.3.1/../../../../arm-none-eabi/lib/thumb/v7e-m\libg.a(lib_a-stdio.o)
                0x00015a50                __sread
 .text.__swrite
                0x00015a74       0x3c c:/program files (x86)/atmel/studio/7.0/toolchain/arm/arm-gnu-toolchain/bin/../lib/gcc/arm-none-eabi/6.3.1/../../../../arm-none-eabi/lib/thumb/v7e-m\libg.a(lib_a-stdio.o)
                0x00015a74                __swrite
 .text.__sseek  0x00015ab0       0x20 c:/program files (x86)/atmel/studio/7.0/toolchain/arm/arm-gnu-toolchain/bin/../lib/gcc/arm-none-eabi/6.3.1/../../../../arm-none-eabi/lib/thumb/v7e-m\libg.a(lib_a-stdio.o)
                0x00015ab0                __sseek
 .text.__sclose
                0x00015ad0        0x8 c:/program files (x86)/atmel/studio/7.0/toolchain/arm/arm-gnu-toolchain/bin/../lib/gcc/arm-none-eabi/6.3.1/../../../../arm-none-eabi/lib/thumb/v7e-m\libg.a(lib_a-stdio.o)
                0x00015ad0                __sclose
 *fill*         0x00015ad8       0x28 
 .text          0x00015b00       0xdc c:/program files (x86)/atmel/studio/7.0/toolchain/arm/arm-gnu-toolchain/bin/../lib/gcc/arm-none-eabi/6.3.1/../../../../arm-none-eabi/lib/thumb/v7e-m\libg.a(lib_a-strlen.o)
                0x00015b00                strlen
 .text.__sprint_r.part.0
                0x00015bdc       0x80 c:/program files (x86)/atmel/studio/7.0/toolchain/arm/arm-gnu-toolchain/bin/../lib/gcc/arm-none-eabi/6.3.1/../../../../arm-none-eabi/lib/thumb/v7e-m\libg.a(lib_a-vfiprintf.o)
 .text.__sprint_r
                0x00015c5c       0x14 c:/program files (x86)/atmel/studio/7.0/toolchain/arm/arm-gnu-toolchain/bin/../lib/gcc/arm-none-eabi/6.3.1/../../../../arm-none-eabi/lib/thumb/v7e-m\libg.a(lib_a-vfiprintf.o)
                0x00015c5c                __sprint_r
 .text._write_r
                0x00015c70       0x2c c:/program files (x86)/atmel/studio/7.0/toolchain/arm/arm-gnu-toolchain/bin/../lib/gcc/arm-none-eabi/6.3.1/../../../../arm-none-eabi/lib/thumb/v7e-m\libg.a(lib_a-writer.o)
                0x00015c70                _write_r
 .text.__register_exitproc
                0x00015c9c       0xc4 c:/program files (x86)/atmel/studio/7.0/toolchain/arm/arm-gnu-toolchain/bin/../lib/gcc/arm-none-eabi/6.3.1/../../../../arm-none-eabi/lib/thumb/v7e-m\libg.a(lib_a-__atexit.o)
                0x00015c9c                __register_exitproc
 .text._calloc_r
                0x00015d60       0x60 c:/program files (x86)/atmel/studio/7.0/toolchain/arm/arm-gnu-toolchain/bin/../lib/gcc/arm-none-eabi/6.3.1/../../../../arm-none-eabi/lib/thumb/v7e-m\libg.a(lib_a-callocr.o)
                0x00015d60                _calloc_r
 .text._close_r
                0x00015dc0       0x24 c:/program files (x86)/atmel/studio/7.0/toolchain/arm/arm-gnu-toolchain/bin/../lib/gcc/arm-none-eabi/6.3.1/../../../../arm-none-eabi/lib/thumb/v7e-m\libg.a(lib_a-closer.o)
                0x00015dc0                _close_r
 .text._fclose_r
                0x00015de4       0xc4 c:/program files (x86)/atmel/studio/7.0/toolchain/arm/arm-gnu-toolchain/bin/../lib/gcc/arm-none-eabi/6.3.1/../../../../arm-none-eabi/lib/thumb/v7e-m\libg.a(lib_a-fclose.o)
                0x00015de4                _fclose_r
 .text.__fputwc
                0x00015ea8       0xa0 c:/program files (x86)/atmel/studio/7.0/toolchain/arm/arm-gnu-toolchain/bin/../lib/gcc/arm-none-eabi/6.3.1/../../../../arm-none-eabi/lib/thumb/v7e-m\libg.a(lib_a-fputwc.o)
                0x00015ea8                __fputwc
 .text._fputwc_r
                0x00015f48       0x68 c:/program files (x86)/atmel/studio/7.0/toolchain/arm/arm-gnu-toolchain/bin/../lib/gcc/arm-none-eabi/6.3.1/../../../../arm-none-eabi/lib/thumb/v7e-m\libg.a(lib_a-fputwc.o)
                0x00015f48                _fputwc_r
 .text._fstat_r
                0x00015fb0       0x28 c:/program files (x86)/atmel/studio/7.0/toolchain/arm/arm-gnu-toolchain/bin/../lib/gcc/arm-none-eabi/6.3.1/../../../../arm-none-eabi/lib/thumb/v7e-m\libg.a(lib_a-fstatr.o)
                0x00015fb0                _fstat_r
 .text.__sfvwrite_r
                0x00015fd8      0x2f0 c:/program files (x86)/atmel/studio/7.0/toolchain/arm/arm-gnu-toolchain/bin/../lib/gcc/arm-none-eabi/6.3.1/../../../../arm-none-eabi/lib/thumb/v7e-m\libg.a(lib_a-fvwrite.o)
                0x00015fd8                __sfvwrite_r
 .text._isatty_r
                0x000162c8       0x24 c:/program files (x86)/atmel/studio/7.0/toolchain/arm/arm-gnu-toolchain/bin/../lib/gcc/arm-none-eabi/6.3.1/../../../../arm-none-eabi/lib/thumb/v7e-m\libg.a(lib_a-isattyr.o)
                0x000162c8                _isatty_r
 .text.__locale_mb_cur_max
                0x000162ec       0x1c c:/program files (x86)/atmel/studio/7.0/toolchain/arm/arm-gnu-toolchain/bin/../lib/gcc/arm-none-eabi/6.3.1/../../../../arm-none-eabi/lib/thumb/v7e-m\libg.a(lib_a-locale.o)
                0x000162ec                __locale_mb_cur_max
 .text._lseek_r
                0x00016308       0x2c c:/program files (x86)/atmel/studio/7.0/toolchain/arm/arm-gnu-toolchain/bin/../lib/gcc/arm-none-eabi/6.3.1/../../../../arm-none-eabi/lib/thumb/v7e-m\libg.a(lib_a-lseekr.o)
                0x00016308                _lseek_r
 .text.__ascii_mbtowc
                0x00016334       0x2c c:/program files (x86)/atmel/studio/7.0/toolchain/arm/arm-gnu-toolchain/bin/../lib/gcc/arm-none-eabi/6.3.1/../../../../arm-none-eabi/lib/thumb/v7e-m\libg.a(lib_a-mbtowc_r.o)
                0x00016334                __ascii_mbtowc
 .text.memmove  0x00016360       0xc8 c:/program files (x86)/atmel/studio/7.0/toolchain/arm/arm-gnu-toolchain/bin/../lib/gcc/arm-none-eabi/6.3.1/../../../../arm-none-eabi/lib/thumb/v7e-m\libg.a(lib_a-memmove.o)
                0x00016360                memmove
 .text._read_r  0x00016428       0x2c c:/program files (x86)/atmel/studio/7.0/toolchain/arm/arm-gnu-toolchain/bin/../lib/gcc/arm-none-eabi/6.3.1/../../../../arm-none-eabi/lib/thumb/v7e-m\libg.a(lib_a-readr.o)
                0x00016428                _read_r
 .text._realloc_r
                0x00016454      0x34c c:/program files (x86)/atmel/studio/7.0/toolchain/arm/arm-gnu-toolchain/bin/../lib/gcc/arm-none-eabi/6.3.1/../../../../arm-none-eabi/lib/thumb/v7e-m\libg.a(lib_a-reallocr.o)
                0x00016454                _realloc_r
 .text.__swbuf_r
                0x000167a0       0xb0 c:/program files (x86)/atmel/studio/7.0/toolchain/arm/arm-gnu-toolchain/bin/../lib/gcc/arm-none-eabi/6.3.1/../../../../arm-none-eabi/lib/thumb/v7e-m\libg.a(lib_a-wbuf.o)
                0x000167a0                __swbuf_r
 .text._wcrtomb_r
                0x00016850       0x54 c:/program files (x86)/atmel/studio/7.0/toolchain/arm/arm-gnu-toolchain/bin/../lib/gcc/arm-none-eabi/6.3.1/../../../../arm-none-eabi/lib/thumb/v7e-m\libg.a(lib_a-wcrtomb.o)
                0x00016850                _wcrtomb_r
 .text.__ascii_wctomb
                0x000168a4       0x1c c:/program files (x86)/atmel/studio/7.0/toolchain/arm/arm-gnu-toolchain/bin/../lib/gcc/arm-none-eabi/6.3.1/../../../../arm-none-eabi/lib/thumb/v7e-m\libg.a(lib_a-wctomb_r.o)
                0x000168a4                __ascii_wctomb
 .text          0x000168c0      0x370 c:/program files (x86)/atmel/studio/7.0/toolchain/arm/arm-gnu-toolchain/bin/../lib/gcc/arm-none-eabi/6.3.1/thumb/v7e-m\libgcc.a(_arm_addsubdf3.o)
                0x000168c0                __aeabi_drsub
                0x000168c8                __aeabi_dsub
                0x000168c8                __subdf3
                0x000168cc                __aeabi_dadd
                0x000168cc                __adddf3
                0x00016b44                __floatunsidf
                0x00016b44                __aeabi_ui2d
                0x00016b64                __floatsidf
                0x00016b64                __aeabi_i2d
                0x00016b88                __aeabi_f2d
                0x00016b88                __extendsfdf2
                0x00016bc4                __floatundidf
                0x00016bc4                __aeabi_ul2d
                0x00016bd4                __floatdidf
                0x00016bd4                __aeabi_l2d
 .text          0x00016c30      0x424 c:/program files (x86)/atmel/studio/7.0/toolchain/arm/arm-gnu-toolchain/bin/../lib/gcc/arm-none-eabi/6.3.1/thumb/v7e-m\libgcc.a(_arm_muldivdf3.o)
                0x00016c30                __aeabi_dmul
                0x00016c30                __muldf3
                0x00016e84                __divdf3
                0x00016e84                __aeabi_ddiv
 .text          0x00017054      0x110 c:/program files (x86)/atmel/studio/7.0/toolchain/arm/arm-gnu-toolchain/bin/../lib/gcc/arm-none-eabi/6.3.1/thumb/v7e-m\libgcc.a(_arm_cmpdf2.o)
                0x00017054                __gtdf2
                0x00017054                __gedf2
                0x0001705c                __ltdf2
                0x0001705c                __ledf2
                0x00017064                __nedf2
                0x00017064                __eqdf2
                0x00017064                __cmpdf2
                0x000170e0                __aeabi_cdrcmple
                0x000170f0                __aeabi_cdcmpeq
                0x000170f0                __aeabi_cdcmple
                0x00017100                __aeabi_dcmpeq
                0x00017114                __aeabi_dcmplt
                0x00017128                __aeabi_dcmple
                0x0001713c                __aeabi_dcmpge
                0x00017150                __aeabi_dcmpgt
 .text          0x00017164       0x2c c:/program files (x86)/atmel/studio/7.0/toolchain/arm/arm-gnu-toolchain/bin/../lib/gcc/arm-none-eabi/6.3.1/thumb/v7e-m\libgcc.a(_arm_unorddf2.o)
                0x00017164                __unorddf2
                0x00017164                __aeabi_dcmpun
 .text          0x00017190       0x50 c:/program files (x86)/atmel/studio/7.0/toolchain/arm/arm-gnu-toolchain/bin/../lib/gcc/arm-none-eabi/6.3.1/thumb/v7e-m\libgcc.a(_arm_fixdfsi.o)
                0x00017190                __aeabi_d2iz
                0x00017190                __fixdfsi
 .text          0x000171e0       0x30 c:/program files (x86)/atmel/studio/7.0/toolchain/arm/arm-gnu-toolchain/bin/../lib/gcc/arm-none-eabi/6.3.1/thumb/v7e-m\libgcc.a(_aeabi_uldivmod.o)
                0x000171e0                __aeabi_uldivmod
 .text          0x00017210      0x2dc c:/program files (x86)/atmel/studio/7.0/toolchain/arm/arm-gnu-toolchain/bin/../lib/gcc/arm-none-eabi/6.3.1/thumb/v7e-m\libgcc.a(_udivmoddi4.o)
                0x00017210                __udivmoddi4
 .text          0x000174ec        0x4 c:/program files (x86)/atmel/studio/7.0/toolchain/arm/arm-gnu-toolchain/bin/../lib/gcc/arm-none-eabi/6.3.1/thumb/v7e-m\libgcc.a(_dvmd_tls.o)
                0x000174ec                __aeabi_idiv0
                0x000174ec                __aeabi_ldiv0
 *(.glue_7t)
 .glue_7t       0x000174f0        0x0 linker stubs
 *(.glue_7)
 .glue_7        0x000174f0        0x0 linker stubs
 *(.rodata .rodata* .gnu.linkonce.r.*)
 .rodata        0x000174f0       0x52 hw_timer_lldn.o
 *fill*         0x00017542        0x2 
 .rodata        0x00017544        0x9 ../../../stack/LwMesh/TDMA/nwk/src/nwk.o
 *fill*         0x0001754d        0x3 
 .rodata        0x00017550       0x19 ../../../platform/sam/utils/syscalls/gcc/syscalls.o
 *fill*         0x00017569        0x3 
 .rodata        0x0001756c       0x14 ../../../platform/sam/drivers/tc/tc.o
 .rodata._global_impure_ptr
                0x00017580        0x4 c:/program files (x86)/atmel/studio/7.0/toolchain/arm/arm-gnu-toolchain/bin/../lib/gcc/arm-none-eabi/6.3.1/../../../../arm-none-eabi/lib/thumb/v7e-m\libg.a(lib_a-impure.o)
                0x00017580                _global_impure_ptr
 .rodata._vfprintf_r.str1.4
                0x00017584       0x42 c:/program files (x86)/atmel/studio/7.0/toolchain/arm/arm-gnu-toolchain/bin/../lib/gcc/arm-none-eabi/6.3.1/../../../../arm-none-eabi/lib/thumb/v7e-m\libg.a(lib_a-vfprintf.o)
 *fill*         0x000175c6        0x2 
 .rodata.blanks.7238
                0x000175c8       0x10 c:/program files (x86)/atmel/studio/7.0/toolchain/arm/arm-gnu-toolchain/bin/../lib/gcc/arm-none-eabi/6.3.1/../../../../arm-none-eabi/lib/thumb/v7e-m\libg.a(lib_a-vfprintf.o)
 .rodata.zeroes.7239
                0x000175d8       0x10 c:/program files (x86)/atmel/studio/7.0/toolchain/arm/arm-gnu-toolchain/bin/../lib/gcc/arm-none-eabi/6.3.1/../../../../arm-none-eabi/lib/thumb/v7e-m\libg.a(lib_a-vfprintf.o)
 .rodata._dtoa_r.str1.4
                0x000175e8       0x10 c:/program files (x86)/atmel/studio/7.0/toolchain/arm/arm-gnu-toolchain/bin/../lib/gcc/arm-none-eabi/6.3.1/../../../../arm-none-eabi/lib/thumb/v7e-m\libg.a(lib_a-dtoa.o)
                                 0x12 (size before relaxing)
 .rodata.__mprec_bigtens
                0x000175f8       0x28 c:/program files (x86)/atmel/studio/7.0/toolchain/arm/arm-gnu-toolchain/bin/../lib/gcc/arm-none-eabi/6.3.1/../../../../arm-none-eabi/lib/thumb/v7e-m\libg.a(lib_a-mprec.o)
                0x000175f8                __mprec_bigtens
 .rodata.__mprec_tens
                0x00017620       0xc8 c:/program files (x86)/atmel/studio/7.0/toolchain/arm/arm-gnu-toolchain/bin/../lib/gcc/arm-none-eabi/6.3.1/../../../../arm-none-eabi/lib/thumb/v7e-m\libg.a(lib_a-mprec.o)
                0x00017620                __mprec_tens
 .rodata.p05.6055
                0x000176e8        0xc c:/program files (x86)/atmel/studio/7.0/toolchain/arm/arm-gnu-toolchain/bin/../lib/gcc/arm-none-eabi/6.3.1/../../../../arm-none-eabi/lib/thumb/v7e-m\libg.a(lib_a-mprec.o)
 .rodata._setlocale_r.str1.4
                0x000176f4        0xa c:/program files (x86)/atmel/studio/7.0/toolchain/arm/arm-gnu-toolchain/bin/../lib/gcc/arm-none-eabi/6.3.1/../../../../arm-none-eabi/lib/thumb/v7e-m\libg.a(lib_a-locale.o)
                                  0xd (size before relaxing)
 *fill*         0x000176fe        0x2 
 .rodata.str1.4
                0x00017700        0x4 c:/program files (x86)/atmel/studio/7.0/toolchain/arm/arm-gnu-toolchain/bin/../lib/gcc/arm-none-eabi/6.3.1/../../../../arm-none-eabi/lib/thumb/v7e-m\libg.a(lib_a-locale.o)
                                  0x2 (size before relaxing)
 .rodata._ctype_
                0x00017704      0x101 c:/program files (x86)/atmel/studio/7.0/toolchain/arm/arm-gnu-toolchain/bin/../lib/gcc/arm-none-eabi/6.3.1/../../../../arm-none-eabi/lib/thumb/v7e-m\libg.a(lib_a-ctype_.o)
                0x00017704                _ctype_
 *(.ARM.extab* .gnu.linkonce.armextab.*)
                0x00017808                . = ALIGN (0x4)
 *fill*         0x00017805        0x3 
 *(.init)
 .init          0x00017808        0x4 c:/program files (x86)/atmel/studio/7.0/toolchain/arm/arm-gnu-toolchain/bin/../lib/gcc/arm-none-eabi/6.3.1/thumb/v7e-m/crti.o
                0x00017808                _init
 .init          0x0001780c        0x8 c:/program files (x86)/atmel/studio/7.0/toolchain/arm/arm-gnu-toolchain/bin/../lib/gcc/arm-none-eabi/6.3.1/thumb/v7e-m/crtn.o
                0x00017814                . = ALIGN (0x4)
                0x00017814                __preinit_array_start = .
 *(.preinit_array)
                0x00017814                __preinit_array_end = .
                0x00017814                . = ALIGN (0x4)
                0x00017814                __init_array_start = .
 *(SORT(.init_array.*))
 .init_array.00000
                0x00017814        0x4 c:/program files (x86)/atmel/studio/7.0/toolchain/arm/arm-gnu-toolchain/bin/../lib/gcc/arm-none-eabi/6.3.1/../../../../arm-none-eabi/lib/thumb/v7e-m\libg.a(lib_a-__call_atexit.o)
 *(.init_array)
 .init_array    0x00017818        0x4 c:/program files (x86)/atmel/studio/7.0/toolchain/arm/arm-gnu-toolchain/bin/../lib/gcc/arm-none-eabi/6.3.1/thumb/v7e-m/crtbegin.o
                0x0001781c                __init_array_end = .
                0x0001781c                . = ALIGN (0x4)
 *crtbegin.o(.ctors)
 *(EXCLUDE_FILE(*crtend.o) .ctors)
 *(SORT(.ctors.*))
 *crtend.o(.ctors)
                0x0001781c                . = ALIGN (0x4)
 *(.fini)
 .fini          0x0001781c        0x4 c:/program files (x86)/atmel/studio/7.0/toolchain/arm/arm-gnu-toolchain/bin/../lib/gcc/arm-none-eabi/6.3.1/thumb/v7e-m/crti.o
                0x0001781c                _fini
 .fini          0x00017820        0x8 c:/program files (x86)/atmel/studio/7.0/toolchain/arm/arm-gnu-toolchain/bin/../lib/gcc/arm-none-eabi/6.3.1/thumb/v7e-m/crtn.o
                0x00017828                . = ALIGN (0x4)
                0x00017828                __fini_array_start = .
 *(.fini_array)
 .fini_array    0x00017828        0x4 c:/program files (x86)/atmel/studio/7.0/toolchain/arm/arm-gnu-toolchain/bin/../lib/gcc/arm-none-eabi/6.3.1/thumb/v7e-m/crtbegin.o
 *(SORT(.fini_array.*))
                0x0001782c                __fini_array_end = .
 *crtbegin.o(.dtors)
 *(EXCLUDE_FILE(*crtend.o) .dtors)
 *(SORT(.dtors.*))
 *crtend.o(.dtors)
                0x0001782c                . = ALIGN (0x4)
                0x0001782c                _efixed = .
                [!provide]                PROVIDE (__exidx_start, .)

.vfp11_veneer   0x0001782c        0x0
 .vfp11_veneer  0x0001782c        0x0 linker stubs

.v4_bx          0x0001782c        0x0
 .v4_bx         0x0001782c        0x0 linker stubs

.iplt           0x0001782c        0x0
 .iplt          0x0001782c        0x0 c:/program files (x86)/atmel/studio/7.0/toolchain/arm/arm-gnu-toolchain/bin/../lib/gcc/arm-none-eabi/6.3.1/thumb/v7e-m/crtbegin.o

.ARM.exidx      0x0001782c        0x8
 *(.ARM.exidx* .gnu.linkonce.armexidx.*)
 .ARM.exidx     0x0001782c        0x8 c:/program files (x86)/atmel/studio/7.0/toolchain/arm/arm-gnu-toolchain/bin/../lib/gcc/arm-none-eabi/6.3.1/thumb/v7e-m\libgcc.a(_udivmoddi4.o)
                [!provide]                PROVIDE (__exidx_end, .)

.eh_frame       0x00017834        0x0
 .eh_frame      0x00017834        0x0 c:/program files (x86)/atmel/studio/7.0/toolchain/arm/arm-gnu-toolchain/bin/../lib/gcc/arm-none-eabi/6.3.1/thumb/v7e-m/crtbegin.o

.rel.dyn        0x00017834        0x0
 .rel.iplt      0x00017834        0x0 c:/program files (x86)/atmel/studio/7.0/toolchain/arm/arm-gnu-toolchain/bin/../lib/gcc/arm-none-eabi/6.3.1/thumb/v7e-m/crtbegin.o

.jcr            0x00017834        0x0
 .jcr           0x00017834        0x0 c:/program files (x86)/atmel/studio/7.0/toolchain/arm/arm-gnu-toolchain/bin/../lib/gcc/arm-none-eabi/6.3.1/thumb/v7e-m/crtbegin.o

.igot.plt       0x00017834        0x0
 .igot.plt      0x00017834        0x0 c:/program files (x86)/atmel/studio/7.0/toolchain/arm/arm-gnu-toolchain/bin/../lib/gcc/arm-none-eabi/6.3.1/thumb/v7e-m/crtbegin.o
                0x00017834                . = ALIGN (0x4)
                0x00017834                _etext = .

.relocate       0x20000000      0xb60 load address 0x00017834
                0x20000000                . = ALIGN (0x4)
                0x20000000                _srelocate = .
 *(.ramfunc .ramfunc.*)
 .ramfunc       0x20000000       0x74 ../../../platform/sam/drivers/bpm/bpm.o
                0x20000000                bpm_ps_no_halt_exec
 .ramfunc       0x20000074        0xa ../../../platform/common/services/delay/sam/cycle_counter.o
                0x20000074                portable_delay_cycles
 *(.data .data.*)
 .data.appState
                0x2000007e        0x1 hw_timer_lldn.o
                0x2000007e                appState
 *fill*         0x2000007f        0x1 
 .data.first    0x20000080        0x4 hw_timer_lldn.o
                0x20000080                first
 .data.delay    0x20000084        0x2 hw_timer_lldn.o
                0x20000084                delay
 .data.last_dir
                0x20000086        0x1 ../../../stack/LwMesh/TDMA/services/sal/at86rf2xx/src/sal.o
 *fill*         0x20000087        0x1 
 .data.SPI_AT86RFX_DEVICE
                0x20000088        0x4 ../../../stack/LwMesh/TDMA/services/trx_access/trx_access.o
                0x20000088                SPI_AT86RFX_DEVICE
 .data.flashcalw_wait_until_ready
                0x2000008c        0x4 ../../../platform/sam/drivers/flashcalw/flashcalw.o
                0x2000008c                flashcalw_wait_until_ready
 .data.udc_string_desc_languageid
                0x20000090        0x4 ../../../platform/common/services/usb/udc/udc.o
 .data.udc_string_manufacturer_name
                0x20000094        0x6 ../../../platform/common/services/usb/udc/udc.o
 *fill*         0x2000009a        0x2 
 .data.udc_string_product_name
                0x2000009c       0x27 ../../../platform/common/services/usb/udc/udc.o
 *fill*         0x200000c3        0x1 
 .data.udc_string_desc
                0x200000c4       0x4e ../../../platform/common/services/usb/udc/udc.o
 *fill*         0x20000112        0x2 
 .data.udi_api_cdc_comm
                0x20000114       0x14 ../../../platform/common/services/usb/class/cdc/device/udi_cdc.o
                0x20000114                udi_api_cdc_comm
 .data.udi_api_cdc_data
                0x20000128       0x14 ../../../platform/common/services/usb/class/cdc/device/udi_cdc.o
                0x20000128                udi_api_cdc_data
 .data.udc_device_desc
                0x2000013c       0x12 ../../../platform/common/services/usb/class/cdc/device/udi_cdc_desc.o
                0x2000013c                udc_device_desc
 *fill*         0x2000014e        0x2 
 .data.udc_desc_fs
                0x20000150       0x43 ../../../platform/common/services/usb/class/cdc/device/udi_cdc_desc.o
                0x20000150                udc_desc_fs
 *fill*         0x20000193        0x1 
 .data.udi_apis
                0x20000194        0x8 ../../../platform/common/services/usb/class/cdc/device/udi_cdc_desc.o
                0x20000194                udi_apis
 .data.udc_config_fs
                0x2000019c        0x8 ../../../platform/common/services/usb/class/cdc/device/udi_cdc_desc.o
                0x2000019c                udc_config_fs
 .data.udc_config
                0x200001a4        0x8 ../../../platform/common/services/usb/class/cdc/device/udi_cdc_desc.o
                0x200001a4                udc_config
 .data.g_interrupt_enabled
                0x200001ac        0x1 ../../../platform/common/utils/interrupt\interrupt_sam_nvic.o
                0x200001ac                g_interrupt_enabled
 *fill*         0x200001ad        0x3 
 .data._impure_ptr
                0x200001b0        0x4 c:/program files (x86)/atmel/studio/7.0/toolchain/arm/arm-gnu-toolchain/bin/../lib/gcc/arm-none-eabi/6.3.1/../../../../arm-none-eabi/lib/thumb/v7e-m\libg.a(lib_a-impure.o)
                0x200001b0                _impure_ptr
 *fill*         0x200001b4        0x4 
 .data.impure_data
                0x200001b8      0x428 c:/program files (x86)/atmel/studio/7.0/toolchain/arm/arm-gnu-toolchain/bin/../lib/gcc/arm-none-eabi/6.3.1/../../../../arm-none-eabi/lib/thumb/v7e-m\libg.a(lib_a-impure.o)
 .data.__atexit_recursive_mutex
                0x200005e0        0x4 c:/program files (x86)/atmel/studio/7.0/toolchain/arm/arm-gnu-toolchain/bin/../lib/gcc/arm-none-eabi/6.3.1/../../../../arm-none-eabi/lib/thumb/v7e-m\libg.a(lib_a-__call_atexit.o)
                0x200005e0                __atexit_recursive_mutex
 .data.__malloc_av_
                0x200005e4      0x408 c:/program files (x86)/atmel/studio/7.0/toolchain/arm/arm-gnu-toolchain/bin/../lib/gcc/arm-none-eabi/6.3.1/../../../../arm-none-eabi/lib/thumb/v7e-m\libg.a(lib_a-mallocr.o)
                0x200005e4                __malloc_av_
 .data.__malloc_sbrk_base
                0x200009ec        0x4 c:/program files (x86)/atmel/studio/7.0/toolchain/arm/arm-gnu-toolchain/bin/../lib/gcc/arm-none-eabi/6.3.1/../../../../arm-none-eabi/lib/thumb/v7e-m\libg.a(lib_a-mallocr.o)
                0x200009ec                __malloc_sbrk_base
 .data.__malloc_trim_threshold
                0x200009f0        0x4 c:/program files (x86)/atmel/studio/7.0/toolchain/arm/arm-gnu-toolchain/bin/../lib/gcc/arm-none-eabi/6.3.1/../../../../arm-none-eabi/lib/thumb/v7e-m\libg.a(lib_a-mallocr.o)
                0x200009f0                __malloc_trim_threshold
 .data.__global_locale
                0x200009f4      0x16c c:/program files (x86)/atmel/studio/7.0/toolchain/arm/arm-gnu-toolchain/bin/../lib/gcc/arm-none-eabi/6.3.1/../../../../arm-none-eabi/lib/thumb/v7e-m\libg.a(lib_a-locale.o)
                0x200009f4                __global_locale
                0x20000b60                . = ALIGN (0x4)
                0x20000b60                _erelocate = .

.bss            0x20000b60     0x1658 load address 0x000183a0
                0x20000b60                . = ALIGN (0x4)
                0x20000b60                _sbss = .
                0x20000b60                _szero = .
 *(.bss .bss.*)
 .bss           0x20000b60       0x1c c:/program files (x86)/atmel/studio/7.0/toolchain/arm/arm-gnu-toolchain/bin/../lib/gcc/arm-none-eabi/6.3.1/thumb/v7e-m/crtbegin.o
 .bss.tmrComputeData
                0x20000b7c       0x14 hw_timer_lldn.o
 .bss.tmr_callback_lldn
                0x20000b90        0x4 hw_timer_lldn.o
                0x20000b90                tmr_callback_lldn
 .bss.i         0x20000b94        0x4 hw_timer_lldn.o
                0x20000b94                i
 .bss.nwkDataReqQueue
                0x20000b98        0x4 ../../../stack/LwMesh/TDMA/nwk/src/nwkDataReq.o
 .bss.nwkFrameFrames
                0x20000b9c      0xb04 ../../../stack/LwMesh/TDMA/nwk/src/nwkFrame.o
 .bss.nwkGroups
                0x200016a0        0x6 ../../../stack/LwMesh/TDMA/nwk/src/nwkGroup.o
 *fill*         0x200016a6        0x2 
 .bss.nwkRxDuplicateRejectionTable
                0x200016a8      0x12c ../../../stack/LwMesh/TDMA/nwk/src/nwkRx.o
 .bss.nwkRxAckControl
                0x200017d4        0x1 ../../../stack/LwMesh/TDMA/nwk/src/nwkRx.o
 *fill*         0x200017d5        0x3 
 .bss.nwkRxDuplicateRejectionTimer
                0x200017d8       0x14 ../../../stack/LwMesh/TDMA/nwk/src/nwkRx.o
 .bss.nwkTxPhyActiveFrame
                0x200017ec        0x4 ../../../stack/LwMesh/TDMA/nwk/src/nwkTx.o
 .bss.nwkTxAckWaitTimer
                0x200017f0       0x14 ../../../stack/LwMesh/TDMA/nwk/src/nwkTx.o
 .bss.nwkTxDelayTimer
                0x20001804       0x14 ../../../stack/LwMesh/TDMA/nwk/src/nwkTx.o
 .bss.phyState  0x20001818        0x1 ../../../stack/LwMesh/TDMA/phy/AT86RF233/src/phy.o
 *fill*         0x20001819        0x3 
 .bss.phyRxBuffer
                0x2000181c       0x80 ../../../stack/LwMesh/TDMA/phy/AT86RF233/src/phy.o
 .bss.phyRxState
                0x2000189c        0x1 ../../../stack/LwMesh/TDMA/phy/AT86RF233/src/phy.o
 *fill*         0x2000189d        0x3 
 .bss.timers    0x200018a0        0x4 ../../../stack/LwMesh/TDMA/sys/src/sysTimer.o
 .bss.setup_flag
                0x200018a4        0x1 ../../../stack/LwMesh/TDMA/services/sal/at86rf2xx/src/sal.o
 .bss.dec_initialized
                0x200018a5        0x1 ../../../stack/LwMesh/TDMA/services/sal/at86rf2xx/src/sal.o
 *fill*         0x200018a6        0x2 
 .bss.aes_buf   0x200018a8       0x12 ../../../stack/LwMesh/TDMA/services/sal/at86rf2xx/src/sal.o
 *fill*         0x200018ba        0x2 
 .bss.enc_key   0x200018bc       0x10 ../../../stack/LwMesh/TDMA/services/sal/at86rf2xx/src/sal.o
 .bss.dec_key   0x200018cc       0x10 ../../../stack/LwMesh/TDMA/services/sal/at86rf2xx/src/sal.o
 .bss.irq_hdl_trx
                0x200018dc        0x4 ../../../stack/LwMesh/TDMA/services/trx_access/trx_access.o
 .bss.heap.5297
                0x200018e0        0x4 ../../../platform/sam/utils/syscalls/gcc/syscalls.o
 .bss.stacked_r0.8186
                0x200018e4        0x4 ../../../platform/sam/utils/syscalls/gcc/hardfault_handler_c.o
 .bss.stacked_r1.8187
                0x200018e8        0x4 ../../../platform/sam/utils/syscalls/gcc/hardfault_handler_c.o
 .bss.stacked_r2.8188
                0x200018ec        0x4 ../../../platform/sam/utils/syscalls/gcc/hardfault_handler_c.o
 .bss.stacked_r3.8189
                0x200018f0        0x4 ../../../platform/sam/utils/syscalls/gcc/hardfault_handler_c.o
 .bss.stacked_r12.8190
                0x200018f4        0x4 ../../../platform/sam/utils/syscalls/gcc/hardfault_handler_c.o
 .bss.stacked_lr.8191
                0x200018f8        0x4 ../../../platform/sam/utils/syscalls/gcc/hardfault_handler_c.o
 .bss.stacked_pc.8192
                0x200018fc        0x4 ../../../platform/sam/utils/syscalls/gcc/hardfault_handler_c.o
 .bss.stacked_psr.8193
                0x20001900        0x4 ../../../platform/sam/utils/syscalls/gcc/hardfault_handler_c.o
 .bss.flashcalw_error_status
                0x20001904        0x4 ../../../platform/sam/drivers/flashcalw/flashcalw.o
 .bss.gpio_int_sources
                0x20001908       0x30 ../../../platform/sam/drivers/gpio/gpio.o
 .bss.gpio_nb_sources
                0x20001938        0x4 ../../../platform/sam/drivers/gpio/gpio.o
 .bss.reg_value.8780
                0x2000193c        0x4 ../../../platform/sam/drivers/spi/spi.o
 .bss.udd_b_idle
                0x20001940        0x1 ../../../platform/sam/drivers/usbc/usbc_device.o
 *fill*         0x20001941       0x1f 
 .bss.udd_g_ep_table
                0x20001960       0x80 ../../../platform/sam/drivers/usbc/usbc_device.o
 .bss.udd_ep_control_state
                0x200019e0        0x1 ../../../platform/sam/drivers/usbc/usbc_device.o
 *fill*         0x200019e1        0x1 
 .bss.udd_ctrl_prev_payload_nb_trans
                0x200019e2        0x2 ../../../platform/sam/drivers/usbc/usbc_device.o
 .bss.udd_ctrl_payload_nb_trans
                0x200019e4        0x2 ../../../platform/sam/drivers/usbc/usbc_device.o
 *fill*         0x200019e6        0x2 
 .bss.udd_ep_job
                0x200019e8       0x3c ../../../platform/sam/drivers/usbc/usbc_device.o
 .bss.b_shortpacket.9372
                0x20001a24        0x1 ../../../platform/sam/drivers/usbc/usbc_device.o
 .bss.open_loop_done.8576
                0x20001a25        0x1 ../../../platform/common/services/clock/sam4l/dfll.o
 .bss.udc_device_status
                0x20001a26        0x2 ../../../platform/common/services/usb/udc/udc.o
 .bss.udc_num_configuration
                0x20001a28        0x1 ../../../platform/common/services/usb/udc/udc.o
 *fill*         0x20001a29        0x3 
 .bss.udc_ptr_conf
                0x20001a2c        0x4 ../../../platform/common/services/usb/udc/udc.o
 .bss.udc_ptr_iface
                0x20001a30        0x4 ../../../platform/common/services/usb/udc/udc.o
 .bss.udc_ep_status.8256
                0x20001a34        0x2 ../../../platform/common/services/usb/udc/udc.o
 .bss.udc_iface_setting.8314
                0x20001a36        0x1 ../../../platform/common/services/usb/udc/udc.o
 *fill*         0x20001a37        0x1 
 .bss.udi_cdc_line_coding
                0x20001a38        0x7 ../../../platform/common/services/usb/class/cdc/device/udi_cdc.o
 *fill*         0x20001a3f        0x1 
 .bss.udi_cdc_serial_state_msg_ongoing
                0x20001a40        0x1 ../../../platform/common/services/usb/class/cdc/device/udi_cdc.o
 *fill*         0x20001a41        0x3 
 .bss.udi_cdc_state
                0x20001a44        0x2 ../../../platform/common/services/usb/class/cdc/device/udi_cdc.o
 *fill*         0x20001a46        0x2 
 .bss.uid_cdc_state_msg
                0x20001a48        0xa ../../../platform/common/services/usb/class/cdc/device/udi_cdc.o
 .bss.udi_cdc_nb_comm_enabled
                0x20001a52        0x1 ../../../platform/common/services/usb/class/cdc/device/udi_cdc.o
 .bss.udi_cdc_nb_data_enabled
                0x20001a53        0x1 ../../../platform/common/services/usb/class/cdc/device/udi_cdc.o
 .bss.udi_cdc_data_running
                0x20001a54        0x1 ../../../platform/common/services/usb/class/cdc/device/udi_cdc.o
 *fill*         0x20001a55        0x3 
 .bss.udi_cdc_rx_buf
                0x20001a58      0x280 ../../../platform/common/services/usb/class/cdc/device/udi_cdc.o
 .bss.udi_cdc_rx_buf_nb
                0x20001cd8        0x4 ../../../platform/common/services/usb/class/cdc/device/udi_cdc.o
 .bss.udi_cdc_rx_buf_sel
                0x20001cdc        0x1 ../../../platform/common/services/usb/class/cdc/device/udi_cdc.o
 *fill*         0x20001cdd        0x3 
 .bss.udi_cdc_rx_pos
                0x20001ce0        0x2 ../../../platform/common/services/usb/class/cdc/device/udi_cdc.o
 *fill*         0x20001ce2        0x2 
 .bss.udi_cdc_rx_trans_ongoing
                0x20001ce4        0x1 ../../../platform/common/services/usb/class/cdc/device/udi_cdc.o
 *fill*         0x20001ce5        0x3 
 .bss.udi_cdc_tx_buf
                0x20001ce8      0x280 ../../../platform/common/services/usb/class/cdc/device/udi_cdc.o
 .bss.udi_cdc_tx_buf_nb
                0x20001f68        0x4 ../../../platform/common/services/usb/class/cdc/device/udi_cdc.o
 .bss.udi_cdc_tx_buf_sel
                0x20001f6c        0x1 ../../../platform/common/services/usb/class/cdc/device/udi_cdc.o
 *fill*         0x20001f6d        0x3 
 .bss.udi_cdc_tx_sof_num
                0x20001f70        0x2 ../../../platform/common/services/usb/class/cdc/device/udi_cdc.o
 *fill*         0x20001f72        0x2 
 .bss.udi_cdc_tx_trans_ongoing
                0x20001f74        0x1 ../../../platform/common/services/usb/class/cdc/device/udi_cdc.o
 *fill*         0x20001f75        0x3 
 .bss.udi_cdc_tx_both_buf_to_send
                0x20001f78        0x1 ../../../platform/common/services/usb/class/cdc/device/udi_cdc.o
 .bss.port_notify.8461
                0x20001f79        0x1 ../../../platform/common/services/usb/class/cdc/device/udi_cdc.o
 .bss.sof_zlp_counter.8531
                0x20001f7a        0x2 ../../../platform/common/services/usb/class/cdc/device/udi_cdc.o
 .bss.stdio_usb_interface_enable
                0x20001f7c        0x1 ../../../platform/common/utils/stdio/stdio_usb/stdio_usb.o
 *fill*         0x20001f7d        0x3 
 .bss           0x20001f80       0x14 ../../../stack/LwMesh/TDMA/services/common_hw_timer/sam/lib\libsam4l_lib_hw_timer.a(common_hw_timer.o)
 .bss.__malloc_current_mallinfo
                0x20001f94       0x28 c:/program files (x86)/atmel/studio/7.0/toolchain/arm/arm-gnu-toolchain/bin/../lib/gcc/arm-none-eabi/6.3.1/../../../../arm-none-eabi/lib/thumb/v7e-m\libg.a(lib_a-mallocr.o)
                0x20001f94                __malloc_current_mallinfo
 .bss.__malloc_max_sbrked_mem
                0x20001fbc        0x4 c:/program files (x86)/atmel/studio/7.0/toolchain/arm/arm-gnu-toolchain/bin/../lib/gcc/arm-none-eabi/6.3.1/../../../../arm-none-eabi/lib/thumb/v7e-m\libg.a(lib_a-mallocr.o)
                0x20001fbc                __malloc_max_sbrked_mem
 .bss.__malloc_max_total_mem
                0x20001fc0        0x4 c:/program files (x86)/atmel/studio/7.0/toolchain/arm/arm-gnu-toolchain/bin/../lib/gcc/arm-none-eabi/6.3.1/../../../../arm-none-eabi/lib/thumb/v7e-m\libg.a(lib_a-mallocr.o)
                0x20001fc0                __malloc_max_total_mem
 .bss.__malloc_top_pad
                0x20001fc4        0x4 c:/program files (x86)/atmel/studio/7.0/toolchain/arm/arm-gnu-toolchain/bin/../lib/gcc/arm-none-eabi/6.3.1/../../../../arm-none-eabi/lib/thumb/v7e-m\libg.a(lib_a-mallocr.o)
                0x20001fc4                __malloc_top_pad
 *(COMMON)
 COMMON         0x20001fc8        0x1 hw_timer_lldn.o
                0x20001fc8                n
 *fill*         0x20001fc9        0x3 
 COMMON         0x20001fcc       0x4c ../../../stack/LwMesh/TDMA/nwk/src/nwk.o
                0x20001fcc                nwkIb
 COMMON         0x20002018        0x1 ../../../stack/LwMesh/TDMA/sys/src/sysTimer.o
                0x20002018                SysTimerIrqCount
 *fill*         0x20002019        0x3 
 COMMON         0x2000201c        0x4 ../../../stack/LwMesh/TDMA/services/common_hw_timer/sam/hw_timer.o
                0x2000201c                tmr_callback
 COMMON         0x20002020        0x8 ../../../stack/LwMesh/TDMA/services/sleep_mgr/sam4l/sleep_mgr.o
                0x20002020                ast_alarm
                0x20002024                ast_counter
 COMMON         0x20002028       0x14 ../../../platform/sam/drivers/ast/ast.o
                0x20002028                ast_callback_pointer
 COMMON         0x2000203c       0x24 ../../../platform/sam/drivers/eic/eic.o
                0x2000203c                eic_callback_pointer
 COMMON         0x20002060      0x118 ../../../platform/sam/drivers/usbc/usbc_device.o
                0x20002060                udd_ep_out_cache_buffer
                0x20002120                udd_g_ctrlreq
                0x20002138                udd_ctrl_buffer
 COMMON         0x20002178        0x8 ../../../platform/common/services/sleepmgr/sam/sleepmgr.o
                0x20002178                sleepmgr_locks
 COMMON         0x20002180        0x4 ../../../platform/common/utils/stdio/read.o
                0x20002180                ptr_get
 COMMON         0x20002184        0x8 ../../../platform/common/utils/stdio/write.o
                0x20002184                ptr_put
                0x20002188                stdio_base
 COMMON         0x2000218c        0x1 ../../../stack/LwMesh/TDMA/services/common_hw_timer/sam/lib\libsam4l_lib_hw_timer.a(common_hw_timer.o)
                0x2000218c                timer_multiplier
 *fill*         0x2000218d        0x3 
 COMMON         0x20002190       0x21 c:/program files (x86)/atmel/studio/7.0/toolchain/arm/arm-gnu-toolchain/bin/../lib/gcc/arm-none-eabi/6.3.1/../../../../arm-none-eabi/lib/thumb/v7e-m\libg.a(lib_a-lock.o)
                0x20002190                __lock___atexit_recursive_mutex
                0x20002194                __lock___arc4random_mutex
                0x20002198                __lock___env_recursive_mutex
                0x2000219c                __lock___sinit_recursive_mutex
                0x200021a0                __lock___malloc_recursive_mutex
                0x200021a4                __lock___at_quick_exit_mutex
                0x200021a8                __lock___dd_hash_mutex
                0x200021ac                __lock___tz_mutex
                0x200021b0                __lock___sfp_recursive_mutex
 *fill*         0x200021b1        0x3 
 COMMON         0x200021b4        0x4 c:/program files (x86)/atmel/studio/7.0/toolchain/arm/arm-gnu-toolchain/bin/../lib/gcc/arm-none-eabi/6.3.1/../../../../arm-none-eabi/lib/thumb/v7e-m\libg.a(lib_a-reent.o)
                0x200021b4                errno
                0x200021b8                . = ALIGN (0x4)
                0x200021b8                _ebss = .
                0x200021b8                _ezero = .

.stack          0x200021b8     0x1000 load address 0x000199f8
                0x200021b8                . = ALIGN (0x8)
                0x200021b8                _sstack = .
                0x200031b8                . = (. + __stack_size__)
 *fill*         0x200021b8     0x1000 
                0x200031b8                . = ALIGN (0x8)
                0x200031b8                _estack = .
                0x200031b8                . = ALIGN (0x4)
                0x200031b8                _end = .
START GROUP
LOAD c:/program files (x86)/atmel/studio/7.0/toolchain/arm/arm-gnu-toolchain/bin/../lib/gcc/arm-none-eabi/6.3.1/thumb/v7e-m\libgcc.a
LOAD c:/program files (x86)/atmel/studio/7.0/toolchain/arm/arm-gnu-toolchain/bin/../lib/gcc/arm-none-eabi/6.3.1/../../../../arm-none-eabi/lib/thumb/v7e-m\libg.a
LOAD c:/program files (x86)/atmel/studio/7.0/toolchain/arm/arm-gnu-toolchain/bin/../lib/gcc/arm-none-eabi/6.3.1/../../../../arm-none-eabi/lib/thumb/v7e-m\libc.a
END GROUP
LOAD c:/program files (x86)/atmel/studio/7.0/toolchain/arm/arm-gnu-toolchain/bin/../lib/gcc/arm-none-eabi/6.3.1/thumb/v7e-m/crtend.o
LOAD c:/program files (x86)/atmel/studio/7.0/toolchain/arm/arm-gnu-toolchain/bin/../lib/gcc/arm-none-eabi/6.3.1/thumb/v7e-m/crtn.o
OUTPUT(exp2_sam4lc2b_wm400_coordinator.elf elf32-littlearm)

.ARM.attributes
                0x00000000       0x2a
 .ARM.attributes
                0x00000000       0x1e c:/program files (x86)/atmel/studio/7.0/toolchain/arm/arm-gnu-toolchain/bin/../lib/gcc/arm-none-eabi/6.3.1/thumb/v7e-m/crti.o
 .ARM.attributes
                0x0000001e       0x2e c:/program files (x86)/atmel/studio/7.0/toolchain/arm/arm-gnu-toolchain/bin/../lib/gcc/arm-none-eabi/6.3.1/thumb/v7e-m/crtbegin.o
 .ARM.attributes
                0x0000004c       0x33 hw_timer_lldn.o
 .ARM.attributes
                0x0000007f       0x33 ../../../stack/LwMesh/TDMA/nwk/src/nwk.o
 .ARM.attributes
                0x000000b2       0x33 ../../../stack/LwMesh/TDMA/nwk/src/nwkDataReq.o
 .ARM.attributes
                0x000000e5       0x33 ../../../stack/LwMesh/TDMA/nwk/src/nwkFrame.o
 .ARM.attributes
                0x00000118       0x33 ../../../stack/LwMesh/TDMA/nwk/src/nwkGroup.o
 .ARM.attributes
                0x0000014b       0x33 ../../../stack/LwMesh/TDMA/nwk/src/nwkRx.o
 .ARM.attributes
                0x0000017e       0x33 ../../../stack/LwMesh/TDMA/nwk/src/nwkTx.o
 .ARM.attributes
                0x000001b1       0x33 ../../../stack/LwMesh/TDMA/phy/AT86RF233/src/phy.o
 .ARM.attributes
                0x000001e4       0x33 ../../../stack/LwMesh/TDMA/sys/src/sys.o
 .ARM.attributes
                0x00000217       0x33 ../../../stack/LwMesh/TDMA/sys/src/sysTimer.o
 .ARM.attributes
                0x0000024a       0x33 ../../../stack/LwMesh/TDMA/services/common_hw_timer/sam/hw_timer.o
 .ARM.attributes
                0x0000027d       0x33 ../../../stack/LwMesh/TDMA/services/sal/at86rf2xx/src/sal.o
 .ARM.attributes
                0x000002b0       0x33 ../../../stack/LwMesh/TDMA/services/sleep_mgr/sam4l/sleep_mgr.o
 .ARM.attributes
                0x000002e3       0x33 ../../../stack/LwMesh/TDMA/services/trx_access/trx_access.o
 .ARM.attributes
                0x00000316       0x33 ../../../platform/sam/utils/cmsis/sam4l/source/templates/exceptions.o
 .ARM.attributes
                0x00000349       0x33 ../../../platform/sam/utils/cmsis/sam4l/source/templates/gcc/startup_sam4l.o
 .ARM.attributes
                0x0000037c       0x33 ../../../platform/sam/utils/syscalls/gcc/syscalls.o
 .ARM.attributes
                0x000003af       0x33 ../../../platform/sam/utils/syscalls/gcc/hardfault_handler_c.o
 .ARM.attributes
                0x000003e2       0x33 ../../../platform/sam/drivers/ast/ast.o
 .ARM.attributes
                0x00000415       0x33 ../../../platform/sam/drivers/bpm/bpm.o
 .ARM.attributes
                0x00000448       0x33 ../../../platform/sam/drivers/flashcalw/flashcalw.o
 .ARM.attributes
                0x0000047b       0x33 ../../../platform/sam/drivers/gpio/gpio.o
 .ARM.attributes
                0x000004ae       0x33 ../../../platform/sam/drivers/eic/eic.o
 .ARM.attributes
                0x000004e1       0x33 ../../../platform/sam/drivers/spi/spi.o
 .ARM.attributes
                0x00000514       0x33 ../../../platform/sam/drivers/tc/tc.o
 .ARM.attributes
                0x00000547       0x33 ../../../platform/sam/drivers/usbc/usbc_device.o
 .ARM.attributes