Archive member included to satisfy reference by file (symbol)

../../../stack/LwMesh/TDMA/services/common_hw_timer/sam/lib\libsam4l_lib_hw_timer.a(common_hw_timer.o)
                              ../../../stack/LwMesh/TDMA/sys/src/sysTimer.o (common_tc_delay)
c:/program files (x86)/atmel/studio/7.0/toolchain/arm/arm-gnu-toolchain/bin/../lib/gcc/arm-none-eabi/6.3.1/../../../../arm-none-eabi/lib/thumb/v7e-m\libg.a(lib_a-exit.o)
                              c:/program files (x86)/atmel/studio/7.0/toolchain/arm/arm-gnu-toolchain/bin/../lib/gcc/arm-none-eabi/6.3.1/../../../../arm-none-eabi/lib/thumb/v7e-m/crt0.o (exit)
c:/program files (x86)/atmel/studio/7.0/toolchain/arm/arm-gnu-toolchain/bin/../lib/gcc/arm-none-eabi/6.3.1/../../../../arm-none-eabi/lib/thumb/v7e-m\libg.a(lib_a-impure.o)
                              c:/program files (x86)/atmel/studio/7.0/toolchain/arm/arm-gnu-toolchain/bin/../lib/gcc/arm-none-eabi/6.3.1/../../../../arm-none-eabi/lib/thumb/v7e-m\libg.a(lib_a-exit.o) (_global_impure_ptr)
c:/program files (x86)/atmel/studio/7.0/toolchain/arm/arm-gnu-toolchain/bin/../lib/gcc/arm-none-eabi/6.3.1/../../../../arm-none-eabi/lib/thumb/v7e-m\libg.a(lib_a-init.o)
                              c:/program files (x86)/atmel/studio/7.0/toolchain/arm/arm-gnu-toolchain/bin/../lib/gcc/arm-none-eabi/6.3.1/../../../../arm-none-eabi/lib/thumb/v7e-m/crt0.o (__libc_init_array)
c:/program files (x86)/atmel/studio/7.0/toolchain/arm/arm-gnu-toolchain/bin/../lib/gcc/arm-none-eabi/6.3.1/../../../../arm-none-eabi/lib/thumb/v7e-m\libg.a(lib_a-memcpy.o)
                              ../../../stack/LwMesh/TDMA/nwk/src/nwkDataReq.o (memcpy)
c:/program files (x86)/atmel/studio/7.0/toolchain/arm/arm-gnu-toolchain/bin/../lib/gcc/arm-none-eabi/6.3.1/../../../../arm-none-eabi/lib/thumb/v7e-m\libg.a(lib_a-memset.o)
                              c:/program files (x86)/atmel/studio/7.0/toolchain/arm/arm-gnu-toolchain/bin/../lib/gcc/arm-none-eabi/6.3.1/../../../../arm-none-eabi/lib/thumb/v7e-m/crt0.o (memset)
c:/program files (x86)/atmel/studio/7.0/toolchain/arm/arm-gnu-toolchain/bin/../lib/gcc/arm-none-eabi/6.3.1/../../../../arm-none-eabi/lib/thumb/v7e-m\libg.a(lib_a-printf.o)
                              TC_lldn.o (printf)
c:/program files (x86)/atmel/studio/7.0/toolchain/arm/arm-gnu-toolchain/bin/../lib/gcc/arm-none-eabi/6.3.1/../../../../arm-none-eabi/lib/thumb/v7e-m\libg.a(lib_a-rand.o)
                              ../../../stack/LwMesh/TDMA/nwk/src/nwkTx.o (rand)
c:/program files (x86)/atmel/studio/7.0/toolchain/arm/arm-gnu-toolchain/bin/../lib/gcc/arm-none-eabi/6.3.1/../../../../arm-none-eabi/lib/thumb/v7e-m\libg.a(lib_a-setbuf.o)
                              ../../../platform/common/utils/stdio/stdio_usb/stdio_usb.o (setbuf)
c:/program files (x86)/atmel/studio/7.0/toolchain/arm/arm-gnu-toolchain/bin/../lib/gcc/arm-none-eabi/6.3.1/../../../../arm-none-eabi/lib/thumb/v7e-m\libg.a(lib_a-setvbuf.o)
                              c:/program files (x86)/atmel/studio/7.0/toolchain/arm/arm-gnu-toolchain/bin/../lib/gcc/arm-none-eabi/6.3.1/../../../../arm-none-eabi/lib/thumb/v7e-m\libg.a(lib_a-setbuf.o) (setvbuf)
c:/program files (x86)/atmel/studio/7.0/toolchain/arm/arm-gnu-toolchain/bin/../lib/gcc/arm-none-eabi/6.3.1/../../../../arm-none-eabi/lib/thumb/v7e-m\libg.a(lib_a-vfprintf.o)
                              c:/program files (x86)/atmel/studio/7.0/toolchain/arm/arm-gnu-toolchain/bin/../lib/gcc/arm-none-eabi/6.3.1/../../../../arm-none-eabi/lib/thumb/v7e-m\libg.a(lib_a-printf.o) (_vfprintf_r)
c:/program files (x86)/atmel/studio/7.0/toolchain/arm/arm-gnu-toolchain/bin/../lib/gcc/arm-none-eabi/6.3.1/../../../../arm-none-eabi/lib/thumb/v7e-m\libg.a(lib_a-wsetup.o)
                              c:/program files (x86)/atmel/studio/7.0/toolchain/arm/arm-gnu-toolchain/bin/../lib/gcc/arm-none-eabi/6.3.1/../../../../arm-none-eabi/lib/thumb/v7e-m\libg.a(lib_a-vfprintf.o) (__swsetup_r)
c:/program files (x86)/atmel/studio/7.0/toolchain/arm/arm-gnu-toolchain/bin/../lib/gcc/arm-none-eabi/6.3.1/../../../../arm-none-eabi/lib/thumb/v7e-m\libg.a(lib_a-__call_atexit.o)
                              c:/program files (x86)/atmel/studio/7.0/toolchain/arm/arm-gnu-toolchain/bin/../lib/gcc/arm-none-eabi/6.3.1/../../../../arm-none-eabi/lib/thumb/v7e-m\libg.a(lib_a-exit.o) (__call_exitprocs)
c:/program files (x86)/atmel/studio/7.0/toolchain/arm/arm-gnu-toolchain/bin/../lib/gcc/arm-none-eabi/6.3.1/../../../../arm-none-eabi/lib/thumb/v7e-m\libg.a(lib_a-atexit.o)
                              c:/program files (x86)/atmel/studio/7.0/toolchain/arm/arm-gnu-toolchain/bin/../lib/gcc/arm-none-eabi/6.3.1/../../../../arm-none-eabi/lib/thumb/v7e-m\libg.a(lib_a-__call_atexit.o) (atexit)
c:/program files (x86)/atmel/studio/7.0/toolchain/arm/arm-gnu-toolchain/bin/../lib/gcc/arm-none-eabi/6.3.1/../../../../arm-none-eabi/lib/thumb/v7e-m\libg.a(lib_a-dtoa.o)
[...]
Memory Configuration

Name             Origin             Length             Attributes
rom              0x00004000         0x0003c000         xr
ram              0x20000000         0x00008000         xrw
*default*        0x00000000         0xffffffff

Linker script and memory map

LOAD c:/program files (x86)/atmel/studio/7.0/toolchain/arm/arm-gnu-toolchain/bin/../lib/gcc/arm-none-eabi/6.3.1/thumb/v7e-m/crti.o
LOAD c:/program files (x86)/atmel/studio/7.0/toolchain/arm/arm-gnu-toolchain/bin/../lib/gcc/arm-none-eabi/6.3.1/thumb/v7e-m/crtbegin.o
LOAD c:/program files (x86)/atmel/studio/7.0/toolchain/arm/arm-gnu-toolchain/bin/../lib/gcc/arm-none-eabi/6.3.1/../../../../arm-none-eabi/lib/thumb/v7e-m/crt0.o
LOAD TC_lldn.o
LOAD ../../../stack/LwMesh/TDMA/nwk/src/nwk.o
LOAD ../../../stack/LwMesh/TDMA/nwk/src/nwkDataReq.o
LOAD ../../../stack/LwMesh/TDMA/nwk/src/nwkFrame.o
LOAD ../../../stack/LwMesh/TDMA/nwk/src/nwkGroup.o
LOAD ../../../stack/LwMesh/TDMA/nwk/src/nwkRoute.o
LOAD ../../../stack/LwMesh/TDMA/nwk/src/nwkRouteDiscovery.o
LOAD ../../../stack/LwMesh/TDMA/nwk/src/nwkRx.o
LOAD ../../../stack/LwMesh/TDMA/nwk/src/nwkSecurity.o
LOAD ../../../stack/LwMesh/TDMA/nwk/src/nwkTx.o
LOAD ../../../stack/LwMesh/TDMA/phy/AT86RF233/src/phy.o
LOAD ../../../stack/LwMesh/TDMA/sys/src/sys.o
LOAD ../../../stack/LwMesh/TDMA/sys/src/sysEncrypt.o
LOAD ../../../stack/LwMesh/TDMA/sys/src/sysTimer.o
LOAD ../../../stack/LwMesh/TDMA/services/common_hw_timer/sam/hw_timer.o
LOAD ../../../stack/LwMesh/TDMA/services/sal/at86rf2xx/src/sal.o
LOAD ../../../stack/LwMesh/TDMA/services/sleep_mgr/sam4l/sleep_mgr.o
LOAD ../../../stack/LwMesh/TDMA/services/trx_access/trx_access.o
LOAD ../../../platform/sam/utils/cmsis/sam4l/source/templates/system_sam4l.o
LOAD ../../../platform/sam/utils/cmsis/sam4l/source/templates/exceptions.o
LOAD ../../../platform/sam/utils/cmsis/sam4l/source/templates/gcc/startup_sam4l.o
LOAD ../../../platform/sam/utils/syscalls/gcc/syscalls.o
LOAD ../../../platform/sam/utils/syscalls/gcc/hardfault_handler_c.o
LOAD ../../../platform/sam/drivers/ast/ast.o
LOAD ../../../platform/sam/drivers/bpm/bpm.o
LOAD ../../../platform/sam/drivers/flashcalw/flashcalw.o
LOAD ../../../platform/sam/drivers/gpio/gpio.o
LOAD ../../../platform/sam/drivers/eic/eic.o
LOAD ../../../platform/sam/drivers/spi/spi.o
LOAD ../../../platform/sam/drivers/tc/tc.o
LOAD ../../../platform/sam/drivers/usbc/usbc_device.o
LOAD ../../../platform/sam/drivers/usart/usart.o
LOAD ../../../platform/sam/drivers/wdt/wdt_sam4l.o
LOAD ../../../platform/common/services/clock/sam4l/sysclk.o
LOAD ../../../platform/common/services/clock/sam4l/dfll.o
LOAD ../../../platform/common/services/clock/sam4l/osc.o
LOAD ../../../platform/common/services/clock/sam4l/pll.o
LOAD ../../../platform/common/services/delay/sam/cycle_counter.o
LOAD ../../../platform/common/services/serial/usart_serial.o
LOAD ../../../platform/common/services/spi/sam_spi/spi_master.o
LOAD ../../../platform/common/services/spi/sam_usart_spi/usart_spi.o
LOAD ../../../platform/common/services/sleepmgr/sam/sleepmgr.o
LOAD ../../../platform/common/services/usb/udc/udc.o
LOAD ../../../platform/common/services/usb/class/cdc/device/udi_cdc.o
LOAD ../../../platform/common/services/usb/class/cdc/device/udi_cdc_desc.o
LOAD ../../../platform/common/utils/interrupt\interrupt_sam_nvic.o
LOAD ../../../platform/common/utils/stdio/read.o
LOAD ../../../platform/common/utils/stdio/write.o
LOAD ../../../platform/common/utils/stdio/stdio_usb/stdio_usb.o
LOAD ../../../platform/thirdparty/wireless/addons/sio2host/usb/sio2host.o
LOAD ../../../board/WM400/src/board_init.o
LOAD ../../../platform/resources/buffer/src/bmm.o
LOAD ../../../platform/resources/queue/src/qmm.o
LOAD ../../../platform/sam/utils/syscalls/gcc/hardfault_handler.o
START GROUP
LOAD ../../../stack/LwMesh/TDMA/services/common_hw_timer/sam/lib\libsam4l_lib_hw_timer.a
END GROUP
START GROUP
LOAD ../../../platform/thirdparty/CMSIS/Lib/GCC\libarm_cortexM4l_math.a
LOAD c:/program files (x86)/atmel/studio/7.0/toolchain/arm/arm-gnu-toolchain/bin/../lib/gcc/arm-none-eabi/6.3.1/../../../../arm-none-eabi/lib/thumb/v7e-m\libm.a
END GROUP
                0x00001000                __stack_size__ = DEFINED (__stack_size__)?__stack_size__:0x1000
                0x20007ffc                __ram_end__ = ((ORIGIN (ram) + LENGTH (ram)) - 0x4)

.text           0x00004000    0x1382c
                0x00004000                . = ALIGN (0x4)
                0x00004000                _sfixed = .
 *(.vectors .vectors.*)
 .vectors       0x00004000      0x180 ../../../platform/sam/utils/cmsis/sam4l/source/templates/gcc/startup_sam4l.o
                0x00004000                exception_table
 *(.text .text.* .gnu.linkonce.t.*)
 .text          0x00004180       0x6c c:/program files (x86)/atmel/studio/7.0/toolchain/arm/arm-gnu-toolchain/bin/../lib/gcc/arm-none-eabi/6.3.1/thumb/v7e-m/crtbegin.o
 .text          0x000041ec      0x924 TC_lldn.o
                0x00004808                hw_expiry_cb
                0x00004820                hw_overflow_cb
                0x00004838                timer_stop
                0x00004850                tc_delay
                0x0000487c                timer_init
                0x000049e0                timer_enable_cc_interrupt
                0x00004a08                tc_compare_stop
                0x00004a30                TC10_Handler
                0x00004a4c                APP_TaskHandler
                0x00004a94                main
 .text          0x00004b10      0x1e4 ../../../stack/LwMesh/TDMA/nwk/src/nwk.o
                0x00004b10                NWK_Init
                0x00004b84                NWK_SetAddr
                0x00004bac                NWK_SetPanId
                0x00004bd4                NWK_OpenEndpoint
                0x00004bfc                NWK_Busy
                0x00004c1c                NWK_Lock
                0x00004c3c                NWK_Unlock
                0x00004c5c                NWK_SleepReq
                0x00004c6c                NWK_WakeupReq
                0x00004c7c                NWK_LinearizeLqi
                0x00004cd4                NWK_TaskHandler
 .text          0x00004cf4      0x594 ../../../stack/LwMesh/TDMA/nwk/src/nwkDataReq.o
                0x00004cf4                nwkDataReqInit
                0x00004d0c                NWK_DataReq
                0x00005240                nwkDataReqTaskHandler
 .text          0x00005288      0x26c ../../../stack/LwMesh/TDMA/nwk/src/nwkFrame.o
                0x00005288                nwkFrameInit
                0x000052c0                nwkFrameAlloc
                0x00005368                nwkFrameAlloc_LLDN
                0x00005440                nwkFrameFree
                0x0000546c                nwkFrameNext
                0x000054b8                nwkFrameCommandInit
 .text          0x000054f4      0x104 ../../../stack/LwMesh/TDMA/nwk/src/nwkGroup.o
                0x000054f4                nwkGroupInit
                0x00005528                NWK_GroupAdd
                0x00005548                NWK_GroupRemove
                0x00005568                NWK_GroupIsMember
 .text          0x000055f8      0xb90 ../../../stack/LwMesh/TDMA/nwk/src/nwkRx.o
                0x00005622                nwkRxInit
                0x00005684                PHY_DataInd
                0x000058a0                NWK_SetAckControl
                0x000060f0                nwkRxTaskHandler
 .text          0x00006188      0x6d8 ../../../stack/LwMesh/TDMA/nwk/src/nwkTx.o
                0x00006188                nwkTxInit
                0x000061d4                nwkTxBeaconFrame
                0x00006244                nwkTxBeaconFrameLLDN
                0x000062c0                nwkTxMacCommandFrameLLDN
                0x0000636c                nwkTxFrame
                0x00006460                nwkTxBroadcastFrame
                0x00006544                nwkTxAckReceived
                0x00006618                nwkTxConfirm
                0x000066d8                PHY_DataConf
                0x00006724                nwkTxTaskHandler
 .text          0x00006860      0x684 ../../../stack/LwMesh/TDMA/phy/AT86RF233/src/phy.o
                0x000068e6                PHY_Init
                0x0000696c                PHY_SetTdmaMode
                0x000069c2                PHY_SetRxState
                0x000069e4                PHY_SetChannel
                0x00006a14                PHY_SetPanId
                0x00006a44                PHY_SetShortAddr
                0x00006a8a                PHY_SetTxPower
                0x00006aba                PHY_Sleep
                0x00006b24                PHY_Wakeup
                0x00006b44                PHY_DataReq
                0x00006ba4                PHY_RandomReq
                0x00006c04                PHY_EncryptReq
                0x00006c3c                PHY_EdReq
                0x00006da8                PHY_SetIEEEAddr
                0x00006dec                PHY_TaskHandler
 .text          0x00006ee4       0x48 ../../../stack/LwMesh/TDMA/sys/src/sys.o
                0x00006ee4                SYS_Init
                0x00006f0c                SYS_TaskHandler
 .text          0x00006f2c      0x30c ../../../stack/LwMesh/TDMA/sys/src/sysTimer.o
                0x00006fb0                SYS_TimerInit
                0x00006ff0                SYS_TimerStart
                0x00007018                SYS_TimerStop
                0x0000708c                SYS_TimerStarted
                0x000070c4                SYS_TimerTaskHandler
                0x00007210                SYS_HwExpiry_Cb
 .text          0x00007238      0x3a4 ../../../stack/LwMesh/TDMA/services/common_hw_timer/sam/hw_timer.o
                0x000072ec                tmr_read_count
                0x00007308                save_cpu_interrupt
                0x00007318                restore_cpu_interrupt
                0x00007332                tmr_stop
                0x0000734c                tmr_write_cmpreg
                0x00007374                tmr_init
                0x000073f4                tmr_disable_cc_interrupt
                0x0000741c                tmr_enable_cc_interrupt
                0x00007444                tmr_disable_ovf_interrupt
                0x00007550                TC00_Handler
                0x0000756c                TC01_Handler
                0x00007588                TC02_Handler
                0x000075a4                TC11_Handler
                0x000075c0                TC12_Handler
 .text          0x000075dc      0x2c8 ../../../stack/LwMesh/TDMA/services/sal/at86rf2xx/src/sal.o
                0x000075dc                sal_init
                0x000075e8                sal_aes_setup
                0x00007788                sal_aes_restart
                0x000077f8                _sal_aes_clean_up
                0x00007804                sal_aes_wrrd
                0x00007884                sal_aes_read
 .text          0x000078a4      0x458 ../../../stack/LwMesh/TDMA/services/sleep_mgr/sam4l/sleep_mgr.o
                0x00007c68                sm_init
                0x00007ca8                sm_sleep
 .text          0x00007cfc      0x930 ../../../stack/LwMesh/TDMA/services/trx_access/trx_access.o
                0x00008058                GPIO_2_Handler
                0x000080a8                trx_spi_init
                0x0000815c                PhyReset
                0x00008198                trx_reg_read
                0x0000820c                trx_reg_write
                0x0000827c                trx_irq_init
                0x00008298                trx_bit_read
                0x000082d2                trx_bit_write
                0x0000833c                trx_frame_read
                0x000083a8                trx_frame_write
                0x00008410                trx_sram_write
                0x000084a4                trx_sram_read
                0x00008544                trx_aes_wrrd
 .text          0x0000862c        0x6 ../../../platform/sam/utils/cmsis/sam4l/source/templates/exceptions.o
                0x0000862c                DACC_Handler
                0x0000862c                DebugMon_Handler
                0x0000862c                TRNG_Handler
                0x0000862c                SPI_Handler
                0x0000862c                SysTick_Handler
                0x0000862c                PDCA_10_Handler
                0x0000862c                USART3_Handler
                0x0000862c                AST_PER_Handler
                0x0000862c                AST_CLKREADY_Handler
                0x0000862c                AST_OVF_Handler
                0x0000862c                PDCA_5_Handler
                0x0000862c                PendSV_Handler
                0x0000862c                SCIF_Handler
                0x0000862c                PDCA_15_Handler
                0x0000862c                CRCCU_Handler
                0x0000862c                USART0_Handler
                0x0000862c                TWIM3_Handler
                0x0000862c                UsageFault_Handler
                0x0000862c                PDCA_0_Handler
                0x0000862c                PDCA_14_Handler
                0x0000862c                BPM_Handler
                0x0000862c                PARC_Handler
                0x0000862c                WDT_Handler
                0x0000862c                TWIS0_Handler
                0x0000862c                PDCA_8_Handler
                0x0000862c                TWIS1_Handler
                0x0000862c                TWIM2_Handler
                0x0000862c                AESA_Handler
                0x0000862c                PDCA_13_Handler
                0x0000862c                Dummy_Handler
                0x0000862c                PDCA_3_Handler
                0x0000862c                ABDACB_Handler
                0x0000862c                CATB_Handler
                0x0000862c                LCDCA_Handler
                0x0000862c                USART1_Handler
                0x0000862c                AST_READY_Handler
                0x0000862c                PDCA_2_Handler
                0x0000862c                AST_ALARM_Handler
                0x0000862c                TWIM0_Handler
                0x0000862c                PM_Handler
                0x0000862c                PDCA_1_Handler
                0x0000862c                PDCA_11_Handler
                0x0000862c                ACIFC_Handler
                0x0000862c                PDCA_6_Handler
                0x0000862c                MemManage_Handler
                0x0000862c                SVC_Handler
                0x0000862c                PDCA_12_Handler
                0x0000862c                PDCA_9_Handler
                0x0000862c                ADCIFE_Handler
                0x0000862c                PDCA_7_Handler
                0x0000862c                PEVC_TR_Handler
                0x0000862c                USART2_Handler
                0x0000862c                TWIM1_Handler
                0x0000862c                HFLASHC_Handler
                0x0000862c                BSCIF_Handler
                0x0000862c                IISC_Handler
                0x0000862c                BusFault_Handler
                0x0000862c                FREQM_Handler
                0x0000862c                PDCA_4_Handler
                0x0000862c                PEVC_OV_Handler
 *fill*         0x00008632        0x2 
 .text          0x00008634       0x84 ../../../platform/sam/utils/cmsis/sam4l/source/templates/gcc/startup_sam4l.o
                0x00008634                Reset_Handler
 .text          0x000086b8      0x110 ../../../platform/sam/utils/syscalls/gcc/syscalls.o
                0x000086b8                _sbrk
                0x00008710                link
                0x00008728                _close
                0x0000873e                _fstat
                0x0000875c                _isatty
                0x00008770                _lseek
                0x00008788                _exit
                0x000087a4                _kill
                0x000087b8                _getpid
 .text          0x000087c8       0x6c ../../../platform/sam/utils/syscalls/gcc/hardfault_handler_c.o
                0x000087c8                HardFault_Handler_C
 .text          0x00008834      0xa24 ../../../platform/sam/drivers/ast/ast.o
                0x00008a18                ast_is_enabled
                0x00008a48                ast_enable
                0x00008a68                ast_disable
                0x00008ab0                ast_enable_counter_clear_on_alarm
                0x00008af8                ast_clear_prescalar
                0x00008b30                ast_set_config
                0x00008c4e                ast_configure_digital_tuner
                0x00008d58                ast_init_digital_tuner
                0x00008dc6                ast_disable_digital_tuner
                0x00008dfe                ast_write_calendar_value
                0x00008e32                ast_write_counter_value
                0x00008e66                ast_read_calendar_value
                0x00008e80                ast_write_alarm0_value
                0x00008eb4                ast_write_periodic0_value
                0x00008ee8                ast_enable_interrupt
                0x00008f6c                ast_disable_interrupt
                0x00008ff0                ast_clear_interrupt_flag
                0x00009074                ast_set_callback
                0x000090cc                ast_enable_wakeup
                0x00009136                ast_disable_wakeup
                0x000091a0                ast_enable_event
                0x000091fc                ast_disable_event
 .text          0x00009258      0x4e8 ../../../platform/sam/drivers/bpm/bpm.o
                0x000092dc                bpm_power_scaling_cpu_failsafe
                0x00009378                bpm_power_scaling_cpu
                0x000093d0                bpm_enable_fast_wakeup
                0x00009400                bpm_disable_fast_wakeup
                0x00009430                bpm_set_clk32_source
                0x00009478                bpm_get_backup_wakeup_cause
                0x0000948e                bpm_enable_wakeup_source
                0x000094ae                bpm_disable_wakeup_source
                0x000094d0                bpm_enable_backup_pin
                0x000094f0                bpm_disable_backup_pin
                0x00009512                bpm_enable_io_retention
                0x00009530                bpm_disable_io_retention
                0x0000954e                bpm_enable_interrupt
                0x00009568                bpm_disable_interrupt
                0x00009582                bpm_get_interrupt_mask
                0x00009598                bpm_get_interrupt_status
                0x000095ae                bpm_clear_interrupt
                0x000095c8                bpm_get_status
                0x000095de                bpm_get_version
                0x000095f6                bpm_sleep
 .text          0x00009740     0x12fc ../../../platform/sam/drivers/flashcalw/flashcalw.o
                0x00009740                flashcalw_get_flash_size
                0x000097c0                flashcalw_get_page_count
                0x000097d0                flashcalw_get_page_count_per_region
                0x000097e0                flashcalw_get_page_region
                0x0000980a                flashcalw_get_region_first_page_number
                0x00009826                flashcalw_get_wait_state
                0x00009848                flashcalw_set_wait_state
                0x00009878                flashcalw_set_flash_waitstate_and_readmode
                0x0000992c                flashcalw_is_ready_int_enabled
                0x00009950                flashcalw_enable_ready_int
                0x00009978                flashcalw_is_lock_error_int_enabled
                0x0000999c                flashcalw_enable_lock_error_int
                0x000099c4                flashcalw_is_prog_error_int_enabled
                0x000099e8                flashcalw_enable_prog_error_int
                0x00009a10                flashcalw_is_ready
                0x00009a34                flashcalw_default_wait_until_ready
                0x00009a68                flashcalw_is_lock_error
                0x00009a8c                flashcalw_is_programming_error
                0x00009ab0                flashcalw_get_command
                0x00009ac8                flashcalw_get_page_number
                0x00009ae0                flashcalw_issue_command
                0x00009b54                flashcalw_no_operation
                0x00009b66                flashcalw_erase_all
                0x00009b78                flashcalw_is_security_bit_active
                0x00009b9c                flashcalw_set_security_bit
                0x00009bae                flashcalw_is_page_region_locked
                0x00009bd0                flashcalw_is_region_locked
                0x00009c04                flashcalw_lock_page_region
                0x00009c2c                flashcalw_lock_region
                0x00009c54                flashcalw_lock_all_regions
                0x00009c9c                flashcalw_read_gp_fuse_bit
                0x00009cf6                flashcalw_read_gp_fuse_bitfield
                0x00009d7e                flashcalw_read_gp_fuse_byte
                0x00009dbc                flashcalw_read_all_gp_fuses
                0x00009df8                flashcalw_erase_gp_fuse_bit
                0x00009e32                flashcalw_erase_gp_fuse_bitfield
                0x00009ef0                flashcalw_erase_gp_fuse_byte
                0x00009f80                flashcalw_erase_all_gp_fuses
                0x00009fc2                flashcalw_write_gp_fuse_bit
                0x00009ff0                flashcalw_write_gp_fuse_bitfield
                0x0000a080                flashcalw_write_gp_fuse_byte
                0x0000a0a8                flashcalw_write_all_gp_fuses
                0x0000a100                flashcalw_set_gp_fuse_bit
                0x0000a12c                flashcalw_set_gp_fuse_bitfield
                0x0000a1bc                flashcalw_set_gp_fuse_byte
                0x0000a218                flashcalw_set_all_gp_fuses
                0x0000a27c                flashcalw_clear_page_buffer
                0x0000a28e                flashcalw_is_page_erased
                0x0000a2b0                flashcalw_quick_page_read
                0x0000a2ce                flashcalw_erase_page
                0x0000a318                flashcalw_erase_all_pages
                0x0000a37c                flashcalw_write_page
                0x0000a394                flashcalw_quick_user_page_read
                0x0000a3ac                flashcalw_erase_user_page
                0x0000a3de                flashcalw_write_user_page
                0x0000a3f0                flashcalw_memset8
                0x0000a428                flashcalw_memset16
                0x0000a45a                flashcalw_memset32
                0x0000a4a4                flashcalw_memset64
                0x0000a7b8                flashcalw_memcpy
                0x0000a8f0                flashcalw_picocache_enable
                0x0000a91c                flashcalw_picocache_disable
                0x0000a94c                flashcalw_picocache_get_status
                0x0000a960                flashcalw_picocache_invalid_all
                0x0000a978                flashcalw_picocache_invalid_line
                0x0000a9ac                flashcalw_picocache_set_monitor_mode
                0x0000a9c8                flashcalw_picocache_enable_monitor
                0x0000a9e0                flashcalw_picocache_disable_monitor
                0x0000a9f8                flashcalw_picocache_reset_monitor
                0x0000aa10                flashcalw_picocache_get_monitor_cnt
                0x0000aa24                flashcalw_picocache_get_version
 .text          0x0000aa3c      0x310 ../../../platform/sam/drivers/gpio/gpio.o
                0x0000ab34                gpio_set_pin_callback
                0x0000ac8c                GPIO_0_Handler
                0x0000ac9c                GPIO_1_Handler
                0x0000acae                GPIO_3_Handler
                0x0000acc0                GPIO_4_Handler
                0x0000acd0                GPIO_5_Handler
                0x0000ace2                GPIO_6_Handler
                0x0000acf4                GPIO_7_Handler
                0x0000ad06                GPIO_8_Handler
                0x0000ad16                GPIO_9_Handler
                0x0000ad28                GPIO_10_Handler
                0x0000ad3a                GPIO_11_Handler
 .text          0x0000ad4c      0x3f8 ../../../platform/sam/drivers/eic/eic.o
                0x0000af0c                eic_line_set_config
                0x0000b000                eic_disable
                0x0000b020                eic_enable
                0x0000b040                eic_line_set_callback
                0x0000b0c4                NMI_Handler
                0x0000b0d2                EIC_1_Handler
                0x0000b0e0                EIC_2_Handler
                0x0000b0ee                EIC_3_Handler
                0x0000b0fc                EIC_4_Handler
                0x0000b10a                EIC_5_Handler
                0x0000b118                EIC_6_Handler
                0x0000b126                EIC_7_Handler
                0x0000b134                EIC_8_Handler
 .text          0x0000b144      0x45c ../../../platform/sam/drivers/spi/spi.o
                0x0000b168                spi_enable_clock
                0x0000b184                spi_disable_clock
                0x0000b1a0                spi_set_peripheral_chip_select_value
                0x0000b1d2                spi_set_delay_between_chip_select
                0x0000b200                spi_read
                0x0000b26c                spi_write
                0x0000b2e6                spi_set_clock_polarity
                0x0000b334                spi_set_clock_phase
                0x0000b382                spi_configure_cs_behavior
                0x0000b426                spi_set_bits_per_transfer
                0x0000b46e                spi_calc_baudrate_div
                0x0000b4a8                spi_set_baudrate_div
                0x0000b4f6                spi_set_transfer_delay
                0x0000b552                spi_set_writeprotect
                0x0000b588                spi_get_writeprotect_status
 .text          0x0000b5a0      0x358 ../../../platform/sam/drivers/tc/tc.o
                0x0000b5a0                tc_init
                0x0000b5d8                tc_sync_trigger
                0x0000b5f2                tc_set_block_mode
                0x0000b60e                tc_init_2bit_gray
                0x0000b634                tc_start
                0x0000b654                tc_stop
                0x0000b674                tc_read_cv
                0x0000b694                tc_read_ra
                0x0000b6b4                tc_read_rb
                0x0000b6d4                tc_read_rc
                0x0000b6f4                tc_write_ra
                0x0000b718                tc_write_rb
                0x0000b73c                tc_write_rc
                0x0000b760                tc_enable_interrupt
                0x0000b786                tc_disable_interrupt
                0x0000b7ac                tc_get_interrupt_mask
                0x0000b7ce                tc_get_status
                0x0000b7f0                tc_find_mck_divisor
                0x0000b894                tc_set_writeprotect
                0x0000b8c8                tc_get_feature
                0x0000b8e0                tc_get_version
 .text          0x0000b8f8     0x1688 ../../../platform/sam/drivers/usbc/usbc_device.o
                0x0000bae4                USBC_Handler
                0x0000bc30                udd_include_vbus_monitoring
                0x0000bc3e                udd_enable
                0x0000bd5c                udd_disable
                0x0000bdac                udd_attach
                0x0000be3c                udd_detach
                0x0000be7c                udd_is_high_speed
                0x0000be8a                udd_set_address
                0x0000bed0                udd_getaddress
                0x0000beec                udd_get_frame_number
                0x0000bf0c                udd_get_micro_frame_number
                0x0000bf1a                udd_send_remotewakeup
                0x0000bf5c                udd_set_setup_payload
                0x0000bf84                udd_ep_alloc
                0x0000c05c                udd_ep_free
                0x0000c094                udd_ep_is_halted
                0x0000c0c8                udd_ep_set_halt
                0x0000c108                udd_ep_clear_halt
                0x0000c1c4                udd_ep_run
                0x0000c31c                udd_ep_abort
                0x0000c3cc                udd_ep_wait_stall_clear
 .text          0x0000cf80      0x300 ../../../platform/sam/drivers/wdt/wdt_sam4l.o
                0x0000d01c                wdt_get_config_defaults
                0x0000d058                wdt_init
                0x0000d154                wdt_enable
                0x0000d1ac                wdt_disable
                0x0000d1e8                wdt_clear
                0x0000d224                wdt_reset_mcu
 .text          0x0000d280     0x15cc ../../../platform/common/services/clock/sam4l/sysclk.o
                0x0000da44                sysclk_priv_enable_module
                0x0000daa4                sysclk_priv_disable_module
                0x0000db04                sysclk_enable_pba_module
                0x0000db3c                sysclk_disable_pba_module
                0x0000db74                sysclk_enable_pbb_module
                0x0000dbac                sysclk_disable_pbb_module
                0x0000dbe4                sysclk_get_peripheral_bus_hz
                0x0000de40                sysclk_enable_peripheral_clock
                0x0000e24e                sysclk_disable_peripheral_clock
                0x0000e648                sysclk_set_prescalers
                0x0000e738                sysclk_set_source
                0x0000e768                sysclk_enable_usb
                0x0000e786                sysclk_disable_usb
                0x0000e794                sysclk_init
 .text          0x0000e84c      0x840 ../../../platform/common/services/clock/sam4l/dfll.o
                0x0000ed66                dfll_enable_open_loop
                0x0000ee48                dfll_disable_open_loop
                0x0000eeb0                dfll_enable_closed_loop
                0x0000ef9c                dfll_disable_closed_loop
                0x0000f004                dfll_enable_config_defaults
 .text          0x0000f08c      0x34c ../../../platform/common/services/clock/sam4l/osc.o
                0x0000f110                osc_priv_enable_osc0
                0x0000f144                osc_priv_disable_osc0
                0x0000f180                osc_priv_enable_osc32
                0x0000f1b4                osc_priv_disable_osc32
                0x0000f1f8                osc_priv_enable_rc32k
                0x0000f230                osc_priv_disable_rc32k
                0x0000f26c                osc_priv_enable_rc1m
                0x0000f2a4                osc_priv_disable_rc1m
                0x0000f2e0                osc_priv_enable_rc80m
                0x0000f318                osc_priv_disable_rc80m
                0x0000f354                osc_priv_enable_rcfast
                0x0000f394                osc_priv_disable_rcfast
 .text          0x0000f3d8      0x150 ../../../platform/common/services/clock/sam4l/pll.o
                0x0000f45c                pll_config_write
                0x0000f4a0                pll_enable
                0x0000f4e8                pll_disable
 .text          0x0000f528      0x48c ../../../platform/common/services/spi/sam_spi/spi_master.o
                0x0000f71c                spi_master_init
                0x0000f774                spi_master_setup_device
                0x0000f824                spi_select_device
                0x0000f878                spi_deselect_device
                0x0000f8ac                spi_write_packet
                0x0000f918                spi_read_packet
 .text          0x0000f9b4      0xae8 ../../../platform/common/services/usb/udc/udc.o
                0x0000f9b4                udc_get_interface_desc
                0x0000fc04                udc_start
                0x0000fc14                udc_stop
                0x0000fc28                udc_reset
                0x0000fc78                udc_sof_notify
                0x00010418                udc_process_setup
 .text          0x0001049c     0x10e8 ../../../platform/common/services/usb/class/cdc/device/udi_cdc.o
                0x00010520                udi_cdc_comm_enable
                0x00010660                udi_cdc_data_enable
                0x00010740                udi_cdc_comm_disable
                0x00010760                udi_cdc_data_disable
                0x00010798                udi_cdc_comm_setup
                0x00010854                udi_cdc_data_setup
                0x00010862                udi_cdc_getsetting
                0x00010870                udi_cdc_data_sof_notify
                0x00010e80                udi_cdc_ctrl_signal_dcd
                0x00010e9e                udi_cdc_ctrl_signal_dsr
                0x00010ebc                udi_cdc_signal_framing_error
                0x00010ece                udi_cdc_signal_parity_error
                0x00010ee0                udi_cdc_signal_overrun
                0x00010ef2                udi_cdc_multi_ctrl_signal_dcd
                0x00010f16                udi_cdc_multi_ctrl_signal_dsr
                0x00010f3a                udi_cdc_multi_signal_framing_error
                0x00010f58                udi_cdc_multi_signal_parity_error
                0x00010f76                udi_cdc_multi_signal_overrun
                0x00010f94                udi_cdc_multi_get_nb_received_data
                0x00010fec                udi_cdc_get_nb_received_data
                0x00010ffc                udi_cdc_multi_is_rx_ready
                0x00011022                udi_cdc_is_rx_ready
                0x00011032                udi_cdc_multi_getc
                0x0001111c                udi_cdc_getc
                0x0001112c                udi_cdc_multi_read_buf
                0x00011234                udi_cdc_read_buf
                0x00011252                udi_cdc_multi_get_free_tx_buffer
                0x00011318                udi_cdc_get_free_tx_buffer
                0x00011328                udi_cdc_multi_is_tx_ready
                0x0001134e                udi_cdc_is_tx_ready
                0x0001135e                udi_cdc_multi_putc
                0x0001143c                udi_cdc_putc
                0x00011456                udi_cdc_multi_write_buf
                0x00011564                udi_cdc_write_buf
 .text          0x00011584       0x54 ../../../platform/common/utils/stdio/read.o
                0x00011584                _read
 .text          0x000115d8       0x6c ../../../platform/common/utils/stdio/write.o
                0x000115d8                _write
 .text          0x00011644      0x10c ../../../platform/common/utils/stdio/stdio_usb/stdio_usb.o
                0x00011644                stdio_usb_putchar
                0x00011688                stdio_usb_getchar
                0x000116c4                stdio_usb_enable
                0x000116dc                stdio_usb_disable
                0x000116f4                stdio_usb_init
 .text          0x00011750      0x470 ../../../board/WM400/src/board_init.o
                0x00011a6e                board_init
 .text          0x00011bc0       0x12 ../../../platform/sam/utils/syscalls/gcc/hardfault_handler.o
                0x00011bc0                HardFault_Handler
 *fill*         0x00011bd2        0x2 
 .text.common_tc_delay
                0x00011bd4       0x98 ../../../stack/LwMesh/TDMA/services/common_hw_timer/sam/lib\libsam4l_lib_hw_timer.a(common_hw_timer.o)
                0x00011bd4                common_tc_delay
 .text.common_tc_init
                0x00011c6c       0x28 ../../../stack/LwMesh/TDMA/services/common_hw_timer/sam/lib\libsam4l_lib_hw_timer.a(common_hw_timer.o)
                0x00011c6c                common_tc_init
 .text.tmr_ovf_callback
                0x00011c94       0x60 ../../../stack/LwMesh/TDMA/services/common_hw_timer/sam/lib\libsam4l_lib_hw_timer.a(common_hw_timer.o)
                0x00011c94                tmr_ovf_callback
 .text.tmr_cca_callback
                0x00011cf4       0x1c ../../../stack/LwMesh/TDMA/services/common_hw_timer/sam/lib\libsam4l_lib_hw_timer.a(common_hw_timer.o)
                0x00011cf4                tmr_cca_callback
 .text.set_common_tc_expiry_callback
                0x00011d10        0xc ../../../stack/LwMesh/TDMA/services/common_hw_timer/sam/lib\libsam4l_lib_hw_timer.a(common_hw_timer.o)
                0x00011d10                set_common_tc_expiry_callback
 .text.__libc_init_array
                0x00011d1c       0x50 c:/program files (x86)/atmel/studio/7.0/toolchain/arm/arm-gnu-toolchain/bin/../lib/gcc/arm-none-eabi/6.3.1/../../../../arm-none-eabi/lib/thumb/v7e-m\libg.a(lib_a-init.o)
                0x00011d1c                __libc_init_array
 .text          0x00011d6c      0x134 c:/program files (x86)/atmel/studio/7.0/toolchain/arm/arm-gnu-toolchain/bin/../lib/gcc/arm-none-eabi/6.3.1/../../../../arm-none-eabi/lib/thumb/v7e-m\libg.a(lib_a-memcpy.o)
                0x00011d6c                memcpy
 .text.memset   0x00011ea0       0x9c c:/program files (x86)/atmel/studio/7.0/toolchain/arm/arm-gnu-toolchain/bin/../lib/gcc/arm-none-eabi/6.3.1/../../../../arm-none-eabi/lib/thumb/v7e-m\libg.a(lib_a-memset.o)
                0x00011ea0                memset
 .text.printf   0x00011f3c       0x28 c:/program files (x86)/atmel/studio/7.0/toolchain/arm/arm-gnu-toolchain/bin/../lib/gcc/arm-none-eabi/6.3.1/../../../../arm-none-eabi/lib/thumb/v7e-m\libg.a(lib_a-printf.o)
                0x00011f3c                printf
 .text.rand     0x00011f64       0x40 c:/program files (x86)/atmel/studio/7.0/toolchain/arm/arm-gnu-toolchain/bin/../lib/gcc/arm-none-eabi/6.3.1/../../../../arm-none-eabi/lib/thumb/v7e-m\libg.a(lib_a-rand.o)
                0x00011f64                rand
 .text.setbuf   0x00011fa4       0x10 c:/program files (x86)/atmel/studio/7.0/toolchain/arm/arm-gnu-toolchain/bin/../lib/gcc/arm-none-eabi/6.3.1/../../../../arm-none-eabi/lib/thumb/v7e-m\libg.a(lib_a-setbuf.o)
                0x00011fa4                setbuf
 .text.setvbuf  0x00011fb4      0x190 c:/program files (x86)/atmel/studio/7.0/toolchain/arm/arm-gnu-toolchain/bin/../lib/gcc/arm-none-eabi/6.3.1/../../../../arm-none-eabi/lib/thumb/v7e-m\libg.a(lib_a-setvbuf.o)
                0x00011fb4                setvbuf
 .text._vfprintf_r
                0x00012144     0x1558 c:/program files (x86)/atmel/studio/7.0/toolchain/arm/arm-gnu-toolchain/bin/../lib/gcc/arm-none-eabi/6.3.1/../../../../arm-none-eabi/lib/thumb/v7e-m\libg.a(lib_a-vfprintf.o)
                0x00012144                _vfprintf_r
 .text.__sbprintf
                0x0001369c       0x84 c:/program files (x86)/atmel/studio/7.0/toolchain/arm/arm-gnu-toolchain/bin/../lib/gcc/arm-none-eabi/6.3.1/../../../../arm-none-eabi/lib/thumb/v7e-m\libg.a(lib_a-vfprintf.o)
 .text.__swsetup_r
                0x00013720       0xc8 c:/program files (x86)/atmel/studio/7.0/toolchain/arm/arm-gnu-toolchain/bin/../lib/gcc/arm-none-eabi/6.3.1/../../../../arm-none-eabi/lib/thumb/v7e-m\libg.a(lib_a-wsetup.o)
                0x00013720                __swsetup_r
 .text.startup.register_fini
                0x000137e8       0x14 c:/program files (x86)/atmel/studio/7.0/toolchain/arm/arm-gnu-toolchain/bin/../lib/gcc/arm-none-eabi/6.3.1/../../../../arm-none-eabi/lib/thumb/v7e-m\libg.a(lib_a-__call_atexit.o)
 .text.atexit   0x000137fc        0xc c:/program files (x86)/atmel/studio/7.0/toolchain/arm/arm-gnu-toolchain/bin/../lib/gcc/arm-none-eabi/6.3.1/../../../../arm-none-eabi/lib/thumb/v7e-m\libg.a(lib_a-atexit.o)
                0x000137fc                atexit
 .text.quorem   0x00013808      0x128 c:/program files (x86)/atmel/studio/7.0/toolchain/arm/arm-gnu-toolchain/bin/../lib/gcc/arm-none-eabi/6.3.1/../../../../arm-none-eabi/lib/thumb/v7e-m\libg.a(lib_a-dtoa.o)
 .text._dtoa_r  0x00013930      0xe54 c:/program files (x86)/atmel/studio/7.0/toolchain/arm/arm-gnu-toolchain/bin/../lib/gcc/arm-none-eabi/6.3.1/../../../../arm-none-eabi/lib/thumb/v7e-m\libg.a(lib_a-dtoa.o)
                0x00013930                _dtoa_r
 .text.__sflush_r
                0x00014784      0x140 c:/program files (x86)/atmel/studio/7.0/toolchain/arm/arm-gnu-toolchain/bin/../lib/gcc/arm-none-eabi/6.3.1/../../../../arm-none-eabi/lib/thumb/v7e-m\libg.a(lib_a-fflush.o)
                0x00014784                __sflush_r
 .text._fflush_r
                0x000148c4       0x54 c:/program files (x86)/atmel/studio/7.0/toolchain/arm/arm-gnu-toolchain/bin/../lib/gcc/arm-none-eabi/6.3.1/../../../../arm-none-eabi/lib/thumb/v7e-m\libg.a(lib_a-fflush.o)
                0x000148c4                _fflush_r
 .text._cleanup_r
                0x00014918        0xc c:/program files (x86)/atmel/studio/7.0/toolchain/arm/arm-gnu-toolchain/bin/../lib/gcc/arm-none-eabi/6.3.1/../../../../arm-none-eabi/lib/thumb/v7e-m\libg.a(lib_a-findfp.o)
                0x00014918                _cleanup_r
 .text.std.isra.0
                0x00014924       0x50 c:/program files (x86)/atmel/studio/7.0/toolchain/arm/arm-gnu-toolchain/bin/../lib/gcc/arm-none-eabi/6.3.1/../../../../arm-none-eabi/lib/thumb/v7e-m\libg.a(lib_a-findfp.o)
 .text.__sinit  0x00014974       0x58 c:/program files (x86)/atmel/studio/7.0/toolchain/arm/arm-gnu-toolchain/bin/../lib/gcc/arm-none-eabi/6.3.1/../../../../arm-none-eabi/lib/thumb/v7e-m\libg.a(lib_a-findfp.o)
                0x00014974                __sinit
 .text.__sfp_lock_acquire
                0x000149cc        0xc c:/program files (x86)/atmel/studio/7.0/toolchain/arm/arm-gnu-toolchain/bin/../lib/gcc/arm-none-eabi/6.3.1/../../../../arm-none-eabi/lib/thumb/v7e-m\libg.a(lib_a-findfp.o)
                0x000149cc                __sfp_lock_acquire
 .text.__sfp_lock_release
                0x000149d8        0xc c:/program files (x86)/atmel/studio/7.0/toolchain/arm/arm-gnu-toolchain/bin/../lib/gcc/arm-none-eabi/6.3.1/../../../../arm-none-eabi/lib/thumb/v7e-m\libg.a(lib_a-findfp.o)
                0x000149d8                __sfp_lock_release
 .text.__libc_fini_array
                0x000149e4       0x34 c:/program files (x86)/atmel/studio/7.0/toolchain/arm/arm-gnu-toolchain/bin/../lib/gcc/arm-none-eabi/6.3.1/../../../../arm-none-eabi/lib/thumb/v7e-m\libg.a(lib_a-fini.o)
                0x000149e4                __libc_fini_array
 .text._malloc_trim_r
                0x00014a18       0xa0 c:/program files (x86)/atmel/studio/7.0/toolchain/arm/arm-gnu-toolchain/bin/../lib/gcc/arm-none-eabi/6.3.1/../../../../arm-none-eabi/lib/thumb/v7e-m\libg.a(lib_a-freer.o)
                0x00014a18                _malloc_trim_r
 .text._free_r  0x00014ab8      0x1cc c:/program files (x86)/atmel/studio/7.0/toolchain/arm/arm-gnu-toolchain/bin/../lib/gcc/arm-none-eabi/6.3.1/../../../../arm-none-eabi/lib/thumb/v7e-m\libg.a(lib_a-freer.o)
                0x00014ab8                _free_r
 .text._fwalk_reent
                0x00014c84       0x54 c:/program files (x86)/atmel/studio/7.0/toolchain/arm/arm-gnu-toolchain/bin/../lib/gcc/arm-none-eabi/6.3.1/../../../../arm-none-eabi/lib/thumb/v7e-m\libg.a(lib_a-fwalk.o)
                0x00014c84                _fwalk_reent
 .text._localeconv_r
                0x00014cd8       0x1c c:/program files (x86)/atmel/studio/7.0/toolchain/arm/arm-gnu-toolchain/bin/../lib/gcc/arm-none-eabi/6.3.1/../../../../arm-none-eabi/lib/thumb/v7e-m\libg.a(lib_a-localeconv.o)
                0x00014cd8                _localeconv_r
 .text.__retarget_lock_init_recursive
                0x00014cf4        0x4 c:/program files (x86)/atmel/studio/7.0/toolchain/arm/arm-gnu-toolchain/bin/../lib/gcc/arm-none-eabi/6.3.1/../../../../arm-none-eabi/lib/thumb/v7e-m\libg.a(lib_a-lock.o)
                0x00014cf4                __retarget_lock_init_recursive
 .text.__retarget_lock_close_recursive
                0x00014cf8        0x4 c:/program files (x86)/atmel/studio/7.0/toolchain/arm/arm-gnu-toolchain/bin/../lib/gcc/arm-none-eabi/6.3.1/../../../../arm-none-eabi/lib/thumb/v7e-m\libg.a(lib_a-lock.o)
                0x00014cf8                __retarget_lock_close_recursive
 .text.__retarget_lock_acquire_recursive
                0x00014cfc        0x4 c:/program files (x86)/atmel/studio/7.0/toolchain/arm/arm-gnu-toolchain/bin/../lib/gcc/arm-none-eabi/6.3.1/../../../../arm-none-eabi/lib/thumb/v7e-m\libg.a(lib_a-lock.o)
                0x00014cfc                __retarget_lock_acquire_recursive
 .text.__retarget_lock_release_recursive
                0x00014d00        0x4 c:/program files (x86)/atmel/studio/7.0/toolchain/arm/arm-gnu-toolchain/bin/../lib/gcc/arm-none-eabi/6.3.1/../../../../arm-none-eabi/lib/thumb/v7e-m\libg.a(lib_a-lock.o)
                0x00014d00                __retarget_lock_release_recursive
 .text.__swhatbuf_r
                0x00014d04       0x5c c:/program files (x86)/atmel/studio/7.0/toolchain/arm/arm-gnu-toolchain/bin/../lib/gcc/arm-none-eabi/6.3.1/../../../../arm-none-eabi/lib/thumb/v7e-m\libg.a(lib_a-makebuf.o)
                0x00014d04                __swhatbuf_r
 .text.__smakebuf_r
                0x00014d60       0x94 c:/program files (x86)/atmel/studio/7.0/toolchain/arm/arm-gnu-toolchain/bin/../lib/gcc/arm-none-eabi/6.3.1/../../../../arm-none-eabi/lib/thumb/v7e-m\libg.a(lib_a-makebuf.o)
                0x00014d60                __smakebuf_r
 .text.malloc   0x00014df4       0x10 c:/program files (x86)/atmel/studio/7.0/toolchain/arm/arm-gnu-toolchain/bin/../lib/gcc/arm-none-eabi/6.3.1/../../../../arm-none-eabi/lib/thumb/v7e-m\libg.a(lib_a-malloc.o)
                0x00014df4                malloc
 .text._malloc_r
                0x00014e04      0x560 c:/program files (x86)/atmel/studio/7.0/toolchain/arm/arm-gnu-toolchain/bin/../lib/gcc/arm-none-eabi/6.3.1/../../../../arm-none-eabi/lib/thumb/v7e-m\libg.a(lib_a-mallocr.o)
                0x00014e04                _malloc_r
 *fill*         0x00015364        0xc 
 .text          0x00015370       0xa0 c:/program files (x86)/atmel/studio/7.0/toolchain/arm/arm-gnu-toolchain/bin/../lib/gcc/arm-none-eabi/6.3.1/../../../../arm-none-eabi/lib/thumb/v7e-m\libg.a(lib_a-memchr.o)
                0x00015370                memchr
 .text.__malloc_lock
                0x00015410        0xc c:/program files (x86)/atmel/studio/7.0/toolchain/arm/arm-gnu-toolchain/bin/../lib/gcc/arm-none-eabi/6.3.1/../../../../arm-none-eabi/lib/thumb/v7e-m\libg.a(lib_a-mlock.o)
                0x00015410                __malloc_lock
 .text.__malloc_unlock
                0x0001541c        0xc c:/program files (x86)/atmel/studio/7.0/toolchain/arm/arm-gnu-toolchain/bin/../lib/gcc/arm-none-eabi/6.3.1/../../../../arm-none-eabi/lib/thumb/v7e-m\libg.a(lib_a-mlock.o)
                0x0001541c                __malloc_unlock
 .text._Balloc  0x00015428       0x4c c:/program files (x86)/atmel/studio/7.0/toolchain/arm/arm-gnu-toolchain/bin/../lib/gcc/arm-none-eabi/6.3.1/../../../../arm-none-eabi/lib/thumb/v7e-m\libg.a(lib_a-mprec.o)
                0x00015428                _Balloc
 .text._Bfree   0x00015474       0x14 c:/program files (x86)/atmel/studio/7.0/toolchain/arm/arm-gnu-toolchain/bin/../lib/gcc/arm-none-eabi/6.3.1/../../../../arm-none-eabi/lib/thumb/v7e-m\libg.a(lib_a-mprec.o)
                0x00015474                _Bfree
 .text.__multadd
                0x00015488       0x80 c:/program files (x86)/atmel/studio/7.0/toolchain/arm/arm-gnu-toolchain/bin/../lib/gcc/arm-none-eabi/6.3.1/../../../../arm-none-eabi/lib/thumb/v7e-m\libg.a(lib_a-mprec.o)
                0x00015488                __multadd
 .text.__hi0bits
                0x00015508       0x40 c:/program files (x86)/atmel/studio/7.0/toolchain/arm/arm-gnu-toolchain/bin/../lib/gcc/arm-none-eabi/6.3.1/../../../../arm-none-eabi/lib/thumb/v7e-m\libg.a(lib_a-mprec.o)
                0x00015508                __hi0bits
 .text.__lo0bits
                0x00015548       0x60 c:/program files (x86)/atmel/studio/7.0/toolchain/arm/arm-gnu-toolchain/bin/../lib/gcc/arm-none-eabi/6.3.1/../../../../arm-none-eabi/lib/thumb/v7e-m\libg.a(lib_a-mprec.o)
                0x00015548                __lo0bits
 .text.__i2b    0x000155a8       0x14 c:/program files (x86)/atmel/studio/7.0/toolchain/arm/arm-gnu-toolchain/bin/../lib/gcc/arm-none-eabi/6.3.1/../../../../arm-none-eabi/lib/thumb/v7e-m\libg.a(lib_a-mprec.o)
                0x000155a8                __i2b
 .text.__multiply
                0x000155bc      0x124 c:/program files (x86)/atmel/studio/7.0/toolchain/arm/arm-gnu-toolchain/bin/../lib/gcc/arm-none-eabi/6.3.1/../../../../arm-none-eabi/lib/thumb/v7e-m\libg.a(lib_a-mprec.o)
                0x000155bc                __multiply
 .text.__pow5mult
                0x000156e0       0xa0 c:/program files (x86)/atmel/studio/7.0/toolchain/arm/arm-gnu-toolchain/bin/../lib/gcc/arm-none-eabi/6.3.1/../../../../arm-none-eabi/lib/thumb/v7e-m\libg.a(lib_a-mprec.o)
                0x000156e0                __pow5mult
 .text.__lshift
                0x00015780       0xa4 c:/program files (x86)/atmel/studio/7.0/toolchain/arm/arm-gnu-toolchain/bin/../lib/gcc/arm-none-eabi/6.3.1/../../../../arm-none-eabi/lib/thumb/v7e-m\libg.a(lib_a-mprec.o)
                0x00015780                __lshift
 .text.__mcmp   0x00015824       0x38 c:/program files (x86)/atmel/studio/7.0/toolchain/arm/arm-gnu-toolchain/bin/../lib/gcc/arm-none-eabi/6.3.1/../../../../arm-none-eabi/lib/thumb/v7e-m\libg.a(lib_a-mprec.o)
                0x00015824                __mcmp
 .text.__mdiff  0x0001585c      0x108 c:/program files (x86)/atmel/studio/7.0/toolchain/arm/arm-gnu-toolchain/bin/../lib/gcc/arm-none-eabi/6.3.1/../../../../arm-none-eabi/lib/thumb/v7e-m\libg.a(lib_a-mprec.o)
                0x0001585c                __mdiff
 .text.__d2b    0x00015964       0xb8 c:/program files (x86)/atmel/studio/7.0/toolchain/arm/arm-gnu-toolchain/bin/../lib/gcc/arm-none-eabi/6.3.1/../../../../arm-none-eabi/lib/thumb/v7e-m\libg.a(lib_a-mprec.o)
                0x00015964                __d2b
 .text._sbrk_r  0x00015a1c       0x24 c:/program files (x86)/atmel/studio/7.0/toolchain/arm/arm-gnu-toolchain/bin/../lib/gcc/arm-none-eabi/6.3.1/../../../../arm-none-eabi/lib/thumb/v7e-m\libg.a(lib_a-sbrkr.o)
                0x00015a1c                _sbrk_r
 .text.__sread  0x00015a40       0x24 c:/program files (x86)/atmel/studio/7.0/toolchain/arm/arm-gnu-toolchain/bin/../lib/gcc/arm-none-eabi/6.3.1/../../../../arm-none-eabi/lib/thumb/v7e-m\libg.a(lib_a-stdio.o)
                0x00015a40                __sread
 .text.__swrite
                0x00015a64       0x3c c:/program files (x86)/atmel/studio/7.0/toolchain/arm/arm-gnu-toolchain/bin/../lib/gcc/arm-none-eabi/6.3.1/../../../../arm-none-eabi/lib/thumb/v7e-m\libg.a(lib_a-stdio.o)
                0x00015a64                __swrite
 .text.__sseek  0x00015aa0       0x20 c:/program files (x86)/atmel/studio/7.0/toolchain/arm/arm-gnu-toolchain/bin/../lib/gcc/arm-none-eabi/6.3.1/../../../../arm-none-eabi/lib/thumb/v7e-m\libg.a(lib_a-stdio.o)
                0x00015aa0                __sseek
 .text.__sclose
                0x00015ac0        0x8 c:/program files (x86)/atmel/studio/7.0/toolchain/arm/arm-gnu-toolchain/bin/../lib/gcc/arm-none-eabi/6.3.1/../../../../arm-none-eabi/lib/thumb/v7e-m\libg.a(lib_a-stdio.o)
                0x00015ac0                __sclose
 *fill*         0x00015ac8       0x38 
 .text          0x00015b00       0xdc c:/program files (x86)/atmel/studio/7.0/toolchain/arm/arm-gnu-toolchain/bin/../lib/gcc/arm-none-eabi/6.3.1/../../../../arm-none-eabi/lib/thumb/v7e-m\libg.a(lib_a-strlen.o)
                0x00015b00                strlen
 .text.__sprint_r.part.0
                0x00015bdc       0x80 c:/program files (x86)/atmel/studio/7.0/toolchain/arm/arm-gnu-toolchain/bin/../lib/gcc/arm-none-eabi/6.3.1/../../../../arm-none-eabi/lib/thumb/v7e-m\libg.a(lib_a-vfiprintf.o)
 .text.__sprint_r
                0x00015c5c       0x14 c:/program files (x86)/atmel/studio/7.0/toolchain/arm/arm-gnu-toolchain/bin/../lib/gcc/arm-none-eabi/6.3.1/../../../../arm-none-eabi/lib/thumb/v7e-m\libg.a(lib_a-vfiprintf.o)
                0x00015c5c                __sprint_r
 .text._write_r
                0x00015c70       0x2c c:/program files (x86)/atmel/studio/7.0/toolchain/arm/arm-gnu-toolchain/bin/../lib/gcc/arm-none-eabi/6.3.1/../../../../arm-none-eabi/lib/thumb/v7e-m\libg.a(lib_a-writer.o)
                0x00015c70                _write_r
 .text.__register_exitproc
                0x00015c9c       0xc4 c:/program files (x86)/atmel/studio/7.0/toolchain/arm/arm-gnu-toolchain/bin/../lib/gcc/arm-none-eabi/6.3.1/../../../../arm-none-eabi/lib/thumb/v7e-m\libg.a(lib_a-__atexit.o)
                0x00015c9c                __register_exitproc
 .text._calloc_r
                0x00015d60       0x60 c:/program files (x86)/atmel/studio/7.0/toolchain/arm/arm-gnu-toolchain/bin/../lib/gcc/arm-none-eabi/6.3.1/../../../../arm-none-eabi/lib/thumb/v7e-m\libg.a(lib_a-callocr.o)
                0x00015d60                _calloc_r
 .text._close_r
                0x00015dc0       0x24 c:/program files (x86)/atmel/studio/7.0/toolchain/arm/arm-gnu-toolchain/bin/../lib/gcc/arm-none-eabi/6.3.1/../../../../arm-none-eabi/lib/thumb/v7e-m\libg.a(lib_a-closer.o)
                0x00015dc0                _close_r
 .text._fclose_r
                0x00015de4       0xc4 c:/program files (x86)/atmel/studio/7.0/toolchain/arm/arm-gnu-toolchain/bin/../lib/gcc/arm-none-eabi/6.3.1/../../../../arm-none-eabi/lib/thumb/v7e-m\libg.a(lib_a-fclose.o)
                0x00015de4                _fclose_r
 .text.__fputwc
                0x00015ea8       0xa0 c:/program files (x86)/atmel/studio/7.0/toolchain/arm/arm-gnu-toolchain/bin/../lib/gcc/arm-none-eabi/6.3.1/../../../../arm-none-eabi/lib/thumb/v7e-m\libg.a(lib_a-fputwc.o)
                0x00015ea8                __fputwc
 .text._fputwc_r
                0x00015f48       0x68 c:/program files (x86)/atmel/studio/7.0/toolchain/arm/arm-gnu-toolchain/bin/../lib/gcc/arm-none-eabi/6.3.1/../../../../arm-none-eabi/lib/thumb/v7e-m\libg.a(lib_a-fputwc.o)
                0x00015f48                _fputwc_r
 .text._fstat_r
                0x00015fb0       0x28 c:/program files (x86)/atmel/studio/7.0/toolchain/arm/arm-gnu-toolchain/bin/../lib/gcc/arm-none-eabi/6.3.1/../../../../arm-none-eabi/lib/thumb/v7e-m\libg.a(lib_a-fstatr.o)
                0x00015fb0                _fstat_r
 .text.__sfvwrite_r
                0x00015fd8      0x2f0 c:/program files (x86)/atmel/studio/7.0/toolchain/arm/arm-gnu-toolchain/bin/../lib/gcc/arm-none-eabi/6.3.1/../../../../arm-none-eabi/lib/thumb/v7e-m\libg.a(lib_a-fvwrite.o)
                0x00015fd8                __sfvwrite_r
 .text._isatty_r
                0x000162c8       0x24 c:/program files (x86)/atmel/studio/7.0/toolchain/arm/arm-gnu-toolchain/bin/../lib/gcc/arm-none-eabi/6.3.1/../../../../arm-none-eabi/lib/thumb/v7e-m\libg.a(lib_a-isattyr.o)
                0x000162c8                _isatty_r
 .text.__locale_mb_cur_max
                0x000162ec       0x1c c:/program files (x86)/atmel/studio/7.0/toolchain/arm/arm-gnu-toolchain/bin/../lib/gcc/arm-none-eabi/6.3.1/../../../../arm-none-eabi/lib/thumb/v7e-m\libg.a(lib_a-locale.o)
                0x000162ec                __locale_mb_cur_max
 .text._lseek_r
                0x00016308       0x2c c:/program files (x86)/atmel/studio/7.0/toolchain/arm/arm-gnu-toolchain/bin/../lib/gcc/arm-none-eabi/6.3.1/../../../../arm-none-eabi/lib/thumb/v7e-m\libg.a(lib_a-lseekr.o)
                0x00016308                _lseek_r
 .text.__ascii_mbtowc
                0x00016334       0x2c c:/program files (x86)/atmel/studio/7.0/toolchain/arm/arm-gnu-toolchain/bin/../lib/gcc/arm-none-eabi/6.3.1/../../../../arm-none-eabi/lib/thumb/v7e-m\libg.a(lib_a-mbtowc_r.o)
                0x00016334                __ascii_mbtowc
 .text.memmove  0x00016360       0xc8 c:/program files (x86)/atmel/studio/7.0/toolchain/arm/arm-gnu-toolchain/bin/../lib/gcc/arm-none-eabi/6.3.1/../../../../arm-none-eabi/lib/thumb/v7e-m\libg.a(lib_a-memmove.o)
                0x00016360                memmove
 .text._read_r  0x00016428       0x2c c:/program files (x86)/atmel/studio/7.0/toolchain/arm/arm-gnu-toolchain/bin/../lib/gcc/arm-none-eabi/6.3.1/../../../../arm-none-eabi/lib/thumb/v7e-m\libg.a(lib_a-readr.o)
                0x00016428                _read_r
 .text._realloc_r
                0x00016454      0x34c c:/program files (x86)/atmel/studio/7.0/toolchain/arm/arm-gnu-toolchain/bin/../lib/gcc/arm-none-eabi/6.3.1/../../../../arm-none-eabi/lib/thumb/v7e-m\libg.a(lib_a-reallocr.o)
                0x00016454                _realloc_r
 .text.__swbuf_r
                0x000167a0       0xb0 c:/program files (x86)/atmel/studio/7.0/toolchain/arm/arm-gnu-toolchain/bin/../lib/gcc/arm-none-eabi/6.3.1/../../../../arm-none-eabi/lib/thumb/v7e-m\libg.a(lib_a-wbuf.o)
                0x000167a0                __swbuf_r
 .text._wcrtomb_r
                0x00016850       0x54 c:/program files (x86)/atmel/studio/7.0/toolchain/arm/arm-gnu-toolchain/bin/../lib/gcc/arm-none-eabi/6.3.1/../../../../arm-none-eabi/lib/thumb/v7e-m\libg.a(lib_a-wcrtomb.o)
                0x00016850                _wcrtomb_r
 .text.__ascii_wctomb
                0x000168a4       0x1c c:/program files (x86)/atmel/studio/7.0/toolchain/arm/arm-gnu-toolchain/bin/../lib/gcc/arm-none-eabi/6.3.1/../../../../arm-none-eabi/lib/thumb/v7e-m\libg.a(lib_a-wctomb_r.o)
                0x000168a4                __ascii_wctomb
 .text          0x000168c0      0x370 c:/program files (x86)/atmel/studio/7.0/toolchain/arm/arm-gnu-toolchain/bin/../lib/gcc/arm-none-eabi/6.3.1/thumb/v7e-m\libgcc.a(_arm_addsubdf3.o)
                0x000168c0                __aeabi_drsub
                0x000168c8                __aeabi_dsub
                0x000168c8                __subdf3
                0x000168cc                __aeabi_dadd
                0x000168cc                __adddf3
                0x00016b44                __floatunsidf
                0x00016b44                __aeabi_ui2d
                0x00016b64                __floatsidf
                0x00016b64                __aeabi_i2d
                0x00016b88                __aeabi_f2d
                0x00016b88                __extendsfdf2
                0x00016bc4                __floatundidf
                0x00016bc4                __aeabi_ul2d
                0x00016bd4                __floatdidf
                0x00016bd4                __aeabi_l2d
 .text          0x00016c30      0x424 c:/program files (x86)/atmel/studio/7.0/toolchain/arm/arm-gnu-toolchain/bin/../lib/gcc/arm-none-eabi/6.3.1/thumb/v7e-m\libgcc.a(_arm_muldivdf3.o)
                0x00016c30                __aeabi_dmul
                0x00016c30                __muldf3
                0x00016e84                __divdf3
                0x00016e84                __aeabi_ddiv
 .text          0x00017054      0x110 c:/program files (x86)/atmel/studio/7.0/toolchain/arm/arm-gnu-toolchain/bin/../lib/gcc/arm-none-eabi/6.3.1/thumb/v7e-m\libgcc.a(_arm_cmpdf2.o)
                0x00017054                __gtdf2
                0x00017054                __gedf2
                0x0001705c                __ltdf2
                0x0001705c                __ledf2
                0x00017064                __nedf2
                0x00017064                __eqdf2
                0x00017064                __cmpdf2
                0x000170e0                __aeabi_cdrcmple
                0x000170f0                __aeabi_cdcmpeq
                0x000170f0                __aeabi_cdcmple
                0x00017100                __aeabi_dcmpeq
                0x00017114                __aeabi_dcmplt
                0x00017128                __aeabi_dcmple
                0x0001713c                __aeabi_dcmpge
                0x00017150                __aeabi_dcmpgt
 .text          0x00017164       0x2c c:/program files (x86)/atmel/studio/7.0/toolchain/arm/arm-gnu-toolchain/bin/../lib/gcc/arm-none-eabi/6.3.1/thumb/v7e-m\libgcc.a(_arm_unorddf2.o)
                0x00017164                __unorddf2
                0x00017164                __aeabi_dcmpun
 .text          0x00017190       0x50 c:/program files (x86)/atmel/studio/7.0/toolchain/arm/arm-gnu-toolchain/bin/../lib/gcc/arm-none-eabi/6.3.1/thumb/v7e-m\libgcc.a(_arm_fixdfsi.o)
                0x00017190                __aeabi_d2iz
                0x00017190                __fixdfsi
 .text          0x000171e0       0x30 c:/program files (x86)/atmel/studio/7.0/toolchain/arm/arm-gnu-toolchain/bin/../lib/gcc/arm-none-eabi/6.3.1/thumb/v7e-m\libgcc.a(_aeabi_uldivmod.o)
                0x000171e0                __aeabi_uldivmod
 .text          0x00017210      0x2dc c:/program files (x86)/atmel/studio/7.0/toolchain/arm/arm-gnu-toolchain/bin/../lib/gcc/arm-none-eabi/6.3.1/thumb/v7e-m\libgcc.a(_udivmoddi4.o)
                0x00017210                __udivmoddi4
 .text          0x000174ec        0x4 c:/program files (x86)/atmel/studio/7.0/toolchain/arm/arm-gnu-toolchain/bin/../lib/gcc/arm-none-eabi/6.3.1/thumb/v7e-m\libgcc.a(_dvmd_tls.o)
                0x000174ec                __aeabi_idiv0
                0x000174ec                __aeabi_ldiv0
 *(.glue_7t)
 .glue_7t       0x000174f0        0x0 linker stubs
 *(.glue_7)
 .glue_7        0x000174f0        0x0 linker stubs
 *(.rodata .rodata* .gnu.linkonce.r.*)
 .rodata        0x000174f0       0x4f TC_lldn.o
 *fill*         0x0001753f        0x1 
 .rodata        0x00017540        0x9 ../../../stack/LwMesh/TDMA/nwk/src/nwk.o
 *fill*         0x00017549        0x3 
 .rodata        0x0001754c       0x19 ../../../platform/sam/utils/syscalls/gcc/syscalls.o
 *fill*         0x00017565        0x3 
 .rodata        0x00017568       0x14 ../../../platform/sam/drivers/tc/tc.o
 .rodata._global_impure_ptr
                0x0001757c        0x4 c:/program files (x86)/atmel/studio/7.0/toolchain/arm/arm-gnu-toolchain/bin/../lib/gcc/arm-none-eabi/6.3.1/../../../../arm-none-eabi/lib/thumb/v7e-m\libg.a(lib_a-impure.o)
                0x0001757c                _global_impure_ptr
 .rodata._vfprintf_r.str1.4
                0x00017580       0x42 c:/program files (x86)/atmel/studio/7.0/toolchain/arm/arm-gnu-toolchain/bin/../lib/gcc/arm-none-eabi/6.3.1/../../../../arm-none-eabi/lib/thumb/v7e-m\libg.a(lib_a-vfprintf.o)
 *fill*         0x000175c2        0x2 
 .rodata.blanks.7238
                0x000175c4       0x10 c:/program files (x86)/atmel/studio/7.0/toolchain/arm/arm-gnu-toolchain/bin/../lib/gcc/arm-none-eabi/6.3.1/../../../../arm-none-eabi/lib/thumb/v7e-m\libg.a(lib_a-vfprintf.o)
 .rodata.zeroes.7239
                0x000175d4       0x10 c:/program files (x86)/atmel/studio/7.0/toolchain/arm/arm-gnu-toolchain/bin/../lib/gcc/arm-none-eabi/6.3.1/../../../../arm-none-eabi/lib/thumb/v7e-m\libg.a(lib_a-vfprintf.o)
 .rodata._dtoa_r.str1.4
                0x000175e4       0x10 c:/program files (x86)/atmel/studio/7.0/toolchain/arm/arm-gnu-toolchain/bin/../lib/gcc/arm-none-eabi/6.3.1/../../../../arm-none-eabi/lib/thumb/v7e-m\libg.a(lib_a-dtoa.o)
                                 0x12 (size before relaxing)
 *fill*         0x000175f4        0x4 
 .rodata.__mprec_bigtens
                0x000175f8       0x28 c:/program files (x86)/atmel/studio/7.0/toolchain/arm/arm-gnu-toolchain/bin/../lib/gcc/arm-none-eabi/6.3.1/../../../../arm-none-eabi/lib/thumb/v7e-m\libg.a(lib_a-mprec.o)
                0x000175f8                __mprec_bigtens
 .rodata.__mprec_tens
                0x00017620       0xc8 c:/program files (x86)/atmel/studio/7.0/toolchain/arm/arm-gnu-toolchain/bin/../lib/gcc/arm-none-eabi/6.3.1/../../../../arm-none-eabi/lib/thumb/v7e-m\libg.a(lib_a-mprec.o)
                0x00017620                __mprec_tens
 .rodata.p05.6055
                0x000176e8        0xc c:/program files (x86)/atmel/studio/7.0/toolchain/arm/arm-gnu-toolchain/bin/../lib/gcc/arm-none-eabi/6.3.1/../../../../arm-none-eabi/lib/thumb/v7e-m\libg.a(lib_a-mprec.o)
 .rodata._setlocale_r.str1.4
                0x000176f4        0xa c:/program files (x86)/atmel/studio/7.0/toolchain/arm/arm-gnu-toolchain/bin/../lib/gcc/arm-none-eabi/6.3.1/../../../../arm-none-eabi/lib/thumb/v7e-m\libg.a(lib_a-locale.o)
                                  0xd (size before relaxing)
 *fill*         0x000176fe        0x2 
 .rodata.str1.4
                0x00017700        0x4 c:/program files (x86)/atmel/studio/7.0/toolchain/arm/arm-gnu-toolchain/bin/../lib/gcc/arm-none-eabi/6.3.1/../../../../arm-none-eabi/lib/thumb/v7e-m\libg.a(lib_a-locale.o)
                                  0x2 (size before relaxing)
 .rodata._ctype_
                0x00017704      0x101 c:/program files (x86)/atmel/studio/7.0/toolchain/arm/arm-gnu-toolchain/bin/../lib/gcc/arm-none-eabi/6.3.1/../../../../arm-none-eabi/lib/thumb/v7e-m\libg.a(lib_a-ctype_.o)
                0x00017704                _ctype_
 *(.ARM.extab* .gnu.linkonce.armextab.*)
                0x00017808                . = ALIGN (0x4)
 *fill*         0x00017805        0x3 
 *(.init)
 .init          0x00017808        0x4 c:/program files (x86)/atmel/studio/7.0/toolchain/arm/arm-gnu-toolchain/bin/../lib/gcc/arm-none-eabi/6.3.1/thumb/v7e-m/crti.o
                0x00017808                _init
 .init          0x0001780c        0x8 c:/program files (x86)/atmel/studio/7.0/toolchain/arm/arm-gnu-toolchain/bin/../lib/gcc/arm-none-eabi/6.3.1/thumb/v7e-m/crtn.o
                0x00017814                . = ALIGN (0x4)
                0x00017814                __preinit_array_start = .
 *(.preinit_array)
                0x00017814                __preinit_array_end = .
                0x00017814                . = ALIGN (0x4)
                0x00017814                __init_array_start = .
 *(SORT(.init_array.*))
 .init_array.00000
                0x00017814        0x4 c:/program files (x86)/atmel/studio/7.0/toolchain/arm/arm-gnu-toolchain/bin/../lib/gcc/arm-none-eabi/6.3.1/../../../../arm-none-eabi/lib/thumb/v7e-m\libg.a(lib_a-__call_atexit.o)
 *(.init_array)
 .init_array    0x00017818        0x4 c:/program files (x86)/atmel/studio/7.0/toolchain/arm/arm-gnu-toolchain/bin/../lib/gcc/arm-none-eabi/6.3.1/thumb/v7e-m/crtbegin.o
                0x0001781c                __init_array_end = .
                0x0001781c                . = ALIGN (0x4)
 *crtbegin.o(.ctors)
 *(EXCLUDE_FILE(*crtend.o) .ctors)
 *(SORT(.ctors.*))
 *crtend.o(.ctors)
                0x0001781c                . = ALIGN (0x4)
 *(.fini)
 .fini          0x0001781c        0x4 c:/program files (x86)/atmel/studio/7.0/toolchain/arm/arm-gnu-toolchain/bin/../lib/gcc/arm-none-eabi/6.3.1/thumb/v7e-m/crti.o
                0x0001781c                _fini
 .fini          0x00017820        0x8 c:/program files (x86)/atmel/studio/7.0/toolchain/arm/arm-gnu-toolchain/bin/../lib/gcc/arm-none-eabi/6.3.1/thumb/v7e-m/crtn.o
                0x00017828                . = ALIGN (0x4)
                0x00017828                __fini_array_start = .
 *(.fini_array)
 .fini_array    0x00017828        0x4 c:/program files (x86)/atmel/studio/7.0/toolchain/arm/arm-gnu-toolchain/bin/../lib/gcc/arm-none-eabi/6.3.1/thumb/v7e-m/crtbegin.o
 *(SORT(.fini_array.*))
                0x0001782c                __fini_array_end = .
 *crtbegin.o(.dtors)
 *(EXCLUDE_FILE(*crtend.o) .dtors)
 *(SORT(.dtors.*))
 *crtend.o(.dtors)
                0x0001782c                . = ALIGN (0x4)
                0x0001782c                _efixed = .
                [!provide]                PROVIDE (__exidx_start, .)

.vfp11_veneer   0x0001782c        0x0
 .vfp11_veneer  0x0001782c        0x0 linker stubs

.v4_bx          0x0001782c        0x0
 .v4_bx         0x0001782c        0x0 linker stubs

.iplt           0x0001782c        0x0
 .iplt          0x0001782c        0x0 c:/program files (x86)/atmel/studio/7.0/toolchain/arm/arm-gnu-toolchain/bin/../lib/gcc/arm-none-eabi/6.3.1/thumb/v7e-m/crtbegin.o

.ARM.exidx      0x0001782c        0x8
 *(.ARM.exidx* .gnu.linkonce.armexidx.*)
 .ARM.exidx     0x0001782c        0x8 c:/program files (x86)/atmel/studio/7.0/toolchain/arm/arm-gnu-toolchain/bin/../lib/gcc/arm-none-eabi/6.3.1/thumb/v7e-m\libgcc.a(_udivmoddi4.o)
                [!provide]                PROVIDE (__exidx_end, .)

.eh_frame       0x00017834        0x0
 .eh_frame      0x00017834        0x0 c:/program files (x86)/atmel/studio/7.0/toolchain/arm/arm-gnu-toolchain/bin/../lib/gcc/arm-none-eabi/6.3.1/thumb/v7e-m/crtbegin.o

.rel.dyn        0x00017834        0x0
 .rel.iplt      0x00017834        0x0 c:/program files (x86)/atmel/studio/7.0/toolchain/arm/arm-gnu-toolchain/bin/../lib/gcc/arm-none-eabi/6.3.1/thumb/v7e-m/crtbegin.o

.jcr            0x00017834        0x0
 .jcr           0x00017834        0x0 c:/program files (x86)/atmel/studio/7.0/toolchain/arm/arm-gnu-toolchain/bin/../lib/gcc/arm-none-eabi/6.3.1/thumb/v7e-m/crtbegin.o

.igot.plt       0x00017834        0x0
 .igot.plt      0x00017834        0x0 c:/program files (x86)/atmel/studio/7.0/toolchain/arm/arm-gnu-toolchain/bin/../lib/gcc/arm-none-eabi/6.3.1/thumb/v7e-m/crtbegin.o
                0x00017834                . = ALIGN (0x4)
                0x00017834                _etext = .

.relocate       0x20000000      0xb58 load address 0x00017834
                0x20000000                . = ALIGN (0x4)
                0x20000000                _srelocate = .
 *(.ramfunc .ramfunc.*)
 .ramfunc       0x20000000       0x74 ../../../platform/sam/drivers/bpm/bpm.o
                0x20000000                bpm_ps_no_halt_exec
 .ramfunc       0x20000074        0xa ../../../platform/common/services/delay/sam/cycle_counter.o
                0x20000074                portable_delay_cycles
 *(.data .data.*)
 .data.appState
                0x2000007e        0x1 TC_lldn.o
                0x2000007e                appState
 .data.last_dir
                0x2000007f        0x1 ../../../stack/LwMesh/TDMA/services/sal/at86rf2xx/src/sal.o
 .data.SPI_AT86RFX_DEVICE
                0x20000080        0x4 ../../../stack/LwMesh/TDMA/services/trx_access/trx_access.o
                0x20000080                SPI_AT86RFX_DEVICE
 .data.flashcalw_wait_until_ready
                0x20000084        0x4 ../../../platform/sam/drivers/flashcalw/flashcalw.o
                0x20000084                flashcalw_wait_until_ready
 .data.udc_string_desc_languageid
                0x20000088        0x4 ../../../platform/common/services/usb/udc/udc.o
 .data.udc_string_manufacturer_name
                0x2000008c        0x6 ../../../platform/common/services/usb/udc/udc.o
 *fill*         0x20000092        0x2 
 .data.udc_string_product_name
                0x20000094       0x27 ../../../platform/common/services/usb/udc/udc.o
 *fill*         0x200000bb        0x1 
 .data.udc_string_desc
                0x200000bc       0x4e ../../../platform/common/services/usb/udc/udc.o
 *fill*         0x2000010a        0x2 
 .data.udi_api_cdc_comm
                0x2000010c       0x14 ../../../platform/common/services/usb/class/cdc/device/udi_cdc.o
                0x2000010c                udi_api_cdc_comm
 .data.udi_api_cdc_data
                0x20000120       0x14 ../../../platform/common/services/usb/class/cdc/device/udi_cdc.o
                0x20000120                udi_api_cdc_data
 .data.udc_device_desc
                0x20000134       0x12 ../../../platform/common/services/usb/class/cdc/device/udi_cdc_desc.o
                0x20000134                udc_device_desc
 *fill*         0x20000146        0x2 
 .data.udc_desc_fs
                0x20000148       0x43 ../../../platform/common/services/usb/class/cdc/device/udi_cdc_desc.o
                0x20000148                udc_desc_fs
 *fill*         0x2000018b        0x1 
 .data.udi_apis
                0x2000018c        0x8 ../../../platform/common/services/usb/class/cdc/device/udi_cdc_desc.o
                0x2000018c                udi_apis
 .data.udc_config_fs
                0x20000194        0x8 ../../../platform/common/services/usb/class/cdc/device/udi_cdc_desc.o
                0x20000194                udc_config_fs
 .data.udc_config
                0x2000019c        0x8 ../../../platform/common/services/usb/class/cdc/device/udi_cdc_desc.o
                0x2000019c                udc_config
 .data.g_interrupt_enabled
                0x200001a4        0x1 ../../../platform/common/utils/interrupt\interrupt_sam_nvic.o
                0x200001a4                g_interrupt_enabled
 *fill*         0x200001a5        0x3 
 .data._impure_ptr
                0x200001a8        0x4 c:/program files (x86)/atmel/studio/7.0/toolchain/arm/arm-gnu-toolchain/bin/../lib/gcc/arm-none-eabi/6.3.1/../../../../arm-none-eabi/lib/thumb/v7e-m\libg.a(lib_a-impure.o)
                0x200001a8                _impure_ptr
 *fill*         0x200001ac        0x4 
 .data.impure_data
                0x200001b0      0x428 c:/program files (x86)/atmel/studio/7.0/toolchain/arm/arm-gnu-toolchain/bin/../lib/gcc/arm-none-eabi/6.3.1/../../../../arm-none-eabi/lib/thumb/v7e-m\libg.a(lib_a-impure.o)
 .data.__atexit_recursive_mutex
                0x200005d8        0x4 c:/program files (x86)/atmel/studio/7.0/toolchain/arm/arm-gnu-toolchain/bin/../lib/gcc/arm-none-eabi/6.3.1/../../../../arm-none-eabi/lib/thumb/v7e-m\libg.a(lib_a-__call_atexit.o)
                0x200005d8                __atexit_recursive_mutex
 .data.__malloc_av_
                0x200005dc      0x408 c:/program files (x86)/atmel/studio/7.0/toolchain/arm/arm-gnu-toolchain/bin/../lib/gcc/arm-none-eabi/6.3.1/../../../../arm-none-eabi/lib/thumb/v7e-m\libg.a(lib_a-mallocr.o)
                0x200005dc                __malloc_av_
 .data.__malloc_sbrk_base
                0x200009e4        0x4 c:/program files (x86)/atmel/studio/7.0/toolchain/arm/arm-gnu-toolchain/bin/../lib/gcc/arm-none-eabi/6.3.1/../../../../arm-none-eabi/lib/thumb/v7e-m\libg.a(lib_a-mallocr.o)
                0x200009e4                __malloc_sbrk_base
 .data.__malloc_trim_threshold
                0x200009e8        0x4 c:/program files (x86)/atmel/studio/7.0/toolchain/arm/arm-gnu-toolchain/bin/../lib/gcc/arm-none-eabi/6.3.1/../../../../arm-none-eabi/lib/thumb/v7e-m\libg.a(lib_a-mallocr.o)
                0x200009e8                __malloc_trim_threshold
 .data.__global_locale
                0x200009ec      0x16c c:/program files (x86)/atmel/studio/7.0/toolchain/arm/arm-gnu-toolchain/bin/../lib/gcc/arm-none-eabi/6.3.1/../../../../arm-none-eabi/lib/thumb/v7e-m\libg.a(lib_a-locale.o)
                0x200009ec                __global_locale
                0x20000b58                . = ALIGN (0x4)
                0x20000b58                _erelocate = .

.bss            0x20000b60     0x1638 load address 0x000183a0
                0x20000b60                . = ALIGN (0x4)
                0x20000b60                _sbss = .
                0x20000b60                _szero = .
 *(.bss .bss.*)
 .bss           0x20000b60       0x1c c:/program files (x86)/atmel/studio/7.0/toolchain/arm/arm-gnu-toolchain/bin/../lib/gcc/arm-none-eabi/6.3.1/thumb/v7e-m/crtbegin.o
 .bss.tmrComputeData
                0x20000b7c       0x14 TC_lldn.o
 .bss.nwkDataReqQueue
                0x20000b90        0x4 ../../../stack/LwMesh/TDMA/nwk/src/nwkDataReq.o
 .bss.nwkFrameFrames
                0x20000b94      0xb04 ../../../stack/LwMesh/TDMA/nwk/src/nwkFrame.o
 .bss.nwkGroups
                0x20001698        0x6 ../../../stack/LwMesh/TDMA/nwk/src/nwkGroup.o
 *fill*         0x2000169e        0x2 
 .bss.nwkRxDuplicateRejectionTable
                0x200016a0      0x12c ../../../stack/LwMesh/TDMA/nwk/src/nwkRx.o
 .bss.nwkRxAckControl
                0x200017cc        0x1 ../../../stack/LwMesh/TDMA/nwk/src/nwkRx.o
 *fill*         0x200017cd        0x3 
 .bss.nwkRxDuplicateRejectionTimer
                0x200017d0       0x14 ../../../stack/LwMesh/TDMA/nwk/src/nwkRx.o
 .bss.nwkTxPhyActiveFrame
                0x200017e4        0x4 ../../../stack/LwMesh/TDMA/nwk/src/nwkTx.o
 .bss.nwkTxAckWaitTimer
                0x200017e8       0x14 ../../../stack/LwMesh/TDMA/nwk/src/nwkTx.o
 .bss.nwkTxDelayTimer
                0x200017fc       0x14 ../../../stack/LwMesh/TDMA/nwk/src/nwkTx.o
 .bss.phyState  0x20001810        0x1 ../../../stack/LwMesh/TDMA/phy/AT86RF233/src/phy.o
 *fill*         0x20001811        0x3 
 .bss.phyRxBuffer
                0x20001814       0x80 ../../../stack/LwMesh/TDMA/phy/AT86RF233/src/phy.o
 .bss.phyRxState
                0x20001894        0x1 ../../../stack/LwMesh/TDMA/phy/AT86RF233/src/phy.o
 *fill*         0x20001895        0x3 
 .bss.timers    0x20001898        0x4 ../../../stack/LwMesh/TDMA/sys/src/sysTimer.o
 .bss.setup_flag
                0x2000189c        0x1 ../../../stack/LwMesh/TDMA/services/sal/at86rf2xx/src/sal.o
 .bss.dec_initialized
                0x2000189d        0x1 ../../../stack/LwMesh/TDMA/services/sal/at86rf2xx/src/sal.o
 *fill*         0x2000189e        0x2 
 .bss.aes_buf   0x200018a0       0x12 ../../../stack/LwMesh/TDMA/services/sal/at86rf2xx/src/sal.o
 *fill*         0x200018b2        0x2 
 .bss.enc_key   0x200018b4       0x10 ../../../stack/LwMesh/TDMA/services/sal/at86rf2xx/src/sal.o
 .bss.dec_key   0x200018c4       0x10 ../../../stack/LwMesh/TDMA/services/sal/at86rf2xx/src/sal.o
 .bss.irq_hdl_trx
                0x200018d4        0x4 ../../../stack/LwMesh/TDMA/services/trx_access/trx_access.o
 .bss.heap.5297
                0x200018d8        0x4 ../../../platform/sam/utils/syscalls/gcc/syscalls.o
 .bss.stacked_r0.8186
                0x200018dc        0x4 ../../../platform/sam/utils/syscalls/gcc/hardfault_handler_c.o
 .bss.stacked_r1.8187
                0x200018e0        0x4 ../../../platform/sam/utils/syscalls/gcc/hardfault_handler_c.o
 .bss.stacked_r2.8188
                0x200018e4        0x4 ../../../platform/sam/utils/syscalls/gcc/hardfault_handler_c.o
 .bss.stacked_r3.8189
                0x200018e8        0x4 ../../../platform/sam/utils/syscalls/gcc/hardfault_handler_c.o
 .bss.stacked_r12.8190
                0x200018ec        0x4 ../../../platform/sam/utils/syscalls/gcc/hardfault_handler_c.o
 .bss.stacked_lr.8191
                0x200018f0        0x4 ../../../platform/sam/utils/syscalls/gcc/hardfault_handler_c.o
 .bss.stacked_pc.8192
                0x200018f4        0x4 ../../../platform/sam/utils/syscalls/gcc/hardfault_handler_c.o
 .bss.stacked_psr.8193
                0x200018f8        0x4 ../../../platform/sam/utils/syscalls/gcc/hardfault_handler_c.o
 .bss.flashcalw_error_status
                0x200018fc        0x4 ../../../platform/sam/drivers/flashcalw/flashcalw.o
 .bss.gpio_int_sources
                0x20001900       0x30 ../../../platform/sam/drivers/gpio/gpio.o
 .bss.gpio_nb_sources
                0x20001930        0x4 ../../../platform/sam/drivers/gpio/gpio.o
 .bss.reg_value.8780
                0x20001934        0x4 ../../../platform/sam/drivers/spi/spi.o
 .bss.udd_b_idle
                0x20001938        0x1 ../../../platform/sam/drivers/usbc/usbc_device.o
 *fill*         0x20001939        0x7 
 .bss.udd_g_ep_table
                0x20001940       0x80 ../../../platform/sam/drivers/usbc/usbc_device.o
 .bss.udd_ep_control_state
                0x200019c0        0x1 ../../../platform/sam/drivers/usbc/usbc_device.o
 *fill*         0x200019c1        0x1 
 .bss.udd_ctrl_prev_payload_nb_trans
                0x200019c2        0x2 ../../../platform/sam/drivers/usbc/usbc_device.o
 .bss.udd_ctrl_payload_nb_trans
                0x200019c4        0x2 ../../../platform/sam/drivers/usbc/usbc_device.o
 *fill*         0x200019c6        0x2 
 .bss.udd_ep_job
                0x200019c8       0x3c ../../../platform/sam/drivers/usbc/usbc_device.o
 .bss.b_shortpacket.9372
                0x20001a04        0x1 ../../../platform/sam/drivers/usbc/usbc_device.o
 .bss.open_loop_done.8576
                0x20001a05        0x1 ../../../platform/common/services/clock/sam4l/dfll.o
 .bss.udc_device_status
                0x20001a06        0x2 ../../../platform/common/services/usb/udc/udc.o
 .bss.udc_num_configuration
                0x20001a08        0x1 ../../../platform/common/services/usb/udc/udc.o
 *fill*         0x20001a09        0x3 
 .bss.udc_ptr_conf
                0x20001a0c        0x4 ../../../platform/common/services/usb/udc/udc.o
 .bss.udc_ptr_iface
                0x20001a10        0x4 ../../../platform/common/services/usb/udc/udc.o
 .bss.udc_ep_status.8256
                0x20001a14        0x2 ../../../platform/common/services/usb/udc/udc.o
 .bss.udc_iface_setting.8314
                0x20001a16        0x1 ../../../platform/common/services/usb/udc/udc.o
 *fill*         0x20001a17        0x1 
 .bss.udi_cdc_line_coding
                0x20001a18        0x7 ../../../platform/common/services/usb/class/cdc/device/udi_cdc.o
 *fill*         0x20001a1f        0x1 
 .bss.udi_cdc_serial_state_msg_ongoing
                0x20001a20        0x1 ../../../platform/common/services/usb/class/cdc/device/udi_cdc.o
 *fill*         0x20001a21        0x3 
 .bss.udi_cdc_state
                0x20001a24        0x2 ../../../platform/common/services/usb/class/cdc/device/udi_cdc.o
 *fill*         0x20001a26        0x2 
 .bss.uid_cdc_state_msg
                0x20001a28        0xa ../../../platform/common/services/usb/class/cdc/device/udi_cdc.o
 .bss.udi_cdc_nb_comm_enabled
                0x20001a32        0x1 ../../../platform/common/services/usb/class/cdc/device/udi_cdc.o
 .bss.udi_cdc_nb_data_enabled
                0x20001a33        0x1 ../../../platform/common/services/usb/class/cdc/device/udi_cdc.o
 .bss.udi_cdc_data_running
                0x20001a34        0x1 ../../../platform/common/services/usb/class/cdc/device/udi_cdc.o
 *fill*         0x20001a35        0x3 
 .bss.udi_cdc_rx_buf
                0x20001a38      0x280 ../../../platform/common/services/usb/class/cdc/device/udi_cdc.o
 .bss.udi_cdc_rx_buf_nb
                0x20001cb8        0x4 ../../../platform/common/services/usb/class/cdc/device/udi_cdc.o
 .bss.udi_cdc_rx_buf_sel
                0x20001cbc        0x1 ../../../platform/common/services/usb/class/cdc/device/udi_cdc.o
 *fill*         0x20001cbd        0x3 
 .bss.udi_cdc_rx_pos
                0x20001cc0        0x2 ../../../platform/common/services/usb/class/cdc/device/udi_cdc.o
 *fill*         0x20001cc2        0x2 
 .bss.udi_cdc_rx_trans_ongoing
                0x20001cc4        0x1 ../../../platform/common/services/usb/class/cdc/device/udi_cdc.o
 *fill*         0x20001cc5        0x3 
 .bss.udi_cdc_tx_buf
                0x20001cc8      0x280 ../../../platform/common/services/usb/class/cdc/device/udi_cdc.o
 .bss.udi_cdc_tx_buf_nb
                0x20001f48        0x4 ../../../platform/common/services/usb/class/cdc/device/udi_cdc.o
 .bss.udi_cdc_tx_buf_sel
                0x20001f4c        0x1 ../../../platform/common/services/usb/class/cdc/device/udi_cdc.o
 *fill*         0x20001f4d        0x3 
 .bss.udi_cdc_tx_sof_num
                0x20001f50        0x2 ../../../platform/common/services/usb/class/cdc/device/udi_cdc.o
 *fill*         0x20001f52        0x2 
 .bss.udi_cdc_tx_trans_ongoing
                0x20001f54        0x1 ../../../platform/common/services/usb/class/cdc/device/udi_cdc.o
 *fill*         0x20001f55        0x3 
 .bss.udi_cdc_tx_both_buf_to_send
                0x20001f58        0x1 ../../../platform/common/services/usb/class/cdc/device/udi_cdc.o
 .bss.port_notify.8461
                0x20001f59        0x1 ../../../platform/common/services/usb/class/cdc/device/udi_cdc.o
 .bss.sof_zlp_counter.8531
                0x20001f5a        0x2 ../../../platform/common/services/usb/class/cdc/device/udi_cdc.o
 .bss.stdio_usb_interface_enable
                0x20001f5c        0x1 ../../../platform/common/utils/stdio/stdio_usb/stdio_usb.o
 *fill*         0x20001f5d        0x3 
 .bss           0x20001f60       0x14 ../../../stack/LwMesh/TDMA/services/common_hw_timer/sam/lib\libsam4l_lib_hw_timer.a(common_hw_timer.o)
 .bss.__malloc_current_mallinfo
                0x20001f74       0x28 c:/program files (x86)/atmel/studio/7.0/toolchain/arm/arm-gnu-toolchain/bin/../lib/gcc/arm-none-eabi/6.3.1/../../../../arm-none-eabi/lib/thumb/v7e-m\libg.a(lib_a-mallocr.o)
                0x20001f74                __malloc_current_mallinfo
 .bss.__malloc_max_sbrked_mem
                0x20001f9c        0x4 c:/program files (x86)/atmel/studio/7.0/toolchain/arm/arm-gnu-toolchain/bin/../lib/gcc/arm-none-eabi/6.3.1/../../../../arm-none-eabi/lib/thumb/v7e-m\libg.a(lib_a-mallocr.o)
                0x20001f9c                __malloc_max_sbrked_mem
 .bss.__malloc_max_total_mem
                0x20001fa0        0x4 c:/program files (x86)/atmel/studio/7.0/toolchain/arm/arm-gnu-toolchain/bin/../lib/gcc/arm-none-eabi/6.3.1/../../../../arm-none-eabi/lib/thumb/v7e-m\libg.a(lib_a-mallocr.o)
                0x20001fa0                __malloc_max_total_mem
 .bss.__malloc_top_pad
                0x20001fa4        0x4 c:/program files (x86)/atmel/studio/7.0/toolchain/arm/arm-gnu-toolchain/bin/../lib/gcc/arm-none-eabi/6.3.1/../../../../arm-none-eabi/lib/thumb/v7e-m\libg.a(lib_a-mallocr.o)
                0x20001fa4                __malloc_top_pad
 *(COMMON)
 COMMON         0x20001fa8        0x8 TC_lldn.o
                0x20001fa8                n
                0x20001fac                tmr_callback
 COMMON         0x20001fb0       0x4c ../../../stack/LwMesh/TDMA/nwk/src/nwk.o
                0x20001fb0                nwkIb
 COMMON         0x20001ffc        0x1 ../../../stack/LwMesh/TDMA/sys/src/sysTimer.o
                0x20001ffc                SysTimerIrqCount
 *fill*         0x20001ffd        0x3 
 COMMON         0x20002000        0x8 ../../../stack/LwMesh/TDMA/services/sleep_mgr/sam4l/sleep_mgr.o
                0x20002000                ast_alarm
                0x20002004                ast_counter
 COMMON         0x20002008       0x14 ../../../platform/sam/drivers/ast/ast.o
                0x20002008                ast_callback_pointer
 COMMON         0x2000201c       0x24 ../../../platform/sam/drivers/eic/eic.o
                0x2000201c                eic_callback_pointer
 COMMON         0x20002040      0x118 ../../../platform/sam/drivers/usbc/usbc_device.o
                0x20002040                udd_ep_out_cache_buffer
                0x20002100                udd_g_ctrlreq
                0x20002118                udd_ctrl_buffer
 COMMON         0x20002158        0x8 ../../../platform/common/services/sleepmgr/sam/sleepmgr.o
                0x20002158                sleepmgr_locks
 COMMON         0x20002160        0x4 ../../../platform/common/utils/stdio/read.o
                0x20002160                ptr_get
 COMMON         0x20002164        0x8 ../../../platform/common/utils/stdio/write.o
                0x20002164                ptr_put
                0x20002168                stdio_base
 COMMON         0x2000216c        0x1 ../../../stack/LwMesh/TDMA/services/common_hw_timer/sam/lib\libsam4l_lib_hw_timer.a(common_hw_timer.o)
                0x2000216c                timer_multiplier
 *fill*         0x2000216d        0x3 
 COMMON         0x20002170       0x21 c:/program files (x86)/atmel/studio/7.0/toolchain/arm/arm-gnu-toolchain/bin/../lib/gcc/arm-none-eabi/6.3.1/../../../../arm-none-eabi/lib/thumb/v7e-m\libg.a(lib_a-lock.o)
                0x20002170                __lock___atexit_recursive_mutex
                0x20002174                __lock___arc4random_mutex
                0x20002178                __lock___env_recursive_mutex
                0x2000217c                __lock___sinit_recursive_mutex
                0x20002180                __lock___malloc_recursive_mutex
                0x20002184                __lock___at_quick_exit_mutex
                0x20002188                __lock___dd_hash_mutex
                0x2000218c                __lock___tz_mutex
                0x20002190                __lock___sfp_recursive_mutex
 *fill*         0x20002191        0x3 
 COMMON         0x20002194        0x4 c:/program files (x86)/atmel/studio/7.0/toolchain/arm/arm-gnu-toolchain/bin/../lib/gcc/arm-none-eabi/6.3.1/../../../../arm-none-eabi/lib/thumb/v7e-m\libg.a(lib_a-reent.o)
                0x20002194                errno
                0x20002198                . = ALIGN (0x4)
                0x20002198                _ebss = .
                0x20002198                _ezero = .

.stack          0x20002198     0x1000 load address 0x000199d8
                0x20002198                . = ALIGN (0x8)
                0x20002198                _sstack = .
                0x20003198                . = (. + __stack_size__)
 *fill*         0x20002198     0x1000 
                0x20003198                . = ALIGN (0x8)
                0x20003198                _estack = .
                0x20003198                . = ALIGN (0x4)
                0x20003198                _end = .
START GROUP
LOAD c:/program files (x86)/atmel/studio/7.0/toolchain/arm/arm-gnu-toolchain/bin/../lib/gcc/arm-none-eabi/6.3.1/thumb/v7e-m\libgcc.a
LOAD c:/program files (x86)/atmel/studio/7.0/toolchain/arm/arm-gnu-toolchain/bin/../lib/gcc/arm-none-eabi/6.3.1/../../../../arm-none-eabi/lib/thumb/v7e-m\libg.a
LOAD c:/program files (x86)/atmel/studio/7.0/toolchain/arm/arm-gnu-toolchain/bin/../lib/gcc/arm-none-eabi/6.3.1/../../../../arm-none-eabi/lib/thumb/v7e-m\libc.a
END GROUP
LOAD c:/program files (x86)/atmel/studio/7.0/toolchain/arm/arm-gnu-toolchain/bin/../lib/gcc/arm-none-eabi/6.3.1/thumb/v7e-m/crtend.o
LOAD c:/program files (x86)/atmel/studio/7.0/toolchain/arm/arm-gnu-toolchain/bin/../lib/gcc/arm-none-eabi/6.3.1/thumb/v7e-m/crtn.o
OUTPUT(exp2_sam4lc2b_wm400_coordinator.elf elf32-littlearm)

.ARM.attributes
                0x00000000       0x2a
 .ARM.attributes
                0x00000000       0x1e c:/program files (x86)/atmel/studio/7.0/toolchain/arm/arm-gnu-toolchain/bin/../lib/gcc/arm-none-eabi/6.3.1/thumb/v7e-m/crti.o
 .ARM.attributes
                0x0000001e       0x2e c:/program files (x86)/atmel/studio/7.0/toolchain/arm/arm-gnu-toolchain/bin/../lib/gcc/arm-none-eabi/6.3.1/thumb/v7e-m/crtbegin.o
 .ARM.attributes
                0x0000004c       0x33 TC_lldn.o
 .ARM.attributes
                0x0000007f       0x33 ../../../stack/LwMesh/TDMA/nwk/src/nwk.o
 .ARM.attributes
                0x000000b2       0x33 ../../../stack/LwMesh/TDMA/nwk/src/nwkDataReq.o
 .ARM.attributes
                0x000000e5       0x33 ../../../stack/LwMesh/TDMA/nwk/src/nwkFrame.o
 .ARM.attributes
                0x00000118       0x33 ../../../stack/LwMesh/TDMA/nwk/src/nwkGroup.o
 .ARM.attributes
                0x0000014b       0x33 ../../../stack/LwMesh/TDMA/nwk/src/nwkRx.o
 .ARM.attributes
                0x0000017e       0x33 ../../../stack/LwMesh/TDMA/nwk/src/nwkTx.o
 .ARM.attributes
                0x000001b1       0x33 ../../../stack/LwMesh/TDMA/phy/AT86RF233/src/phy.o
 .ARM.attributes
                0x000001e4       0x33 ../../../stack/LwMesh/TDMA/sys/src/sys.o
 .ARM.attributes
                0x00000217       0x33 ../../../stack/LwMesh/TDMA/sys/src/sysTimer.o
 .ARM.attributes
                0x0000024a       0x33 ../../../stack/LwMesh/TDMA/services/common_hw_timer/sam/hw_timer.o
 .ARM.attributes
                0x0000027d       0x33 ../../../stack/LwMesh/TDMA/services/sal/at86rf2xx/src/sal.o
 .ARM.attributes
                0x000002b0       0x33 ../../../stack/LwMesh/TDMA/services/sleep_mgr/sam4l/sleep_mgr.o
 .ARM.attributes
                0x000002e3       0x33 ../../../stack/LwMesh/TDMA/services/trx_access/trx_access.o
 .ARM.attributes
                0x00000316       0x33 ../../../platform/sam/utils/cmsis/sam4l/source/templates/exceptions.o
 .ARM.attributes
                0x00000349       0x33 ../../../platform/sam/utils/cmsis/sam4l/source/templates/gcc/startup_sam4l.o
 .ARM.attributes
                0x0000037c       0x33 ../../../platform/sam/utils/syscalls/gcc/syscalls.o
 .ARM.attributes
                0x000003af       0x33 ../../../platform/sam/utils/syscalls/gcc/hardfault_handler_c.o
 .ARM.attributes
                0x000003e2       0x33 ../../../platform/sam/drivers/ast/ast.o
 .ARM.attributes
                0x00000415       0x33 ../../../platform/sam/drivers/bpm/bpm.o
 .ARM.attributes
                0x00000448       0x33 ../../../platform/sam/drivers/flashcalw/flashcalw.o
 .ARM.attributes
                0x0000047b       0x33 ../../../platform/sam/drivers/gpio/gpio.o
 .ARM.attributes
                0x000004ae       0x33 ../../../platform/sam/drivers/eic/eic.o
 .ARM.attributes
                0x000004e1       0x33 ../../../platform/sam/drivers/spi/spi.o
 .ARM.attributes
                0x00000514       0x33 ../../../platform/sam/drivers/tc/tc.o
 .ARM.attributes
                0x00000547       0x33 ../../../platform/sam/drivers/usbc/usbc_device.o
 .ARM.attributes
                0x0000057a       0x33 ../../../platform/sam/drivers/wdt/wdt_sam4l.o
 .ARM.attributes
                0x000005ad       0x33 ../../../platform/common/services/clock/sam4l/sysclk.o
 .ARM.attributes
                0x000005e0       0x33 ../../../platform/common/services/clock/sam4l/dfll.o
 .ARM.attributes
                0x00000613       0x33 ../../../platform/common/services/clock/sam4l/osc.o
 .ARM.attributes
                0x00000646       0x33 ../../../platform/common/services/clock/sam4l/pll.o
 .ARM.attributes
                0x00000679       0x33 ../../../platform/common/services/delay/sam/cycle_counter.o
 .ARM.attributes
                0x000006ac       0x33 ../../../platform/common/services/spi/sam_spi/spi_master.o
 .ARM.attributes