Archive member included to satisfy reference by file (symbol)

../../../stack/LwMesh/TDMA/services/common_hw_timer/sam/lib\libsam4l_lib_hw_timer.a(common_hw_timer.o)
                              ../../../stack/LwMesh/TDMA/sys/src/sysTimer.o (common_tc_delay)
c:/program files (x86)/atmel/studio/7.0/toolchain/arm/arm-gnu-toolchain/bin/../lib/gcc/arm-none-eabi/6.3.1/../../../../arm-none-eabi/lib/thumb/v7e-m\libg.a(lib_a-exit.o)
                              c:/program files (x86)/atmel/studio/7.0/toolchain/arm/arm-gnu-toolchain/bin/../lib/gcc/arm-none-eabi/6.3.1/../../../../arm-none-eabi/lib/thumb/v7e-m/crt0.o (exit)
c:/program files (x86)/atmel/studio/7.0/toolchain/arm/arm-gnu-toolchain/bin/../lib/gcc/arm-none-eabi/6.3.1/../../../../arm-none-eabi/lib/thumb/v7e-m\libg.a(lib_a-impure.o)
                              c:/program files (x86)/atmel/studio/7.0/toolchain/arm/arm-gnu-toolchain/bin/../lib/gcc/arm-none-eabi/6.3.1/../../../../arm-none-eabi/lib/thumb/v7e-m\libg.a(lib_a-exit.o) (_global_impure_ptr)
c:/program files (x86)/atmel/studio/7.0/toolchain/arm/arm-gnu-toolchain/bin/../lib/gcc/arm-none-eabi/6.3.1/../../../../arm-none-eabi/lib/thumb/v7e-m\libg.a(lib_a-init.o)
                              c:/program files (x86)/atmel/studio/7.0/toolchain/arm/arm-gnu-toolchain/bin/../lib/gcc/arm-none-eabi/6.3.1/../../../../arm-none-eabi/lib/thumb/v7e-m/crt0.o (__libc_init_array)
c:/program files (x86)/atmel/studio/7.0/toolchain/arm/arm-gnu-toolchain/bin/../lib/gcc/arm-none-eabi/6.3.1/../../../../arm-none-eabi/lib/thumb/v7e-m\libg.a(lib_a-memcpy.o)
                              ../../../stack/LwMesh/TDMA/nwk/src/nwkDataReq.o (memcpy)
c:/program files (x86)/atmel/studio/7.0/toolchain/arm/arm-gnu-toolchain/bin/../lib/gcc/arm-none-eabi/6.3.1/../../../../arm-none-eabi/lib/thumb/v7e-m\libg.a(lib_a-memset.o)
                              c:/program files (x86)/atmel/studio/7.0/toolchain/arm/arm-gnu-toolchain/bin/../lib/gcc/arm-none-eabi/6.3.1/../../../../arm-none-eabi/lib/thumb/v7e-m/crt0.o (memset)
c:/program files (x86)/atmel/studio/7.0/toolchain/arm/arm-gnu-toolchain/bin/../lib/gcc/arm-none-eabi/6.3.1/../../../../arm-none-eabi/lib/thumb/v7e-m\libg.a(lib_a-printf.o)
                              TC_lldn.o (printf)
c:/program files (x86)/atmel/studio/7.0/toolchain/arm/arm-gnu-toolchain/bin/../lib/gcc/arm-none-eabi/6.3.1/../../../../arm-none-eabi/lib/thumb/v7e-m\libg.a(lib_a-rand.o)
                              ../../../stack/LwMesh/TDMA/nwk/src/nwkTx.o (rand)
c:/program files (x86)/atmel/studio/7.0/toolchain/arm/arm-gnu-toolchain/bin/../lib/gcc/arm-none-eabi/6.3.1/../../../../arm-none-eabi/lib/thumb/v7e-m\libg.a(lib_a-setbuf.o)
                              ../../../platform/common/utils/stdio/stdio_usb/stdio_usb.o (setbuf)
c:/program files (x86)/atmel/studio/7.0/toolchain/arm/arm-gnu-toolchain/bin/../lib/gcc/arm-none-eabi/6.3.1/../../../../arm-none-eabi/lib/thumb/v7e-m\libg.a(lib_a-setvbuf.o)
                              c:/program files (x86)/atmel/studio/7.0/toolchain/arm/arm-gnu-toolchain/bin/../lib/gcc/arm-none-eabi/6.3.1/../../../../arm-none-eabi/lib/thumb/v7e-m\libg.a(lib_a-setbuf.o) (setvbuf)
c:/program files (x86)/atmel/studio/7.0/toolchain/arm/arm-gnu-toolchain/bin/../lib/gcc/arm-none-eabi/6.3.1/../../../../arm-none-eabi/lib/thumb/v7e-m\libg.a(lib_a-vfprintf.o)
                              c:/program files (x86)/atmel/studio/7.0/toolchain/arm/arm-gnu-toolchain/bin/../lib/gcc/arm-none-eabi/6.3.1/../../../../arm-none-eabi/lib/thumb/v7e-m\libg.a(lib_a-printf.o) (_vfprintf_r)
c:/program files (x86)/atmel/studio/7.0/toolchain/arm/arm-gnu-toolchain/bin/../lib/gcc/arm-none-eabi/6.3.1/../../../../arm-none-eabi/lib/thumb/v7e-m\libg.a(lib_a-wsetup.o)
                              c:/program files (x86)/atmel/studio/7.0/toolchain/arm/arm-gnu-toolchain/bin/../lib/gcc/arm-none-eabi/6.3.1/../../../../arm-none-eabi/lib/thumb/v7e-m\libg.a(lib_a-vfprintf.o) (__swsetup_r)
c:/program files (x86)/atmel/studio/7.0/toolchain/arm/arm-gnu-toolchain/bin/../lib/gcc/arm-none-eabi/6.3.1/../../../../arm-none-eabi/lib/thumb/v7e-m\libg.a(lib_a-__call_atexit.o)
                              c:/program files (x86)/atmel/studio/7.0/toolchain/arm/arm-gnu-toolchain/bin/../lib/gcc/arm-none-eabi/6.3.1/../../../../arm-none-eabi/lib/thumb/v7e-m\libg.a(lib_a-exit.o) (__call_exitprocs)
c:/program files (x86)/atmel/studio/7.0/toolchain/arm/arm-gnu-toolchain/bin/../lib/gcc/arm-none-eabi/6.3.1/../../../../arm-none-eabi/lib/thumb/v7e-m\libg.a(lib_a-atexit.o)
                              c:/program files (x86)/atmel/studio/7.0/toolchain/arm/arm-gnu-toolchain/bin/../lib/gcc/arm-none-eabi/6.3.1/../../../../arm-none-eabi/lib/thumb/v7e-m\libg.a(lib_a-__call_atexit.o) (atexit)
c:/program files (x86)/atmel/studio/7.0/toolchain/arm/arm-gnu-toolchain/bin/../lib/gcc/arm-none-eabi/6.3.1/../../../../arm-none-eabi/lib/thumb/v7e-m\libg.a(lib_a-dtoa.o)
[...]
Memory Configuration

Name             Origin             Length             Attributes
rom              0x00004000         0x0003c000         xr
ram              0x20000000         0x00008000         xrw
*default*        0x00000000         0xffffffff

Linker script and memory map

LOAD c:/program files (x86)/atmel/studio/7.0/toolchain/arm/arm-gnu-toolchain/bin/../lib/gcc/arm-none-eabi/6.3.1/thumb/v7e-m/crti.o
LOAD c:/program files (x86)/atmel/studio/7.0/toolchain/arm/arm-gnu-toolchain/bin/../lib/gcc/arm-none-eabi/6.3.1/thumb/v7e-m/crtbegin.o
LOAD c:/program files (x86)/atmel/studio/7.0/toolchain/arm/arm-gnu-toolchain/bin/../lib/gcc/arm-none-eabi/6.3.1/../../../../arm-none-eabi/lib/thumb/v7e-m/crt0.o
LOAD TC_lldn.o
LOAD ../../../stack/LwMesh/TDMA/nwk/src/nwk.o
LOAD ../../../stack/LwMesh/TDMA/nwk/src/nwkDataReq.o
LOAD ../../../stack/LwMesh/TDMA/nwk/src/nwkFrame.o
LOAD ../../../stack/LwMesh/TDMA/nwk/src/nwkGroup.o
LOAD ../../../stack/LwMesh/TDMA/nwk/src/nwkRoute.o
LOAD ../../../stack/LwMesh/TDMA/nwk/src/nwkRouteDiscovery.o
LOAD ../../../stack/LwMesh/TDMA/nwk/src/nwkRx.o
LOAD ../../../stack/LwMesh/TDMA/nwk/src/nwkSecurity.o
LOAD ../../../stack/LwMesh/TDMA/nwk/src/nwkTx.o
LOAD ../../../stack/LwMesh/TDMA/phy/AT86RF233/src/phy.o
LOAD ../../../stack/LwMesh/TDMA/sys/src/sys.o
LOAD ../../../stack/LwMesh/TDMA/sys/src/sysEncrypt.o
LOAD ../../../stack/LwMesh/TDMA/sys/src/sysTimer.o
LOAD ../../../stack/LwMesh/TDMA/services/common_hw_timer/sam/hw_timer.o
LOAD ../../../stack/LwMesh/TDMA/services/sal/at86rf2xx/src/sal.o
LOAD ../../../stack/LwMesh/TDMA/services/sleep_mgr/sam4l/sleep_mgr.o
LOAD ../../../stack/LwMesh/TDMA/services/trx_access/trx_access.o
LOAD ../../../platform/sam/utils/cmsis/sam4l/source/templates/system_sam4l.o
LOAD ../../../platform/sam/utils/cmsis/sam4l/source/templates/exceptions.o
LOAD ../../../platform/sam/utils/cmsis/sam4l/source/templates/gcc/startup_sam4l.o
LOAD ../../../platform/sam/utils/syscalls/gcc/syscalls.o
LOAD ../../../platform/sam/utils/syscalls/gcc/hardfault_handler_c.o
LOAD ../../../platform/sam/drivers/ast/ast.o
LOAD ../../../platform/sam/drivers/bpm/bpm.o
LOAD ../../../platform/sam/drivers/flashcalw/flashcalw.o
LOAD ../../../platform/sam/drivers/gpio/gpio.o
LOAD ../../../platform/sam/drivers/eic/eic.o
LOAD ../../../platform/sam/drivers/spi/spi.o
LOAD ../../../platform/sam/drivers/tc/tc.o
LOAD ../../../platform/sam/drivers/usbc/usbc_device.o
LOAD ../../../platform/sam/drivers/usart/usart.o
LOAD ../../../platform/sam/drivers/wdt/wdt_sam4l.o
LOAD ../../../platform/common/services/clock/sam4l/sysclk.o
LOAD ../../../platform/common/services/clock/sam4l/dfll.o
LOAD ../../../platform/common/services/clock/sam4l/osc.o
LOAD ../../../platform/common/services/clock/sam4l/pll.o
LOAD ../../../platform/common/services/delay/sam/cycle_counter.o
LOAD ../../../platform/common/services/serial/usart_serial.o
LOAD ../../../platform/common/services/spi/sam_spi/spi_master.o
LOAD ../../../platform/common/services/spi/sam_usart_spi/usart_spi.o
LOAD ../../../platform/common/services/sleepmgr/sam/sleepmgr.o
LOAD ../../../platform/common/services/usb/udc/udc.o
LOAD ../../../platform/common/services/usb/class/cdc/device/udi_cdc.o
LOAD ../../../platform/common/services/usb/class/cdc/device/udi_cdc_desc.o
LOAD ../../../platform/common/utils/interrupt\interrupt_sam_nvic.o
LOAD ../../../platform/common/utils/stdio/read.o
LOAD ../../../platform/common/utils/stdio/write.o
LOAD ../../../platform/common/utils/stdio/stdio_usb/stdio_usb.o
LOAD ../../../platform/thirdparty/wireless/addons/sio2host/usb/sio2host.o
LOAD ../../../board/WM400/src/board_init.o
LOAD ../../../platform/resources/buffer/src/bmm.o
LOAD ../../../platform/resources/queue/src/qmm.o
LOAD ../../../platform/sam/utils/syscalls/gcc/hardfault_handler.o
START GROUP
LOAD ../../../stack/LwMesh/TDMA/services/common_hw_timer/sam/lib\libsam4l_lib_hw_timer.a
END GROUP
START GROUP
LOAD ../../../platform/thirdparty/CMSIS/Lib/GCC\libarm_cortexM4l_math.a
LOAD c:/program files (x86)/atmel/studio/7.0/toolchain/arm/arm-gnu-toolchain/bin/../lib/gcc/arm-none-eabi/6.3.1/../../../../arm-none-eabi/lib/thumb/v7e-m\libm.a
END GROUP
                0x00001000                __stack_size__ = DEFINED (__stack_size__)?__stack_size__:0x1000
                0x20007ffc                __ram_end__ = ((ORIGIN (ram) + LENGTH (ram)) - 0x4)

.text           0x00004000    0x13834
                0x00004000                . = ALIGN (0x4)
                0x00004000                _sfixed = .
 *(.vectors .vectors.*)
 .vectors       0x00004000      0x180 ../../../platform/sam/utils/cmsis/sam4l/source/templates/gcc/startup_sam4l.o
                0x00004000                exception_table
 *(.text .text.* .gnu.linkonce.t.*)
 .text          0x00004180       0x6c c:/program files (x86)/atmel/studio/7.0/toolchain/arm/arm-gnu-toolchain/bin/../lib/gcc/arm-none-eabi/6.3.1/thumb/v7e-m/crtbegin.o
 .text          0x000041ec      0x930 TC_lldn.o
                0x00004808                hw_expiry_cb
                0x00004820                hw_overflow_cb
                0x00004838                timer_stop
                0x00004850                tc_delay
                0x0000487c                timer_init
                0x000049e0                timer_enable_cc_interrupt
                0x00004a08                tc_compare_stop
                0x00004a30                TC10_Handler
                0x00004a58                APP_TaskHandler
                0x00004aa0                main
 .text          0x00004b1c      0x1e4 ../../../stack/LwMesh/TDMA/nwk/src/nwk.o
                0x00004b1c                NWK_Init
                0x00004b90                NWK_SetAddr
                0x00004bb8                NWK_SetPanId
                0x00004be0                NWK_OpenEndpoint
                0x00004c08                NWK_Busy
                0x00004c28                NWK_Lock
                0x00004c48                NWK_Unlock
                0x00004c68                NWK_SleepReq
                0x00004c78                NWK_WakeupReq
                0x00004c88                NWK_LinearizeLqi
                0x00004ce0                NWK_TaskHandler
 .text          0x00004d00      0x594 ../../../stack/LwMesh/TDMA/nwk/src/nwkDataReq.o
                0x00004d00                nwkDataReqInit
                0x00004d18                NWK_DataReq
                0x0000524c                nwkDataReqTaskHandler
 .text          0x00005294      0x26c ../../../stack/LwMesh/TDMA/nwk/src/nwkFrame.o
                0x00005294                nwkFrameInit
                0x000052cc                nwkFrameAlloc
                0x00005374                nwkFrameAlloc_LLDN
                0x0000544c                nwkFrameFree
                0x00005478                nwkFrameNext
                0x000054c4                nwkFrameCommandInit
 .text          0x00005500      0x104 ../../../stack/LwMesh/TDMA/nwk/src/nwkGroup.o
                0x00005500                nwkGroupInit
                0x00005534                NWK_GroupAdd
                0x00005554                NWK_GroupRemove
                0x00005574                NWK_GroupIsMember
 .text          0x00005604      0xb90 ../../../stack/LwMesh/TDMA/nwk/src/nwkRx.o
                0x0000562e                nwkRxInit
                0x00005690                PHY_DataInd
                0x000058ac                NWK_SetAckControl
                0x000060fc                nwkRxTaskHandler
 .text          0x00006194      0x6d8 ../../../stack/LwMesh/TDMA/nwk/src/nwkTx.o
                0x00006194                nwkTxInit
                0x000061e0                nwkTxBeaconFrame
                0x00006250                nwkTxBeaconFrameLLDN
                0x000062cc                nwkTxMacCommandFrameLLDN
                0x00006378                nwkTxFrame
                0x0000646c                nwkTxBroadcastFrame
                0x00006550                nwkTxAckReceived
                0x00006624                nwkTxConfirm
                0x000066e4                PHY_DataConf
                0x00006730                nwkTxTaskHandler
 .text          0x0000686c      0x684 ../../../stack/LwMesh/TDMA/phy/AT86RF233/src/phy.o
                0x000068f2                PHY_Init
                0x00006978                PHY_SetTdmaMode
                0x000069ce                PHY_SetRxState
                0x000069f0                PHY_SetChannel
                0x00006a20                PHY_SetPanId
                0x00006a50                PHY_SetShortAddr
                0x00006a96                PHY_SetTxPower
                0x00006ac6                PHY_Sleep
                0x00006b30                PHY_Wakeup
                0x00006b50                PHY_DataReq
                0x00006bb0                PHY_RandomReq
                0x00006c10                PHY_EncryptReq
                0x00006c48                PHY_EdReq
                0x00006db4                PHY_SetIEEEAddr
                0x00006df8                PHY_TaskHandler
 .text          0x00006ef0       0x48 ../../../stack/LwMesh/TDMA/sys/src/sys.o
                0x00006ef0                SYS_Init
                0x00006f18                SYS_TaskHandler
 .text          0x00006f38      0x30c ../../../stack/LwMesh/TDMA/sys/src/sysTimer.o
                0x00006fbc                SYS_TimerInit
                0x00006ffc                SYS_TimerStart
                0x00007024                SYS_TimerStop
                0x00007098                SYS_TimerStarted
                0x000070d0                SYS_TimerTaskHandler
                0x0000721c                SYS_HwExpiry_Cb
 .text          0x00007244      0x3a4 ../../../stack/LwMesh/TDMA/services/common_hw_timer/sam/hw_timer.o
                0x000072f8                tmr_read_count
                0x00007314                save_cpu_interrupt
                0x00007324                restore_cpu_interrupt
                0x0000733e                tmr_stop
                0x00007358                tmr_write_cmpreg
                0x00007380                tmr_init
                0x00007400                tmr_disable_cc_interrupt
                0x00007428                tmr_enable_cc_interrupt
                0x00007450                tmr_disable_ovf_interrupt
                0x0000755c                TC00_Handler
                0x00007578                TC01_Handler
                0x00007594                TC02_Handler
                0x000075b0                TC11_Handler
                0x000075cc                TC12_Handler
 .text          0x000075e8      0x2c8 ../../../stack/LwMesh/TDMA/services/sal/at86rf2xx/src/sal.o
                0x000075e8                sal_init
                0x000075f4                sal_aes_setup
                0x00007794                sal_aes_restart
                0x00007804                _sal_aes_clean_up
                0x00007810                sal_aes_wrrd
                0x00007890                sal_aes_read
 .text          0x000078b0      0x458 ../../../stack/LwMesh/TDMA/services/sleep_mgr/sam4l/sleep_mgr.o
                0x00007c74                sm_init
                0x00007cb4                sm_sleep
 .text          0x00007d08      0x930 ../../../stack/LwMesh/TDMA/services/trx_access/trx_access.o
                0x00008064                GPIO_2_Handler
                0x000080b4                trx_spi_init
                0x00008168                PhyReset
                0x000081a4                trx_reg_read
                0x00008218                trx_reg_write
                0x00008288                trx_irq_init
                0x000082a4                trx_bit_read
                0x000082de                trx_bit_write
                0x00008348                trx_frame_read
                0x000083b4                trx_frame_write
                0x0000841c                trx_sram_write
                0x000084b0                trx_sram_read
                0x00008550                trx_aes_wrrd
 .text          0x00008638        0x6 ../../../platform/sam/utils/cmsis/sam4l/source/templates/exceptions.o
                0x00008638                DACC_Handler
                0x00008638                DebugMon_Handler
                0x00008638                TRNG_Handler
                0x00008638                SPI_Handler
                0x00008638                SysTick_Handler
                0x00008638                PDCA_10_Handler
                0x00008638                USART3_Handler
                0x00008638                AST_PER_Handler
                0x00008638                AST_CLKREADY_Handler
                0x00008638                AST_OVF_Handler
                0x00008638                PDCA_5_Handler
                0x00008638                PendSV_Handler
                0x00008638                SCIF_Handler
                0x00008638                PDCA_15_Handler
                0x00008638                CRCCU_Handler
                0x00008638                USART0_Handler
                0x00008638                TWIM3_Handler
                0x00008638                UsageFault_Handler
                0x00008638                PDCA_0_Handler
                0x00008638                PDCA_14_Handler
                0x00008638                BPM_Handler
                0x00008638                PARC_Handler
                0x00008638                WDT_Handler
                0x00008638                TWIS0_Handler
                0x00008638                PDCA_8_Handler
                0x00008638                TWIS1_Handler
                0x00008638                TWIM2_Handler
                0x00008638                AESA_Handler
                0x00008638                PDCA_13_Handler
                0x00008638                Dummy_Handler
                0x00008638                PDCA_3_Handler
                0x00008638                ABDACB_Handler
                0x00008638                CATB_Handler
                0x00008638                LCDCA_Handler
                0x00008638                USART1_Handler
                0x00008638                AST_READY_Handler
                0x00008638                PDCA_2_Handler
                0x00008638                AST_ALARM_Handler
                0x00008638                TWIM0_Handler
                0x00008638                PM_Handler
                0x00008638                PDCA_1_Handler
                0x00008638                PDCA_11_Handler
                0x00008638                ACIFC_Handler
                0x00008638                PDCA_6_Handler
                0x00008638                MemManage_Handler
                0x00008638                SVC_Handler
                0x00008638                PDCA_12_Handler
                0x00008638                PDCA_9_Handler
                0x00008638                ADCIFE_Handler
                0x00008638                PDCA_7_Handler
                0x00008638                PEVC_TR_Handler
                0x00008638                USART2_Handler
                0x00008638                TWIM1_Handler
                0x00008638                HFLASHC_Handler
                0x00008638                BSCIF_Handler
                0x00008638                IISC_Handler
                0x00008638                BusFault_Handler
                0x00008638                FREQM_Handler
                0x00008638                PDCA_4_Handler
                0x00008638                PEVC_OV_Handler
 *fill*         0x0000863e        0x2 
 .text          0x00008640       0x84 ../../../platform/sam/utils/cmsis/sam4l/source/templates/gcc/startup_sam4l.o
                0x00008640                Reset_Handler
 .text          0x000086c4      0x110 ../../../platform/sam/utils/syscalls/gcc/syscalls.o
                0x000086c4                _sbrk
                0x0000871c                link
                0x00008734                _close
                0x0000874a                _fstat
                0x00008768                _isatty
                0x0000877c                _lseek
                0x00008794                _exit
                0x000087b0                _kill
                0x000087c4                _getpid
 .text          0x000087d4       0x6c ../../../platform/sam/utils/syscalls/gcc/hardfault_handler_c.o
                0x000087d4                HardFault_Handler_C
 .text          0x00008840      0xa24 ../../../platform/sam/drivers/ast/ast.o
                0x00008a24                ast_is_enabled
                0x00008a54                ast_enable
                0x00008a74                ast_disable
                0x00008abc                ast_enable_counter_clear_on_alarm
                0x00008b04                ast_clear_prescalar
                0x00008b3c                ast_set_config
                0x00008c5a                ast_configure_digital_tuner
                0x00008d64                ast_init_digital_tuner
                0x00008dd2                ast_disable_digital_tuner
                0x00008e0a                ast_write_calendar_value
                0x00008e3e                ast_write_counter_value
                0x00008e72                ast_read_calendar_value
                0x00008e8c                ast_write_alarm0_value
                0x00008ec0                ast_write_periodic0_value
                0x00008ef4                ast_enable_interrupt
                0x00008f78                ast_disable_interrupt
                0x00008ffc                ast_clear_interrupt_flag
                0x00009080                ast_set_callback
                0x000090d8                ast_enable_wakeup
                0x00009142                ast_disable_wakeup
                0x000091ac                ast_enable_event
                0x00009208                ast_disable_event
 .text          0x00009264      0x4e8 ../../../platform/sam/drivers/bpm/bpm.o
                0x000092e8                bpm_power_scaling_cpu_failsafe
                0x00009384                bpm_power_scaling_cpu
                0x000093dc                bpm_enable_fast_wakeup
                0x0000940c                bpm_disable_fast_wakeup
                0x0000943c                bpm_set_clk32_source
                0x00009484                bpm_get_backup_wakeup_cause
                0x0000949a                bpm_enable_wakeup_source
                0x000094ba                bpm_disable_wakeup_source
                0x000094dc                bpm_enable_backup_pin
                0x000094fc                bpm_disable_backup_pin
                0x0000951e                bpm_enable_io_retention
                0x0000953c                bpm_disable_io_retention
                0x0000955a                bpm_enable_interrupt
                0x00009574                bpm_disable_interrupt
                0x0000958e                bpm_get_interrupt_mask
                0x000095a4                bpm_get_interrupt_status
                0x000095ba                bpm_clear_interrupt
                0x000095d4                bpm_get_status
                0x000095ea                bpm_get_version
                0x00009602                bpm_sleep
 .text          0x0000974c     0x12fc ../../../platform/sam/drivers/flashcalw/flashcalw.o
                0x0000974c                flashcalw_get_flash_size
                0x000097cc                flashcalw_get_page_count
                0x000097dc                flashcalw_get_page_count_per_region
                0x000097ec                flashcalw_get_page_region
                0x00009816                flashcalw_get_region_first_page_number
                0x00009832                flashcalw_get_wait_state
                0x00009854                flashcalw_set_wait_state
                0x00009884                flashcalw_set_flash_waitstate_and_readmode
                0x00009938                flashcalw_is_ready_int_enabled
                0x0000995c                flashcalw_enable_ready_int
                0x00009984                flashcalw_is_lock_error_int_enabled
                0x000099a8                flashcalw_enable_lock_error_int
                0x000099d0                flashcalw_is_prog_error_int_enabled
                0x000099f4                flashcalw_enable_prog_error_int
                0x00009a1c                flashcalw_is_ready
                0x00009a40                flashcalw_default_wait_until_ready
                0x00009a74                flashcalw_is_lock_error
                0x00009a98                flashcalw_is_programming_error
                0x00009abc                flashcalw_get_command
                0x00009ad4                flashcalw_get_page_number
                0x00009aec                flashcalw_issue_command
                0x00009b60                flashcalw_no_operation
                0x00009b72                flashcalw_erase_all
                0x00009b84                flashcalw_is_security_bit_active
                0x00009ba8                flashcalw_set_security_bit
                0x00009bba                flashcalw_is_page_region_locked
                0x00009bdc                flashcalw_is_region_locked
                0x00009c10                flashcalw_lock_page_region
                0x00009c38                flashcalw_lock_region
                0x00009c60                flashcalw_lock_all_regions
                0x00009ca8                flashcalw_read_gp_fuse_bit
                0x00009d02                flashcalw_read_gp_fuse_bitfield
                0x00009d8a                flashcalw_read_gp_fuse_byte
                0x00009dc8                flashcalw_read_all_gp_fuses
                0x00009e04                flashcalw_erase_gp_fuse_bit
                0x00009e3e                flashcalw_erase_gp_fuse_bitfield
                0x00009efc                flashcalw_erase_gp_fuse_byte
                0x00009f8c                flashcalw_erase_all_gp_fuses
                0x00009fce                flashcalw_write_gp_fuse_bit
                0x00009ffc                flashcalw_write_gp_fuse_bitfield
                0x0000a08c                flashcalw_write_gp_fuse_byte
                0x0000a0b4                flashcalw_write_all_gp_fuses
                0x0000a10c                flashcalw_set_gp_fuse_bit
                0x0000a138                flashcalw_set_gp_fuse_bitfield
                0x0000a1c8                flashcalw_set_gp_fuse_byte
                0x0000a224                flashcalw_set_all_gp_fuses
                0x0000a288                flashcalw_clear_page_buffer
                0x0000a29a                flashcalw_is_page_erased
                0x0000a2bc                flashcalw_quick_page_read
                0x0000a2da                flashcalw_erase_page
                0x0000a324                flashcalw_erase_all_pages
                0x0000a388                flashcalw_write_page
                0x0000a3a0                flashcalw_quick_user_page_read
                0x0000a3b8                flashcalw_erase_user_page
                0x0000a3ea                flashcalw_write_user_page
                0x0000a3fc                flashcalw_memset8
                0x0000a434                flashcalw_memset16
                0x0000a466                flashcalw_memset32
                0x0000a4b0                flashcalw_memset64
                0x0000a7c4                flashcalw_memcpy
                0x0000a8fc                flashcalw_picocache_enable
                0x0000a928                flashcalw_picocache_disable
                0x0000a958                flashcalw_picocache_get_status
                0x0000a96c                flashcalw_picocache_invalid_all
                0x0000a984                flashcalw_picocache_invalid_line
                0x0000a9b8                flashcalw_picocache_set_monitor_mode
                0x0000a9d4                flashcalw_picocache_enable_monitor
                0x0000a9ec                flashcalw_picocache_disable_monitor
                0x0000aa04                flashcalw_picocache_reset_monitor
                0x0000aa1c                flashcalw_picocache_get_monitor_cnt
                0x0000aa30                flashcalw_picocache_get_version
 .text          0x0000aa48      0x310 ../../../platform/sam/drivers/gpio/gpio.o
                0x0000ab40                gpio_set_pin_callback
                0x0000ac98                GPIO_0_Handler
                0x0000aca8                GPIO_1_Handler
                0x0000acba                GPIO_3_Handler
                0x0000accc                GPIO_4_Handler
                0x0000acdc                GPIO_5_Handler
                0x0000acee                GPIO_6_Handler
                0x0000ad00                GPIO_7_Handler
                0x0000ad12                GPIO_8_Handler
                0x0000ad22                GPIO_9_Handler
                0x0000ad34                GPIO_10_Handler
                0x0000ad46                GPIO_11_Handler
 .text          0x0000ad58      0x3f8 ../../../platform/sam/drivers/eic/eic.o
                0x0000af18                eic_line_set_config
                0x0000b00c                eic_disable
                0x0000b02c                eic_enable
                0x0000b04c                eic_line_set_callback
                0x0000b0d0                NMI_Handler
                0x0000b0de                EIC_1_Handler
                0x0000b0ec                EIC_2_Handler
                0x0000b0fa                EIC_3_Handler
                0x0000b108                EIC_4_Handler
                0x0000b116                EIC_5_Handler
                0x0000b124                EIC_6_Handler
                0x0000b132                EIC_7_Handler
                0x0000b140                EIC_8_Handler
 .text          0x0000b150      0x45c ../../../platform/sam/drivers/spi/spi.o
                0x0000b174                spi_enable_clock
                0x0000b190                spi_disable_clock
                0x0000b1ac                spi_set_peripheral_chip_select_value
                0x0000b1de                spi_set_delay_between_chip_select
                0x0000b20c                spi_read
                0x0000b278                spi_write
                0x0000b2f2                spi_set_clock_polarity
                0x0000b340                spi_set_clock_phase
                0x0000b38e                spi_configure_cs_behavior
                0x0000b432                spi_set_bits_per_transfer
                0x0000b47a                spi_calc_baudrate_div
                0x0000b4b4                spi_set_baudrate_div
                0x0000b502                spi_set_transfer_delay
                0x0000b55e                spi_set_writeprotect
                0x0000b594                spi_get_writeprotect_status
 .text          0x0000b5ac      0x358 ../../../platform/sam/drivers/tc/tc.o
                0x0000b5ac                tc_init
                0x0000b5e4                tc_sync_trigger
                0x0000b5fe                tc_set_block_mode
                0x0000b61a                tc_init_2bit_gray
                0x0000b640                tc_start
                0x0000b660                tc_stop
                0x0000b680                tc_read_cv
                0x0000b6a0                tc_read_ra
                0x0000b6c0                tc_read_rb
                0x0000b6e0                tc_read_rc
                0x0000b700                tc_write_ra
                0x0000b724                tc_write_rb
                0x0000b748                tc_write_rc
                0x0000b76c                tc_enable_interrupt
                0x0000b792                tc_disable_interrupt
                0x0000b7b8                tc_get_interrupt_mask
                0x0000b7da                tc_get_status
                0x0000b7fc                tc_find_mck_divisor
                0x0000b8a0                tc_set_writeprotect
                0x0000b8d4                tc_get_feature
                0x0000b8ec                tc_get_version
 .text          0x0000b904     0x1688 ../../../platform/sam/drivers/usbc/usbc_device.o
                0x0000baf0                USBC_Handler
                0x0000bc3c                udd_include_vbus_monitoring
                0x0000bc4a                udd_enable
                0x0000bd68                udd_disable
                0x0000bdb8                udd_attach
                0x0000be48                udd_detach
                0x0000be88                udd_is_high_speed
                0x0000be96                udd_set_address
                0x0000bedc                udd_getaddress
                0x0000bef8                udd_get_frame_number
                0x0000bf18                udd_get_micro_frame_number
                0x0000bf26                udd_send_remotewakeup
                0x0000bf68                udd_set_setup_payload
                0x0000bf90                udd_ep_alloc
                0x0000c068                udd_ep_free
                0x0000c0a0                udd_ep_is_halted
                0x0000c0d4                udd_ep_set_halt
                0x0000c114                udd_ep_clear_halt
                0x0000c1d0                udd_ep_run
                0x0000c328                udd_ep_abort
                0x0000c3d8                udd_ep_wait_stall_clear
 .text          0x0000cf8c      0x300 ../../../platform/sam/drivers/wdt/wdt_sam4l.o
                0x0000d028                wdt_get_config_defaults
                0x0000d064                wdt_init
                0x0000d160                wdt_enable
                0x0000d1b8                wdt_disable
                0x0000d1f4                wdt_clear
                0x0000d230                wdt_reset_mcu
 .text          0x0000d28c     0x15cc ../../../platform/common/services/clock/sam4l/sysclk.o
                0x0000da50                sysclk_priv_enable_module
                0x0000dab0                sysclk_priv_disable_module
                0x0000db10                sysclk_enable_pba_module
                0x0000db48                sysclk_disable_pba_module
                0x0000db80                sysclk_enable_pbb_module
                0x0000dbb8                sysclk_disable_pbb_module
                0x0000dbf0                sysclk_get_peripheral_bus_hz
                0x0000de4c                sysclk_enable_peripheral_clock
                0x0000e25a                sysclk_disable_peripheral_clock
                0x0000e654                sysclk_set_prescalers
                0x0000e744                sysclk_set_source
                0x0000e774                sysclk_enable_usb
                0x0000e792                sysclk_disable_usb
                0x0000e7a0                sysclk_init
 .text          0x0000e858      0x840 ../../../platform/common/services/clock/sam4l/dfll.o
                0x0000ed72                dfll_enable_open_loop
                0x0000ee54                dfll_disable_open_loop
                0x0000eebc                dfll_enable_closed_loop
                0x0000efa8                dfll_disable_closed_loop
                0x0000f010                dfll_enable_config_defaults
 .text          0x0000f098      0x34c ../../../platform/common/services/clock/sam4l/osc.o
                0x0000f11c                osc_priv_enable_osc0
                0x0000f150                osc_priv_disable_osc0
                0x0000f18c                osc_priv_enable_osc32
                0x0000f1c0                osc_priv_disable_osc32
                0x0000f204                osc_priv_enable_rc32k
                0x0000f23c                osc_priv_disable_rc32k
                0x0000f278                osc_priv_enable_rc1m
                0x0000f2b0                osc_priv_disable_rc1m
                0x0000f2ec                osc_priv_enable_rc80m
                0x0000f324                osc_priv_disable_rc80m
                0x0000f360                osc_priv_enable_rcfast
                0x0000f3a0                osc_priv_disable_rcfast
 .text          0x0000f3e4      0x150 ../../../platform/common/services/clock/sam4l/pll.o
                0x0000f468                pll_config_write
                0x0000f4ac                pll_enable
                0x0000f4f4                pll_disable
 .text          0x0000f534      0x48c ../../../platform/common/services/spi/sam_spi/spi_master.o
                0x0000f728                spi_master_init
                0x0000f780                spi_master_setup_device
                0x0000f830                spi_select_device
                0x0000f884                spi_deselect_device
                0x0000f8b8                spi_write_packet
                0x0000f924                spi_read_packet
 .text          0x0000f9c0      0xae8 ../../../platform/common/services/usb/udc/udc.o
                0x0000f9c0                udc_get_interface_desc
                0x0000fc10                udc_start
                0x0000fc20                udc_stop
                0x0000fc34                udc_reset
                0x0000fc84                udc_sof_notify
                0x00010424                udc_process_setup
 .text          0x000104a8     0x10e8 ../../../platform/common/services/usb/class/cdc/device/udi_cdc.o
                0x0001052c                udi_cdc_comm_enable
                0x0001066c                udi_cdc_data_enable
                0x0001074c                udi_cdc_comm_disable
                0x0001076c                udi_cdc_data_disable
                0x000107a4                udi_cdc_comm_setup
                0x00010860                udi_cdc_data_setup
                0x0001086e                udi_cdc_getsetting
                0x0001087c                udi_cdc_data_sof_notify
                0x00010e8c                udi_cdc_ctrl_signal_dcd
                0x00010eaa                udi_cdc_ctrl_signal_dsr
                0x00010ec8                udi_cdc_signal_framing_error
                0x00010eda                udi_cdc_signal_parity_error
                0x00010eec                udi_cdc_signal_overrun
                0x00010efe                udi_cdc_multi_ctrl_signal_dcd
                0x00010f22                udi_cdc_multi_ctrl_signal_dsr
                0x00010f46                udi_cdc_multi_signal_framing_error
                0x00010f64                udi_cdc_multi_signal_parity_error
                0x00010f82                udi_cdc_multi_signal_overrun
                0x00010fa0                udi_cdc_multi_get_nb_received_data
                0x00010ff8                udi_cdc_get_nb_received_data
                0x00011008                udi_cdc_multi_is_rx_ready
                0x0001102e                udi_cdc_is_rx_ready
                0x0001103e                udi_cdc_multi_getc
                0x00011128                udi_cdc_getc
                0x00011138                udi_cdc_multi_read_buf
                0x00011240                udi_cdc_read_buf
                0x0001125e                udi_cdc_multi_get_free_tx_buffer
                0x00011324                udi_cdc_get_free_tx_buffer
                0x00011334                udi_cdc_multi_is_tx_ready
                0x0001135a                udi_cdc_is_tx_ready
                0x0001136a                udi_cdc_multi_putc
                0x00011448                udi_cdc_putc
                0x00011462                udi_cdc_multi_write_buf
                0x00011570                udi_cdc_write_buf
 .text          0x00011590       0x54 ../../../platform/common/utils/stdio/read.o
                0x00011590                _read
 .text          0x000115e4       0x6c ../../../platform/common/utils/stdio/write.o
                0x000115e4                _write
 .text          0x00011650      0x10c ../../../platform/common/utils/stdio/stdio_usb/stdio_usb.o
                0x00011650                stdio_usb_putchar
                0x00011694                stdio_usb_getchar
                0x000116d0                stdio_usb_enable
                0x000116e8                stdio_usb_disable
                0x00011700                stdio_usb_init
 .text          0x0001175c      0x470 ../../../board/WM400/src/board_init.o
                0x00011a7a                board_init
 .text          0x00011bcc       0x12 ../../../platform/sam/utils/syscalls/gcc/hardfault_handler.o
                0x00011bcc                HardFault_Handler
 *fill*         0x00011bde        0x2 
 .text.common_tc_delay
                0x00011be0       0x98 ../../../stack/LwMesh/TDMA/services/common_hw_timer/sam/lib\libsam4l_lib_hw_timer.a(common_hw_timer.o)
                0x00011be0                common_tc_delay
 .text.common_tc_init
                0x00011c78       0x28 ../../../stack/LwMesh/TDMA/services/common_hw_timer/sam/lib\libsam4l_lib_hw_timer.a(common_hw_timer.o)
                0x00011c78                common_tc_init
 .text.tmr_ovf_callback
                0x00011ca0       0x60 ../../../stack/LwMesh/TDMA/services/common_hw_timer/sam/lib\libsam4l_lib_hw_timer.a(common_hw_timer.o)
                0x00011ca0                tmr_ovf_callback
 .text.tmr_cca_callback
                0x00011d00       0x1c ../../../stack/LwMesh/TDMA/services/common_hw_timer/sam/lib\libsam4l_lib_hw_timer.a(common_hw_timer.o)
                0x00011d00                tmr_cca_callback
 .text.set_common_tc_expiry_callback
                0x00011d1c        0xc ../../../stack/LwMesh/TDMA/services/common_hw_timer/sam/lib\libsam4l_lib_hw_timer.a(common_hw_timer.o)
                0x00011d1c                set_common_tc_expiry_callback
 .text.__libc_init_array
                0x00011d28       0x50 c:/program files (x86)/atmel/studio/7.0/toolchain/arm/arm-gnu-toolchain/bin/../lib/gcc/arm-none-eabi/6.3.1/../../../../arm-none-eabi/lib/thumb/v7e-m\libg.a(lib_a-init.o)
                0x00011d28                __libc_init_array
 .text          0x00011d78      0x134 c:/program files (x86)/atmel/studio/7.0/toolchain/arm/arm-gnu-toolchain/bin/../lib/gcc/arm-none-eabi/6.3.1/../../../../arm-none-eabi/lib/thumb/v7e-m\libg.a(lib_a-memcpy.o)
                0x00011d78                memcpy
 .text.memset   0x00011eac       0x9c c:/program files (x86)/atmel/studio/7.0/toolchain/arm/arm-gnu-toolchain/bin/../lib/gcc/arm-none-eabi/6.3.1/../../../../arm-none-eabi/lib/thumb/v7e-m\libg.a(lib_a-memset.o)
                0x00011eac                memset
 .text.printf   0x00011f48       0x28 c:/program files (x86)/atmel/studio/7.0/toolchain/arm/arm-gnu-toolchain/bin/../lib/gcc/arm-none-eabi/6.3.1/../../../../arm-none-eabi/lib/thumb/v7e-m\libg.a(lib_a-printf.o)
                0x00011f48                printf
 .text.rand     0x00011f70       0x40 c:/program files (x86)/atmel/studio/7.0/toolchain/arm/arm-gnu-toolchain/bin/../lib/gcc/arm-none-eabi/6.3.1/../../../../arm-none-eabi/lib/thumb/v7e-m\libg.a(lib_a-rand.o)
                0x00011f70                rand
 .text.setbuf   0x00011fb0       0x10 c:/program files (x86)/atmel/studio/7.0/toolchain/arm/arm-gnu-toolchain/bin/../lib/gcc/arm-none-eabi/6.3.1/../../../../arm-none-eabi/lib/thumb/v7e-m\libg.a(lib_a-setbuf.o)
                0x00011fb0                setbuf
 .text.setvbuf  0x00011fc0      0x190 c:/program files (x86)/atmel/studio/7.0/toolchain/arm/arm-gnu-toolchain/bin/../lib/gcc/arm-none-eabi/6.3.1/../../../../arm-none-eabi/lib/thumb/v7e-m\libg.a(lib_a-setvbuf.o)
                0x00011fc0                setvbuf
 .text._vfprintf_r
                0x00012150     0x1558 c:/program files (x86)/atmel/studio/7.0/toolchain/arm/arm-gnu-toolchain/bin/../lib/gcc/arm-none-eabi/6.3.1/../../../../arm-none-eabi/lib/thumb/v7e-m\libg.a(lib_a-vfprintf.o)
                0x00012150                _vfprintf_r
 .text.__sbprintf
                0x000136a8       0x84 c:/program files (x86)/atmel/studio/7.0/toolchain/arm/arm-gnu-toolchain/bin/../lib/gcc/arm-none-eabi/6.3.1/../../../../arm-none-eabi/lib/thumb/v7e-m\libg.a(lib_a-vfprintf.o)
 .text.__swsetup_r
                0x0001372c       0xc8 c:/program files (x86)/atmel/studio/7.0/toolchain/arm/arm-gnu-toolchain/bin/../lib/gcc/arm-none-eabi/6.3.1/../../../../arm-none-eabi/lib/thumb/v7e-m\libg.a(lib_a-wsetup.o)
                0x0001372c                __swsetup_r
 .text.startup.register_fini
                0x000137f4       0x14 c:/program files (x86)/atmel/studio/7.0/toolchain/arm/arm-gnu-toolchain/bin/../lib/gcc/arm-none-eabi/6.3.1/../../../../arm-none-eabi/lib/thumb/v7e-m\libg.a(lib_a-__call_atexit.o)
 .text.atexit   0x00013808        0xc c:/program files (x86)/atmel/studio/7.0/toolchain/arm/arm-gnu-toolchain/bin/../lib/gcc/arm-none-eabi/6.3.1/../../../../arm-none-eabi/lib/thumb/v7e-m\libg.a(lib_a-atexit.o)
                0x00013808                atexit
 .text.quorem   0x00013814      0x128 c:/program files (x86)/atmel/studio/7.0/toolchain/arm/arm-gnu-toolchain/bin/../lib/gcc/arm-none-eabi/6.3.1/../../../../arm-none-eabi/lib/thumb/v7e-m\libg.a(lib_a-dtoa.o)
 *fill*         0x0001393c        0x4 
 .text._dtoa_r  0x00013940      0xe54 c:/program files (x86)/atmel/studio/7.0/toolchain/arm/arm-gnu-toolchain/bin/../lib/gcc/arm-none-eabi/6.3.1/../../../../arm-none-eabi/lib/thumb/v7e-m\libg.a(lib_a-dtoa.o)
                0x00013940                _dtoa_r
 .text.__sflush_r
                0x00014794      0x140 c:/program files (x86)/atmel/studio/7.0/toolchain/arm/arm-gnu-toolchain/bin/../lib/gcc/arm-none-eabi/6.3.1/../../../../arm-none-eabi/lib/thumb/v7e-m\libg.a(lib_a-fflush.o)
                0x00014794                __sflush_r
 .text._fflush_r
                0x000148d4       0x54 c:/program files (x86)/atmel/studio/7.0/toolchain/arm/arm-gnu-toolchain/bin/../lib/gcc/arm-none-eabi/6.3.1/../../../../arm-none-eabi/lib/thumb/v7e-m\libg.a(lib_a-fflush.o)
                0x000148d4                _fflush_r
 .text._cleanup_r
                0x00014928        0xc c:/program files (x86)/atmel/studio/7.0/toolchain/arm/arm-gnu-toolchain/bin/../lib/gcc/arm-none-eabi/6.3.1/../../../../arm-none-eabi/lib/thumb/v7e-m\libg.a(lib_a-findfp.o)
                0x00014928                _cleanup_r
 .text.std.isra.0
                0x00014934       0x50 c:/program files (x86)/atmel/studio/7.0/toolchain/arm/arm-gnu-toolchain/bin/../lib/gcc/arm-none-eabi/6.3.1/../../../../arm-none-eabi/lib/thumb/v7e-m\libg.a(lib_a-findfp.o)
 .text.__sinit  0x00014984       0x58 c:/program files (x86)/atmel/studio/7.0/toolchain/arm/arm-gnu-toolchain/bin/../lib/gcc/arm-none-eabi/6.3.1/../../../../arm-none-eabi/lib/thumb/v7e-m\libg.a(lib_a-findfp.o)
                0x00014984                __sinit
 .text.__sfp_lock_acquire
                0x000149dc        0xc c:/program files (x86)/atmel/studio/7.0/toolchain/arm/arm-gnu-toolchain/bin/../lib/gcc/arm-none-eabi/6.3.1/../../../../arm-none-eabi/lib/thumb/v7e-m\libg.a(lib_a-findfp.o)
                0x000149dc                __sfp_lock_acquire
 .text.__sfp_lock_release
                0x000149e8        0xc c:/program files (x86)/atmel/studio/7.0/toolchain/arm/arm-gnu-toolchain/bin/../lib/gcc/arm-none-eabi/6.3.1/../../../../arm-none-eabi/lib/thumb/v7e-m\libg.a(lib_a-findfp.o)
                0x000149e8                __sfp_lock_release
 .text.__libc_fini_array
                0x000149f4       0x34 c:/program files (x86)/atmel/studio/7.0/toolchain/arm/arm-gnu-toolchain/bin/../lib/gcc/arm-none-eabi/6.3.1/../../../../arm-none-eabi/lib/thumb/v7e-m\libg.a(lib_a-fini.o)
                0x000149f4                __libc_fini_array
 .text._malloc_trim_r
                0x00014a28       0xa0 c:/program files (x86)/atmel/studio/7.0/toolchain/arm/arm-gnu-toolchain/bin/../lib/gcc/arm-none-eabi/6.3.1/../../../../arm-none-eabi/lib/thumb/v7e-m\libg.a(lib_a-freer.o)
                0x00014a28                _malloc_trim_r
 .text._free_r  0x00014ac8      0x1cc c:/program files (x86)/atmel/studio/7.0/toolchain/arm/arm-gnu-toolchain/bin/../lib/gcc/arm-none-eabi/6.3.1/../../../../arm-none-eabi/lib/thumb/v7e-m\libg.a(lib_a-freer.o)
                0x00014ac8                _free_r
 .text._fwalk_reent
                0x00014c94       0x54 c:/program files (x86)/atmel/studio/7.0/toolchain/arm/arm-gnu-toolchain/bin/../lib/gcc/arm-none-eabi/6.3.1/../../../../arm-none-eabi/lib/thumb/v7e-m\libg.a(lib_a-fwalk.o)
                0x00014c94                _fwalk_reent
 .text._localeconv_r
                0x00014ce8       0x1c c:/program files (x86)/atmel/studio/7.0/toolchain/arm/arm-gnu-toolchain/bin/../lib/gcc/arm-none-eabi/6.3.1/../../../../arm-none-eabi/lib/thumb/v7e-m\libg.a(lib_a-localeconv.o)
                0x00014ce8                _localeconv_r
 .text.__retarget_lock_init_recursive
                0x00014d04        0x4 c:/program files (x86)/atmel/studio/7.0/toolchain/arm/arm-gnu-toolchain/bin/../lib/gcc/arm-none-eabi/6.3.1/../../../../arm-none-eabi/lib/thumb/v7e-m\libg.a(lib_a-lock.o)
                0x00014d04                __retarget_lock_init_recursive
 .text.__retarget_lock_close_recursive
                0x00014d08        0x4 c:/program files (x86)/atmel/studio/7.0/toolchain/arm/arm-gnu-toolchain/bin/../lib/gcc/arm-none-eabi/6.3.1/../../../../arm-none-eabi/lib/thumb/v7e-m\libg.a(lib_a-lock.o)
                0x00014d08                __retarget_lock_close_recursive
 .text.__retarget_lock_acquire_recursive
                0x00014d0c        0x4 c:/program files (x86)/atmel/studio/7.0/toolchain/arm/arm-gnu-toolchain/bin/../lib/gcc/arm-none-eabi/6.3.1/../../../../arm-none-eabi/lib/thumb/v7e-m\libg.a(lib_a-lock.o)
                0x00014d0c                __retarget_lock_acquire_recursive
 .text.__retarget_lock_release_recursive
                0x00014d10        0x4 c:/program files (x86)/atmel/studio/7.0/toolchain/arm/arm-gnu-toolchain/bin/../lib/gcc/arm-none-eabi/6.3.1/../../../../arm-none-eabi/lib/thumb/v7e-m\libg.a(lib_a-lock.o)
                0x00014d10                __retarget_lock_release_recursive
 .text.__swhatbuf_r
                0x00014d14       0x5c c:/program files (x86)/atmel/studio/7.0/toolchain/arm/arm-gnu-toolchain/bin/../lib/gcc/arm-none-eabi/6.3.1/../../../../arm-none-eabi/lib/thumb/v7e-m\libg.a(lib_a-makebuf.o)
                0x00014d14                __swhatbuf_r
 .text.__smakebuf_r
                0x00014d70       0x94 c:/program files (x86)/atmel/studio/7.0/toolchain/arm/arm-gnu-toolchain/bin/../lib/gcc/arm-none-eabi/6.3.1/../../../../arm-none-eabi/lib/thumb/v7e-m\libg.a(lib_a-makebuf.o)
                0x00014d70                __smakebuf_r
 .text.malloc   0x00014e04       0x10 c:/program files (x86)/atmel/studio/7.0/toolchain/arm/arm-gnu-toolchain/bin/../lib/gcc/arm-none-eabi/6.3.1/../../../../arm-none-eabi/lib/thumb/v7e-m\libg.a(lib_a-malloc.o)
                0x00014e04                malloc
 .text._malloc_r
                0x00014e14      0x560 c:/program files (x86)/atmel/studio/7.0/toolchain/arm/arm-gnu-toolchain/bin/../lib/gcc/arm-none-eabi/6.3.1/../../../../arm-none-eabi/lib/thumb/v7e-m\libg.a(lib_a-mallocr.o)
                0x00014e14                _malloc_r
 *fill*         0x00015374        0xc 
 .text          0x00015380       0xa0 c:/program files (x86)/atmel/studio/7.0/toolchain/arm/arm-gnu-toolchain/bin/../lib/gcc/arm-none-eabi/6.3.1/../../../../arm-none-eabi/lib/thumb/v7e-m\libg.a(lib_a-memchr.o)
                0x00015380                memchr
 .text.__malloc_lock
                0x00015420        0xc c:/program files (x86)/atmel/studio/7.0/toolchain/arm/arm-gnu-toolchain/bin/../lib/gcc/arm-none-eabi/6.3.1/../../../../arm-none-eabi/lib/thumb/v7e-m\libg.a(lib_a-mlock.o)
                0x00015420                __malloc_lock
 .text.__malloc_unlock
                0x0001542c        0xc c:/program files (x86)/atmel/studio/7.0/toolchain/arm/arm-gnu-toolchain/bin/../lib/gcc/arm-none-eabi/6.3.1/../../../../arm-none-eabi/lib/thumb/v7e-m\libg.a(lib_a-mlock.o)
                0x0001542c                __malloc_unlock
 .text._Balloc  0x00015438       0x4c c:/program files (x86)/atmel/studio/7.0/toolchain/arm/arm-gnu-toolchain/bin/../lib/gcc/arm-none-eabi/6.3.1/../../../../arm-none-eabi/lib/thumb/v7e-m\libg.a(lib_a-mprec.o)
                0x00015438                _Balloc
 .text._Bfree   0x00015484       0x14 c:/program files (x86)/atmel/studio/7.0/toolchain/arm/arm-gnu-toolchain/bin/../lib/gcc/arm-none-eabi/6.3.1/../../../../arm-none-eabi/lib/thumb/v7e-m\libg.a(lib_a-mprec.o)
                0x00015484                _Bfree
 .text.__multadd
                0x00015498       0x80 c:/program files (x86)/atmel/studio/7.0/toolchain/arm/arm-gnu-toolchain/bin/../lib/gcc/arm-none-eabi/6.3.1/../../../../arm-none-eabi/lib/thumb/v7e-m\libg.a(lib_a-mprec.o)
                0x00015498                __multadd
 .text.__hi0bits
                0x00015518       0x40 c:/program files (x86)/atmel/studio/7.0/toolchain/arm/arm-gnu-toolchain/bin/../lib/gcc/arm-none-eabi/6.3.1/../../../../arm-none-eabi/lib/thumb/v7e-m\libg.a(lib_a-mprec.o)
                0x00015518                __hi0bits
 .text.__lo0bits
                0x00015558       0x60 c:/program files (x86)/atmel/studio/7.0/toolchain/arm/arm-gnu-toolchain/bin/../lib/gcc/arm-none-eabi/6.3.1/../../../../arm-none-eabi/lib/thumb/v7e-m\libg.a(lib_a-mprec.o)
                0x00015558                __lo0bits
 .text.__i2b    0x000155b8       0x14 c:/program files (x86)/atmel/studio/7.0/toolchain/arm/arm-gnu-toolchain/bin/../lib/gcc/arm-none-eabi/6.3.1/../../../../arm-none-eabi/lib/thumb/v7e-m\libg.a(lib_a-mprec.o)
                0x000155b8                __i2b
 .text.__multiply
                0x000155cc      0x124 c:/program files (x86)/atmel/studio/7.0/toolchain/arm/arm-gnu-toolchain/bin/../lib/gcc/arm-none-eabi/6.3.1/../../../../arm-none-eabi/lib/thumb/v7e-m\libg.a(lib_a-mprec.o)
                0x000155cc                __multiply
 .text.__pow5mult
                0x000156f0       0xa0 c:/program files (x86)/atmel/studio/7.0/toolchain/arm/arm-gnu-toolchain/bin/../lib/gcc/arm-none-eabi/6.3.1/../../../../arm-none-eabi/lib/thumb/v7e-m\libg.a(lib_a-mprec.o)
                0x000156f0                __pow5mult
 .text.__lshift
                0x00015790       0xa4 c:/program files (x86)/atmel/studio/7.0/toolchain/arm/arm-gnu-toolchain/bin/../lib/gcc/arm-none-eabi/6.3.1/../../../../arm-none-eabi/lib/thumb/v7e-m\libg.a(lib_a-mprec.o)
                0x00015790                __lshift
 .text.__mcmp   0x00015834       0x38 c:/program files (x86)/atmel/studio/7.0/toolchain/arm/arm-gnu-toolchain/bin/../lib/gcc/arm-none-eabi/6.3.1/../../../../arm-none-eabi/lib/thumb/v7e-m\libg.a(lib_a-mprec.o)
                0x00015834                __mcmp
 .text.__mdiff  0x0001586c      0x108 c:/program files (x86)/atmel/studio/7.0/toolchain/arm/arm-gnu-toolchain/bin/../lib/gcc/arm-none-eabi/6.3.1/../../../../arm-none-eabi/lib/thumb/v7e-m\libg.a(lib_a-mprec.o)
                0x0001586c                __mdiff
 .text.__d2b    0x00015974       0xb8 c:/program files (x86)/atmel/studio/7.0/toolchain/arm/arm-gnu-toolchain/bin/../lib/gcc/arm-none-eabi/6.3.1/../../../../arm-none-eabi/lib/thumb/v7e-m\libg.a(lib_a-mprec.o)
                0x00015974                __d2b
 .text._sbrk_r  0x00015a2c       0x24 c:/program files (x86)/atmel/studio/7.0/toolchain/arm/arm-gnu-toolchain/bin/../lib/gcc/arm-none-eabi/6.3.1/../../../../arm-none-eabi/lib/thumb/v7e-m\libg.a(lib_a-sbrkr.o)
                0x00015a2c                _sbrk_r
 .text.__sread  0x00015a50       0x24 c:/program files (x86)/atmel/studio/7.0/toolchain/arm/arm-gnu-toolchain/bin/../lib/gcc/arm-none-eabi/6.3.1/../../../../arm-none-eabi/lib/thumb/v7e-m\libg.a(lib_a-stdio.o)
                0x00015a50                __sread
 .text.__swrite
                0x00015a74       0x3c c:/program files (x86)/atmel/studio/7.0/toolchain/arm/arm-gnu-toolchain/bin/../lib/gcc/arm-none-eabi/6.3.1/../../../../arm-none-eabi/lib/thumb/v7e-m\libg.a(lib_a-stdio.o)
                0x00015a74                __swrite
 .text.__sseek  0x00015ab0       0x20 c:/program files (x86)/atmel/studio/7.0/toolchain/arm/arm-gnu-toolchain/bin/../lib/gcc/arm-none-eabi/6.3.1/../../../../arm-none-eabi/lib/thumb/v7e-m\libg.a(lib_a-stdio.o)
                0x00015ab0                __sseek
 .text.__sclose
                0x00015ad0        0x8 c:/program files (x86)/atmel/studio/7.0/toolchain/arm/arm-gnu-toolchain/bin/../lib/gcc/arm-none-eabi/6.3.1/../../../../arm-none-eabi/lib/thumb/v7e-m\libg.a(lib_a-stdio.o)
                0x00015ad0                __sclose
 *fill*         0x00015ad8       0x28 
 .text          0x00015b00       0xdc c:/program files (x86)/atmel/studio/7.0/toolchain/arm/arm-gnu-toolchain/bin/../lib/gcc/arm-none-eabi/6.3.1/../../../../arm-none-eabi/lib/thumb/v7e-m\libg.a(lib_a-strlen.o)
                0x00015b00                strlen
 .text.__sprint_r.part.0
                0x00015bdc       0x80 c:/program files (x86)/atmel/studio/7.0/toolchain/arm/arm-gnu-toolchain/bin/../lib/gcc/arm-none-eabi/6.3.1/../../../../arm-none-eabi/lib/thumb/v7e-m\libg.a(lib_a-vfiprintf.o)
 .text.__sprint_r
                0x00015c5c       0x14 c:/program files (x86)/atmel/studio/7.0/toolchain/arm/arm-gnu-toolchain/bin/../lib/gcc/arm-none-eabi/6.3.1/../../../../arm-none-eabi/lib/thumb/v7e-m\libg.a(lib_a-vfiprintf.o)
                0x00015c5c                __sprint_r
 .text._write_r
                0x00015c70       0x2c c:/program files (x86)/atmel/studio/7.0/toolchain/arm/arm-gnu-toolchain/bin/../lib/gcc/arm-none-eabi/6.3.1/../../../../arm-none-eabi/lib/thumb/v7e-m\libg.a(lib_a-writer.o)
                0x00015c70                _write_r
 .text.__register_exitproc
                0x00015c9c       0xc4 c:/program files (x86)/atmel/studio/7.0/toolchain/arm/arm-gnu-toolchain/bin/../lib/gcc/arm-none-eabi/6.3.1/../../../../arm-none-eabi/lib/thumb/v7e-m\libg.a(lib_a-__atexit.o)
                0x00015c9c                __register_exitproc
 .text._calloc_r
                0x00015d60       0x60 c:/program files (x86)/atmel/studio/7.0/toolchain/arm/arm-gnu-toolchain/bin/../lib/gcc/arm-none-eabi/6.3.1/../../../../arm-none-eabi/lib/thumb/v7e-m\libg.a(lib_a-callocr.o)
                0x00015d60                _calloc_r
 .text._close_r
                0x00015dc0       0x24 c:/program files (x86)/atmel/studio/7.0/toolchain/arm/arm-gnu-toolchain/bin/../lib/gcc/arm-none-eabi/6.3.1/../../../../arm-none-eabi/lib/thumb/v7e-m\libg.a(lib_a-closer.o)
                0x00015dc0                _close_r
 .text._fclose_r
                0x00015de4       0xc4 c:/program files (x86)/atmel/studio/7.0/toolchain/arm/arm-gnu-toolchain/bin/../lib/gcc/arm-none-eabi/6.3.1/../../../../arm-none-eabi/lib/thumb/v7e-m\libg.a(lib_a-fclose.o)
                0x00015de4                _fclose_r
 .text.__fputwc
                0x00015ea8       0xa0 c:/program files (x86)/atmel/studio/7.0/toolchain/arm/arm-gnu-toolchain/bin/../lib/gcc/arm-none-eabi/6.3.1/../../../../arm-none-eabi/lib/thumb/v7e-m\libg.a(lib_a-fputwc.o)
                0x00015ea8                __fputwc
 .text._fputwc_r
                0x00015f48       0x68 c:/program files (x86)/atmel/studio/7.0/toolchain/arm/arm-gnu-toolchain/bin/../lib/gcc/arm-none-eabi/6.3.1/../../../../arm-none-eabi/lib/thumb/v7e-m\libg.a(lib_a-fputwc.o)
                0x00015f48                _fputwc_r
 .text._fstat_r
                0x00015fb0       0x28 c:/program files (x86)/atmel/studio/7.0/toolchain/arm/arm-gnu-toolchain/bin/../lib/gcc/arm-none-eabi/6.3.1/../../../../arm-none-eabi/lib/thumb/v7e-m\libg.a(lib_a-fstatr.o)
                0x00015fb0                _fstat_r
 .text.__sfvwrite_r
                0x00015fd8      0x2f0 c:/program files (x86)/atmel/studio/7.0/toolchain/arm/arm-gnu-toolchain/bin/../lib/gcc/arm-none-eabi/6.3.1/../../../../arm-none-eabi/lib/thumb/v7e-m\libg.a(lib_a-fvwrite.o)
                0x00015fd8                __sfvwrite_r
 .text._isatty_r
                0x000162c8       0x24 c:/program files (x86)/atmel/studio/7.0/toolchain/arm/arm-gnu-toolchain/bin/../lib/gcc/arm-none-eabi/6.3.1/../../../../arm-none-eabi/lib/thumb/v7e-m\libg.a(lib_a-isattyr.o)
                0x000162c8                _isatty_r
 .text.__locale_mb_cur_max
                0x000162ec       0x1c c:/program files (x86)/atmel/studio/7.0/toolchain/arm/arm-gnu-toolchain/bin/../lib/gcc/arm-none-eabi/6.3.1/../../../../arm-none-eabi/lib/thumb/v7e-m\libg.a(lib_a-locale.o)
                0x000162ec                __locale_mb_cur_max
 .text._lseek_r
                0x00016308       0x2c c:/program files (x86)/atmel/studio/7.0/toolchain/arm/arm-gnu-toolchain/bin/../lib/gcc/arm-none-eabi/6.3.1/../../../../arm-none-eabi/lib/thumb/v7e-m\libg.a(lib_a-lseekr.o)
                0x00016308                _lseek_r
 .text.__ascii_mbtowc
                0x00016334       0x2c c:/program files (x86)/atmel/studio/7.0/toolchain/arm/arm-gnu-toolchain/bin/../lib/gcc/arm-none-eabi/6.3.1/../../../../arm-none-eabi/lib/thumb/v7e-m\libg.a(lib_a-mbtowc_r.o)
                0x00016334                __ascii_mbtowc
 .text.memmove  0x00016360       0xc8 c:/program files (x86)/atmel/studio/7.0/toolchain/arm/arm-gnu-toolchain/bin/../lib/gcc/arm-none-eabi/6.3.1/../../../../arm-none-eabi/lib/thumb/v7e-m\libg.a(lib_a-memmove.o)
                0x00016360                memmove
 .text._read_r  0x00016428       0x2c c:/program files (x86)/atmel/studio/7.0/toolchain/arm/arm-gnu-toolchain/bin/../lib/gcc/arm-none-eabi/6.3.1/../../../../arm-none-eabi/lib/thumb/v7e-m\libg.a(lib_a-readr.o)
                0x00016428                _read_r
 .text._realloc_r
                0x00016454      0x34c c:/program files (x86)/atmel/studio/7.0/toolchain/arm/arm-gnu-toolchain/bin/../lib/gcc/arm-none-eabi/6.3.1/../../../../arm-none-eabi/lib/thumb/v7e-m\libg.a(lib_a-reallocr.o)
                0x00016454                _realloc_r
 .text.__swbuf_r
                0x000167a0       0xb0 c:/program files (x86)/atmel/studio/7.0/toolchain/arm/arm-gnu-toolchain/bin/../lib/gcc/arm-none-eabi/6.3.1/../../../../arm-none-eabi/lib/thumb/v7e-m\libg.a(lib_a-wbuf.o)
                0x000167a0                __swbuf_r
 .text._wcrtomb_r
                0x00016850       0x54 c:/program files (x86)/atmel/studio/7.0/toolchain/arm/arm-gnu-toolchain/bin/../lib/gcc/arm-none-eabi/6.3.1/../../../../arm-none-eabi/lib/thumb/v7e-m\libg.a(lib_a-wcrtomb.o)
                0x00016850                _wcrtomb_r
 .text.__ascii_wctomb
                0x000168a4       0x1c c:/program files (x86)/atmel/studio/7.0/toolchain/arm/arm-gnu-toolchain/bin/../lib/gcc/arm-none-eabi/6.3.1/../../../../arm-none-eabi/lib/thumb/v7e-m\libg.a(lib_a-wctomb_r.o)
                0x000168a4                __ascii_wctomb
 .text          0x000168c0      0x370 c:/program files (x86)/atmel/studio/7.0/toolchain/arm/arm-gnu-toolchain/bin/../lib/gcc/arm-none-eabi/6.3.1/thumb/v7e-m\libgcc.a(_arm_addsubdf3.o)
                0x000168c0                __aeabi_drsub
                0x000168c8                __aeabi_dsub
                0x000168c8                __subdf3
                0x000168cc                __aeabi_dadd
                0x000168cc                __adddf3
                0x00016b44                __floatunsidf
                0x00016b44                __aeabi_ui2d
                0x00016b64                __floatsidf
                0x00016b64                __aeabi_i2d
                0x00016b88                __aeabi_f2d
                0x00016b88                __extendsfdf2
                0x00016bc4                __floatundidf
                0x00016bc4                __aeabi_ul2d
                0x00016bd4                __floatdidf
                0x00016bd4                __aeabi_l2d
 .text          0x00016c30      0x424 c:/program files (x86)/atmel/studio/7.0/toolchain/arm/arm-gnu-toolchain/bin/../lib/gcc/arm-none-eabi/6.3.1/thumb/v7e-m\libgcc.a(_arm_muldivdf3.o)
                0x00016c30                __aeabi_dmul
                0x00016c30                __muldf3
                0x00016e84                __divdf3
                0x00016e84                __aeabi_ddiv
 .text          0x00017054      0x110 c:/program files (x86)/atmel/studio/7.0/toolchain/arm/arm-gnu-toolchain/bin/../lib/gcc/arm-none-eabi/6.3.1/thumb/v7e-m\libgcc.a(_arm_cmpdf2.o)
                0x00017054                __gtdf2
                0x00017054                __gedf2
                0x0001705c                __ltdf2
                0x0001705c                __ledf2
                0x00017064                __nedf2
                0x00017064                __eqdf2
                0x00017064                __cmpdf2
                0x000170e0                __aeabi_cdrcmple
                0x000170f0                __aeabi_cdcmpeq
                0x000170f0                __aeabi_cdcmple
                0x00017100                __aeabi_dcmpeq
                0x00017114                __aeabi_dcmplt
                0x00017128                __aeabi_dcmple
                0x0001713c                __aeabi_dcmpge
                0x00017150                __aeabi_dcmpgt
 .text          0x00017164       0x2c c:/program files (x86)/atmel/studio/7.0/toolchain/arm/arm-gnu-toolchain/bin/../lib/gcc/arm-none-eabi/6.3.1/thumb/v7e-m\libgcc.a(_arm_unorddf2.o)
                0x00017164                __unorddf2
                0x00017164                __aeabi_dcmpun
 .text          0x00017190       0x50 c:/program files (x86)/atmel/studio/7.0/toolchain/arm/arm-gnu-toolchain/bin/../lib/gcc/arm-none-eabi/6.3.1/thumb/v7e-m\libgcc.a(_arm_fixdfsi.o)
                0x00017190                __aeabi_d2iz
                0x00017190                __fixdfsi
 .text          0x000171e0       0x30 c:/program files (x86)/atmel/studio/7.0/toolchain/arm/arm-gnu-toolchain/bin/../lib/gcc/arm-none-eabi/6.3.1/thumb/v7e-m\libgcc.a(_aeabi_uldivmod.o)
                0x000171e0                __aeabi_uldivmod
 .text          0x00017210      0x2dc c:/program files (x86)/atmel/studio/7.0/toolchain/arm/arm-gnu-toolchain/bin/../lib/gcc/arm-none-eabi/6.3.1/thumb/v7e-m\libgcc.a(_udivmoddi4.o)
                0x00017210                __udivmoddi4
 .text          0x000174ec        0x4 c:/program files (x86)/atmel/studio/7.0/toolchain/arm/arm-gnu-toolchain/bin/../lib/gcc/arm-none-eabi/6.3.1/thumb/v7e-m\libgcc.a(_dvmd_tls.o)
                0x000174ec                __aeabi_idiv0
                0x000174ec                __aeabi_ldiv0
 *(.glue_7t)
 .glue_7t       0x000174f0        0x0 linker stubs
 *(.glue_7)
 .glue_7        0x000174f0        0x0 linker stubs
 *(.rodata .rodata* .gnu.linkonce.r.*)
 .rodata        0x000174f0       0x5b TC_lldn.o
 *fill*         0x0001754b        0x1 
 .rodata        0x0001754c        0x9 ../../../stack/LwMesh/TDMA/nwk/src/nwk.o
 *fill*         0x00017555        0x3 
 .rodata        0x00017558       0x19 ../../../platform/sam/utils/syscalls/gcc/syscalls.o
 *fill*         0x00017571        0x3 
 .rodata        0x00017574       0x14 ../../../platform/sam/drivers/tc/tc.o
 .rodata._global_impure_ptr
                0x00017588        0x4 c:/program files (x86)/atmel/studio/7.0/toolchain/arm/arm-gnu-toolchain/bin/../lib/gcc/arm-none-eabi/6.3.1/../../../../arm-none-eabi/lib/thumb/v7e-m\libg.a(lib_a-impure.o)
                0x00017588                _global_impure_ptr
 .rodata._vfprintf_r.str1.4
                0x0001758c       0x42 c:/program files (x86)/atmel/studio/7.0/toolchain/arm/arm-gnu-toolchain/bin/../lib/gcc/arm-none-eabi/6.3.1/../../../../arm-none-eabi/lib/thumb/v7e-m\libg.a(lib_a-vfprintf.o)
 *fill*         0x000175ce        0x2 
 .rodata.blanks.7238
                0x000175d0       0x10 c:/program files (x86)/atmel/studio/7.0/toolchain/arm/arm-gnu-toolchain/bin/../lib/gcc/arm-none-eabi/6.3.1/../../../../arm-none-eabi/lib/thumb/v7e-m\libg.a(lib_a-vfprintf.o)
 .rodata.zeroes.7239
                0x000175e0       0x10 c:/program files (x86)/atmel/studio/7.0/toolchain/arm/arm-gnu-toolchain/bin/../lib/gcc/arm-none-eabi/6.3.1/../../../../arm-none-eabi/lib/thumb/v7e-m\libg.a(lib_a-vfprintf.o)
 .rodata._dtoa_r.str1.4
                0x000175f0       0x10 c:/program files (x86)/atmel/studio/7.0/toolchain/arm/arm-gnu-toolchain/bin/../lib/gcc/arm-none-eabi/6.3.1/../../../../arm-none-eabi/lib/thumb/v7e-m\libg.a(lib_a-dtoa.o)
                                 0x12 (size before relaxing)
 .rodata.__mprec_bigtens
                0x00017600       0x28 c:/program files (x86)/atmel/studio/7.0/toolchain/arm/arm-gnu-toolchain/bin/../lib/gcc/arm-none-eabi/6.3.1/../../../../arm-none-eabi/lib/thumb/v7e-m\libg.a(lib_a-mprec.o)
                0x00017600                __mprec_bigtens
 .rodata.__mprec_tens
                0x00017628       0xc8 c:/program files (x86)/atmel/studio/7.0/toolchain/arm/arm-gnu-toolchain/bin/../lib/gcc/arm-none-eabi/6.3.1/../../../../arm-none-eabi/lib/thumb/v7e-m\libg.a(lib_a-mprec.o)
                0x00017628                __mprec_tens
 .rodata.p05.6055
                0x000176f0        0xc c:/program files (x86)/atmel/studio/7.0/toolchain/arm/arm-gnu-toolchain/bin/../lib/gcc/arm-none-eabi/6.3.1/../../../../arm-none-eabi/lib/thumb/v7e-m\libg.a(lib_a-mprec.o)
 .rodata._setlocale_r.str1.4
                0x000176fc        0xa c:/program files (x86)/atmel/studio/7.0/toolchain/arm/arm-gnu-toolchain/bin/../lib/gcc/arm-none-eabi/6.3.1/../../../../arm-none-eabi/lib/thumb/v7e-m\libg.a(lib_a-locale.o)
                                  0xd (size before relaxing)
 *fill*         0x00017706        0x2 
 .rodata.str1.4
                0x00017708        0x4 c:/program files (x86)/atmel/studio/7.0/toolchain/arm/arm-gnu-toolchain/bin/../lib/gcc/arm-none-eabi/6.3.1/../../../../arm-none-eabi/lib/thumb/v7e-m\libg.a(lib_a-locale.o)
                                  0x2 (size before relaxing)
 .rodata._ctype_
                0x0001770c      0x101 c:/program files (x86)/atmel/studio/7.0/toolchain/arm/arm-gnu-toolchain/bin/../lib/gcc/arm-none-eabi/6.3.1/../../../../arm-none-eabi/lib/thumb/v7e-m\libg.a(lib_a-ctype_.o)
                0x0001770c                _ctype_
 *(.ARM.extab* .gnu.linkonce.armextab.*)
                0x00017810                . = ALIGN (0x4)
 *fill*         0x0001780d        0x3 
 *(.init)
 .init          0x00017810        0x4 c:/program files (x86)/atmel/studio/7.0/toolchain/arm/arm-gnu-toolchain/bin/../lib/gcc/arm-none-eabi/6.3.1/thumb/v7e-m/crti.o
                0x00017810                _init
 .init          0x00017814        0x8 c:/program files (x86)/atmel/studio/7.0/toolchain/arm/arm-gnu-toolchain/bin/../lib/gcc/arm-none-eabi/6.3.1/thumb/v7e-m/crtn.o
                0x0001781c                . = ALIGN (0x4)
                0x0001781c                __preinit_array_start = .
 *(.preinit_array)
                0x0001781c                __preinit_array_end = .
                0x0001781c                . = ALIGN (0x4)
                0x0001781c                __init_array_start = .
 *(SORT(.init_array.*))
 .init_array.00000
                0x0001781c        0x4 c:/program files (x86)/atmel/studio/7.0/toolchain/arm/arm-gnu-toolchain/bin/../lib/gcc/arm-none-eabi/6.3.1/../../../../arm-none-eabi/lib/thumb/v7e-m\libg.a(lib_a-__call_atexit.o)
 *(.init_array)
 .init_array    0x00017820        0x4 c:/program files (x86)/atmel/studio/7.0/toolchain/arm/arm-gnu-toolchain/bin/../lib/gcc/arm-none-eabi/6.3.1/thumb/v7e-m/crtbegin.o
                0x00017824                __init_array_end = .
                0x00017824                . = ALIGN (0x4)
 *crtbegin.o(.ctors)
 *(EXCLUDE_FILE(*crtend.o) .ctors)
 *(SORT(.ctors.*))
 *crtend.o(.ctors)
                0x00017824                . = ALIGN (0x4)
 *(.fini)
 .fini          0x00017824        0x4 c:/program files (x86)/atmel/studio/7.0/toolchain/arm/arm-gnu-toolchain/bin/../lib/gcc/arm-none-eabi/6.3.1/thumb/v7e-m/crti.o
                0x00017824                _fini
 .fini          0x00017828        0x8 c:/program files (x86)/atmel/studio/7.0/toolchain/arm/arm-gnu-toolchain/bin/../lib/gcc/arm-none-eabi/6.3.1/thumb/v7e-m/crtn.o
                0x00017830                . = ALIGN (0x4)
                0x00017830                __fini_array_start = .
 *(.fini_array)
 .fini_array    0x00017830        0x4 c:/program files (x86)/atmel/studio/7.0/toolchain/arm/arm-gnu-toolchain/bin/../lib/gcc/arm-none-eabi/6.3.1/thumb/v7e-m/crtbegin.o
 *(SORT(.fini_array.*))
                0x00017834                __fini_array_end = .
 *crtbegin.o(.dtors)
 *(EXCLUDE_FILE(*crtend.o) .dtors)
 *(SORT(.dtors.*))
 *crtend.o(.dtors)
                0x00017834                . = ALIGN (0x4)
                0x00017834                _efixed = .
                [!provide]                PROVIDE (__exidx_start, .)

.vfp11_veneer   0x00017834        0x0
 .vfp11_veneer  0x00017834        0x0 linker stubs

.v4_bx          0x00017834        0x0
 .v4_bx         0x00017834        0x0 linker stubs

.iplt           0x00017834        0x0
 .iplt          0x00017834        0x0 c:/program files (x86)/atmel/studio/7.0/toolchain/arm/arm-gnu-toolchain/bin/../lib/gcc/arm-none-eabi/6.3.1/thumb/v7e-m/crtbegin.o

.ARM.exidx      0x00017834        0x8
 *(.ARM.exidx* .gnu.linkonce.armexidx.*)
 .ARM.exidx     0x00017834        0x8 c:/program files (x86)/atmel/studio/7.0/toolchain/arm/arm-gnu-toolchain/bin/../lib/gcc/arm-none-eabi/6.3.1/thumb/v7e-m\libgcc.a(_udivmoddi4.o)
                [!provide]                PROVIDE (__exidx_end, .)

.eh_frame       0x0001783c        0x0
 .eh_frame      0x0001783c        0x0 c:/program files (x86)/atmel/studio/7.0/toolchain/arm/arm-gnu-toolchain/bin/../lib/gcc/arm-none-eabi/6.3.1/thumb/v7e-m/crtbegin.o

.rel.dyn        0x0001783c        0x0
 .rel.iplt      0x0001783c        0x0 c:/program files (x86)/atmel/studio/7.0/toolchain/arm/arm-gnu-toolchain/bin/../lib/gcc/arm-none-eabi/6.3.1/thumb/v7e-m/crtbegin.o

.jcr            0x0001783c        0x0
 .jcr           0x0001783c        0x0 c:/program files (x86)/atmel/studio/7.0/toolchain/arm/arm-gnu-toolchain/bin/../lib/gcc/arm-none-eabi/6.3.1/thumb/v7e-m/crtbegin.o

.igot.plt       0x0001783c        0x0
 .igot.plt      0x0001783c        0x0 c:/program files (x86)/atmel/studio/7.0/toolchain/arm/arm-gnu-toolchain/bin/../lib/gcc/arm-none-eabi/6.3.1/thumb/v7e-m/crtbegin.o
                0x0001783c                . = ALIGN (0x4)
                0x0001783c                _etext = .

.relocate       0x20000000      0xb58 load address 0x0001783c
                0x20000000                . = ALIGN (0x4)
                0x20000000                _srelocate = .
 *(.ramfunc .ramfunc.*)
 .ramfunc       0x20000000       0x74 ../../../platform/sam/drivers/bpm/bpm.o
                0x20000000                bpm_ps_no_halt_exec
 .ramfunc       0x20000074        0xa ../../../platform/common/services/delay/sam/cycle_counter.o
                0x20000074                portable_delay_cycles
 *(.data .data.*)
 .data.appState
                0x2000007e        0x1 TC_lldn.o
                0x2000007e                appState
 .data.last_dir
                0x2000007f        0x1 ../../../stack/LwMesh/TDMA/services/sal/at86rf2xx/src/sal.o
 .data.SPI_AT86RFX_DEVICE
                0x20000080        0x4 ../../../stack/LwMesh/TDMA/services/trx_access/trx_access.o
                0x20000080                SPI_AT86RFX_DEVICE
 .data.flashcalw_wait_until_ready
                0x20000084        0x4 ../../../platform/sam/drivers/flashcalw/flashcalw.o
                0x20000084                flashcalw_wait_until_ready
 .data.udc_string_desc_languageid
                0x20000088        0x4 ../../../platform/common/services/usb/udc/udc.o
 .data.udc_string_manufacturer_name
                0x2000008c        0x6 ../../../platform/common/services/usb/udc/udc.o
 *fill*         0x20000092        0x2 
 .data.udc_string_product_name
                0x20000094       0x27 ../../../platform/common/services/usb/udc/udc.o
 *fill*         0x200000bb        0x1 
 .data.udc_string_desc
                0x200000bc       0x4e ../../../platform/common/services/usb/udc/udc.o
 *fill*         0x2000010a        0x2 
 .data.udi_api_cdc_comm
                0x2000010c       0x14 ../../../platform/common/services/usb/class/cdc/device/udi_cdc.o
                0x2000010c                udi_api_cdc_comm
 .data.udi_api_cdc_data
                0x20000120       0x14 ../../../platform/common/services/usb/class/cdc/device/udi_cdc.o
                0x20000120                udi_api_cdc_data
 .data.udc_device_desc
                0x20000134       0x12 ../../../platform/common/services/usb/class/cdc/device/udi_cdc_desc.o
                0x20000134                udc_device_desc
 *fill*         0x20000146        0x2 
 .data.udc_desc_fs
                0x20000148       0x43 ../../../platform/common/services/usb/class/cdc/device/udi_cdc_desc.o
                0x20000148                udc_desc_fs
 *fill*         0x2000018b        0x1 
 .data.udi_apis
                0x2000018c        0x8 ../../../platform/common/services/usb/class/cdc/device/udi_cdc_desc.o
                0x2000018c                udi_apis
 .data.udc_config_fs
                0x20000194        0x8 ../../../platform/common/services/usb/class/cdc/device/udi_cdc_desc.o
                0x20000194                udc_config_fs
 .data.udc_config
                0x2000019c        0x8 ../../../platform/common/services/usb/class/cdc/device/udi_cdc_desc.o
                0x2000019c                udc_config
 .data.g_interrupt_enabled
                0x200001a4        0x1 ../../../platform/common/utils/interrupt\interrupt_sam_nvic.o
                0x200001a4                g_interrupt_enabled
 *fill*         0x200001a5        0x3 
 .data._impure_ptr
                0x200001a8        0x4 c:/program files (x86)/atmel/studio/7.0/toolchain/arm/arm-gnu-toolchain/bin/../lib/gcc/arm-none-eabi/6.3.1/../../../../arm-none-eabi/lib/thumb/v7e-m\libg.a(lib_a-impure.o)
                0x200001a8                _impure_ptr
 *fill*         0x200001ac        0x4 
 .data.impure_data
                0x200001b0      0x428 c:/program files (x86)/atmel/studio/7.0/toolchain/arm/arm-gnu-toolchain/bin/../lib/gcc/arm-none-eabi/6.3.1/../../../../arm-none-eabi/lib/thumb/v7e-m\libg.a(lib_a-impure.o)
 .data.__atexit_recursive_mutex
                0x200005d8        0x4 c:/program files (x86)/atmel/studio/7.0/toolchain/arm/arm-gnu-toolchain/bin/../lib/gcc/arm-none-eabi/6.3.1/../../../../arm-none-eabi/lib/thumb/v7e-m\libg.a(lib_a-__call_atexit.o)
                0x200005d8                __atexit_recursive_mutex
 .data.__malloc_av_
                0x200005dc      0x408 c:/program files (x86)/atmel/studio/7.0/toolchain/arm/arm-gnu-toolchain/bin/../lib/gcc/arm-none-eabi/6.3.1/../../../../arm-none-eabi/lib/thumb/v7e-m\libg.a(lib_a-mallocr.o)
                0x200005dc                __malloc_av_
 .data.__malloc_sbrk_base
                0x200009e4        0x4 c:/program files (x86)/atmel/studio/7.0/toolchain/arm/arm-gnu-toolchain/bin/../lib/gcc/arm-none-eabi/6.3.1/../../../../arm-none-eabi/lib/thumb/v7e-m\libg.a(lib_a-mallocr.o)
                0x200009e4                __malloc_sbrk_base
 .data.__malloc_trim_threshold
                0x200009e8        0x4 c:/program files (x86)/atmel/studio/7.0/toolchain/arm/arm-gnu-toolchain/bin/../lib/gcc/arm-none-eabi/6.3.1/../../../../arm-none-eabi/lib/thumb/v7e-m\libg.a(lib_a-mallocr.o)
                0x200009e8                __malloc_trim_threshold
 .data.__global_locale
                0x200009ec      0x16c c:/program files (x86)/atmel/studio/7.0/toolchain/arm/arm-gnu-toolchain/bin/../lib/gcc/arm-none-eabi/6.3.1/../../../../arm-none-eabi/lib/thumb/v7e-m\libg.a(lib_a-locale.o)
                0x200009ec                __global_locale
                0x20000b58                . = ALIGN (0x4)
                0x20000b58                _erelocate = .

.bss            0x20000b60     0x1638 load address 0x000183a0
                0x20000b60                . = ALIGN (0x4)
                0x20000b60                _sbss = .
                0x20000b60                _szero = .
 *(.bss .bss.*)
 .bss           0x20000b60       0x1c c:/program files (x86)/atmel/studio/7.0/toolchain/arm/arm-gnu-toolchain/bin/../lib/gcc/arm-none-eabi/6.3.1/thumb/v7e-m/crtbegin.o
 .bss.tmrComputeData
                0x20000b7c       0x14 TC_lldn.o
 .bss.nwkDataReqQueue
                0x20000b90        0x4 ../../../stack/LwMesh/TDMA/nwk/src/nwkDataReq.o
 .bss.nwkFrameFrames
                0x20000b94      0xb04 ../../../stack/LwMesh/TDMA/nwk/src/nwkFrame.o
 .bss.nwkGroups
                0x20001698        0x6 ../../../stack/LwMesh/TDMA/nwk/src/nwkGroup.o
 *fill*         0x2000169e        0x2 
 .bss.nwkRxDuplicateRejectionTable
                0x200016a0      0x12c ../../../stack/LwMesh/TDMA/nwk/src/nwkRx.o
 .bss.nwkRxAckControl
                0x200017cc        0x1 ../../../stack/LwMesh/TDMA/nwk/src/nwkRx.o
 *fill*         0x200017cd        0x3 
 .bss.nwkRxDuplicateRejectionTimer
                0x200017d0       0x14 ../../../stack/LwMesh/TDMA/nwk/src/nwkRx.o
 .bss.nwkTxPhyActiveFrame
                0x200017e4        0x4 ../../../stack/LwMesh/TDMA/nwk/src/nwkTx.o
 .bss.nwkTxAckWaitTimer
                0x200017e8       0x14 ../../../stack/LwMesh/TDMA/nwk/src/nwkTx.o
 .bss.nwkTxDelayTimer
                0x200017fc       0x14 ../../../stack/LwMesh/TDMA/nwk/src/nwkTx.o
 .bss.phyState  0x20001810        0x1 ../../../stack/LwMesh/TDMA/phy/AT86RF233/src/phy.o
 *fill*         0x20001811        0x3 
 .bss.phyRxBuffer
                0x20001814       0x80 ../../../stack/LwMesh/TDMA/phy/AT86RF233/src/phy.o
 .bss.phyRxState
                0x20001894        0x1 ../../../stack/LwMesh/TDMA/phy/AT86RF233/src/phy.o
 *fill*         0x20001895        0x3 
 .bss.timers    0x20001898        0x4 ../../../stack/LwMesh/TDMA/sys/src/sysTimer.o
 .bss.setup_flag
                0x2000189c        0x1 ../../../stack/LwMesh/TDMA/services/sal/at86rf2xx/src/sal.o
 .bss.dec_initialized
                0x2000189d        0x1 ../../../stack/LwMesh/TDMA/services/sal/at86rf2xx/src/sal.o
 *fill*         0x2000189e        0x2 
 .bss.aes_buf   0x200018a0       0x12 ../../../stack/LwMesh/TDMA/services/sal/at86rf2xx/src/sal.o
 *fill*         0x200018b2        0x2 
 .bss.enc_key   0x200018b4       0x10 ../../../stack/LwMesh/TDMA/services/sal/at86rf2xx/src/sal.o
 .bss.dec_key   0x200018c4       0x10 ../../../stack/LwMesh/TDMA/services/sal/at86rf2xx/src/sal.o
 .bss.irq_hdl_trx
                0x200018d4        0x4 ../../../stack/LwMesh/TDMA/services/trx_access/trx_access.o
 .bss.heap.5297
                0x200018d8        0x4 ../../../platform/sam/utils/syscalls/gcc/syscalls.o
 .bss.stacked_r0.8186
                0x200018dc        0x4 ../../../platform/sam/utils/syscalls/gcc/hardfault_handler_c.o
 .bss.stacked_r1.8187
                0x200018e0        0x4 ../../../platform/sam/utils/syscalls/gcc/hardfault_handler_c.o
 .bss.stacked_r2.8188
                0x200018e4        0x4 ../../../platform/sam/utils/syscalls/gcc/hardfault_handler_c.o
 .bss.stacked_r3.8189
                0x200018e8        0x4 ../../../platform/sam/utils/syscalls/gcc/hardfault_handler_c.o
 .bss.stacked_r12.8190
                0x200018ec        0x4 ../../../platform/sam/utils/syscalls/gcc/hardfault_handler_c.o
 .bss.stacked_lr.8191
                0x200018f0        0x4 ../../../platform/sam/utils/syscalls/gcc/hardfault_handler_c.o
 .bss.stacked_pc.8192
                0x200018f4        0x4 ../../../platform/sam/utils/syscalls/gcc/hardfault_handler_c.o
 .bss.stacked_psr.8193
                0x200018f8        0x4 ../../../platform/sam/utils/syscalls/gcc/hardfault_handler_c.o
 .bss.flashcalw_error_status
                0x200018fc        0x4 ../../../platform/sam/drivers/flashcalw/flashcalw.o
 .bss.gpio_int_sources
                0x20001900       0x30 ../../../platform/sam/drivers/gpio/gpio.o
 .bss.gpio_nb_sources
                0x20001930        0x4 ../../../platform/sam/drivers/gpio/gpio.o
 .bss.reg_value.8780
                0x20001934        0x4 ../../../platform/sam/drivers/spi/spi.o
 .bss.udd_b_idle
                0x20001938        0x1 ../../../platform/sam/drivers/usbc/usbc_device.o
 *fill*         0x20001939        0x7 
 .bss.udd_g_ep_table
                0x20001940       0x80 ../../../platform/sam/drivers/usbc/usbc_device.o
 .bss.udd_ep_control_state
                0x200019c0        0x1 ../../../platform/sam/drivers/usbc/usbc_device.o
 *fill*         0x200019c1        0x1 
 .bss.udd_ctrl_prev_payload_nb_trans
                0x200019c2        0x2 ../../../platform/sam/drivers/usbc/usbc_device.o
 .bss.udd_ctrl_payload_nb_trans
                0x200019c4        0x2 ../../../platform/sam/drivers/usbc/usbc_device.o
 *fill*         0x200019c6        0x2 
 .bss.udd_ep_job
                0x200019c8       0x3c ../../../platform/sam/drivers/usbc/usbc_device.o
 .bss.b_shortpacket.9372
                0x20001a04        0x1 ../../../platform/sam/drivers/usbc/usbc_device.o
 .bss.open_loop_done.8576
                0x20001a05        0x1 ../../../platform/common/services/clock/sam4l/dfll.o
 .bss.udc_device_status
                0x20001a06        0x2 ../../../platform/common/services/usb/udc/udc.o
 .bss.udc_num_configuration
                0x20001a08        0x1 ../../../platform/common/services/usb/udc/udc.o
 *fill*         0x20001a09        0x3 
 .bss.udc_ptr_conf
                0x20001a0c        0x4 ../../../platform/common/services/usb/udc/udc.o
 .bss.udc_ptr_iface
                0x20001a10        0x4 ../../../platform/common/services/usb/udc/udc.o
 .bss.udc_ep_status.8256
                0x20001a14        0x2 ../../../platform/common/services/usb/udc/udc.o
 .bss.udc_iface_setting.8314
                0x20001a16        0x1 ../../../platform/common/services/usb/udc/udc.o
 *fill*         0x20001a17        0x1 
 .bss.udi_cdc_line_coding
                0x20001a18        0x7 ../../../platform/common/services/usb/class/cdc/device/udi_cdc.o
 *fill*         0x20001a1f        0x1 
 .bss.udi_cdc_serial_state_msg_ongoing
                0x20001a20        0x1 ../../../platform/common/services/usb/class/cdc/device/udi_cdc.o
 *fill*         0x20001a21        0x3 
 .bss.udi_cdc_state
                0x20001a24        0x2 ../../../platform/common/services/usb/class/cdc/device/udi_cdc.o
 *fill*         0x20001a26        0x2 
 .bss.uid_cdc_state_msg
                0x20001a28        0xa ../../../platform/common/services/usb/class/cdc/device/udi_cdc.o
 .bss.udi_cdc_nb_comm_enabled
                0x20001a32        0x1 ../../../platform/common/services/usb/class/cdc/device/udi_cdc.o
 .bss.udi_cdc_nb_data_enabled
                0x20001a33        0x1 ../../../platform/common/services/usb/class/cdc/device/udi_cdc.o
 .bss.udi_cdc_data_running
                0x20001a34        0x1 ../../../platform/common/services/usb/class/cdc/device/udi_cdc.o
 *fill*         0x20001a35        0x3 
 .bss.udi_cdc_rx_buf
                0x20001a38      0x280 ../../../platform/common/services/usb/class/cdc/device/udi_cdc.o
 .bss.udi_cdc_rx_buf_nb
                0x20001cb8        0x4 ../../../platform/common/services/usb/class/cdc/device/udi_cdc.o
 .bss.udi_cdc_rx_buf_sel
                0x20001cbc        0x1 ../../../platform/common/services/usb/class/cdc/device/udi_cdc.o
 *fill*         0x20001cbd        0x3 
 .bss.udi_cdc_rx_pos
                0x20001cc0        0x2 ../../../platform/common/services/usb/class/cdc/device/udi_cdc.o
 *fill*         0x20001cc2        0x2 
 .bss.udi_cdc_rx_trans_ongoing
                0x20001cc4        0x1 ../../../platform/common/services/usb/class/cdc/device/udi_cdc.o
 *fill*         0x20001cc5        0x3 
 .bss.udi_cdc_tx_buf
                0x20001cc8      0x280 ../../../platform/common/services/usb/class/cdc/device/udi_cdc.o
 .bss.udi_cdc_tx_buf_nb
                0x20001f48        0x4 ../../../platform/common/services/usb/class/cdc/device/udi_cdc.o
 .bss.udi_cdc_tx_buf_sel
                0x20001f4c        0x1 ../../../platform/common/services/usb/class/cdc/device/udi_cdc.o
 *fill*         0x20001f4d        0x3 
 .bss.udi_cdc_tx_sof_num
                0x20001f50        0x2 ../../../platform/common/services/usb/class/cdc/device/udi_cdc.o
 *fill*         0x20001f52        0x2 
 .bss.udi_cdc_tx_trans_ongoing
                0x20001f54        0x1 ../../../platform/common/services/usb/class/cdc/device/udi_cdc.o
 *fill*         0x20001f55        0x3 
 .bss.udi_cdc_tx_both_buf_to_send
                0x20001f58        0x1 ../../../platform/common/services/usb/class/cdc/device/udi_cdc.o
 .bss.port_notify.8461
                0x20001f59        0x1 ../../../platform/common/services/usb/class/cdc/device/udi_cdc.o
 .bss.sof_zlp_counter.8531
                0x20001f5a        0x2 ../../../platform/common/services/usb/class/cdc/device/udi_cdc.o
 .bss.stdio_usb_interface_enable
                0x20001f5c        0x1 ../../../platform/common/utils/stdio/stdio_usb/stdio_usb.o
 *fill*         0x20001f5d        0x3 
 .bss           0x20001f60       0x14 ../../../stack/LwMesh/TDMA/services/common_hw_timer/sam/lib\libsam4l_lib_hw_timer.a(common_hw_timer.o)
 .bss.__malloc_current_mallinfo
                0x20001f74       0x28 c:/program files (x86)/atmel/studio/7.0/toolchain/arm/arm-gnu-toolchain/bin/../lib/gcc/arm-none-eabi/6.3.1/../../../../arm-none-eabi/lib/thumb/v7e-m\libg.a(lib_a-mallocr.o)
                0x20001f74                __malloc_current_mallinfo
 .bss.__malloc_max_sbrked_mem
                0x20001f9c        0x4 c:/program files (x86)/atmel/studio/7.0/toolchain/arm/arm-gnu-toolchain/bin/../lib/gcc/arm-none-eabi/6.3.1/../../../../arm-none-eabi/lib/thumb/v7e-m\libg.a(lib_a-mallocr.o)
                0x20001f9c                __malloc_max_sbrked_mem
 .bss.__malloc_max_total_mem
                0x20001fa0        0x4 c:/program files (x86)/atmel/studio/7.0/toolchain/arm/arm-gnu-toolchain/bin/../lib/gcc/arm-none-eabi/6.3.1/../../../../arm-none-eabi/lib/thumb/v7e-m\libg.a(lib_a-mallocr.o)
                0x20001fa0                __malloc_max_total_mem
 .bss.__malloc_top_pad
                0x20001fa4        0x4 c:/program files (x86)/atmel/studio/7.0/toolchain/arm/arm-gnu-toolchain/bin/../lib/gcc/arm-none-eabi/6.3.1/../../../../arm-none-eabi/lib/thumb/v7e-m\libg.a(lib_a-mallocr.o)
                0x20001fa4                __malloc_top_pad
 *(COMMON)
 COMMON         0x20001fa8        0x8 TC_lldn.o
                0x20001fa8                n
                0x20001fac                tmr_callback
 COMMON         0x20001fb0       0x4c ../../../stack/LwMesh/TDMA/nwk/src/nwk.o
                0x20001fb0                nwkIb
 COMMON         0x20001ffc        0x1 ../../../stack/LwMesh/TDMA/sys/src/sysTimer.o
                0x20001ffc                SysTimerIrqCount
 *fill*         0x20001ffd        0x3 
 COMMON         0x20002000        0x8 ../../../stack/LwMesh/TDMA/services/sleep_mgr/sam4l/sleep_mgr.o
                0x20002000                ast_alarm
                0x20002004                ast_counter
 COMMON         0x20002008       0x14 ../../../platform/sam/drivers/ast/ast.o
                0x20002008                ast_callback_pointer
 COMMON         0x2000201c       0x24 ../../../platform/sam/drivers/eic/eic.o
                0x2000201c                eic_callback_pointer
 COMMON         0x20002040      0x118 ../../../platform/sam/drivers/usbc/usbc_device.o
                0x20002040                udd_ep_out_cache_buffer
                0x20002100                udd_g_ctrlreq
                0x20002118                udd_ctrl_buffer
 COMMON         0x20002158        0x8 ../../../platform/common/services/sleepmgr/sam/sleepmgr.o
                0x20002158                sleepmgr_locks
 COMMON         0x20002160        0x4 ../../../platform/common/utils/stdio/read.o
                0x20002160                ptr_get
 COMMON         0x20002164        0x8 ../../../platform/common/utils/stdio/write.o
                0x20002164                ptr_put
                0x20002168                stdio_base
 COMMON         0x2000216c        0x1 ../../../stack/LwMesh/TDMA/services/common_hw_timer/sam/lib\libsam4l_lib_hw_timer.a(common_hw_timer.o)
                0x2000216c                timer_multiplier
 *fill*         0x2000216d        0x3 
 COMMON         0x20002170       0x21 c:/program files (x86)/atmel/studio/7.0/toolchain/arm/arm-gnu-toolchain/bin/../lib/gcc/arm-none-eabi/6.3.1/../../../../arm-none-eabi/lib/thumb/v7e-m\libg.a(lib_a-lock.o)
                0x20002170                __lock___atexit_recursive_mutex
                0x20002174                __lock___arc4random_mutex
                0x20002178                __lock___env_recursive_mutex
                0x2000217c                __lock___sinit_recursive_mutex
                0x20002180                __lock___malloc_recursive_mutex
                0x20002184                __lock___at_quick_exit_mutex
                0x20002188                __lock___dd_hash_mutex
                0x2000218c                __lock___tz_mutex
                0x20002190                __lock___sfp_recursive_mutex
 *fill*         0x20002191        0x3 
 COMMON         0x20002194        0x4 c:/program files (x86)/atmel/studio/7.0/toolchain/arm/arm-gnu-toolchain/bin/../lib/gcc/arm-none-eabi/6.3.1/../../../../arm-none-eabi/lib/thumb/v7e-m\libg.a(lib_a-reent.o)
                0x20002194                errno
                0x20002198                . = ALIGN (0x4)
                0x20002198                _ebss = .
                0x20002198                _ezero = .

.stack          0x20002198     0x1000 load address 0x000199d8
                0x20002198                . = ALIGN (0x8)
                0x20002198                _sstack = .
                0x20003198                . = (. + __stack_size__)
 *fill*         0x20002198     0x1000 
                0x20003198                . = ALIGN (0x8)
                0x20003198                _estack = .
                0x20003198                . = ALIGN (0x4)
                0x20003198                _end = .
START GROUP
LOAD c:/program files (x86)/atmel/studio/7.0/toolchain/arm/arm-gnu-toolchain/bin/../lib/gcc/arm-none-eabi/6.3.1/thumb/v7e-m\libgcc.a
LOAD c:/program files (x86)/atmel/studio/7.0/toolchain/arm/arm-gnu-toolchain/bin/../lib/gcc/arm-none-eabi/6.3.1/../../../../arm-none-eabi/lib/thumb/v7e-m\libg.a
LOAD c:/program files (x86)/atmel/studio/7.0/toolchain/arm/arm-gnu-toolchain/bin/../lib/gcc/arm-none-eabi/6.3.1/../../../../arm-none-eabi/lib/thumb/v7e-m\libc.a
END GROUP
LOAD c:/program files (x86)/atmel/studio/7.0/toolchain/arm/arm-gnu-toolchain/bin/../lib/gcc/arm-none-eabi/6.3.1/thumb/v7e-m/crtend.o
LOAD c:/program files (x86)/atmel/studio/7.0/toolchain/arm/arm-gnu-toolchain/bin/../lib/gcc/arm-none-eabi/6.3.1/thumb/v7e-m/crtn.o
OUTPUT(exp2_sam4lc2b_wm400_coordinator.elf elf32-littlearm)

.ARM.attributes
                0x00000000       0x2a
 .ARM.attributes
                0x00000000       0x1e c:/program files (x86)/atmel/studio/7.0/toolchain/arm/arm-gnu-toolchain/bin/../lib/gcc/arm-none-eabi/6.3.1/thumb/v7e-m/crti.o
 .ARM.attributes
                0x0000001e       0x2e c:/program files (x86)/atmel/studio/7.0/toolchain/arm/arm-gnu-toolchain/bin/../lib/gcc/arm-none-eabi/6.3.1/thumb/v7e-m/crtbegin.o
 .ARM.attributes
                0x0000004c       0x33 TC_lldn.o
 .ARM.attributes
                0x0000007f       0x33 ../../../stack/LwMesh/TDMA/nwk/src/nwk.o
 .ARM.attributes
                0x000000b2       0x33 ../../../stack/LwMesh/TDMA/nwk/src/nwkDataReq.o
 .ARM.attributes
                0x000000e5       0x33 ../../../stack/LwMesh/TDMA/nwk/src/nwkFrame.o
 .ARM.attributes
                0x00000118       0x33 ../../../stack/LwMesh/TDMA/nwk/src/nwkGroup.o
 .ARM.attributes
                0x0000014b       0x33 ../../../stack/LwMesh/TDMA/nwk/src/nwkRx.o
 .ARM.attributes
                0x0000017e       0x33 ../../../stack/LwMesh/TDMA/nwk/src/nwkTx.o
 .ARM.attributes
                0x000001b1       0x33 ../../../stack/LwMesh/TDMA/phy/AT86RF233/src/phy.o
 .ARM.attributes
                0x000001e4       0x33 ../../../stack/LwMesh/TDMA/sys/src/sys.o
 .ARM.attributes
                0x00000217       0x33 ../../../stack/LwMesh/TDMA/sys/src/sysTimer.o
 .ARM.attributes
                0x0000024a       0x33 ../../../stack/LwMesh/TDMA/services/common_hw_timer/sam/hw_timer.o
 .ARM.attributes
                0x0000027d       0x33 ../../../stack/LwMesh/TDMA/services/sal/at86rf2xx/src/sal.o
 .ARM.attributes
                0x000002b0       0x33 ../../../stack/LwMesh/TDMA/services/sleep_mgr/sam4l/sleep_mgr.o
 .ARM.attributes
                0x000002e3       0x33 ../../../stack/LwMesh/TDMA/services/trx_access/trx_access.o
 .ARM.attributes
                0x00000316       0x33 ../../../platform/sam/utils/cmsis/sam4l/source/templates/exceptions.o
 .ARM.attributes
                0x00000349       0x33 ../../../platform/sam/utils/cmsis/sam4l/source/templates/gcc/startup_sam4l.o
 .ARM.attributes
                0x0000037c       0x33 ../../../platform/sam/utils/syscalls/gcc/syscalls.o
 .ARM.attributes
                0x000003af       0x33 ../../../platform/sam/utils/syscalls/gcc/hardfault_handler_c.o
 .ARM.attributes
                0x000003e2       0x33 ../../../platform/sam/drivers/ast/ast.o
 .ARM.attributes
                0x00000415       0x33 ../../../platform/sam/drivers/bpm/bpm.o
 .ARM.attributes
                0x00000448       0x33 ../../../platform/sam/drivers/flashcalw/flashcalw.o
 .ARM.attributes
                0x0000047b       0x33 ../../../platform/sam/drivers/gpio/gpio.o
 .ARM.attributes
                0x000004ae       0x33 ../../../platform/sam/drivers/eic/eic.o
 .ARM.attributes
                0x000004e1       0x33 ../../../platform/sam/drivers/spi/spi.o
 .ARM.attributes
                0x00000514       0x33 ../../../platform/sam/drivers/tc/tc.o
 .ARM.attributes
                0x00000547       0x33 ../../../platform/sam/drivers/usbc/usbc_device.o
 .ARM.attributes
                0x0000057a       0x33 ../../../platform/sam/drivers/wdt/wdt_sam4l.o
 .ARM.attributes
                0x000005ad       0x33 ../../../platform/common/services/clock/sam4l/sysclk.o
 .ARM.attributes
                0x000005e0       0x33 ../../../platform/common/services/clock/sam4l/dfll.o
 .ARM.attributes
                0x00000613       0x33 ../../../platform/common/services/clock/sam4l/osc.o
 .ARM.attributes
                0x00000646       0x33 ../../../platform/common/services/clock/sam4l/pll.o
 .ARM.attributes
                0x00000679       0x33 ../../../platform/common/services/delay/sam/cycle_counter.o
 .ARM.attributes
                0x000006ac       0x33 ../../../platform/common/services/spi/sam_spi/spi_master.o
 .ARM.attributes