   1               		.file	"nwkDataReq.c"
   2               	__SP_H__ = 0x3e
   3               	__SP_L__ = 0x3d
   4               	__SREG__ = 0x3f
   5               	__RAMPZ__ = 0x3b
   6               	__tmp_reg__ = 0
   7               	__zero_reg__ = 1
   8               		.text
   9               	.Ltext0:
  10               		.cfi_sections	.debug_frame
  11               		.comm	n,1,1
  12               		.section	.bss.tTS,"aw",@nobits
  15               	tTS:
  16 0000 0000 0000 		.zero	4
  17               		.section	.bss.nwkDataReqQueue,"aw",@nobits
  20               	nwkDataReqQueue:
  21 0000 0000      		.zero	2
  22               		.text
  23               	.global	nwkDataReqInit
  25               	nwkDataReqInit:
  26               	.LFB66:
  27               		.file 1 "../../../stack/LwMesh/TDMA/nwk/src/nwkDataReq.c"
   1:../../../stack/LwMesh/TDMA/nwk/src/nwkDataReq.c **** /**
   2:../../../stack/LwMesh/TDMA/nwk/src/nwkDataReq.c ****  * \file nwkDataReq.c
   3:../../../stack/LwMesh/TDMA/nwk/src/nwkDataReq.c ****  *
   4:../../../stack/LwMesh/TDMA/nwk/src/nwkDataReq.c ****  * \brief NWK_DataReq() implementation
   5:../../../stack/LwMesh/TDMA/nwk/src/nwkDataReq.c ****  *
   6:../../../stack/LwMesh/TDMA/nwk/src/nwkDataReq.c ****  * Copyright (C) 2014 Atmel Corporation. All rights reserved.
   7:../../../stack/LwMesh/TDMA/nwk/src/nwkDataReq.c ****  *
   8:../../../stack/LwMesh/TDMA/nwk/src/nwkDataReq.c ****  * \asf_license_start
   9:../../../stack/LwMesh/TDMA/nwk/src/nwkDataReq.c ****  *
  10:../../../stack/LwMesh/TDMA/nwk/src/nwkDataReq.c ****  * Redistribution and use in source and binary forms, with or without
  11:../../../stack/LwMesh/TDMA/nwk/src/nwkDataReq.c ****  * modification, are permitted provided that the following conditions are met:
  12:../../../stack/LwMesh/TDMA/nwk/src/nwkDataReq.c ****  *
  13:../../../stack/LwMesh/TDMA/nwk/src/nwkDataReq.c ****  * 1. Redistributions of source code must retain the above copyright notice,
  14:../../../stack/LwMesh/TDMA/nwk/src/nwkDataReq.c ****  *    this list of conditions and the following disclaimer.
  15:../../../stack/LwMesh/TDMA/nwk/src/nwkDataReq.c ****  *
  16:../../../stack/LwMesh/TDMA/nwk/src/nwkDataReq.c ****  * 2. Redistributions in binary form must reproduce the above copyright notice,
  17:../../../stack/LwMesh/TDMA/nwk/src/nwkDataReq.c ****  *    this list of conditions and the following disclaimer in the documentation
  18:../../../stack/LwMesh/TDMA/nwk/src/nwkDataReq.c ****  *    and/or other materials provided with the distribution.
  19:../../../stack/LwMesh/TDMA/nwk/src/nwkDataReq.c ****  *
  20:../../../stack/LwMesh/TDMA/nwk/src/nwkDataReq.c ****  * 3. The name of Atmel may not be used to endorse or promote products derived
  21:../../../stack/LwMesh/TDMA/nwk/src/nwkDataReq.c ****  *    from this software without specific prior written permission.
  22:../../../stack/LwMesh/TDMA/nwk/src/nwkDataReq.c ****  *
  23:../../../stack/LwMesh/TDMA/nwk/src/nwkDataReq.c ****  * 4. This software may only be redistributed and used in connection with an
  24:../../../stack/LwMesh/TDMA/nwk/src/nwkDataReq.c ****  *    Atmel microcontroller product.
  25:../../../stack/LwMesh/TDMA/nwk/src/nwkDataReq.c ****  *
  26:../../../stack/LwMesh/TDMA/nwk/src/nwkDataReq.c ****  * THIS SOFTWARE IS PROVIDED BY ATMEL "AS IS" AND ANY EXPRESS OR IMPLIED
  27:../../../stack/LwMesh/TDMA/nwk/src/nwkDataReq.c ****  * WARRANTIES, INCLUDING, BUT NOT LIMITED TO, THE IMPLIED WARRANTIES OF
  28:../../../stack/LwMesh/TDMA/nwk/src/nwkDataReq.c ****  * MERCHANTABILITY, FITNESS FOR A PARTICULAR PURPOSE AND NON-INFRINGEMENT ARE
  29:../../../stack/LwMesh/TDMA/nwk/src/nwkDataReq.c ****  * EXPRESSLY AND SPECIFICALLY DISCLAIMED. IN NO EVENT SHALL ATMEL BE LIABLE FOR
  30:../../../stack/LwMesh/TDMA/nwk/src/nwkDataReq.c ****  * ANY DIRECT, INDIRECT, INCIDENTAL, SPECIAL, EXEMPLARY, OR CONSEQUENTIAL
  31:../../../stack/LwMesh/TDMA/nwk/src/nwkDataReq.c ****  * DAMAGES (INCLUDING, BUT NOT LIMITED TO, PROCUREMENT OF SUBSTITUTE GOODS
  32:../../../stack/LwMesh/TDMA/nwk/src/nwkDataReq.c ****  * OR SERVICES; LOSS OF USE, DATA, OR PROFITS; OR BUSINESS INTERRUPTION)
  33:../../../stack/LwMesh/TDMA/nwk/src/nwkDataReq.c ****  * HOWEVER CAUSED AND ON ANY THEORY OF LIABILITY, WHETHER IN CONTRACT,
  34:../../../stack/LwMesh/TDMA/nwk/src/nwkDataReq.c ****  * STRICT LIABILITY, OR TORT (INCLUDING NEGLIGENCE OR OTHERWISE) ARISING IN
  35:../../../stack/LwMesh/TDMA/nwk/src/nwkDataReq.c ****  * ANY WAY OUT OF THE USE OF THIS SOFTWARE, EVEN IF ADVISED OF THE
  36:../../../stack/LwMesh/TDMA/nwk/src/nwkDataReq.c ****  * POSSIBILITY OF SUCH DAMAGE.
  37:../../../stack/LwMesh/TDMA/nwk/src/nwkDataReq.c ****  *
  38:../../../stack/LwMesh/TDMA/nwk/src/nwkDataReq.c ****  * \asf_license_stop
  39:../../../stack/LwMesh/TDMA/nwk/src/nwkDataReq.c ****  *
  40:../../../stack/LwMesh/TDMA/nwk/src/nwkDataReq.c ****  *
  41:../../../stack/LwMesh/TDMA/nwk/src/nwkDataReq.c ****  */
  42:../../../stack/LwMesh/TDMA/nwk/src/nwkDataReq.c **** 
  43:../../../stack/LwMesh/TDMA/nwk/src/nwkDataReq.c **** /*
  44:../../../stack/LwMesh/TDMA/nwk/src/nwkDataReq.c ****  * Copyright (c) 2014, Atmel Corporation All rights reserved.
  45:../../../stack/LwMesh/TDMA/nwk/src/nwkDataReq.c ****  *
  46:../../../stack/LwMesh/TDMA/nwk/src/nwkDataReq.c ****  * Licensed under Atmel's Limited License Agreement --> EULA.txt
  47:../../../stack/LwMesh/TDMA/nwk/src/nwkDataReq.c ****  */
  48:../../../stack/LwMesh/TDMA/nwk/src/nwkDataReq.c **** 
  49:../../../stack/LwMesh/TDMA/nwk/src/nwkDataReq.c **** /*- Includes ---------------------------------------------------------------*/
  50:../../../stack/LwMesh/TDMA/nwk/src/nwkDataReq.c **** #include <stdlib.h>
  51:../../../stack/LwMesh/TDMA/nwk/src/nwkDataReq.c **** #include <stdint.h>
  52:../../../stack/LwMesh/TDMA/nwk/src/nwkDataReq.c **** #include <stdbool.h>
  53:../../../stack/LwMesh/TDMA/nwk/src/nwkDataReq.c **** #include <string.h>
  54:../../../stack/LwMesh/TDMA/nwk/src/nwkDataReq.c **** #include "sysConfig.h"
  55:../../../stack/LwMesh/TDMA/nwk/src/nwkDataReq.c **** #include "nwk.h"
  56:../../../stack/LwMesh/TDMA/nwk/src/nwkDataReq.c **** #include "nwkTx.h"
  57:../../../stack/LwMesh/TDMA/nwk/src/nwkDataReq.c **** #include "nwkFrame.h"
  58:../../../stack/LwMesh/TDMA/nwk/src/nwkDataReq.c **** #include "nwkGroup.h"
  59:../../../stack/LwMesh/TDMA/nwk/src/nwkDataReq.c **** #include "nwkDataReq.h"
  60:../../../stack/LwMesh/TDMA/nwk/src/nwkDataReq.c **** 
  61:../../../stack/LwMesh/TDMA/nwk/src/nwkDataReq.c **** /*- Types ------------------------------------------------------------------*/
  62:../../../stack/LwMesh/TDMA/nwk/src/nwkDataReq.c **** enum {
  63:../../../stack/LwMesh/TDMA/nwk/src/nwkDataReq.c **** 	NWK_DATA_REQ_STATE_INITIAL,
  64:../../../stack/LwMesh/TDMA/nwk/src/nwkDataReq.c **** 	NWK_DATA_REQ_STATE_WAIT_CONF,
  65:../../../stack/LwMesh/TDMA/nwk/src/nwkDataReq.c **** 	NWK_DATA_REQ_STATE_CONFIRM,
  66:../../../stack/LwMesh/TDMA/nwk/src/nwkDataReq.c **** };
  67:../../../stack/LwMesh/TDMA/nwk/src/nwkDataReq.c **** 
  68:../../../stack/LwMesh/TDMA/nwk/src/nwkDataReq.c **** /*- Prototypes -------------------------------------------------------------*/
  69:../../../stack/LwMesh/TDMA/nwk/src/nwkDataReq.c **** static void nwkDataReqTxConf(NwkFrame_t *frame);
  70:../../../stack/LwMesh/TDMA/nwk/src/nwkDataReq.c **** 
  71:../../../stack/LwMesh/TDMA/nwk/src/nwkDataReq.c **** /*- Variables --------------------------------------------------------------*/
  72:../../../stack/LwMesh/TDMA/nwk/src/nwkDataReq.c **** static NWK_DataReq_t *nwkDataReqQueue;
  73:../../../stack/LwMesh/TDMA/nwk/src/nwkDataReq.c **** 
  74:../../../stack/LwMesh/TDMA/nwk/src/nwkDataReq.c **** /*- Implementations --------------------------------------------------------*/
  75:../../../stack/LwMesh/TDMA/nwk/src/nwkDataReq.c **** 
  76:../../../stack/LwMesh/TDMA/nwk/src/nwkDataReq.c **** /*************************************************************************//**
  77:../../../stack/LwMesh/TDMA/nwk/src/nwkDataReq.c **** *  @brief Initializes the Data Request module
  78:../../../stack/LwMesh/TDMA/nwk/src/nwkDataReq.c **** *****************************************************************************/
  79:../../../stack/LwMesh/TDMA/nwk/src/nwkDataReq.c **** void nwkDataReqInit(void)
  80:../../../stack/LwMesh/TDMA/nwk/src/nwkDataReq.c **** {
  28               		.loc 1 80 0
  29               		.cfi_startproc
  30 0000 CF93      		push r28
  31               	.LCFI0:
  32               		.cfi_def_cfa_offset 3
  33               		.cfi_offset 28, -2
  34 0002 DF93      		push r29
  35               	.LCFI1:
  36               		.cfi_def_cfa_offset 4
  37               		.cfi_offset 29, -3
  38 0004 CDB7      		in r28,__SP_L__
  39 0006 DEB7      		in r29,__SP_H__
  40               	.LCFI2:
  41               		.cfi_def_cfa_register 28
  42               	/* prologue: function */
  43               	/* frame size = 0 */
  44               	/* stack size = 2 */
  45               	.L__stack_usage = 2
  81:../../../stack/LwMesh/TDMA/nwk/src/nwkDataReq.c **** 	nwkDataReqQueue = NULL;
  46               		.loc 1 81 0
  47 0008 1092 0000 		sts nwkDataReqQueue+1,__zero_reg__
  48 000c 1092 0000 		sts nwkDataReqQueue,__zero_reg__
  82:../../../stack/LwMesh/TDMA/nwk/src/nwkDataReq.c **** }
  49               		.loc 1 82 0
  50 0010 0000      		nop
  51               	/* epilogue start */
  52 0012 DF91      		pop r29
  53 0014 CF91      		pop r28
  54 0016 0895      		ret
  55               		.cfi_endproc
  56               	.LFE66:
  58               	.global	NWK_DataReq
  60               	NWK_DataReq:
  61               	.LFB67:
  83:../../../stack/LwMesh/TDMA/nwk/src/nwkDataReq.c **** 
  84:../../../stack/LwMesh/TDMA/nwk/src/nwkDataReq.c **** /*************************************************************************//**
  85:../../../stack/LwMesh/TDMA/nwk/src/nwkDataReq.c **** *  @brief Adds request @a req to the queue of outgoing requests
  86:../../../stack/LwMesh/TDMA/nwk/src/nwkDataReq.c **** *  @param[in] req Pointer to the request parameters
  87:../../../stack/LwMesh/TDMA/nwk/src/nwkDataReq.c **** *****************************************************************************/
  88:../../../stack/LwMesh/TDMA/nwk/src/nwkDataReq.c **** void NWK_DataReq(NWK_DataReq_t *req)
  89:../../../stack/LwMesh/TDMA/nwk/src/nwkDataReq.c **** {
  62               		.loc 1 89 0
  63               		.cfi_startproc
  64 0018 CF93      		push r28
  65               	.LCFI3:
  66               		.cfi_def_cfa_offset 3
  67               		.cfi_offset 28, -2
  68 001a DF93      		push r29
  69               	.LCFI4:
  70               		.cfi_def_cfa_offset 4
  71               		.cfi_offset 29, -3
  72 001c 00D0      		rcall .
  73               	.LCFI5:
  74               		.cfi_def_cfa_offset 6
  75 001e CDB7      		in r28,__SP_L__
  76 0020 DEB7      		in r29,__SP_H__
  77               	.LCFI6:
  78               		.cfi_def_cfa_register 28
  79               	/* prologue: function */
  80               	/* frame size = 2 */
  81               	/* stack size = 4 */
  82               	.L__stack_usage = 4
  83 0022 9A83      		std Y+2,r25
  84 0024 8983      		std Y+1,r24
  90:../../../stack/LwMesh/TDMA/nwk/src/nwkDataReq.c **** 	req->state = NWK_DATA_REQ_STATE_INITIAL;
  85               		.loc 1 90 0
  86 0026 8981      		ldd r24,Y+1
  87 0028 9A81      		ldd r25,Y+2
  88 002a FC01      		movw r30,r24
  89 002c 1482      		std Z+4,__zero_reg__
  91:../../../stack/LwMesh/TDMA/nwk/src/nwkDataReq.c **** 	req->status = NWK_SUCCESS_STATUS;
  90               		.loc 1 91 0
  91 002e 8981      		ldd r24,Y+1
  92 0030 9A81      		ldd r25,Y+2
  93 0032 FC01      		movw r30,r24
  94 0034 128A      		std Z+18,__zero_reg__
  92:../../../stack/LwMesh/TDMA/nwk/src/nwkDataReq.c **** 	req->frame = NULL;
  95               		.loc 1 92 0
  96 0036 8981      		ldd r24,Y+1
  97 0038 9A81      		ldd r25,Y+2
  98 003a FC01      		movw r30,r24
  99 003c 1382      		std Z+3,__zero_reg__
 100 003e 1282      		std Z+2,__zero_reg__
  93:../../../stack/LwMesh/TDMA/nwk/src/nwkDataReq.c **** 
  94:../../../stack/LwMesh/TDMA/nwk/src/nwkDataReq.c **** 	nwkIb.lock++;
 101               		.loc 1 94 0
 102 0040 8091 0000 		lds r24,nwkIb+38
 103 0044 9091 0000 		lds r25,nwkIb+38+1
 104 0048 0196      		adiw r24,1
 105 004a 9093 0000 		sts nwkIb+38+1,r25
 106 004e 8093 0000 		sts nwkIb+38,r24
  95:../../../stack/LwMesh/TDMA/nwk/src/nwkDataReq.c **** 
  96:../../../stack/LwMesh/TDMA/nwk/src/nwkDataReq.c **** 	if (NULL == nwkDataReqQueue) {
 107               		.loc 1 96 0
 108 0052 8091 0000 		lds r24,nwkDataReqQueue
 109 0056 9091 0000 		lds r25,nwkDataReqQueue+1
 110 005a 892B      		or r24,r25
 111 005c 01F4      		brne .L3
  97:../../../stack/LwMesh/TDMA/nwk/src/nwkDataReq.c **** 		req->next = NULL;
 112               		.loc 1 97 0
 113 005e 8981      		ldd r24,Y+1
 114 0060 9A81      		ldd r25,Y+2
 115 0062 FC01      		movw r30,r24
 116 0064 1182      		std Z+1,__zero_reg__
 117 0066 1082      		st Z,__zero_reg__
  98:../../../stack/LwMesh/TDMA/nwk/src/nwkDataReq.c **** 		nwkDataReqQueue = req;
 118               		.loc 1 98 0
 119 0068 8981      		ldd r24,Y+1
 120 006a 9A81      		ldd r25,Y+2
 121 006c 9093 0000 		sts nwkDataReqQueue+1,r25
 122 0070 8093 0000 		sts nwkDataReqQueue,r24
  99:../../../stack/LwMesh/TDMA/nwk/src/nwkDataReq.c **** 	} else {
 100:../../../stack/LwMesh/TDMA/nwk/src/nwkDataReq.c **** 		req->next = nwkDataReqQueue;
 101:../../../stack/LwMesh/TDMA/nwk/src/nwkDataReq.c **** 		nwkDataReqQueue = req;
 102:../../../stack/LwMesh/TDMA/nwk/src/nwkDataReq.c **** 	}
 103:../../../stack/LwMesh/TDMA/nwk/src/nwkDataReq.c **** }
 123               		.loc 1 103 0
 124 0074 00C0      		rjmp .L5
 125               	.L3:
 100:../../../stack/LwMesh/TDMA/nwk/src/nwkDataReq.c **** 		nwkDataReqQueue = req;
 126               		.loc 1 100 0
 127 0076 2091 0000 		lds r18,nwkDataReqQueue
 128 007a 3091 0000 		lds r19,nwkDataReqQueue+1
 129 007e 8981      		ldd r24,Y+1
 130 0080 9A81      		ldd r25,Y+2
 131 0082 FC01      		movw r30,r24
 132 0084 3183      		std Z+1,r19
 133 0086 2083      		st Z,r18
 101:../../../stack/LwMesh/TDMA/nwk/src/nwkDataReq.c **** 	}
 134               		.loc 1 101 0
 135 0088 8981      		ldd r24,Y+1
 136 008a 9A81      		ldd r25,Y+2
 137 008c 9093 0000 		sts nwkDataReqQueue+1,r25
 138 0090 8093 0000 		sts nwkDataReqQueue,r24
 139               	.L5:
 140               		.loc 1 103 0
 141 0094 0000      		nop
 142               	/* epilogue start */
 143 0096 0F90      		pop __tmp_reg__
 144 0098 0F90      		pop __tmp_reg__
 145 009a DF91      		pop r29
 146 009c CF91      		pop r28
 147 009e 0895      		ret
 148               		.cfi_endproc
 149               	.LFE67:
 152               	nwkDataReqSendFrame:
 153               	.LFB68:
 104:../../../stack/LwMesh/TDMA/nwk/src/nwkDataReq.c **** 
 105:../../../stack/LwMesh/TDMA/nwk/src/nwkDataReq.c **** /*************************************************************************//**
 106:../../../stack/LwMesh/TDMA/nwk/src/nwkDataReq.c **** *  @brief Prepares and send outgoing frame based on the request @a req
 107:../../../stack/LwMesh/TDMA/nwk/src/nwkDataReq.c **** * parameters
 108:../../../stack/LwMesh/TDMA/nwk/src/nwkDataReq.c **** *  @param[in] req Pointer to the request parameters
 109:../../../stack/LwMesh/TDMA/nwk/src/nwkDataReq.c **** *****************************************************************************/
 110:../../../stack/LwMesh/TDMA/nwk/src/nwkDataReq.c **** static void nwkDataReqSendFrame(NWK_DataReq_t *req)
 111:../../../stack/LwMesh/TDMA/nwk/src/nwkDataReq.c **** {
 154               		.loc 1 111 0
 155               		.cfi_startproc
 156 00a0 CF93      		push r28
 157               	.LCFI7:
 158               		.cfi_def_cfa_offset 3
 159               		.cfi_offset 28, -2
 160 00a2 DF93      		push r29
 161               	.LCFI8:
 162               		.cfi_def_cfa_offset 4
 163               		.cfi_offset 29, -3
 164 00a4 CDB7      		in r28,__SP_L__
 165 00a6 DEB7      		in r29,__SP_H__
 166               	.LCFI9:
 167               		.cfi_def_cfa_register 28
 168 00a8 2897      		sbiw r28,8
 169               	.LCFI10:
 170               		.cfi_def_cfa_offset 12
 171 00aa 0FB6      		in __tmp_reg__,__SREG__
 172 00ac F894      		cli
 173 00ae DEBF      		out __SP_H__,r29
 174 00b0 0FBE      		out __SREG__,__tmp_reg__
 175 00b2 CDBF      		out __SP_L__,r28
 176               	/* prologue: function */
 177               	/* frame size = 8 */
 178               	/* stack size = 10 */
 179               	.L__stack_usage = 10
 180 00b4 9887      		std Y+8,r25
 181 00b6 8F83      		std Y+7,r24
 112:../../../stack/LwMesh/TDMA/nwk/src/nwkDataReq.c **** 	NwkFrame_t *frame;
 113:../../../stack/LwMesh/TDMA/nwk/src/nwkDataReq.c **** 	if(req->options < NWK_OPT_LLDN_BEACON ) // use original frame allocation
 182               		.loc 1 113 0
 183 00b8 8F81      		ldd r24,Y+7
 184 00ba 9885      		ldd r25,Y+8
 185 00bc FC01      		movw r30,r24
 186 00be 8185      		ldd r24,Z+9
 187 00c0 9285      		ldd r25,Z+10
 188 00c2 8034      		cpi r24,64
 189 00c4 9105      		cpc r25,__zero_reg__
 190 00c6 00F4      		brsh .L7
 114:../../../stack/LwMesh/TDMA/nwk/src/nwkDataReq.c **** 	{																			 	// this is not optimezed for
 115:../../../stack/LwMesh/TDMA/nwk/src/nwkDataReq.c **** 		if(NULL == (frame = nwkFrameAlloc()))	// NWK_OPT_BEACON
 191               		.loc 1 115 0
 192 00c8 0E94 0000 		call nwkFrameAlloc
 193 00cc 9A83      		std Y+2,r25
 194 00ce 8983      		std Y+1,r24
 195 00d0 8981      		ldd r24,Y+1
 196 00d2 9A81      		ldd r25,Y+2
 197 00d4 892B      		or r24,r25
 198 00d6 01F4      		brne .L8
 116:../../../stack/LwMesh/TDMA/nwk/src/nwkDataReq.c **** 		{
 117:../../../stack/LwMesh/TDMA/nwk/src/nwkDataReq.c **** 			req->state = NWK_DATA_REQ_STATE_CONFIRM;
 199               		.loc 1 117 0
 200 00d8 8F81      		ldd r24,Y+7
 201 00da 9885      		ldd r25,Y+8
 202 00dc 22E0      		ldi r18,lo8(2)
 203 00de FC01      		movw r30,r24
 204 00e0 2483      		std Z+4,r18
 118:../../../stack/LwMesh/TDMA/nwk/src/nwkDataReq.c **** 			req->status = NWK_OUT_OF_MEMORY_STATUS;
 205               		.loc 1 118 0
 206 00e2 8F81      		ldd r24,Y+7
 207 00e4 9885      		ldd r25,Y+8
 208 00e6 22E0      		ldi r18,lo8(2)
 209 00e8 FC01      		movw r30,r24
 210 00ea 228B      		std Z+18,r18
 119:../../../stack/LwMesh/TDMA/nwk/src/nwkDataReq.c **** 			return;
 211               		.loc 1 119 0
 212 00ec 00C0      		rjmp .L6
 213               	.L7:
 120:../../../stack/LwMesh/TDMA/nwk/src/nwkDataReq.c **** 		}
 121:../../../stack/LwMesh/TDMA/nwk/src/nwkDataReq.c **** 	}	else {		// use LLDN allocation, alocattes depending on header size
 122:../../../stack/LwMesh/TDMA/nwk/src/nwkDataReq.c **** 		if( NULL == (frame = ((req->options & NWK_OPT_LLDN_BEACON) ? nwkFrameAlloc_LLDN(true) : nwkFrameA
 214               		.loc 1 122 0
 215 00ee 8F81      		ldd r24,Y+7
 216 00f0 9885      		ldd r25,Y+8
 217 00f2 FC01      		movw r30,r24
 218 00f4 8185      		ldd r24,Z+9
 219 00f6 9285      		ldd r25,Z+10
 220 00f8 8074      		andi r24,64
 221 00fa 9927      		clr r25
 222 00fc 892B      		or r24,r25
 223 00fe 01F0      		breq .L10
 224               		.loc 1 122 0 is_stmt 0 discriminator 1
 225 0100 81E0      		ldi r24,lo8(1)
 226 0102 0E94 0000 		call nwkFrameAlloc_LLDN
 227 0106 00C0      		rjmp .L11
 228               	.L10:
 229               		.loc 1 122 0 discriminator 2
 230 0108 80E0      		ldi r24,0
 231 010a 0E94 0000 		call nwkFrameAlloc_LLDN
 232               	.L11:
 233               		.loc 1 122 0 discriminator 4
 234 010e 9A83      		std Y+2,r25
 235 0110 8983      		std Y+1,r24
 236 0112 8981      		ldd r24,Y+1
 237 0114 9A81      		ldd r25,Y+2
 238 0116 892B      		or r24,r25
 239 0118 01F4      		brne .L8
 123:../../../stack/LwMesh/TDMA/nwk/src/nwkDataReq.c **** 		{
 124:../../../stack/LwMesh/TDMA/nwk/src/nwkDataReq.c **** 			// if there isn't space avaible in frame buffer queue, requested message
 125:../../../stack/LwMesh/TDMA/nwk/src/nwkDataReq.c **** 			// can't be process
 126:../../../stack/LwMesh/TDMA/nwk/src/nwkDataReq.c **** 			req->state = NWK_DATA_REQ_STATE_CONFIRM;
 240               		.loc 1 126 0 is_stmt 1
 241 011a 8F81      		ldd r24,Y+7
 242 011c 9885      		ldd r25,Y+8
 243 011e 22E0      		ldi r18,lo8(2)
 244 0120 FC01      		movw r30,r24
 245 0122 2483      		std Z+4,r18
 127:../../../stack/LwMesh/TDMA/nwk/src/nwkDataReq.c **** 			req->status = NWK_OUT_OF_MEMORY_STATUS;
 246               		.loc 1 127 0
 247 0124 8F81      		ldd r24,Y+7
 248 0126 9885      		ldd r25,Y+8
 249 0128 22E0      		ldi r18,lo8(2)
 250 012a FC01      		movw r30,r24
 251 012c 228B      		std Z+18,r18
 128:../../../stack/LwMesh/TDMA/nwk/src/nwkDataReq.c **** 			return;
 252               		.loc 1 128 0
 253 012e 00C0      		rjmp .L6
 254               	.L8:
 129:../../../stack/LwMesh/TDMA/nwk/src/nwkDataReq.c **** 		}
 130:../../../stack/LwMesh/TDMA/nwk/src/nwkDataReq.c **** 	}
 131:../../../stack/LwMesh/TDMA/nwk/src/nwkDataReq.c **** 
 132:../../../stack/LwMesh/TDMA/nwk/src/nwkDataReq.c **** 	if(req->options & NWK_OPT_LLDN_BEACON)
 255               		.loc 1 132 0
 256 0130 8F81      		ldd r24,Y+7
 257 0132 9885      		ldd r25,Y+8
 258 0134 FC01      		movw r30,r24
 259 0136 8185      		ldd r24,Z+9
 260 0138 9285      		ldd r25,Z+10
 261 013a 8074      		andi r24,64
 262 013c 9927      		clr r25
 263 013e 892B      		or r24,r25
 264 0140 01F4      		brne .+2
 265 0142 00C0      		rjmp .L12
 266               	.LBB2:
 133:../../../stack/LwMesh/TDMA/nwk/src/nwkDataReq.c **** 	{
 134:../../../stack/LwMesh/TDMA/nwk/src/nwkDataReq.c **** 		frame->tx.control = 0;
 267               		.loc 1 134 0
 268 0144 8981      		ldd r24,Y+1
 269 0146 9A81      		ldd r25,Y+2
 270 0148 8A57      		subi r24,122
 271 014a 9F4F      		sbci r25,-1
 272 014c FC01      		movw r30,r24
 273 014e 1082      		st Z,__zero_reg__
 135:../../../stack/LwMesh/TDMA/nwk/src/nwkDataReq.c **** 		// Set Flag depending on current state of coordinator
 136:../../../stack/LwMesh/TDMA/nwk/src/nwkDataReq.c **** 		if (req->options & NWK_OPT_ONLINE_STATE)
 274               		.loc 1 136 0
 275 0150 8F81      		ldd r24,Y+7
 276 0152 9885      		ldd r25,Y+8
 277 0154 FC01      		movw r30,r24
 278 0156 8185      		ldd r24,Z+9
 279 0158 9285      		ldd r25,Z+10
 280 015a 8078      		andi r24,128
 281 015c 9927      		clr r25
 282 015e 892B      		or r24,r25
 283 0160 01F0      		breq .L13
 137:../../../stack/LwMesh/TDMA/nwk/src/nwkDataReq.c **** 			frame->LLbeacon.Flags.txState = 0b000; // online mode
 284               		.loc 1 137 0
 285 0162 8981      		ldd r24,Y+1
 286 0164 9A81      		ldd r25,Y+2
 287 0166 FC01      		movw r30,r24
 288 0168 2581      		ldd r18,Z+5
 289 016a 287F      		andi r18,lo8(-8)
 290 016c FC01      		movw r30,r24
 291 016e 2583      		std Z+5,r18
 292 0170 00C0      		rjmp .L14
 293               	.L13:
 138:../../../stack/LwMesh/TDMA/nwk/src/nwkDataReq.c **** 		else if (req->options & NWK_OPT_DISCOVERY_STATE)
 294               		.loc 1 138 0
 295 0172 8F81      		ldd r24,Y+7
 296 0174 9885      		ldd r25,Y+8
 297 0176 FC01      		movw r30,r24
 298 0178 8185      		ldd r24,Z+9
 299 017a 9285      		ldd r25,Z+10
 300 017c 8827      		clr r24
 301 017e 9170      		andi r25,1
 302 0180 892B      		or r24,r25
 303 0182 01F0      		breq .L15
 139:../../../stack/LwMesh/TDMA/nwk/src/nwkDataReq.c **** 			frame->LLbeacon.Flags.txState = 0b100; // discovery mode
 304               		.loc 1 139 0
 305 0184 8981      		ldd r24,Y+1
 306 0186 9A81      		ldd r25,Y+2
 307 0188 FC01      		movw r30,r24
 308 018a 2581      		ldd r18,Z+5
 309 018c 287F      		andi r18,lo8(-8)
 310 018e 2460      		ori r18,lo8(4)
 311 0190 FC01      		movw r30,r24
 312 0192 2583      		std Z+5,r18
 313 0194 00C0      		rjmp .L14
 314               	.L15:
 140:../../../stack/LwMesh/TDMA/nwk/src/nwkDataReq.c **** 		else if (req->options & NWK_OPT_CONFIG_STATE)
 315               		.loc 1 140 0
 316 0196 8F81      		ldd r24,Y+7
 317 0198 9885      		ldd r25,Y+8
 318 019a FC01      		movw r30,r24
 319 019c 8185      		ldd r24,Z+9
 320 019e 9285      		ldd r25,Z+10
 321 01a0 8827      		clr r24
 322 01a2 9270      		andi r25,2
 323 01a4 892B      		or r24,r25
 324 01a6 01F0      		breq .L16
 141:../../../stack/LwMesh/TDMA/nwk/src/nwkDataReq.c **** 			frame->LLbeacon.Flags.txState = 0b110; // configuration mode
 325               		.loc 1 141 0
 326 01a8 8981      		ldd r24,Y+1
 327 01aa 9A81      		ldd r25,Y+2
 328 01ac FC01      		movw r30,r24
 329 01ae 2581      		ldd r18,Z+5
 330 01b0 287F      		andi r18,lo8(-8)
 331 01b2 2660      		ori r18,lo8(6)
 332 01b4 FC01      		movw r30,r24
 333 01b6 2583      		std Z+5,r18
 334 01b8 00C0      		rjmp .L14
 335               	.L16:
 142:../../../stack/LwMesh/TDMA/nwk/src/nwkDataReq.c **** 		else if (req->options & NWK_OPT_RESET_STATE)
 336               		.loc 1 142 0
 337 01ba 8F81      		ldd r24,Y+7
 338 01bc 9885      		ldd r25,Y+8
 339 01be FC01      		movw r30,r24
 340 01c0 8185      		ldd r24,Z+9
 341 01c2 9285      		ldd r25,Z+10
 342 01c4 8827      		clr r24
 343 01c6 9470      		andi r25,4
 344 01c8 892B      		or r24,r25
 345 01ca 01F0      		breq .L14
 143:../../../stack/LwMesh/TDMA/nwk/src/nwkDataReq.c **** 			frame->LLbeacon.Flags.txState = 0b111; // full reset mode
 346               		.loc 1 143 0
 347 01cc 8981      		ldd r24,Y+1
 348 01ce 9A81      		ldd r25,Y+2
 349 01d0 FC01      		movw r30,r24
 350 01d2 2581      		ldd r18,Z+5
 351 01d4 2760      		ori r18,lo8(7)
 352 01d6 FC01      		movw r30,r24
 353 01d8 2583      		std Z+5,r18
 354               	.L14:
 144:../../../stack/LwMesh/TDMA/nwk/src/nwkDataReq.c **** 
 145:../../../stack/LwMesh/TDMA/nwk/src/nwkDataReq.c **** 		// set biderectional time slots: 0 - downlink 1 - uplink
 146:../../../stack/LwMesh/TDMA/nwk/src/nwkDataReq.c **** 		frame->LLbeacon.Flags.txDir 	= 0b0;
 355               		.loc 1 146 0
 356 01da 8981      		ldd r24,Y+1
 357 01dc 9A81      		ldd r25,Y+2
 358 01de FC01      		movw r30,r24
 359 01e0 2581      		ldd r18,Z+5
 360 01e2 277F      		andi r18,lo8(-9)
 361 01e4 FC01      		movw r30,r24
 362 01e6 2583      		std Z+5,r18
 147:../../../stack/LwMesh/TDMA/nwk/src/nwkDataReq.c **** 		frame->LLbeacon.Flags.reserved 	= 0b0;
 363               		.loc 1 147 0
 364 01e8 8981      		ldd r24,Y+1
 365 01ea 9A81      		ldd r25,Y+2
 366 01ec FC01      		movw r30,r24
 367 01ee 2581      		ldd r18,Z+5
 368 01f0 2F7E      		andi r18,lo8(-17)
 369 01f2 FC01      		movw r30,r24
 370 01f4 2583      		std Z+5,r18
 148:../../../stack/LwMesh/TDMA/nwk/src/nwkDataReq.c **** 		// set number of managment timeslots
 149:../../../stack/LwMesh/TDMA/nwk/src/nwkDataReq.c **** 		frame->LLbeacon.Flags.numBaseMgmtTimeslots = numBaseTimeSlotperMgmt;
 371               		.loc 1 149 0
 372 01f6 8981      		ldd r24,Y+1
 373 01f8 9A81      		ldd r25,Y+2
 374 01fa FC01      		movw r30,r24
 375 01fc 2581      		ldd r18,Z+5
 376 01fe 2F71      		andi r18,lo8(31)
 377 0200 2064      		ori r18,lo8(64)
 378 0202 FC01      		movw r30,r24
 379 0204 2583      		std Z+5,r18
 150:../../../stack/LwMesh/TDMA/nwk/src/nwkDataReq.c **** 
 151:../../../stack/LwMesh/TDMA/nwk/src/nwkDataReq.c **** 		if (req->options & 	NWK_OPT_SECOND_BEACON)
 380               		.loc 1 151 0
 381 0206 8F81      		ldd r24,Y+7
 382 0208 9885      		ldd r25,Y+8
 383 020a FC01      		movw r30,r24
 384 020c 8185      		ldd r24,Z+9
 385 020e 9285      		ldd r25,Z+10
 386 0210 8827      		clr r24
 387 0212 9870      		andi r25,8
 388 0214 892B      		or r24,r25
 389 0216 01F0      		breq .L17
 152:../../../stack/LwMesh/TDMA/nwk/src/nwkDataReq.c **** 		 frame->LLbeacon.confSeqNumber = 0x01;
 390               		.loc 1 152 0
 391 0218 8981      		ldd r24,Y+1
 392 021a 9A81      		ldd r25,Y+2
 393 021c 21E0      		ldi r18,lo8(1)
 394 021e FC01      		movw r30,r24
 395 0220 2783      		std Z+7,r18
 396 0222 00C0      		rjmp .L18
 397               	.L17:
 153:../../../stack/LwMesh/TDMA/nwk/src/nwkDataReq.c **** 		else if (req->options & NWK_OPT_THIRD_BEACON)
 398               		.loc 1 153 0
 399 0224 8F81      		ldd r24,Y+7
 400 0226 9885      		ldd r25,Y+8
 401 0228 FC01      		movw r30,r24
 402 022a 8185      		ldd r24,Z+9
 403 022c 9285      		ldd r25,Z+10
 404 022e 8827      		clr r24
 405 0230 9071      		andi r25,16
 406 0232 892B      		or r24,r25
 407 0234 01F0      		breq .L19
 154:../../../stack/LwMesh/TDMA/nwk/src/nwkDataReq.c **** 			frame->LLbeacon.confSeqNumber = 0x02;
 408               		.loc 1 154 0
 409 0236 8981      		ldd r24,Y+1
 410 0238 9A81      		ldd r25,Y+2
 411 023a 22E0      		ldi r18,lo8(2)
 412 023c FC01      		movw r30,r24
 413 023e 2783      		std Z+7,r18
 414 0240 00C0      		rjmp .L18
 415               	.L19:
 155:../../../stack/LwMesh/TDMA/nwk/src/nwkDataReq.c **** 		else frame->LLbeacon.confSeqNumber = 0x00;
 416               		.loc 1 155 0
 417 0242 8981      		ldd r24,Y+1
 418 0244 9A81      		ldd r25,Y+2
 419 0246 FC01      		movw r30,r24
 420 0248 1782      		std Z+7,__zero_reg__
 421               	.L18:
 156:../../../stack/LwMesh/TDMA/nwk/src/nwkDataReq.c **** 
 157:../../../stack/LwMesh/TDMA/nwk/src/nwkDataReq.c **** 		frame->LLbeacon.TimeSlotSize = n + 50 + 12;
 422               		.loc 1 157 0
 423 024a 8091 0000 		lds r24,n
 424 024e 2EE3      		ldi r18,lo8(62)
 425 0250 280F      		add r18,r24
 426 0252 8981      		ldd r24,Y+1
 427 0254 9A81      		ldd r25,Y+2
 428 0256 FC01      		movw r30,r24
 429 0258 2087      		std Z+8,r18
 158:../../../stack/LwMesh/TDMA/nwk/src/nwkDataReq.c **** 		uint8_t* shortAddr = (uint8_t* )APP_PANID;
 430               		.loc 1 158 0
 431 025a 8EEF      		ldi r24,lo8(-2)
 432 025c 9AEC      		ldi r25,lo8(-54)
 433 025e 9C83      		std Y+4,r25
 434 0260 8B83      		std Y+3,r24
 159:../../../stack/LwMesh/TDMA/nwk/src/nwkDataReq.c **** 		frame->LLbeacon.PanId = APP_PANID;
 435               		.loc 1 159 0
 436 0262 8981      		ldd r24,Y+1
 437 0264 9A81      		ldd r25,Y+2
 438 0266 2EEF      		ldi r18,lo8(-2)
 439 0268 FC01      		movw r30,r24
 440 026a 2683      		std Z+6,r18
 160:../../../stack/LwMesh/TDMA/nwk/src/nwkDataReq.c **** 		// set Frame Control, Security Header and Sequence Number fields
 161:../../../stack/LwMesh/TDMA/nwk/src/nwkDataReq.c **** 		nwkTxBeaconFrameLLDN(frame);
 441               		.loc 1 161 0
 442 026c 8981      		ldd r24,Y+1
 443 026e 9A81      		ldd r25,Y+2
 444 0270 0E94 0000 		call nwkTxBeaconFrameLLDN
 445               	.LBE2:
 446 0274 00C0      		rjmp .L20
 447               	.L12:
 162:../../../stack/LwMesh/TDMA/nwk/src/nwkDataReq.c **** 	}
 163:../../../stack/LwMesh/TDMA/nwk/src/nwkDataReq.c **** 	else if(req->options & NWK_OPT_MAC_COMMAND 
 448               		.loc 1 163 0
 449 0276 8F81      		ldd r24,Y+7
 450 0278 9885      		ldd r25,Y+8
 451 027a FC01      		movw r30,r24
 452 027c 8185      		ldd r24,Z+9
 453 027e 9285      		ldd r25,Z+10
 454 0280 9923      		tst r25
 455 0282 04F0      		brlt .L21
 164:../../../stack/LwMesh/TDMA/nwk/src/nwkDataReq.c **** 		|| req->options & NWK_OPT_LLDN_DATA
 456               		.loc 1 164 0
 457 0284 8F81      		ldd r24,Y+7
 458 0286 9885      		ldd r25,Y+8
 459 0288 FC01      		movw r30,r24
 460 028a 8185      		ldd r24,Z+9
 461 028c 9285      		ldd r25,Z+10
 462 028e 8827      		clr r24
 463 0290 9072      		andi r25,32
 464 0292 892B      		or r24,r25
 465 0294 01F4      		brne .L21
 165:../../../stack/LwMesh/TDMA/nwk/src/nwkDataReq.c **** 		|| req->options & NWK_OPT_LLDN_ACK )
 466               		.loc 1 165 0
 467 0296 8F81      		ldd r24,Y+7
 468 0298 9885      		ldd r25,Y+8
 469 029a FC01      		movw r30,r24
 470 029c 8185      		ldd r24,Z+9
 471 029e 9285      		ldd r25,Z+10
 472 02a0 8827      		clr r24
 473 02a2 9074      		andi r25,64
 474 02a4 892B      		or r24,r25
 475 02a6 01F0      		breq .L22
 476               	.L21:
 166:../../../stack/LwMesh/TDMA/nwk/src/nwkDataReq.c **** 	{
 167:../../../stack/LwMesh/TDMA/nwk/src/nwkDataReq.c **** 		nwkTxMacCommandFrameLLDN(frame, req->options);
 477               		.loc 1 167 0
 478 02a8 8F81      		ldd r24,Y+7
 479 02aa 9885      		ldd r25,Y+8
 480 02ac FC01      		movw r30,r24
 481 02ae 2185      		ldd r18,Z+9
 482 02b0 3285      		ldd r19,Z+10
 483 02b2 8981      		ldd r24,Y+1
 484 02b4 9A81      		ldd r25,Y+2
 485 02b6 B901      		movw r22,r18
 486 02b8 0E94 0000 		call nwkTxMacCommandFrameLLDN
 168:../../../stack/LwMesh/TDMA/nwk/src/nwkDataReq.c **** 		frame->tx.control = 0;
 487               		.loc 1 168 0
 488 02bc 8981      		ldd r24,Y+1
 489 02be 9A81      		ldd r25,Y+2
 490 02c0 8A57      		subi r24,122
 491 02c2 9F4F      		sbci r25,-1
 492 02c4 FC01      		movw r30,r24
 493 02c6 1082      		st Z,__zero_reg__
 169:../../../stack/LwMesh/TDMA/nwk/src/nwkDataReq.c **** 		memcpy(frame->payload, req->data, req->size);
 494               		.loc 1 169 0
 495 02c8 8F81      		ldd r24,Y+7
 496 02ca 9885      		ldd r25,Y+8
 497 02cc FC01      		movw r30,r24
 498 02ce 8785      		ldd r24,Z+15
 499 02d0 482F      		mov r20,r24
 500 02d2 50E0      		ldi r21,0
 501 02d4 8F81      		ldd r24,Y+7
 502 02d6 9885      		ldd r25,Y+8
 503 02d8 FC01      		movw r30,r24
 504 02da 2585      		ldd r18,Z+13
 505 02dc 3685      		ldd r19,Z+14
 506 02de 8981      		ldd r24,Y+1
 507 02e0 9A81      		ldd r25,Y+2
 508 02e2 8F57      		subi r24,127
 509 02e4 9F4F      		sbci r25,-1
 510 02e6 FC01      		movw r30,r24
 511 02e8 8081      		ld r24,Z
 512 02ea 9181      		ldd r25,Z+1
 513 02ec B901      		movw r22,r18
 514 02ee 0E94 0000 		call memcpy
 170:../../../stack/LwMesh/TDMA/nwk/src/nwkDataReq.c **** 		frame->size += req->size;
 515               		.loc 1 170 0
 516 02f2 8981      		ldd r24,Y+1
 517 02f4 9A81      		ldd r25,Y+2
 518 02f6 FC01      		movw r30,r24
 519 02f8 2181      		ldd r18,Z+1
 520 02fa 8F81      		ldd r24,Y+7
 521 02fc 9885      		ldd r25,Y+8
 522 02fe FC01      		movw r30,r24
 523 0300 8785      		ldd r24,Z+15
 524 0302 280F      		add r18,r24
 525 0304 8981      		ldd r24,Y+1
 526 0306 9A81      		ldd r25,Y+2
 527 0308 FC01      		movw r30,r24
 528 030a 2183      		std Z+1,r18
 529 030c 00C0      		rjmp .L20
 530               	.L22:
 171:../../../stack/LwMesh/TDMA/nwk/src/nwkDataReq.c **** 	}
 172:../../../stack/LwMesh/TDMA/nwk/src/nwkDataReq.c **** 	else if(req->options & NWK_OPT_BEACON )
 531               		.loc 1 172 0
 532 030e 8F81      		ldd r24,Y+7
 533 0310 9885      		ldd r25,Y+8
 534 0312 FC01      		movw r30,r24
 535 0314 8185      		ldd r24,Z+9
 536 0316 9285      		ldd r25,Z+10
 537 0318 8072      		andi r24,32
 538 031a 9927      		clr r25
 539 031c 892B      		or r24,r25
 540 031e 01F4      		brne .+2
 541 0320 00C0      		rjmp .L23
 173:../../../stack/LwMesh/TDMA/nwk/src/nwkDataReq.c **** 	{
 174:../../../stack/LwMesh/TDMA/nwk/src/nwkDataReq.c **** 		frame->tx.control = 0;
 542               		.loc 1 174 0
 543 0322 8981      		ldd r24,Y+1
 544 0324 9A81      		ldd r25,Y+2
 545 0326 8A57      		subi r24,122
 546 0328 9F4F      		sbci r25,-1
 547 032a FC01      		movw r30,r24
 548 032c 1082      		st Z,__zero_reg__
 175:../../../stack/LwMesh/TDMA/nwk/src/nwkDataReq.c **** 
 176:../../../stack/LwMesh/TDMA/nwk/src/nwkDataReq.c **** 		frame->beacon.macSFS.beaconOrder = BI_COEF;
 549               		.loc 1 176 0
 550 032e 8981      		ldd r24,Y+1
 551 0330 9A81      		ldd r25,Y+2
 552 0332 FC01      		movw r30,r24
 553 0334 2185      		ldd r18,Z+9
 554 0336 207F      		andi r18,lo8(-16)
 555 0338 2860      		ori r18,lo8(8)
 556 033a FC01      		movw r30,r24
 557 033c 2187      		std Z+9,r18
 177:../../../stack/LwMesh/TDMA/nwk/src/nwkDataReq.c **** 		frame->beacon.macSFS.superframeOrder = SD_COEF;
 558               		.loc 1 177 0
 559 033e 8981      		ldd r24,Y+1
 560 0340 9A81      		ldd r25,Y+2
 561 0342 FC01      		movw r30,r24
 562 0344 2185      		ldd r18,Z+9
 563 0346 2F70      		andi r18,lo8(15)
 564 0348 2066      		ori r18,lo8(96)
 565 034a FC01      		movw r30,r24
 566 034c 2187      		std Z+9,r18
 178:../../../stack/LwMesh/TDMA/nwk/src/nwkDataReq.c **** 		frame->beacon.macSFS.finalCAPslot = FINAL_CAP_SLOT;
 567               		.loc 1 178 0
 568 034e 8981      		ldd r24,Y+1
 569 0350 9A81      		ldd r25,Y+2
 570 0352 FC01      		movw r30,r24
 571 0354 2285      		ldd r18,Z+10
 572 0356 207F      		andi r18,lo8(-16)
 573 0358 2160      		ori r18,lo8(1)
 574 035a FC01      		movw r30,r24
 575 035c 2287      		std Z+10,r18
 179:../../../stack/LwMesh/TDMA/nwk/src/nwkDataReq.c **** 		frame->beacon.macSFS.BatteryLifeExtension = TDMA_BATTERY_EXTENSION;
 576               		.loc 1 179 0
 577 035e 8981      		ldd r24,Y+1
 578 0360 9A81      		ldd r25,Y+2
 579 0362 FC01      		movw r30,r24
 580 0364 2285      		ldd r18,Z+10
 581 0366 2061      		ori r18,lo8(16)
 582 0368 FC01      		movw r30,r24
 583 036a 2287      		std Z+10,r18
 180:../../../stack/LwMesh/TDMA/nwk/src/nwkDataReq.c **** 		frame->beacon.macSFS.PANCoordinator = 1;
 584               		.loc 1 180 0
 585 036c 8981      		ldd r24,Y+1
 586 036e 9A81      		ldd r25,Y+2
 587 0370 FC01      		movw r30,r24
 588 0372 2285      		ldd r18,Z+10
 589 0374 2064      		ori r18,lo8(64)
 590 0376 FC01      		movw r30,r24
 591 0378 2287      		std Z+10,r18
 181:../../../stack/LwMesh/TDMA/nwk/src/nwkDataReq.c **** 		frame->beacon.macSFS.AssociationPermit = 0;
 592               		.loc 1 181 0
 593 037a 8981      		ldd r24,Y+1
 594 037c 9A81      		ldd r25,Y+2
 595 037e FC01      		movw r30,r24
 596 0380 2285      		ldd r18,Z+10
 597 0382 2F77      		andi r18,lo8(127)
 598 0384 FC01      		movw r30,r24
 599 0386 2287      		std Z+10,r18
 182:../../../stack/LwMesh/TDMA/nwk/src/nwkDataReq.c **** 
 183:../../../stack/LwMesh/TDMA/nwk/src/nwkDataReq.c **** 		frame->beacon.macGTS = 0;
 600               		.loc 1 183 0
 601 0388 8981      		ldd r24,Y+1
 602 038a 9A81      		ldd r25,Y+2
 603 038c FC01      		movw r30,r24
 604 038e 1386      		std Z+11,__zero_reg__
 184:../../../stack/LwMesh/TDMA/nwk/src/nwkDataReq.c **** 		frame->beacon.macPending = 0;
 605               		.loc 1 184 0
 606 0390 8981      		ldd r24,Y+1
 607 0392 9A81      		ldd r25,Y+2
 608 0394 FC01      		movw r30,r24
 609 0396 1486      		std Z+12,__zero_reg__
 185:../../../stack/LwMesh/TDMA/nwk/src/nwkDataReq.c **** 
 186:../../../stack/LwMesh/TDMA/nwk/src/nwkDataReq.c **** 		memcpy(frame->payload, req->data, req->size);
 610               		.loc 1 186 0
 611 0398 8F81      		ldd r24,Y+7
 612 039a 9885      		ldd r25,Y+8
 613 039c FC01      		movw r30,r24
 614 039e 8785      		ldd r24,Z+15
 615 03a0 482F      		mov r20,r24
 616 03a2 50E0      		ldi r21,0
 617 03a4 8F81      		ldd r24,Y+7
 618 03a6 9885      		ldd r25,Y+8
 619 03a8 FC01      		movw r30,r24
 620 03aa 2585      		ldd r18,Z+13
 621 03ac 3685      		ldd r19,Z+14
 622 03ae 8981      		ldd r24,Y+1
 623 03b0 9A81      		ldd r25,Y+2
 624 03b2 8F57      		subi r24,127
 625 03b4 9F4F      		sbci r25,-1
 626 03b6 FC01      		movw r30,r24
 627 03b8 8081      		ld r24,Z
 628 03ba 9181      		ldd r25,Z+1
 629 03bc B901      		movw r22,r18
 630 03be 0E94 0000 		call memcpy
 187:../../../stack/LwMesh/TDMA/nwk/src/nwkDataReq.c **** 		frame->size += req->size;
 631               		.loc 1 187 0
 632 03c2 8981      		ldd r24,Y+1
 633 03c4 9A81      		ldd r25,Y+2
 634 03c6 FC01      		movw r30,r24
 635 03c8 2181      		ldd r18,Z+1
 636 03ca 8F81      		ldd r24,Y+7
 637 03cc 9885      		ldd r25,Y+8
 638 03ce FC01      		movw r30,r24
 639 03d0 8785      		ldd r24,Z+15
 640 03d2 280F      		add r18,r24
 641 03d4 8981      		ldd r24,Y+1
 642 03d6 9A81      		ldd r25,Y+2
 643 03d8 FC01      		movw r30,r24
 644 03da 2183      		std Z+1,r18
 188:../../../stack/LwMesh/TDMA/nwk/src/nwkDataReq.c **** 
 189:../../../stack/LwMesh/TDMA/nwk/src/nwkDataReq.c **** 		nwkTxBeaconFrame(frame);
 645               		.loc 1 189 0
 646 03dc 8981      		ldd r24,Y+1
 647 03de 9A81      		ldd r25,Y+2
 648 03e0 0E94 0000 		call nwkTxBeaconFrame
 649 03e4 00C0      		rjmp .L20
 650               	.L23:
 190:../../../stack/LwMesh/TDMA/nwk/src/nwkDataReq.c **** 	}
 191:../../../stack/LwMesh/TDMA/nwk/src/nwkDataReq.c **** 	else if(req->options != 0)
 651               		.loc 1 191 0
 652 03e6 8F81      		ldd r24,Y+7
 653 03e8 9885      		ldd r25,Y+8
 654 03ea FC01      		movw r30,r24
 655 03ec 8185      		ldd r24,Z+9
 656 03ee 9285      		ldd r25,Z+10
 657 03f0 892B      		or r24,r25
 658 03f2 01F4      		brne .+2
 659 03f4 00C0      		rjmp .L20
 192:../../../stack/LwMesh/TDMA/nwk/src/nwkDataReq.c **** 	{
 193:../../../stack/LwMesh/TDMA/nwk/src/nwkDataReq.c **** 		frame->tx.control = (req->options & NWK_OPT_BROADCAST_PAN_ID) ? NWK_TX_CONTROL_BROADCAST_PAN_ID :
 660               		.loc 1 193 0
 661 03f6 8F81      		ldd r24,Y+7
 662 03f8 9885      		ldd r25,Y+8
 663 03fa FC01      		movw r30,r24
 664 03fc 8185      		ldd r24,Z+9
 665 03fe 9285      		ldd r25,Z+10
 666 0400 8470      		andi r24,4
 667 0402 9927      		clr r25
 668 0404 21E0      		ldi r18,lo8(1)
 669 0406 892B      		or r24,r25
 670 0408 01F4      		brne .L24
 671 040a 20E0      		ldi r18,0
 672               	.L24:
 673 040c 8981      		ldd r24,Y+1
 674 040e 9A81      		ldd r25,Y+2
 675 0410 8A57      		subi r24,122
 676 0412 9F4F      		sbci r25,-1
 677 0414 FC01      		movw r30,r24
 678 0416 2083      		st Z,r18
 194:../../../stack/LwMesh/TDMA/nwk/src/nwkDataReq.c **** 
 195:../../../stack/LwMesh/TDMA/nwk/src/nwkDataReq.c **** 		frame->header.nwkFcf.ackRequest = (req->options & NWK_OPT_ACK_REQUEST) ? 1 : 0;
 679               		.loc 1 195 0
 680 0418 8F81      		ldd r24,Y+7
 681 041a 9885      		ldd r25,Y+8
 682 041c FC01      		movw r30,r24
 683 041e 8185      		ldd r24,Z+9
 684 0420 9285      		ldd r25,Z+10
 685 0422 8170      		andi r24,1
 686 0424 9927      		clr r25
 687 0426 21E0      		ldi r18,lo8(1)
 688 0428 892B      		or r24,r25
 689 042a 01F4      		brne .L25
 690 042c 20E0      		ldi r18,0
 691               	.L25:
 692 042e 8981      		ldd r24,Y+1
 693 0430 9A81      		ldd r25,Y+2
 694 0432 2170      		andi r18,lo8(1)
 695 0434 FC01      		movw r30,r24
 696 0436 3385      		ldd r19,Z+11
 697 0438 3E7F      		andi r19,lo8(-2)
 698 043a 232B      		or r18,r19
 699 043c FC01      		movw r30,r24
 700 043e 2387      		std Z+11,r18
 196:../../../stack/LwMesh/TDMA/nwk/src/nwkDataReq.c **** 		frame->header.nwkFcf.linkLocal = (req->options & NWK_OPT_LINK_LOCAL) ? 1 : 0;
 701               		.loc 1 196 0
 702 0440 8F81      		ldd r24,Y+7
 703 0442 9885      		ldd r25,Y+8
 704 0444 FC01      		movw r30,r24
 705 0446 8185      		ldd r24,Z+9
 706 0448 9285      		ldd r25,Z+10
 707 044a 8870      		andi r24,8
 708 044c 9927      		clr r25
 709 044e 21E0      		ldi r18,lo8(1)
 710 0450 892B      		or r24,r25
 711 0452 01F4      		brne .L26
 712 0454 20E0      		ldi r18,0
 713               	.L26:
 714 0456 8981      		ldd r24,Y+1
 715 0458 9A81      		ldd r25,Y+2
 716 045a 2170      		andi r18,lo8(1)
 717 045c 220F      		lsl r18
 718 045e 220F      		lsl r18
 719 0460 FC01      		movw r30,r24
 720 0462 3385      		ldd r19,Z+11
 721 0464 3B7F      		andi r19,lo8(-5)
 722 0466 232B      		or r18,r19
 723 0468 FC01      		movw r30,r24
 724 046a 2387      		std Z+11,r18
 197:../../../stack/LwMesh/TDMA/nwk/src/nwkDataReq.c **** 		frame->header.nwkFcf.beacon = (req->options & NWK_OPT_BEACON) ? 1 : 0;
 725               		.loc 1 197 0
 726 046c 8F81      		ldd r24,Y+7
 727 046e 9885      		ldd r25,Y+8
 728 0470 FC01      		movw r30,r24
 729 0472 8185      		ldd r24,Z+9
 730 0474 9285      		ldd r25,Z+10
 731 0476 8072      		andi r24,32
 732 0478 9927      		clr r25
 733 047a 21E0      		ldi r18,lo8(1)
 734 047c 892B      		or r24,r25
 735 047e 01F4      		brne .L27
 736 0480 20E0      		ldi r18,0
 737               	.L27:
 738 0482 8981      		ldd r24,Y+1
 739 0484 9A81      		ldd r25,Y+2
 740 0486 2170      		andi r18,lo8(1)
 741 0488 2295      		swap r18
 742 048a 207F      		andi r18,lo8(-16)
 743 048c FC01      		movw r30,r24
 744 048e 3385      		ldd r19,Z+11
 745 0490 3F7E      		andi r19,lo8(-17)
 746 0492 232B      		or r18,r19
 747 0494 FC01      		movw r30,r24
 748 0496 2387      		std Z+11,r18
 198:../../../stack/LwMesh/TDMA/nwk/src/nwkDataReq.c **** 
 199:../../../stack/LwMesh/TDMA/nwk/src/nwkDataReq.c **** #ifdef NWK_ENABLE_SECURITY
 200:../../../stack/LwMesh/TDMA/nwk/src/nwkDataReq.c **** 		frame->header.nwkFcf.security = (req->options & NWK_OPT_ENABLE_SECURITY) ? 1 : 0;
 201:../../../stack/LwMesh/TDMA/nwk/src/nwkDataReq.c **** #endif
 202:../../../stack/LwMesh/TDMA/nwk/src/nwkDataReq.c **** 
 203:../../../stack/LwMesh/TDMA/nwk/src/nwkDataReq.c **** #ifdef NWK_ENABLE_MULTICAST
 204:../../../stack/LwMesh/TDMA/nwk/src/nwkDataReq.c **** 		frame->header.nwkFcf.multicast = (req->options & NWK_OPT_MULTICAST) ? 1 : 0;
 749               		.loc 1 204 0
 750 0498 8F81      		ldd r24,Y+7
 751 049a 9885      		ldd r25,Y+8
 752 049c FC01      		movw r30,r24
 753 049e 8185      		ldd r24,Z+9
 754 04a0 9285      		ldd r25,Z+10
 755 04a2 8071      		andi r24,16
 756 04a4 9927      		clr r25
 757 04a6 21E0      		ldi r18,lo8(1)
 758 04a8 892B      		or r24,r25
 759 04aa 01F4      		brne .L28
 760 04ac 20E0      		ldi r18,0
 761               	.L28:
 762 04ae 8981      		ldd r24,Y+1
 763 04b0 9A81      		ldd r25,Y+2
 764 04b2 2170      		andi r18,lo8(1)
 765 04b4 220F      		lsl r18
 766 04b6 220F      		lsl r18
 767 04b8 220F      		lsl r18
 768 04ba FC01      		movw r30,r24
 769 04bc 3385      		ldd r19,Z+11
 770 04be 377F      		andi r19,lo8(-9)
 771 04c0 232B      		or r18,r19
 772 04c2 FC01      		movw r30,r24
 773 04c4 2387      		std Z+11,r18
 205:../../../stack/LwMesh/TDMA/nwk/src/nwkDataReq.c **** 
 206:../../../stack/LwMesh/TDMA/nwk/src/nwkDataReq.c **** 		if(frame->header.nwkFcf.multicast)
 774               		.loc 1 206 0
 775 04c6 8981      		ldd r24,Y+1
 776 04c8 9A81      		ldd r25,Y+2
 777 04ca FC01      		movw r30,r24
 778 04cc 8385      		ldd r24,Z+11
 779 04ce 8870      		andi r24,lo8(8)
 780 04d0 8823      		tst r24
 781 04d2 01F4      		brne .+2
 782 04d4 00C0      		rjmp .L29
 783               	.LBB3:
 207:../../../stack/LwMesh/TDMA/nwk/src/nwkDataReq.c **** 		{
 208:../../../stack/LwMesh/TDMA/nwk/src/nwkDataReq.c **** 			NwkFrameMulticastHeader_t *mcHeader = (NwkFrameMulticastHeader_t *)frame->payload;
 784               		.loc 1 208 0
 785 04d6 8981      		ldd r24,Y+1
 786 04d8 9A81      		ldd r25,Y+2
 787 04da 8F57      		subi r24,127
 788 04dc 9F4F      		sbci r25,-1
 789 04de FC01      		movw r30,r24
 790 04e0 8081      		ld r24,Z
 791 04e2 9181      		ldd r25,Z+1
 792 04e4 9E83      		std Y+6,r25
 793 04e6 8D83      		std Y+5,r24
 209:../../../stack/LwMesh/TDMA/nwk/src/nwkDataReq.c **** 
 210:../../../stack/LwMesh/TDMA/nwk/src/nwkDataReq.c **** 			mcHeader->memberRadius = req->memberRadius;
 794               		.loc 1 210 0
 795 04e8 8F81      		ldd r24,Y+7
 796 04ea 9885      		ldd r25,Y+8
 797 04ec FC01      		movw r30,r24
 798 04ee 8385      		ldd r24,Z+11
 799 04f0 282F      		mov r18,r24
 800 04f2 2F70      		andi r18,lo8(15)
 801 04f4 8D81      		ldd r24,Y+5
 802 04f6 9E81      		ldd r25,Y+6
 803 04f8 2F70      		andi r18,lo8(15)
 804 04fa FC01      		movw r30,r24
 805 04fc 3181      		ldd r19,Z+1
 806 04fe 307F      		andi r19,lo8(-16)
 807 0500 232B      		or r18,r19
 808 0502 FC01      		movw r30,r24
 809 0504 2183      		std Z+1,r18
 211:../../../stack/LwMesh/TDMA/nwk/src/nwkDataReq.c **** 			mcHeader->maxMemberRadius = req->memberRadius;
 810               		.loc 1 211 0
 811 0506 8F81      		ldd r24,Y+7
 812 0508 9885      		ldd r25,Y+8
 813 050a FC01      		movw r30,r24
 814 050c 8385      		ldd r24,Z+11
 815 050e 282F      		mov r18,r24
 816 0510 2F70      		andi r18,lo8(15)
 817 0512 8D81      		ldd r24,Y+5
 818 0514 9E81      		ldd r25,Y+6
 819 0516 2295      		swap r18
 820 0518 207F      		andi r18,lo8(-16)
 821 051a FC01      		movw r30,r24
 822 051c 3181      		ldd r19,Z+1
 823 051e 3F70      		andi r19,lo8(15)
 824 0520 232B      		or r18,r19
 825 0522 FC01      		movw r30,r24
 826 0524 2183      		std Z+1,r18
 212:../../../stack/LwMesh/TDMA/nwk/src/nwkDataReq.c **** 			mcHeader->nonMemberRadius = req->nonMemberRadius;
 827               		.loc 1 212 0
 828 0526 8F81      		ldd r24,Y+7
 829 0528 9885      		ldd r25,Y+8
 830 052a FC01      		movw r30,r24
 831 052c 8485      		ldd r24,Z+12
 832 052e 282F      		mov r18,r24
 833 0530 2F70      		andi r18,lo8(15)
 834 0532 8D81      		ldd r24,Y+5
 835 0534 9E81      		ldd r25,Y+6
 836 0536 2F70      		andi r18,lo8(15)
 837 0538 FC01      		movw r30,r24
 838 053a 3081      		ld r19,Z
 839 053c 307F      		andi r19,lo8(-16)
 840 053e 232B      		or r18,r19
 841 0540 FC01      		movw r30,r24
 842 0542 2083      		st Z,r18
 213:../../../stack/LwMesh/TDMA/nwk/src/nwkDataReq.c **** 			mcHeader->maxNonMemberRadius = req->nonMemberRadius;
 843               		.loc 1 213 0
 844 0544 8F81      		ldd r24,Y+7
 845 0546 9885      		ldd r25,Y+8
 846 0548 FC01      		movw r30,r24
 847 054a 8485      		ldd r24,Z+12
 848 054c 282F      		mov r18,r24
 849 054e 2F70      		andi r18,lo8(15)
 850 0550 8D81      		ldd r24,Y+5
 851 0552 9E81      		ldd r25,Y+6
 852 0554 2295      		swap r18
 853 0556 207F      		andi r18,lo8(-16)
 854 0558 FC01      		movw r30,r24
 855 055a 3081      		ld r19,Z
 856 055c 3F70      		andi r19,lo8(15)
 857 055e 232B      		or r18,r19
 858 0560 FC01      		movw r30,r24
 859 0562 2083      		st Z,r18
 214:../../../stack/LwMesh/TDMA/nwk/src/nwkDataReq.c **** 
 215:../../../stack/LwMesh/TDMA/nwk/src/nwkDataReq.c **** 			frame->payload += sizeof(NwkFrameMulticastHeader_t);
 860               		.loc 1 215 0
 861 0564 8981      		ldd r24,Y+1
 862 0566 9A81      		ldd r25,Y+2
 863 0568 8F57      		subi r24,127
 864 056a 9F4F      		sbci r25,-1
 865 056c FC01      		movw r30,r24
 866 056e 8081      		ld r24,Z
 867 0570 9181      		ldd r25,Z+1
 868 0572 9C01      		movw r18,r24
 869 0574 2E5F      		subi r18,-2
 870 0576 3F4F      		sbci r19,-1
 871 0578 8981      		ldd r24,Y+1
 872 057a 9A81      		ldd r25,Y+2
 873 057c 8F57      		subi r24,127
 874 057e 9F4F      		sbci r25,-1
 875 0580 FC01      		movw r30,r24
 876 0582 3183      		std Z+1,r19
 877 0584 2083      		st Z,r18
 216:../../../stack/LwMesh/TDMA/nwk/src/nwkDataReq.c **** 			frame->size += sizeof(NwkFrameMulticastHeader_t);
 878               		.loc 1 216 0
 879 0586 8981      		ldd r24,Y+1
 880 0588 9A81      		ldd r25,Y+2
 881 058a FC01      		movw r30,r24
 882 058c 8181      		ldd r24,Z+1
 883 058e 22E0      		ldi r18,lo8(2)
 884 0590 280F      		add r18,r24
 885 0592 8981      		ldd r24,Y+1
 886 0594 9A81      		ldd r25,Y+2
 887 0596 FC01      		movw r30,r24
 888 0598 2183      		std Z+1,r18
 889               	.L29:
 890               	.LBE3:
 217:../../../stack/LwMesh/TDMA/nwk/src/nwkDataReq.c **** 		}
 218:../../../stack/LwMesh/TDMA/nwk/src/nwkDataReq.c **** #endif
 219:../../../stack/LwMesh/TDMA/nwk/src/nwkDataReq.c **** 
 220:../../../stack/LwMesh/TDMA/nwk/src/nwkDataReq.c **** 		frame->header.nwkSeq = ++nwkIb.nwkSeqNum;
 891               		.loc 1 220 0
 892 059a 8091 0000 		lds r24,nwkIb+4
 893 059e 8F5F      		subi r24,lo8(-(1))
 894 05a0 8093 0000 		sts nwkIb+4,r24
 895 05a4 2091 0000 		lds r18,nwkIb+4
 896 05a8 8981      		ldd r24,Y+1
 897 05aa 9A81      		ldd r25,Y+2
 898 05ac FC01      		movw r30,r24
 899 05ae 2487      		std Z+12,r18
 221:../../../stack/LwMesh/TDMA/nwk/src/nwkDataReq.c **** 		frame->header.nwkSrcAddr = nwkIb.addr;
 900               		.loc 1 221 0
 901 05b0 2091 0000 		lds r18,nwkIb
 902 05b4 3091 0000 		lds r19,nwkIb+1
 903 05b8 8981      		ldd r24,Y+1
 904 05ba 9A81      		ldd r25,Y+2
 905 05bc FC01      		movw r30,r24
 906 05be 3687      		std Z+14,r19
 907 05c0 2587      		std Z+13,r18
 222:../../../stack/LwMesh/TDMA/nwk/src/nwkDataReq.c **** 		frame->header.nwkDstAddr = req->dstAddr;
 908               		.loc 1 222 0
 909 05c2 8F81      		ldd r24,Y+7
 910 05c4 9885      		ldd r25,Y+8
 911 05c6 FC01      		movw r30,r24
 912 05c8 2581      		ldd r18,Z+5
 913 05ca 3681      		ldd r19,Z+6
 914 05cc 8981      		ldd r24,Y+1
 915 05ce 9A81      		ldd r25,Y+2
 916 05d0 FC01      		movw r30,r24
 917 05d2 308B      		std Z+16,r19
 918 05d4 2787      		std Z+15,r18
 223:../../../stack/LwMesh/TDMA/nwk/src/nwkDataReq.c **** 		frame->header.nwkSrcEndpoint = req->srcEndpoint;
 919               		.loc 1 223 0
 920 05d6 8F81      		ldd r24,Y+7
 921 05d8 9885      		ldd r25,Y+8
 922 05da FC01      		movw r30,r24
 923 05dc 8085      		ldd r24,Z+8
 924 05de 282F      		mov r18,r24
 925 05e0 2F70      		andi r18,lo8(15)
 926 05e2 8981      		ldd r24,Y+1
 927 05e4 9A81      		ldd r25,Y+2
 928 05e6 2F70      		andi r18,lo8(15)
 929 05e8 FC01      		movw r30,r24
 930 05ea 3189      		ldd r19,Z+17
 931 05ec 307F      		andi r19,lo8(-16)
 932 05ee 232B      		or r18,r19
 933 05f0 FC01      		movw r30,r24
 934 05f2 218B      		std Z+17,r18
 224:../../../stack/LwMesh/TDMA/nwk/src/nwkDataReq.c **** 		frame->header.nwkDstEndpoint = req->dstEndpoint;
 935               		.loc 1 224 0
 936 05f4 8F81      		ldd r24,Y+7
 937 05f6 9885      		ldd r25,Y+8
 938 05f8 FC01      		movw r30,r24
 939 05fa 8781      		ldd r24,Z+7
 940 05fc 282F      		mov r18,r24
 941 05fe 2F70      		andi r18,lo8(15)
 942 0600 8981      		ldd r24,Y+1
 943 0602 9A81      		ldd r25,Y+2
 944 0604 2295      		swap r18
 945 0606 207F      		andi r18,lo8(-16)
 946 0608 FC01      		movw r30,r24
 947 060a 3189      		ldd r19,Z+17
 948 060c 3F70      		andi r19,lo8(15)
 949 060e 232B      		or r18,r19
 950 0610 FC01      		movw r30,r24
 951 0612 218B      		std Z+17,r18
 225:../../../stack/LwMesh/TDMA/nwk/src/nwkDataReq.c **** 
 226:../../../stack/LwMesh/TDMA/nwk/src/nwkDataReq.c **** 		memcpy(frame->payload, req->data, req->size);
 952               		.loc 1 226 0
 953 0614 8F81      		ldd r24,Y+7
 954 0616 9885      		ldd r25,Y+8
 955 0618 FC01      		movw r30,r24
 956 061a 8785      		ldd r24,Z+15
 957 061c 482F      		mov r20,r24
 958 061e 50E0      		ldi r21,0
 959 0620 8F81      		ldd r24,Y+7
 960 0622 9885      		ldd r25,Y+8
 961 0624 FC01      		movw r30,r24
 962 0626 2585      		ldd r18,Z+13
 963 0628 3685      		ldd r19,Z+14
 964 062a 8981      		ldd r24,Y+1
 965 062c 9A81      		ldd r25,Y+2
 966 062e 8F57      		subi r24,127
 967 0630 9F4F      		sbci r25,-1
 968 0632 FC01      		movw r30,r24
 969 0634 8081      		ld r24,Z
 970 0636 9181      		ldd r25,Z+1
 971 0638 B901      		movw r22,r18
 972 063a 0E94 0000 		call memcpy
 227:../../../stack/LwMesh/TDMA/nwk/src/nwkDataReq.c **** 		frame->size += req->size;
 973               		.loc 1 227 0
 974 063e 8981      		ldd r24,Y+1
 975 0640 9A81      		ldd r25,Y+2
 976 0642 FC01      		movw r30,r24
 977 0644 2181      		ldd r18,Z+1
 978 0646 8F81      		ldd r24,Y+7
 979 0648 9885      		ldd r25,Y+8
 980 064a FC01      		movw r30,r24
 981 064c 8785      		ldd r24,Z+15
 982 064e 280F      		add r18,r24
 983 0650 8981      		ldd r24,Y+1
 984 0652 9A81      		ldd r25,Y+2
 985 0654 FC01      		movw r30,r24
 986 0656 2183      		std Z+1,r18
 228:../../../stack/LwMesh/TDMA/nwk/src/nwkDataReq.c **** 
 229:../../../stack/LwMesh/TDMA/nwk/src/nwkDataReq.c **** 		nwkTxFrame(frame);
 987               		.loc 1 229 0
 988 0658 8981      		ldd r24,Y+1
 989 065a 9A81      		ldd r25,Y+2
 990 065c 0E94 0000 		call nwkTxFrame
 991               	.L20:
 230:../../../stack/LwMesh/TDMA/nwk/src/nwkDataReq.c **** 	}
 231:../../../stack/LwMesh/TDMA/nwk/src/nwkDataReq.c **** 	req->frame = frame;
 992               		.loc 1 231 0
 993 0660 8F81      		ldd r24,Y+7
 994 0662 9885      		ldd r25,Y+8
 995 0664 2981      		ldd r18,Y+1
 996 0666 3A81      		ldd r19,Y+2
 997 0668 FC01      		movw r30,r24
 998 066a 3383      		std Z+3,r19
 999 066c 2283      		std Z+2,r18
 232:../../../stack/LwMesh/TDMA/nwk/src/nwkDataReq.c **** 	req->state = NWK_DATA_REQ_STATE_WAIT_CONF;
 1000               		.loc 1 232 0
 1001 066e 8F81      		ldd r24,Y+7
 1002 0670 9885      		ldd r25,Y+8
 1003 0672 21E0      		ldi r18,lo8(1)
 1004 0674 FC01      		movw r30,r24
 1005 0676 2483      		std Z+4,r18
 233:../../../stack/LwMesh/TDMA/nwk/src/nwkDataReq.c **** 
 234:../../../stack/LwMesh/TDMA/nwk/src/nwkDataReq.c **** 	frame->tx.confirm = nwkDataReqTxConf;
 1006               		.loc 1 234 0
 1007 0678 8981      		ldd r24,Y+1
 1008 067a 9A81      		ldd r25,Y+2
 1009 067c 8957      		subi r24,121
 1010 067e 9F4F      		sbci r25,-1
 1011 0680 20E0      		ldi r18,lo8(gs(nwkDataReqTxConf))
 1012 0682 30E0      		ldi r19,hi8(gs(nwkDataReqTxConf))
 1013 0684 FC01      		movw r30,r24
 1014 0686 3183      		std Z+1,r19
 1015 0688 2083      		st Z,r18
 1016               	.L6:
 1017               	/* epilogue start */
 235:../../../stack/LwMesh/TDMA/nwk/src/nwkDataReq.c **** }
 1018               		.loc 1 235 0
 1019 068a 2896      		adiw r28,8
 1020 068c 0FB6      		in __tmp_reg__,__SREG__
 1021 068e F894      		cli
 1022 0690 DEBF      		out __SP_H__,r29
 1023 0692 0FBE      		out __SREG__,__tmp_reg__
 1024 0694 CDBF      		out __SP_L__,r28
 1025 0696 DF91      		pop r29
 1026 0698 CF91      		pop r28
 1027 069a 0895      		ret
 1028               		.cfi_endproc
 1029               	.LFE68:
 1032               	nwkDataReqTxConf:
 1033               	.LFB69:
 236:../../../stack/LwMesh/TDMA/nwk/src/nwkDataReq.c **** 
 237:../../../stack/LwMesh/TDMA/nwk/src/nwkDataReq.c **** /*************************************************************************//**
 238:../../../stack/LwMesh/TDMA/nwk/src/nwkDataReq.c **** *  @brief Frame transmission confirmation handler
 239:../../../stack/LwMesh/TDMA/nwk/src/nwkDataReq.c **** *  @param[in] frame Pointer to the sent frame
 240:../../../stack/LwMesh/TDMA/nwk/src/nwkDataReq.c **** *****************************************************************************/
 241:../../../stack/LwMesh/TDMA/nwk/src/nwkDataReq.c **** static void nwkDataReqTxConf(NwkFrame_t *frame)
 242:../../../stack/LwMesh/TDMA/nwk/src/nwkDataReq.c **** {
 1034               		.loc 1 242 0
 1035               		.cfi_startproc
 1036 069c CF93      		push r28
 1037               	.LCFI11:
 1038               		.cfi_def_cfa_offset 3
 1039               		.cfi_offset 28, -2
 1040 069e DF93      		push r29
 1041               	.LCFI12:
 1042               		.cfi_def_cfa_offset 4
 1043               		.cfi_offset 29, -3
 1044 06a0 00D0      		rcall .
 1045 06a2 00D0      		rcall .
 1046               	.LCFI13:
 1047               		.cfi_def_cfa_offset 8
 1048 06a4 CDB7      		in r28,__SP_L__
 1049 06a6 DEB7      		in r29,__SP_H__
 1050               	.LCFI14:
 1051               		.cfi_def_cfa_register 28
 1052               	/* prologue: function */
 1053               	/* frame size = 4 */
 1054               	/* stack size = 6 */
 1055               	.L__stack_usage = 6
 1056 06a8 9C83      		std Y+4,r25
 1057 06aa 8B83      		std Y+3,r24
 1058               	.LBB4:
 243:../../../stack/LwMesh/TDMA/nwk/src/nwkDataReq.c **** 	for (NWK_DataReq_t *req = nwkDataReqQueue; req; req = req->next) {
 1059               		.loc 1 243 0
 1060 06ac 8091 0000 		lds r24,nwkDataReqQueue
 1061 06b0 9091 0000 		lds r25,nwkDataReqQueue+1
 1062 06b4 9A83      		std Y+2,r25
 1063 06b6 8983      		std Y+1,r24
 1064 06b8 00C0      		rjmp .L31
 1065               	.L34:
 244:../../../stack/LwMesh/TDMA/nwk/src/nwkDataReq.c **** 		if (req->frame == frame) {
 1066               		.loc 1 244 0
 1067 06ba 8981      		ldd r24,Y+1
 1068 06bc 9A81      		ldd r25,Y+2
 1069 06be FC01      		movw r30,r24
 1070 06c0 2281      		ldd r18,Z+2
 1071 06c2 3381      		ldd r19,Z+3
 1072 06c4 8B81      		ldd r24,Y+3
 1073 06c6 9C81      		ldd r25,Y+4
 1074 06c8 2817      		cp r18,r24
 1075 06ca 3907      		cpc r19,r25
 1076 06cc 01F4      		brne .L32
 245:../../../stack/LwMesh/TDMA/nwk/src/nwkDataReq.c **** 			req->status = frame->tx.status;
 1077               		.loc 1 245 0
 1078 06ce 8B81      		ldd r24,Y+3
 1079 06d0 9C81      		ldd r25,Y+4
 1080 06d2 8D57      		subi r24,125
 1081 06d4 9F4F      		sbci r25,-1
 1082 06d6 FC01      		movw r30,r24
 1083 06d8 2081      		ld r18,Z
 1084 06da 8981      		ldd r24,Y+1
 1085 06dc 9A81      		ldd r25,Y+2
 1086 06de FC01      		movw r30,r24
 1087 06e0 228B      		std Z+18,r18
 246:../../../stack/LwMesh/TDMA/nwk/src/nwkDataReq.c **** 			req->control = frame->tx.control;
 1088               		.loc 1 246 0
 1089 06e2 8B81      		ldd r24,Y+3
 1090 06e4 9C81      		ldd r25,Y+4
 1091 06e6 8A57      		subi r24,122
 1092 06e8 9F4F      		sbci r25,-1
 1093 06ea FC01      		movw r30,r24
 1094 06ec 2081      		ld r18,Z
 1095 06ee 8981      		ldd r24,Y+1
 1096 06f0 9A81      		ldd r25,Y+2
 1097 06f2 FC01      		movw r30,r24
 1098 06f4 238B      		std Z+19,r18
 247:../../../stack/LwMesh/TDMA/nwk/src/nwkDataReq.c **** 			req->state = NWK_DATA_REQ_STATE_CONFIRM;
 1099               		.loc 1 247 0
 1100 06f6 8981      		ldd r24,Y+1
 1101 06f8 9A81      		ldd r25,Y+2
 1102 06fa 22E0      		ldi r18,lo8(2)
 1103 06fc FC01      		movw r30,r24
 1104 06fe 2483      		std Z+4,r18
 248:../../../stack/LwMesh/TDMA/nwk/src/nwkDataReq.c **** 			break;
 1105               		.loc 1 248 0
 1106 0700 00C0      		rjmp .L33
 1107               	.L32:
 243:../../../stack/LwMesh/TDMA/nwk/src/nwkDataReq.c **** 		if (req->frame == frame) {
 1108               		.loc 1 243 0 discriminator 2
 1109 0702 8981      		ldd r24,Y+1
 1110 0704 9A81      		ldd r25,Y+2
 1111 0706 FC01      		movw r30,r24
 1112 0708 8081      		ld r24,Z
 1113 070a 9181      		ldd r25,Z+1
 1114 070c 9A83      		std Y+2,r25
 1115 070e 8983      		std Y+1,r24
 1116               	.L31:
 243:../../../stack/LwMesh/TDMA/nwk/src/nwkDataReq.c **** 		if (req->frame == frame) {
 1117               		.loc 1 243 0 is_stmt 0 discriminator 1
 1118 0710 8981      		ldd r24,Y+1
 1119 0712 9A81      		ldd r25,Y+2
 1120 0714 892B      		or r24,r25
 1121 0716 01F4      		brne .L34
 1122               	.L33:
 1123               	.LBE4:
 249:../../../stack/LwMesh/TDMA/nwk/src/nwkDataReq.c **** 		}
 250:../../../stack/LwMesh/TDMA/nwk/src/nwkDataReq.c **** 	}
 251:../../../stack/LwMesh/TDMA/nwk/src/nwkDataReq.c **** 	
 252:../../../stack/LwMesh/TDMA/nwk/src/nwkDataReq.c **** 	nwkFrameFree(frame);
 1124               		.loc 1 252 0 is_stmt 1
 1125 0718 8B81      		ldd r24,Y+3
 1126 071a 9C81      		ldd r25,Y+4
 1127 071c 0E94 0000 		call nwkFrameFree
 253:../../../stack/LwMesh/TDMA/nwk/src/nwkDataReq.c **** }
 1128               		.loc 1 253 0
 1129 0720 0000      		nop
 1130               	/* epilogue start */
 1131 0722 0F90      		pop __tmp_reg__
 1132 0724 0F90      		pop __tmp_reg__
 1133 0726 0F90      		pop __tmp_reg__
 1134 0728 0F90      		pop __tmp_reg__
 1135 072a DF91      		pop r29
 1136 072c CF91      		pop r28
 1137 072e 0895      		ret
 1138               		.cfi_endproc
 1139               	.LFE69:
 1142               	nwkDataReqConfirm:
 1143               	.LFB70:
 254:../../../stack/LwMesh/TDMA/nwk/src/nwkDataReq.c **** 
 255:../../../stack/LwMesh/TDMA/nwk/src/nwkDataReq.c **** /*************************************************************************//**
 256:../../../stack/LwMesh/TDMA/nwk/src/nwkDataReq.c **** *  @brief Confirms request @req to the application and remove it from the queue
 257:../../../stack/LwMesh/TDMA/nwk/src/nwkDataReq.c **** *  @param[in] req Pointer to the request parameters
 258:../../../stack/LwMesh/TDMA/nwk/src/nwkDataReq.c **** *****************************************************************************/
 259:../../../stack/LwMesh/TDMA/nwk/src/nwkDataReq.c **** static void nwkDataReqConfirm(NWK_DataReq_t *req)
 260:../../../stack/LwMesh/TDMA/nwk/src/nwkDataReq.c **** {
 1144               		.loc 1 260 0
 1145               		.cfi_startproc
 1146 0730 CF93      		push r28
 1147               	.LCFI15:
 1148               		.cfi_def_cfa_offset 3
 1149               		.cfi_offset 28, -2
 1150 0732 DF93      		push r29
 1151               	.LCFI16:
 1152               		.cfi_def_cfa_offset 4
 1153               		.cfi_offset 29, -3
 1154 0734 00D0      		rcall .
 1155 0736 00D0      		rcall .
 1156               	.LCFI17:
 1157               		.cfi_def_cfa_offset 8
 1158 0738 CDB7      		in r28,__SP_L__
 1159 073a DEB7      		in r29,__SP_H__
 1160               	.LCFI18:
 1161               		.cfi_def_cfa_register 28
 1162               	/* prologue: function */
 1163               	/* frame size = 4 */
 1164               	/* stack size = 6 */
 1165               	.L__stack_usage = 6
 1166 073c 9C83      		std Y+4,r25
 1167 073e 8B83      		std Y+3,r24
 261:../../../stack/LwMesh/TDMA/nwk/src/nwkDataReq.c **** 	if (nwkDataReqQueue == req) {
 1168               		.loc 1 261 0
 1169 0740 2091 0000 		lds r18,nwkDataReqQueue
 1170 0744 3091 0000 		lds r19,nwkDataReqQueue+1
 1171 0748 8B81      		ldd r24,Y+3
 1172 074a 9C81      		ldd r25,Y+4
 1173 074c 2817      		cp r18,r24
 1174 074e 3907      		cpc r19,r25
 1175 0750 01F4      		brne .L36
 262:../../../stack/LwMesh/TDMA/nwk/src/nwkDataReq.c **** 		nwkDataReqQueue = nwkDataReqQueue->next;
 1176               		.loc 1 262 0
 1177 0752 8091 0000 		lds r24,nwkDataReqQueue
 1178 0756 9091 0000 		lds r25,nwkDataReqQueue+1
 1179 075a FC01      		movw r30,r24
 1180 075c 8081      		ld r24,Z
 1181 075e 9181      		ldd r25,Z+1
 1182 0760 9093 0000 		sts nwkDataReqQueue+1,r25
 1183 0764 8093 0000 		sts nwkDataReqQueue,r24
 1184 0768 00C0      		rjmp .L37
 1185               	.L36:
 1186               	.LBB5:
 263:../../../stack/LwMesh/TDMA/nwk/src/nwkDataReq.c **** 	} else {
 264:../../../stack/LwMesh/TDMA/nwk/src/nwkDataReq.c **** 		NWK_DataReq_t *prev = nwkDataReqQueue;
 1187               		.loc 1 264 0
 1188 076a 8091 0000 		lds r24,nwkDataReqQueue
 1189 076e 9091 0000 		lds r25,nwkDataReqQueue+1
 1190 0772 9A83      		std Y+2,r25
 1191 0774 8983      		std Y+1,r24
 265:../../../stack/LwMesh/TDMA/nwk/src/nwkDataReq.c **** 		while (prev->next != req) {
 1192               		.loc 1 265 0
 1193 0776 00C0      		rjmp .L38
 1194               	.L39:
 266:../../../stack/LwMesh/TDMA/nwk/src/nwkDataReq.c **** 			prev = prev->next;
 1195               		.loc 1 266 0
 1196 0778 8981      		ldd r24,Y+1
 1197 077a 9A81      		ldd r25,Y+2
 1198 077c FC01      		movw r30,r24
 1199 077e 8081      		ld r24,Z
 1200 0780 9181      		ldd r25,Z+1
 1201 0782 9A83      		std Y+2,r25
 1202 0784 8983      		std Y+1,r24
 1203               	.L38:
 265:../../../stack/LwMesh/TDMA/nwk/src/nwkDataReq.c **** 		while (prev->next != req) {
 1204               		.loc 1 265 0
 1205 0786 8981      		ldd r24,Y+1
 1206 0788 9A81      		ldd r25,Y+2
 1207 078a FC01      		movw r30,r24
 1208 078c 2081      		ld r18,Z
 1209 078e 3181      		ldd r19,Z+1
 1210 0790 8B81      		ldd r24,Y+3
 1211 0792 9C81      		ldd r25,Y+4
 1212 0794 2817      		cp r18,r24
 1213 0796 3907      		cpc r19,r25
 1214 0798 01F4      		brne .L39
 267:../../../stack/LwMesh/TDMA/nwk/src/nwkDataReq.c **** 		}
 268:../../../stack/LwMesh/TDMA/nwk/src/nwkDataReq.c **** 		prev->next = ((NWK_DataReq_t *)prev->next)->next;
 1215               		.loc 1 268 0
 1216 079a 8981      		ldd r24,Y+1
 1217 079c 9A81      		ldd r25,Y+2
 1218 079e FC01      		movw r30,r24
 1219 07a0 8081      		ld r24,Z
 1220 07a2 9181      		ldd r25,Z+1
 1221 07a4 FC01      		movw r30,r24
 1222 07a6 2081      		ld r18,Z
 1223 07a8 3181      		ldd r19,Z+1
 1224 07aa 8981      		ldd r24,Y+1
 1225 07ac 9A81      		ldd r25,Y+2
 1226 07ae FC01      		movw r30,r24
 1227 07b0 3183      		std Z+1,r19
 1228 07b2 2083      		st Z,r18
 1229               	.L37:
 1230               	.LBE5:
 269:../../../stack/LwMesh/TDMA/nwk/src/nwkDataReq.c **** 	}
 270:../../../stack/LwMesh/TDMA/nwk/src/nwkDataReq.c **** 
 271:../../../stack/LwMesh/TDMA/nwk/src/nwkDataReq.c **** 	nwkIb.lock--;
 1231               		.loc 1 271 0
 1232 07b4 8091 0000 		lds r24,nwkIb+38
 1233 07b8 9091 0000 		lds r25,nwkIb+38+1
 1234 07bc 0197      		sbiw r24,1
 1235 07be 9093 0000 		sts nwkIb+38+1,r25
 1236 07c2 8093 0000 		sts nwkIb+38,r24
 272:../../../stack/LwMesh/TDMA/nwk/src/nwkDataReq.c **** 
 273:../../../stack/LwMesh/TDMA/nwk/src/nwkDataReq.c **** 	if(req->confirm != NULL)
 1237               		.loc 1 273 0
 1238 07c6 8B81      		ldd r24,Y+3
 1239 07c8 9C81      		ldd r25,Y+4
 1240 07ca FC01      		movw r30,r24
 1241 07cc 8089      		ldd r24,Z+16
 1242 07ce 9189      		ldd r25,Z+17
 1243 07d0 892B      		or r24,r25
 1244 07d2 01F0      		breq .L41
 274:../../../stack/LwMesh/TDMA/nwk/src/nwkDataReq.c **** 	{
 275:../../../stack/LwMesh/TDMA/nwk/src/nwkDataReq.c **** 		req->confirm(req);
 1245               		.loc 1 275 0
 1246 07d4 8B81      		ldd r24,Y+3
 1247 07d6 9C81      		ldd r25,Y+4
 1248 07d8 FC01      		movw r30,r24
 1249 07da 2089      		ldd r18,Z+16
 1250 07dc 3189      		ldd r19,Z+17
 1251 07de 8B81      		ldd r24,Y+3
 1252 07e0 9C81      		ldd r25,Y+4
 1253 07e2 F901      		movw r30,r18
 1254 07e4 0995      		icall
 1255               	.L41:
 276:../../../stack/LwMesh/TDMA/nwk/src/nwkDataReq.c **** 	}
 277:../../../stack/LwMesh/TDMA/nwk/src/nwkDataReq.c **** }
 1256               		.loc 1 277 0
 1257 07e6 0000      		nop
 1258               	/* epilogue start */
 1259 07e8 0F90      		pop __tmp_reg__
 1260 07ea 0F90      		pop __tmp_reg__
 1261 07ec 0F90      		pop __tmp_reg__
 1262 07ee 0F90      		pop __tmp_reg__
 1263 07f0 DF91      		pop r29
 1264 07f2 CF91      		pop r28
 1265 07f4 0895      		ret
 1266               		.cfi_endproc
 1267               	.LFE70:
 1269               	.global	nwkDataReqTaskHandler
 1271               	nwkDataReqTaskHandler:
 1272               	.LFB71:
 278:../../../stack/LwMesh/TDMA/nwk/src/nwkDataReq.c **** 
 279:../../../stack/LwMesh/TDMA/nwk/src/nwkDataReq.c **** /*************************************************************************//**
 280:../../../stack/LwMesh/TDMA/nwk/src/nwkDataReq.c **** *  @brief Data Request module task handler
 281:../../../stack/LwMesh/TDMA/nwk/src/nwkDataReq.c **** *****************************************************************************/
 282:../../../stack/LwMesh/TDMA/nwk/src/nwkDataReq.c **** void nwkDataReqTaskHandler(void)
 283:../../../stack/LwMesh/TDMA/nwk/src/nwkDataReq.c **** {
 1273               		.loc 1 283 0
 1274               		.cfi_startproc
 1275 07f6 CF93      		push r28
 1276               	.LCFI19:
 1277               		.cfi_def_cfa_offset 3
 1278               		.cfi_offset 28, -2
 1279 07f8 DF93      		push r29
 1280               	.LCFI20:
 1281               		.cfi_def_cfa_offset 4
 1282               		.cfi_offset 29, -3
 1283 07fa 00D0      		rcall .
 1284               	.LCFI21:
 1285               		.cfi_def_cfa_offset 6
 1286 07fc CDB7      		in r28,__SP_L__
 1287 07fe DEB7      		in r29,__SP_H__
 1288               	.LCFI22:
 1289               		.cfi_def_cfa_register 28
 1290               	/* prologue: function */
 1291               	/* frame size = 2 */
 1292               	/* stack size = 4 */
 1293               	.L__stack_usage = 4
 1294               	.LBB6:
 284:../../../stack/LwMesh/TDMA/nwk/src/nwkDataReq.c **** 	for (NWK_DataReq_t *req = nwkDataReqQueue; req; req = req->next) {
 1295               		.loc 1 284 0
 1296 0800 8091 0000 		lds r24,nwkDataReqQueue
 1297 0804 9091 0000 		lds r25,nwkDataReqQueue+1
 1298 0808 9A83      		std Y+2,r25
 1299 080a 8983      		std Y+1,r24
 1300 080c 00C0      		rjmp .L43
 1301               	.L50:
 285:../../../stack/LwMesh/TDMA/nwk/src/nwkDataReq.c **** 		switch (req->state) {
 1302               		.loc 1 285 0
 1303 080e 8981      		ldd r24,Y+1
 1304 0810 9A81      		ldd r25,Y+2
 1305 0812 FC01      		movw r30,r24
 1306 0814 8481      		ldd r24,Z+4
 1307 0816 882F      		mov r24,r24
 1308 0818 90E0      		ldi r25,0
 1309 081a 8130      		cpi r24,1
 1310 081c 9105      		cpc r25,__zero_reg__
 1311 081e 01F0      		breq .L51
 1312 0820 8230      		cpi r24,2
 1313 0822 9105      		cpc r25,__zero_reg__
 1314 0824 01F0      		breq .L46
 1315 0826 892B      		or r24,r25
 1316 0828 01F0      		breq .L47
 286:../../../stack/LwMesh/TDMA/nwk/src/nwkDataReq.c **** 		case NWK_DATA_REQ_STATE_INITIAL:
 287:../../../stack/LwMesh/TDMA/nwk/src/nwkDataReq.c **** 		{
 288:../../../stack/LwMesh/TDMA/nwk/src/nwkDataReq.c **** 			nwkDataReqSendFrame(req);
 289:../../../stack/LwMesh/TDMA/nwk/src/nwkDataReq.c **** 			return;
 290:../../../stack/LwMesh/TDMA/nwk/src/nwkDataReq.c **** 		}
 291:../../../stack/LwMesh/TDMA/nwk/src/nwkDataReq.c **** 		break;
 292:../../../stack/LwMesh/TDMA/nwk/src/nwkDataReq.c **** 
 293:../../../stack/LwMesh/TDMA/nwk/src/nwkDataReq.c **** 		case NWK_DATA_REQ_STATE_WAIT_CONF:
 294:../../../stack/LwMesh/TDMA/nwk/src/nwkDataReq.c **** 			break;
 295:../../../stack/LwMesh/TDMA/nwk/src/nwkDataReq.c **** 
 296:../../../stack/LwMesh/TDMA/nwk/src/nwkDataReq.c **** 		case NWK_DATA_REQ_STATE_CONFIRM:
 297:../../../stack/LwMesh/TDMA/nwk/src/nwkDataReq.c **** 		{
 298:../../../stack/LwMesh/TDMA/nwk/src/nwkDataReq.c **** 			nwkDataReqConfirm(req);
 299:../../../stack/LwMesh/TDMA/nwk/src/nwkDataReq.c **** 			
 300:../../../stack/LwMesh/TDMA/nwk/src/nwkDataReq.c **** 			return;
 301:../../../stack/LwMesh/TDMA/nwk/src/nwkDataReq.c **** 		}
 302:../../../stack/LwMesh/TDMA/nwk/src/nwkDataReq.c **** 		break;
 303:../../../stack/LwMesh/TDMA/nwk/src/nwkDataReq.c **** 
 304:../../../stack/LwMesh/TDMA/nwk/src/nwkDataReq.c **** 		default:
 305:../../../stack/LwMesh/TDMA/nwk/src/nwkDataReq.c **** 			break;
 1317               		.loc 1 305 0
 1318 082a 00C0      		rjmp .L49
 1319               	.L47:
 288:../../../stack/LwMesh/TDMA/nwk/src/nwkDataReq.c **** 			return;
 1320               		.loc 1 288 0
 1321 082c 8981      		ldd r24,Y+1
 1322 082e 9A81      		ldd r25,Y+2
 1323 0830 0E94 0000 		call nwkDataReqSendFrame
 289:../../../stack/LwMesh/TDMA/nwk/src/nwkDataReq.c **** 		}
 1324               		.loc 1 289 0
 1325 0834 00C0      		rjmp .L42
 1326               	.L46:
 298:../../../stack/LwMesh/TDMA/nwk/src/nwkDataReq.c **** 			
 1327               		.loc 1 298 0
 1328 0836 8981      		ldd r24,Y+1
 1329 0838 9A81      		ldd r25,Y+2
 1330 083a 0E94 0000 		call nwkDataReqConfirm
 300:../../../stack/LwMesh/TDMA/nwk/src/nwkDataReq.c **** 		}
 1331               		.loc 1 300 0
 1332 083e 00C0      		rjmp .L42
 1333               	.L51:
 294:../../../stack/LwMesh/TDMA/nwk/src/nwkDataReq.c **** 
 1334               		.loc 1 294 0
 1335 0840 0000      		nop
 1336               	.L49:
 284:../../../stack/LwMesh/TDMA/nwk/src/nwkDataReq.c **** 		switch (req->state) {
 1337               		.loc 1 284 0 discriminator 2
 1338 0842 8981      		ldd r24,Y+1
 1339 0844 9A81      		ldd r25,Y+2
 1340 0846 FC01      		movw r30,r24
 1341 0848 8081      		ld r24,Z
 1342 084a 9181      		ldd r25,Z+1
 1343 084c 9A83      		std Y+2,r25
 1344 084e 8983      		std Y+1,r24
 1345               	.L43:
 284:../../../stack/LwMesh/TDMA/nwk/src/nwkDataReq.c **** 		switch (req->state) {
 1346               		.loc 1 284 0 is_stmt 0 discriminator 1
 1347 0850 8981      		ldd r24,Y+1
 1348 0852 9A81      		ldd r25,Y+2
 1349 0854 892B      		or r24,r25
 1350 0856 01F4      		brne .L50
 1351               	.L42:
 1352               	/* epilogue start */
 1353               	.LBE6:
 306:../../../stack/LwMesh/TDMA/nwk/src/nwkDataReq.c **** 		}
 307:../../../stack/LwMesh/TDMA/nwk/src/nwkDataReq.c **** 	}
 308:../../../stack/LwMesh/TDMA/nwk/src/nwkDataReq.c **** }
 1354               		.loc 1 308 0 is_stmt 1
 1355 0858 0F90      		pop __tmp_reg__
 1356 085a 0F90      		pop __tmp_reg__
 1357 085c DF91      		pop r29
 1358 085e CF91      		pop r28
 1359 0860 0895      		ret
 1360               		.cfi_endproc
 1361               	.LFE71:
 1363               	.Letext0:
 1364               		.file 2 "c:\\program files (x86)\\atmel\\studio\\7.0\\toolchain\\avr8\\avr8-gnu-toolchain\\avr\\in
 1365               		.file 3 "../../../stack/LwMesh/TDMA/nwk/inc/nwkFrame.h"
 1366               		.file 4 "../../../stack/LwMesh/TDMA/nwk/inc/nwkRx.h"
 1367               		.file 5 "../../../stack/LwMesh/TDMA/nwk/inc/nwkDataReq.h"
 1368               		.file 6 "../../../stack/LwMesh/TDMA/nwk/inc/nwk.h"
 1369               		.file 7 "../../../stack/LwMesh/TDMA/nwk/inc/nwkTx.h"
 1370               		.file 8 "config/config.h"
DEFINED SYMBOLS
                            *ABS*:00000000 nwkDataReq.c
C:\Users\GUILHE~1\AppData\Local\Temp\ccMvWKEe.s:2      *ABS*:0000003e __SP_H__
C:\Users\GUILHE~1\AppData\Local\Temp\ccMvWKEe.s:3      *ABS*:0000003d __SP_L__
C:\Users\GUILHE~1\AppData\Local\Temp\ccMvWKEe.s:4      *ABS*:0000003f __SREG__
C:\Users\GUILHE~1\AppData\Local\Temp\ccMvWKEe.s:5      *ABS*:0000003b __RAMPZ__
C:\Users\GUILHE~1\AppData\Local\Temp\ccMvWKEe.s:6      *ABS*:00000000 __tmp_reg__
C:\Users\GUILHE~1\AppData\Local\Temp\ccMvWKEe.s:7      *ABS*:00000001 __zero_reg__
                            *COM*:00000001 n
C:\Users\GUILHE~1\AppData\Local\Temp\ccMvWKEe.s:15     .bss.tTS:00000000 tTS
C:\Users\GUILHE~1\AppData\Local\Temp\ccMvWKEe.s:20     .bss.nwkDataReqQueue:00000000 nwkDataReqQueue
C:\Users\GUILHE~1\AppData\Local\Temp\ccMvWKEe.s:25     .text:00000000 nwkDataReqInit
C:\Users\GUILHE~1\AppData\Local\Temp\ccMvWKEe.s:60     .text:00000018 NWK_DataReq
C:\Users\GUILHE~1\AppData\Local\Temp\ccMvWKEe.s:152    .text:000000a0 nwkDataReqSendFrame
C:\Users\GUILHE~1\AppData\Local\Temp\ccMvWKEe.s:1032   .text:0000069c nwkDataReqTxConf
C:\Users\GUILHE~1\AppData\Local\Temp\ccMvWKEe.s:1142   .text:00000730 nwkDataReqConfirm
C:\Users\GUILHE~1\AppData\Local\Temp\ccMvWKEe.s:1271   .text:000007f6 nwkDataReqTaskHandler

UNDEFINED SYMBOLS
nwkIb
nwkFrameAlloc
nwkFrameAlloc_LLDN
nwkTxBeaconFrameLLDN
nwkTxMacCommandFrameLLDN
memcpy
nwkTxBeaconFrame
nwkTxFrame
nwkFrameFree
__do_clear_bss
