   1               		.file	"nwkDataReq.c"
   2               	__SP_H__ = 0x3e
   3               	__SP_L__ = 0x3d
   4               	__SREG__ = 0x3f
   5               	__RAMPZ__ = 0x3b
   6               	__tmp_reg__ = 0
   7               	__zero_reg__ = 1
   8               		.text
   9               	.Ltext0:
  10               		.cfi_sections	.debug_frame
  11               		.comm	n,1,1
  12               		.comm	tTS,4,1
  13               		.comm	macLLDNnumTimeSlots,2,1
  14               		.comm	macLLDNnumUplinkTS,2,1
  15               		.comm	macLLDNRetransmitTS,2,1
  16               		.section	.bss.nwkDataReqQueue,"aw",@nobits
  19               	nwkDataReqQueue:
  20 0000 0000      		.zero	2
  21               		.text
  22               	.global	nwkDataReqInit
  24               	nwkDataReqInit:
  25               	.LFB66:
  26               		.file 1 "../../../stack/LwMesh/TDMA/nwk/src/nwkDataReq.c"
   1:../../../stack/LwMesh/TDMA/nwk/src/nwkDataReq.c **** /**
   2:../../../stack/LwMesh/TDMA/nwk/src/nwkDataReq.c ****  * \file nwkDataReq.c
   3:../../../stack/LwMesh/TDMA/nwk/src/nwkDataReq.c ****  *
   4:../../../stack/LwMesh/TDMA/nwk/src/nwkDataReq.c ****  * \brief NWK_DataReq() implementation
   5:../../../stack/LwMesh/TDMA/nwk/src/nwkDataReq.c ****  *
   6:../../../stack/LwMesh/TDMA/nwk/src/nwkDataReq.c ****  * Copyright (C) 2014 Atmel Corporation. All rights reserved.
   7:../../../stack/LwMesh/TDMA/nwk/src/nwkDataReq.c ****  *
   8:../../../stack/LwMesh/TDMA/nwk/src/nwkDataReq.c ****  * \asf_license_start
   9:../../../stack/LwMesh/TDMA/nwk/src/nwkDataReq.c ****  *
  10:../../../stack/LwMesh/TDMA/nwk/src/nwkDataReq.c ****  * Redistribution and use in source and binary forms, with or without
  11:../../../stack/LwMesh/TDMA/nwk/src/nwkDataReq.c ****  * modification, are permitted provided that the following conditions are met:
  12:../../../stack/LwMesh/TDMA/nwk/src/nwkDataReq.c ****  *
  13:../../../stack/LwMesh/TDMA/nwk/src/nwkDataReq.c ****  * 1. Redistributions of source code must retain the above copyright notice,
  14:../../../stack/LwMesh/TDMA/nwk/src/nwkDataReq.c ****  *    this list of conditions and the following disclaimer.
  15:../../../stack/LwMesh/TDMA/nwk/src/nwkDataReq.c ****  *
  16:../../../stack/LwMesh/TDMA/nwk/src/nwkDataReq.c ****  * 2. Redistributions in binary form must reproduce the above copyright notice,
  17:../../../stack/LwMesh/TDMA/nwk/src/nwkDataReq.c ****  *    this list of conditions and the following disclaimer in the documentation
  18:../../../stack/LwMesh/TDMA/nwk/src/nwkDataReq.c ****  *    and/or other materials provided with the distribution.
  19:../../../stack/LwMesh/TDMA/nwk/src/nwkDataReq.c ****  *
  20:../../../stack/LwMesh/TDMA/nwk/src/nwkDataReq.c ****  * 3. The name of Atmel may not be used to endorse or promote products derived
  21:../../../stack/LwMesh/TDMA/nwk/src/nwkDataReq.c ****  *    from this software without specific prior written permission.
  22:../../../stack/LwMesh/TDMA/nwk/src/nwkDataReq.c ****  *
  23:../../../stack/LwMesh/TDMA/nwk/src/nwkDataReq.c ****  * 4. This software may only be redistributed and used in connection with an
  24:../../../stack/LwMesh/TDMA/nwk/src/nwkDataReq.c ****  *    Atmel microcontroller product.
  25:../../../stack/LwMesh/TDMA/nwk/src/nwkDataReq.c ****  *
  26:../../../stack/LwMesh/TDMA/nwk/src/nwkDataReq.c ****  * THIS SOFTWARE IS PROVIDED BY ATMEL "AS IS" AND ANY EXPRESS OR IMPLIED
  27:../../../stack/LwMesh/TDMA/nwk/src/nwkDataReq.c ****  * WARRANTIES, INCLUDING, BUT NOT LIMITED TO, THE IMPLIED WARRANTIES OF
  28:../../../stack/LwMesh/TDMA/nwk/src/nwkDataReq.c ****  * MERCHANTABILITY, FITNESS FOR A PARTICULAR PURPOSE AND NON-INFRINGEMENT ARE
  29:../../../stack/LwMesh/TDMA/nwk/src/nwkDataReq.c ****  * EXPRESSLY AND SPECIFICALLY DISCLAIMED. IN NO EVENT SHALL ATMEL BE LIABLE FOR
  30:../../../stack/LwMesh/TDMA/nwk/src/nwkDataReq.c ****  * ANY DIRECT, INDIRECT, INCIDENTAL, SPECIAL, EXEMPLARY, OR CONSEQUENTIAL
  31:../../../stack/LwMesh/TDMA/nwk/src/nwkDataReq.c ****  * DAMAGES (INCLUDING, BUT NOT LIMITED TO, PROCUREMENT OF SUBSTITUTE GOODS
  32:../../../stack/LwMesh/TDMA/nwk/src/nwkDataReq.c ****  * OR SERVICES; LOSS OF USE, DATA, OR PROFITS; OR BUSINESS INTERRUPTION)
  33:../../../stack/LwMesh/TDMA/nwk/src/nwkDataReq.c ****  * HOWEVER CAUSED AND ON ANY THEORY OF LIABILITY, WHETHER IN CONTRACT,
  34:../../../stack/LwMesh/TDMA/nwk/src/nwkDataReq.c ****  * STRICT LIABILITY, OR TORT (INCLUDING NEGLIGENCE OR OTHERWISE) ARISING IN
  35:../../../stack/LwMesh/TDMA/nwk/src/nwkDataReq.c ****  * ANY WAY OUT OF THE USE OF THIS SOFTWARE, EVEN IF ADVISED OF THE
  36:../../../stack/LwMesh/TDMA/nwk/src/nwkDataReq.c ****  * POSSIBILITY OF SUCH DAMAGE.
  37:../../../stack/LwMesh/TDMA/nwk/src/nwkDataReq.c ****  *
  38:../../../stack/LwMesh/TDMA/nwk/src/nwkDataReq.c ****  * \asf_license_stop
  39:../../../stack/LwMesh/TDMA/nwk/src/nwkDataReq.c ****  *
  40:../../../stack/LwMesh/TDMA/nwk/src/nwkDataReq.c ****  *
  41:../../../stack/LwMesh/TDMA/nwk/src/nwkDataReq.c ****  */
  42:../../../stack/LwMesh/TDMA/nwk/src/nwkDataReq.c **** 
  43:../../../stack/LwMesh/TDMA/nwk/src/nwkDataReq.c **** /*
  44:../../../stack/LwMesh/TDMA/nwk/src/nwkDataReq.c ****  * Copyright (c) 2014, Atmel Corporation All rights reserved.
  45:../../../stack/LwMesh/TDMA/nwk/src/nwkDataReq.c ****  *
  46:../../../stack/LwMesh/TDMA/nwk/src/nwkDataReq.c ****  * Licensed under Atmel's Limited License Agreement --> EULA.txt
  47:../../../stack/LwMesh/TDMA/nwk/src/nwkDataReq.c ****  */
  48:../../../stack/LwMesh/TDMA/nwk/src/nwkDataReq.c **** 
  49:../../../stack/LwMesh/TDMA/nwk/src/nwkDataReq.c **** /*- Includes ---------------------------------------------------------------*/
  50:../../../stack/LwMesh/TDMA/nwk/src/nwkDataReq.c **** #include <stdlib.h>
  51:../../../stack/LwMesh/TDMA/nwk/src/nwkDataReq.c **** #include <stdint.h>
  52:../../../stack/LwMesh/TDMA/nwk/src/nwkDataReq.c **** #include <stdbool.h>
  53:../../../stack/LwMesh/TDMA/nwk/src/nwkDataReq.c **** #include <string.h>
  54:../../../stack/LwMesh/TDMA/nwk/src/nwkDataReq.c **** #include "sysConfig.h"
  55:../../../stack/LwMesh/TDMA/nwk/src/nwkDataReq.c **** #include "nwk.h"
  56:../../../stack/LwMesh/TDMA/nwk/src/nwkDataReq.c **** #include "nwkTx.h"
  57:../../../stack/LwMesh/TDMA/nwk/src/nwkDataReq.c **** #include "nwkFrame.h"
  58:../../../stack/LwMesh/TDMA/nwk/src/nwkDataReq.c **** #include "nwkGroup.h"
  59:../../../stack/LwMesh/TDMA/nwk/src/nwkDataReq.c **** #include "nwkDataReq.h"
  60:../../../stack/LwMesh/TDMA/nwk/src/nwkDataReq.c **** 
  61:../../../stack/LwMesh/TDMA/nwk/src/nwkDataReq.c **** /*- Types ------------------------------------------------------------------*/
  62:../../../stack/LwMesh/TDMA/nwk/src/nwkDataReq.c **** enum {
  63:../../../stack/LwMesh/TDMA/nwk/src/nwkDataReq.c **** 	NWK_DATA_REQ_STATE_INITIAL,
  64:../../../stack/LwMesh/TDMA/nwk/src/nwkDataReq.c **** 	NWK_DATA_REQ_STATE_WAIT_CONF,
  65:../../../stack/LwMesh/TDMA/nwk/src/nwkDataReq.c **** 	NWK_DATA_REQ_STATE_CONFIRM,
  66:../../../stack/LwMesh/TDMA/nwk/src/nwkDataReq.c **** };
  67:../../../stack/LwMesh/TDMA/nwk/src/nwkDataReq.c **** 
  68:../../../stack/LwMesh/TDMA/nwk/src/nwkDataReq.c **** /*- Prototypes -------------------------------------------------------------*/
  69:../../../stack/LwMesh/TDMA/nwk/src/nwkDataReq.c **** static void nwkDataReqTxConf(NwkFrame_t *frame);
  70:../../../stack/LwMesh/TDMA/nwk/src/nwkDataReq.c **** 
  71:../../../stack/LwMesh/TDMA/nwk/src/nwkDataReq.c **** /*- Variables --------------------------------------------------------------*/
  72:../../../stack/LwMesh/TDMA/nwk/src/nwkDataReq.c **** static NWK_DataReq_t *nwkDataReqQueue;
  73:../../../stack/LwMesh/TDMA/nwk/src/nwkDataReq.c **** 
  74:../../../stack/LwMesh/TDMA/nwk/src/nwkDataReq.c **** /*- Implementations --------------------------------------------------------*/
  75:../../../stack/LwMesh/TDMA/nwk/src/nwkDataReq.c **** 
  76:../../../stack/LwMesh/TDMA/nwk/src/nwkDataReq.c **** /*************************************************************************//**
  77:../../../stack/LwMesh/TDMA/nwk/src/nwkDataReq.c **** *  @brief Initializes the Data Request module
  78:../../../stack/LwMesh/TDMA/nwk/src/nwkDataReq.c **** *****************************************************************************/
  79:../../../stack/LwMesh/TDMA/nwk/src/nwkDataReq.c **** void nwkDataReqInit(void)
  80:../../../stack/LwMesh/TDMA/nwk/src/nwkDataReq.c **** {
  27               		.loc 1 80 0
  28               		.cfi_startproc
  29 0000 CF93      		push r28
  30               	.LCFI0:
  31               		.cfi_def_cfa_offset 3
  32               		.cfi_offset 28, -2
  33 0002 DF93      		push r29
  34               	.LCFI1:
  35               		.cfi_def_cfa_offset 4
  36               		.cfi_offset 29, -3
  37 0004 CDB7      		in r28,__SP_L__
  38 0006 DEB7      		in r29,__SP_H__
  39               	.LCFI2:
  40               		.cfi_def_cfa_register 28
  41               	/* prologue: function */
  42               	/* frame size = 0 */
  43               	/* stack size = 2 */
  44               	.L__stack_usage = 2
  81:../../../stack/LwMesh/TDMA/nwk/src/nwkDataReq.c **** 	nwkDataReqQueue = NULL;
  45               		.loc 1 81 0
  46 0008 1092 0000 		sts nwkDataReqQueue+1,__zero_reg__
  47 000c 1092 0000 		sts nwkDataReqQueue,__zero_reg__
  82:../../../stack/LwMesh/TDMA/nwk/src/nwkDataReq.c **** }
  48               		.loc 1 82 0
  49 0010 0000      		nop
  50               	/* epilogue start */
  51 0012 DF91      		pop r29
  52 0014 CF91      		pop r28
  53 0016 0895      		ret
  54               		.cfi_endproc
  55               	.LFE66:
  57               	.global	NWK_DataReq
  59               	NWK_DataReq:
  60               	.LFB67:
  83:../../../stack/LwMesh/TDMA/nwk/src/nwkDataReq.c **** 
  84:../../../stack/LwMesh/TDMA/nwk/src/nwkDataReq.c **** /*************************************************************************//**
  85:../../../stack/LwMesh/TDMA/nwk/src/nwkDataReq.c **** *  @brief Adds request @a req to the queue of outgoing requests
  86:../../../stack/LwMesh/TDMA/nwk/src/nwkDataReq.c **** *  @param[in] req Pointer to the request parameters
  87:../../../stack/LwMesh/TDMA/nwk/src/nwkDataReq.c **** *****************************************************************************/
  88:../../../stack/LwMesh/TDMA/nwk/src/nwkDataReq.c **** void NWK_DataReq(NWK_DataReq_t *req)
  89:../../../stack/LwMesh/TDMA/nwk/src/nwkDataReq.c **** {
  61               		.loc 1 89 0
  62               		.cfi_startproc
  63 0018 CF93      		push r28
  64               	.LCFI3:
  65               		.cfi_def_cfa_offset 3
  66               		.cfi_offset 28, -2
  67 001a DF93      		push r29
  68               	.LCFI4:
  69               		.cfi_def_cfa_offset 4
  70               		.cfi_offset 29, -3
  71 001c 00D0      		rcall .
  72               	.LCFI5:
  73               		.cfi_def_cfa_offset 6
  74 001e CDB7      		in r28,__SP_L__
  75 0020 DEB7      		in r29,__SP_H__
  76               	.LCFI6:
  77               		.cfi_def_cfa_register 28
  78               	/* prologue: function */
  79               	/* frame size = 2 */
  80               	/* stack size = 4 */
  81               	.L__stack_usage = 4
  82 0022 9A83      		std Y+2,r25
  83 0024 8983      		std Y+1,r24
  90:../../../stack/LwMesh/TDMA/nwk/src/nwkDataReq.c **** 	req->state = NWK_DATA_REQ_STATE_INITIAL;
  84               		.loc 1 90 0
  85 0026 8981      		ldd r24,Y+1
  86 0028 9A81      		ldd r25,Y+2
  87 002a FC01      		movw r30,r24
  88 002c 1482      		std Z+4,__zero_reg__
  91:../../../stack/LwMesh/TDMA/nwk/src/nwkDataReq.c **** 	req->status = NWK_SUCCESS_STATUS;
  89               		.loc 1 91 0
  90 002e 8981      		ldd r24,Y+1
  91 0030 9A81      		ldd r25,Y+2
  92 0032 FC01      		movw r30,r24
  93 0034 128A      		std Z+18,__zero_reg__
  92:../../../stack/LwMesh/TDMA/nwk/src/nwkDataReq.c **** 	req->frame = NULL;
  94               		.loc 1 92 0
  95 0036 8981      		ldd r24,Y+1
  96 0038 9A81      		ldd r25,Y+2
  97 003a FC01      		movw r30,r24
  98 003c 1382      		std Z+3,__zero_reg__
  99 003e 1282      		std Z+2,__zero_reg__
  93:../../../stack/LwMesh/TDMA/nwk/src/nwkDataReq.c **** 
  94:../../../stack/LwMesh/TDMA/nwk/src/nwkDataReq.c **** 	nwkIb.lock++;
 100               		.loc 1 94 0
 101 0040 8091 0000 		lds r24,nwkIb+38
 102 0044 9091 0000 		lds r25,nwkIb+38+1
 103 0048 0196      		adiw r24,1
 104 004a 9093 0000 		sts nwkIb+38+1,r25
 105 004e 8093 0000 		sts nwkIb+38,r24
  95:../../../stack/LwMesh/TDMA/nwk/src/nwkDataReq.c **** 
  96:../../../stack/LwMesh/TDMA/nwk/src/nwkDataReq.c **** 	if (NULL == nwkDataReqQueue) {
 106               		.loc 1 96 0
 107 0052 8091 0000 		lds r24,nwkDataReqQueue
 108 0056 9091 0000 		lds r25,nwkDataReqQueue+1
 109 005a 892B      		or r24,r25
 110 005c 01F4      		brne .L3
  97:../../../stack/LwMesh/TDMA/nwk/src/nwkDataReq.c **** 		req->next = NULL;
 111               		.loc 1 97 0
 112 005e 8981      		ldd r24,Y+1
 113 0060 9A81      		ldd r25,Y+2
 114 0062 FC01      		movw r30,r24
 115 0064 1182      		std Z+1,__zero_reg__
 116 0066 1082      		st Z,__zero_reg__
  98:../../../stack/LwMesh/TDMA/nwk/src/nwkDataReq.c **** 		nwkDataReqQueue = req;
 117               		.loc 1 98 0
 118 0068 8981      		ldd r24,Y+1
 119 006a 9A81      		ldd r25,Y+2
 120 006c 9093 0000 		sts nwkDataReqQueue+1,r25
 121 0070 8093 0000 		sts nwkDataReqQueue,r24
  99:../../../stack/LwMesh/TDMA/nwk/src/nwkDataReq.c **** 	} else {
 100:../../../stack/LwMesh/TDMA/nwk/src/nwkDataReq.c **** 		req->next = nwkDataReqQueue;
 101:../../../stack/LwMesh/TDMA/nwk/src/nwkDataReq.c **** 		nwkDataReqQueue = req;
 102:../../../stack/LwMesh/TDMA/nwk/src/nwkDataReq.c **** 	}
 103:../../../stack/LwMesh/TDMA/nwk/src/nwkDataReq.c **** }
 122               		.loc 1 103 0
 123 0074 00C0      		rjmp .L5
 124               	.L3:
 100:../../../stack/LwMesh/TDMA/nwk/src/nwkDataReq.c **** 		nwkDataReqQueue = req;
 125               		.loc 1 100 0
 126 0076 2091 0000 		lds r18,nwkDataReqQueue
 127 007a 3091 0000 		lds r19,nwkDataReqQueue+1
 128 007e 8981      		ldd r24,Y+1
 129 0080 9A81      		ldd r25,Y+2
 130 0082 FC01      		movw r30,r24
 131 0084 3183      		std Z+1,r19
 132 0086 2083      		st Z,r18
 101:../../../stack/LwMesh/TDMA/nwk/src/nwkDataReq.c **** 	}
 133               		.loc 1 101 0
 134 0088 8981      		ldd r24,Y+1
 135 008a 9A81      		ldd r25,Y+2
 136 008c 9093 0000 		sts nwkDataReqQueue+1,r25
 137 0090 8093 0000 		sts nwkDataReqQueue,r24
 138               	.L5:
 139               		.loc 1 103 0
 140 0094 0000      		nop
 141               	/* epilogue start */
 142 0096 0F90      		pop __tmp_reg__
 143 0098 0F90      		pop __tmp_reg__
 144 009a DF91      		pop r29
 145 009c CF91      		pop r28
 146 009e 0895      		ret
 147               		.cfi_endproc
 148               	.LFE67:
 151               	nwkDataReqSendFrame:
 152               	.LFB68:
 104:../../../stack/LwMesh/TDMA/nwk/src/nwkDataReq.c **** 
 105:../../../stack/LwMesh/TDMA/nwk/src/nwkDataReq.c **** /*************************************************************************//**
 106:../../../stack/LwMesh/TDMA/nwk/src/nwkDataReq.c **** *  @brief Prepares and send outgoing frame based on the request @a req
 107:../../../stack/LwMesh/TDMA/nwk/src/nwkDataReq.c **** * parameters
 108:../../../stack/LwMesh/TDMA/nwk/src/nwkDataReq.c **** *  @param[in] req Pointer to the request parameters
 109:../../../stack/LwMesh/TDMA/nwk/src/nwkDataReq.c **** *****************************************************************************/
 110:../../../stack/LwMesh/TDMA/nwk/src/nwkDataReq.c **** static void nwkDataReqSendFrame(NWK_DataReq_t *req)
 111:../../../stack/LwMesh/TDMA/nwk/src/nwkDataReq.c **** {
 153               		.loc 1 111 0
 154               		.cfi_startproc
 155 00a0 CF93      		push r28
 156               	.LCFI7:
 157               		.cfi_def_cfa_offset 3
 158               		.cfi_offset 28, -2
 159 00a2 DF93      		push r29
 160               	.LCFI8:
 161               		.cfi_def_cfa_offset 4
 162               		.cfi_offset 29, -3
 163 00a4 00D0      		rcall .
 164 00a6 00D0      		rcall .
 165 00a8 00D0      		rcall .
 166               	.LCFI9:
 167               		.cfi_def_cfa_offset 10
 168 00aa CDB7      		in r28,__SP_L__
 169 00ac DEB7      		in r29,__SP_H__
 170               	.LCFI10:
 171               		.cfi_def_cfa_register 28
 172               	/* prologue: function */
 173               	/* frame size = 6 */
 174               	/* stack size = 8 */
 175               	.L__stack_usage = 8
 176 00ae 9E83      		std Y+6,r25
 177 00b0 8D83      		std Y+5,r24
 112:../../../stack/LwMesh/TDMA/nwk/src/nwkDataReq.c **** 	NwkFrame_t *frame;
 113:../../../stack/LwMesh/TDMA/nwk/src/nwkDataReq.c **** 	if(req->options < NWK_OPT_LLDN_BEACON ) // use original frame allocation
 178               		.loc 1 113 0
 179 00b2 8D81      		ldd r24,Y+5
 180 00b4 9E81      		ldd r25,Y+6
 181 00b6 FC01      		movw r30,r24
 182 00b8 8185      		ldd r24,Z+9
 183 00ba 9285      		ldd r25,Z+10
 184 00bc 8034      		cpi r24,64
 185 00be 9105      		cpc r25,__zero_reg__
 186 00c0 00F4      		brsh .L7
 114:../../../stack/LwMesh/TDMA/nwk/src/nwkDataReq.c **** 	{																			 	// this is not optimezed for
 115:../../../stack/LwMesh/TDMA/nwk/src/nwkDataReq.c **** 		if(NULL == (frame = nwkFrameAlloc()))	// NWK_OPT_BEACON
 187               		.loc 1 115 0
 188 00c2 0E94 0000 		call nwkFrameAlloc
 189 00c6 9A83      		std Y+2,r25
 190 00c8 8983      		std Y+1,r24
 191 00ca 8981      		ldd r24,Y+1
 192 00cc 9A81      		ldd r25,Y+2
 193 00ce 892B      		or r24,r25
 194 00d0 01F4      		brne .L8
 116:../../../stack/LwMesh/TDMA/nwk/src/nwkDataReq.c **** 		{
 117:../../../stack/LwMesh/TDMA/nwk/src/nwkDataReq.c **** 			req->state = NWK_DATA_REQ_STATE_CONFIRM;
 195               		.loc 1 117 0
 196 00d2 8D81      		ldd r24,Y+5
 197 00d4 9E81      		ldd r25,Y+6
 198 00d6 22E0      		ldi r18,lo8(2)
 199 00d8 FC01      		movw r30,r24
 200 00da 2483      		std Z+4,r18
 118:../../../stack/LwMesh/TDMA/nwk/src/nwkDataReq.c **** 			req->status = NWK_OUT_OF_MEMORY_STATUS;
 201               		.loc 1 118 0
 202 00dc 8D81      		ldd r24,Y+5
 203 00de 9E81      		ldd r25,Y+6
 204 00e0 22E0      		ldi r18,lo8(2)
 205 00e2 FC01      		movw r30,r24
 206 00e4 228B      		std Z+18,r18
 119:../../../stack/LwMesh/TDMA/nwk/src/nwkDataReq.c **** 			return;
 207               		.loc 1 119 0
 208 00e6 00C0      		rjmp .L6
 209               	.L7:
 120:../../../stack/LwMesh/TDMA/nwk/src/nwkDataReq.c **** 		}
 121:../../../stack/LwMesh/TDMA/nwk/src/nwkDataReq.c **** 	}	else {		// use LLDN allocation, alocattes depending on header size
 122:../../../stack/LwMesh/TDMA/nwk/src/nwkDataReq.c **** 		if( NULL == (frame = ((req->options & NWK_OPT_LLDN_BEACON) ? nwkFrameAlloc_LLDN(true) : nwkFrameA
 210               		.loc 1 122 0
 211 00e8 8D81      		ldd r24,Y+5
 212 00ea 9E81      		ldd r25,Y+6
 213 00ec FC01      		movw r30,r24
 214 00ee 8185      		ldd r24,Z+9
 215 00f0 9285      		ldd r25,Z+10
 216 00f2 8074      		andi r24,64
 217 00f4 9927      		clr r25
 218 00f6 892B      		or r24,r25
 219 00f8 01F0      		breq .L10
 220               		.loc 1 122 0 is_stmt 0 discriminator 1
 221 00fa 81E0      		ldi r24,lo8(1)
 222 00fc 0E94 0000 		call nwkFrameAlloc_LLDN
 223 0100 00C0      		rjmp .L11
 224               	.L10:
 225               		.loc 1 122 0 discriminator 2
 226 0102 80E0      		ldi r24,0
 227 0104 0E94 0000 		call nwkFrameAlloc_LLDN
 228               	.L11:
 229               		.loc 1 122 0 discriminator 4
 230 0108 9A83      		std Y+2,r25
 231 010a 8983      		std Y+1,r24
 232 010c 8981      		ldd r24,Y+1
 233 010e 9A81      		ldd r25,Y+2
 234 0110 892B      		or r24,r25
 235 0112 01F4      		brne .L8
 123:../../../stack/LwMesh/TDMA/nwk/src/nwkDataReq.c **** 		{
 124:../../../stack/LwMesh/TDMA/nwk/src/nwkDataReq.c **** 			// if there isn't space avaible in frame buffer queue, requested message
 125:../../../stack/LwMesh/TDMA/nwk/src/nwkDataReq.c **** 			// can't be process
 126:../../../stack/LwMesh/TDMA/nwk/src/nwkDataReq.c **** 			req->state = NWK_DATA_REQ_STATE_CONFIRM;
 236               		.loc 1 126 0 is_stmt 1
 237 0114 8D81      		ldd r24,Y+5
 238 0116 9E81      		ldd r25,Y+6
 239 0118 22E0      		ldi r18,lo8(2)
 240 011a FC01      		movw r30,r24
 241 011c 2483      		std Z+4,r18
 127:../../../stack/LwMesh/TDMA/nwk/src/nwkDataReq.c **** 			req->status = NWK_OUT_OF_MEMORY_STATUS;
 242               		.loc 1 127 0
 243 011e 8D81      		ldd r24,Y+5
 244 0120 9E81      		ldd r25,Y+6
 245 0122 22E0      		ldi r18,lo8(2)
 246 0124 FC01      		movw r30,r24
 247 0126 228B      		std Z+18,r18
 128:../../../stack/LwMesh/TDMA/nwk/src/nwkDataReq.c **** 			return;
 248               		.loc 1 128 0
 249 0128 00C0      		rjmp .L6
 250               	.L8:
 129:../../../stack/LwMesh/TDMA/nwk/src/nwkDataReq.c **** 		}
 130:../../../stack/LwMesh/TDMA/nwk/src/nwkDataReq.c **** 	}
 131:../../../stack/LwMesh/TDMA/nwk/src/nwkDataReq.c **** 
 132:../../../stack/LwMesh/TDMA/nwk/src/nwkDataReq.c **** 	if(req->options & NWK_OPT_LLDN_BEACON)
 251               		.loc 1 132 0
 252 012a 8D81      		ldd r24,Y+5
 253 012c 9E81      		ldd r25,Y+6
 254 012e FC01      		movw r30,r24
 255 0130 8185      		ldd r24,Z+9
 256 0132 9285      		ldd r25,Z+10
 257 0134 8074      		andi r24,64
 258 0136 9927      		clr r25
 259 0138 892B      		or r24,r25
 260 013a 01F4      		brne .+2
 261 013c 00C0      		rjmp .L12
 133:../../../stack/LwMesh/TDMA/nwk/src/nwkDataReq.c **** 	{
 134:../../../stack/LwMesh/TDMA/nwk/src/nwkDataReq.c **** 		nwkTxBeaconFrameLLDN(frame);
 262               		.loc 1 134 0
 263 013e 8981      		ldd r24,Y+1
 264 0140 9A81      		ldd r25,Y+2
 265 0142 0E94 0000 		call nwkTxBeaconFrameLLDN
 135:../../../stack/LwMesh/TDMA/nwk/src/nwkDataReq.c **** 		frame->tx.control = 0;
 266               		.loc 1 135 0
 267 0146 8981      		ldd r24,Y+1
 268 0148 9A81      		ldd r25,Y+2
 269 014a 8A57      		subi r24,122
 270 014c 9F4F      		sbci r25,-1
 271 014e FC01      		movw r30,r24
 272 0150 1082      		st Z,__zero_reg__
 136:../../../stack/LwMesh/TDMA/nwk/src/nwkDataReq.c **** 		// Set Flag depending on current state of coordinator
 137:../../../stack/LwMesh/TDMA/nwk/src/nwkDataReq.c **** 		if (req->options & NWK_OPT_ONLINE_STATE)
 273               		.loc 1 137 0
 274 0152 8D81      		ldd r24,Y+5
 275 0154 9E81      		ldd r25,Y+6
 276 0156 FC01      		movw r30,r24
 277 0158 8185      		ldd r24,Z+9
 278 015a 9285      		ldd r25,Z+10
 279 015c 8078      		andi r24,128
 280 015e 9927      		clr r25
 281 0160 892B      		or r24,r25
 282 0162 01F0      		breq .L13
 138:../../../stack/LwMesh/TDMA/nwk/src/nwkDataReq.c **** 		{
 139:../../../stack/LwMesh/TDMA/nwk/src/nwkDataReq.c **** 			if(macLLDNRetransmitTS > 0)
 283               		.loc 1 139 0
 284 0164 8091 0000 		lds r24,macLLDNRetransmitTS
 285 0168 9091 0000 		lds r25,macLLDNRetransmitTS+1
 286 016c 1816      		cp __zero_reg__,r24
 287 016e 1906      		cpc __zero_reg__,r25
 288 0170 04F4      		brge .L14
 140:../../../stack/LwMesh/TDMA/nwk/src/nwkDataReq.c **** 			{
 141:../../../stack/LwMesh/TDMA/nwk/src/nwkDataReq.c **** 				memcpy(frame->payload, req->data, req->size);
 289               		.loc 1 141 0
 290 0172 8D81      		ldd r24,Y+5
 291 0174 9E81      		ldd r25,Y+6
 292 0176 FC01      		movw r30,r24
 293 0178 8785      		ldd r24,Z+15
 294 017a 482F      		mov r20,r24
 295 017c 50E0      		ldi r21,0
 296 017e 8D81      		ldd r24,Y+5
 297 0180 9E81      		ldd r25,Y+6
 298 0182 FC01      		movw r30,r24
 299 0184 2585      		ldd r18,Z+13
 300 0186 3685      		ldd r19,Z+14
 301 0188 8981      		ldd r24,Y+1
 302 018a 9A81      		ldd r25,Y+2
 303 018c 8F57      		subi r24,127
 304 018e 9F4F      		sbci r25,-1
 305 0190 FC01      		movw r30,r24
 306 0192 8081      		ld r24,Z
 307 0194 9181      		ldd r25,Z+1
 308 0196 B901      		movw r22,r18
 309 0198 0E94 0000 		call memcpy
 142:../../../stack/LwMesh/TDMA/nwk/src/nwkDataReq.c **** 				frame->size += req->size;
 310               		.loc 1 142 0
 311 019c 8981      		ldd r24,Y+1
 312 019e 9A81      		ldd r25,Y+2
 313 01a0 FC01      		movw r30,r24
 314 01a2 2181      		ldd r18,Z+1
 315 01a4 8D81      		ldd r24,Y+5
 316 01a6 9E81      		ldd r25,Y+6
 317 01a8 FC01      		movw r30,r24
 318 01aa 8785      		ldd r24,Z+15
 319 01ac 280F      		add r18,r24
 320 01ae 8981      		ldd r24,Y+1
 321 01b0 9A81      		ldd r25,Y+2
 322 01b2 FC01      		movw r30,r24
 323 01b4 2183      		std Z+1,r18
 324               	.L14:
 143:../../../stack/LwMesh/TDMA/nwk/src/nwkDataReq.c **** 			}
 144:../../../stack/LwMesh/TDMA/nwk/src/nwkDataReq.c **** 			frame->LLbeacon.Flags.txState = 0b000; // online mode
 325               		.loc 1 144 0
 326 01b6 8981      		ldd r24,Y+1
 327 01b8 9A81      		ldd r25,Y+2
 328 01ba FC01      		movw r30,r24
 329 01bc 2581      		ldd r18,Z+5
 330 01be 287F      		andi r18,lo8(-8)
 331 01c0 FC01      		movw r30,r24
 332 01c2 2583      		std Z+5,r18
 333 01c4 00C0      		rjmp .L15
 334               	.L13:
 145:../../../stack/LwMesh/TDMA/nwk/src/nwkDataReq.c **** 		}
 146:../../../stack/LwMesh/TDMA/nwk/src/nwkDataReq.c **** 		else if (req->options & NWK_OPT_DISCOVERY_STATE)
 335               		.loc 1 146 0
 336 01c6 8D81      		ldd r24,Y+5
 337 01c8 9E81      		ldd r25,Y+6
 338 01ca FC01      		movw r30,r24
 339 01cc 8185      		ldd r24,Z+9
 340 01ce 9285      		ldd r25,Z+10
 341 01d0 8827      		clr r24
 342 01d2 9170      		andi r25,1
 343 01d4 892B      		or r24,r25
 344 01d6 01F0      		breq .L16
 147:../../../stack/LwMesh/TDMA/nwk/src/nwkDataReq.c **** 			frame->LLbeacon.Flags.txState = 0b100; // discovery mode
 345               		.loc 1 147 0
 346 01d8 8981      		ldd r24,Y+1
 347 01da 9A81      		ldd r25,Y+2
 348 01dc FC01      		movw r30,r24
 349 01de 2581      		ldd r18,Z+5
 350 01e0 287F      		andi r18,lo8(-8)
 351 01e2 2460      		ori r18,lo8(4)
 352 01e4 FC01      		movw r30,r24
 353 01e6 2583      		std Z+5,r18
 354 01e8 00C0      		rjmp .L15
 355               	.L16:
 148:../../../stack/LwMesh/TDMA/nwk/src/nwkDataReq.c **** 		else if (req->options & NWK_OPT_CONFIG_STATE)
 356               		.loc 1 148 0
 357 01ea 8D81      		ldd r24,Y+5
 358 01ec 9E81      		ldd r25,Y+6
 359 01ee FC01      		movw r30,r24
 360 01f0 8185      		ldd r24,Z+9
 361 01f2 9285      		ldd r25,Z+10
 362 01f4 8827      		clr r24
 363 01f6 9270      		andi r25,2
 364 01f8 892B      		or r24,r25
 365 01fa 01F0      		breq .L17
 149:../../../stack/LwMesh/TDMA/nwk/src/nwkDataReq.c **** 			frame->LLbeacon.Flags.txState = 0b110; // configuration mode
 366               		.loc 1 149 0
 367 01fc 8981      		ldd r24,Y+1
 368 01fe 9A81      		ldd r25,Y+2
 369 0200 FC01      		movw r30,r24
 370 0202 2581      		ldd r18,Z+5
 371 0204 287F      		andi r18,lo8(-8)
 372 0206 2660      		ori r18,lo8(6)
 373 0208 FC01      		movw r30,r24
 374 020a 2583      		std Z+5,r18
 375 020c 00C0      		rjmp .L15
 376               	.L17:
 150:../../../stack/LwMesh/TDMA/nwk/src/nwkDataReq.c **** 		else if (req->options & NWK_OPT_RESET_STATE)
 377               		.loc 1 150 0
 378 020e 8D81      		ldd r24,Y+5
 379 0210 9E81      		ldd r25,Y+6
 380 0212 FC01      		movw r30,r24
 381 0214 8185      		ldd r24,Z+9
 382 0216 9285      		ldd r25,Z+10
 383 0218 8827      		clr r24
 384 021a 9470      		andi r25,4
 385 021c 892B      		or r24,r25
 386 021e 01F0      		breq .L15
 151:../../../stack/LwMesh/TDMA/nwk/src/nwkDataReq.c **** 			frame->LLbeacon.Flags.txState = 0b111; // full reset mode
 387               		.loc 1 151 0
 388 0220 8981      		ldd r24,Y+1
 389 0222 9A81      		ldd r25,Y+2
 390 0224 FC01      		movw r30,r24
 391 0226 2581      		ldd r18,Z+5
 392 0228 2760      		ori r18,lo8(7)
 393 022a FC01      		movw r30,r24
 394 022c 2583      		std Z+5,r18
 395               	.L15:
 152:../../../stack/LwMesh/TDMA/nwk/src/nwkDataReq.c **** 
 153:../../../stack/LwMesh/TDMA/nwk/src/nwkDataReq.c **** 		// set biderectional time slots: 0 - downlink 1 - uplink
 154:../../../stack/LwMesh/TDMA/nwk/src/nwkDataReq.c **** 		frame->LLbeacon.Flags.txDir 	= 0b0;
 396               		.loc 1 154 0
 397 022e 8981      		ldd r24,Y+1
 398 0230 9A81      		ldd r25,Y+2
 399 0232 FC01      		movw r30,r24
 400 0234 2581      		ldd r18,Z+5
 401 0236 277F      		andi r18,lo8(-9)
 402 0238 FC01      		movw r30,r24
 403 023a 2583      		std Z+5,r18
 155:../../../stack/LwMesh/TDMA/nwk/src/nwkDataReq.c **** 		frame->LLbeacon.Flags.reserved 	= 0b0;
 404               		.loc 1 155 0
 405 023c 8981      		ldd r24,Y+1
 406 023e 9A81      		ldd r25,Y+2
 407 0240 FC01      		movw r30,r24
 408 0242 2581      		ldd r18,Z+5
 409 0244 2F7E      		andi r18,lo8(-17)
 410 0246 FC01      		movw r30,r24
 411 0248 2583      		std Z+5,r18
 156:../../../stack/LwMesh/TDMA/nwk/src/nwkDataReq.c **** 		// set number of managment timeslots
 157:../../../stack/LwMesh/TDMA/nwk/src/nwkDataReq.c **** 		frame->LLbeacon.Flags.numBaseMgmtTimeslots = ((req->options & NWK_OPT_ONLINE_STATE) ? numBaseTime
 412               		.loc 1 157 0
 413 024a 8981      		ldd r24,Y+1
 414 024c 9A81      		ldd r25,Y+2
 415 024e FC01      		movw r30,r24
 416 0250 2581      		ldd r18,Z+5
 417 0252 2F71      		andi r18,lo8(31)
 418 0254 2064      		ori r18,lo8(64)
 419 0256 FC01      		movw r30,r24
 420 0258 2583      		std Z+5,r18
 158:../../../stack/LwMesh/TDMA/nwk/src/nwkDataReq.c **** 
 159:../../../stack/LwMesh/TDMA/nwk/src/nwkDataReq.c **** 		if (req->options & 	NWK_OPT_SECOND_BEACON)
 421               		.loc 1 159 0
 422 025a 8D81      		ldd r24,Y+5
 423 025c 9E81      		ldd r25,Y+6
 424 025e FC01      		movw r30,r24
 425 0260 8185      		ldd r24,Z+9
 426 0262 9285      		ldd r25,Z+10
 427 0264 8827      		clr r24
 428 0266 9870      		andi r25,8
 429 0268 892B      		or r24,r25
 430 026a 01F0      		breq .L18
 160:../../../stack/LwMesh/TDMA/nwk/src/nwkDataReq.c **** 		 frame->LLbeacon.confSeqNumber = 0x01;
 431               		.loc 1 160 0
 432 026c 8981      		ldd r24,Y+1
 433 026e 9A81      		ldd r25,Y+2
 434 0270 21E0      		ldi r18,lo8(1)
 435 0272 FC01      		movw r30,r24
 436 0274 2783      		std Z+7,r18
 437 0276 00C0      		rjmp .L19
 438               	.L18:
 161:../../../stack/LwMesh/TDMA/nwk/src/nwkDataReq.c **** 		else if (req->options & NWK_OPT_THIRD_BEACON)
 439               		.loc 1 161 0
 440 0278 8D81      		ldd r24,Y+5
 441 027a 9E81      		ldd r25,Y+6
 442 027c FC01      		movw r30,r24
 443 027e 8185      		ldd r24,Z+9
 444 0280 9285      		ldd r25,Z+10
 445 0282 8827      		clr r24
 446 0284 9071      		andi r25,16
 447 0286 892B      		or r24,r25
 448 0288 01F0      		breq .L20
 162:../../../stack/LwMesh/TDMA/nwk/src/nwkDataReq.c **** 			frame->LLbeacon.confSeqNumber = 0x02;
 449               		.loc 1 162 0
 450 028a 8981      		ldd r24,Y+1
 451 028c 9A81      		ldd r25,Y+2
 452 028e 22E0      		ldi r18,lo8(2)
 453 0290 FC01      		movw r30,r24
 454 0292 2783      		std Z+7,r18
 455 0294 00C0      		rjmp .L19
 456               	.L20:
 163:../../../stack/LwMesh/TDMA/nwk/src/nwkDataReq.c **** 		else frame->LLbeacon.confSeqNumber = 0x00;
 457               		.loc 1 163 0
 458 0296 8981      		ldd r24,Y+1
 459 0298 9A81      		ldd r25,Y+2
 460 029a FC01      		movw r30,r24
 461 029c 1782      		std Z+7,__zero_reg__
 462               	.L19:
 164:../../../stack/LwMesh/TDMA/nwk/src/nwkDataReq.c **** 
 165:../../../stack/LwMesh/TDMA/nwk/src/nwkDataReq.c **** 		frame->LLbeacon.TimeSlotSize = n; 
 463               		.loc 1 165 0
 464 029e 2091 0000 		lds r18,n
 465 02a2 8981      		ldd r24,Y+1
 466 02a4 9A81      		ldd r25,Y+2
 467 02a6 FC01      		movw r30,r24
 468 02a8 2087      		std Z+8,r18
 166:../../../stack/LwMesh/TDMA/nwk/src/nwkDataReq.c **** 		frame->LLbeacon.NumberOfBaseTimeslotsinSuperframe = macLLDNnumTimeSlots;
 469               		.loc 1 166 0
 470 02aa 8091 0000 		lds r24,macLLDNnumTimeSlots
 471 02ae 9091 0000 		lds r25,macLLDNnumTimeSlots+1
 472 02b2 282F      		mov r18,r24
 473 02b4 8981      		ldd r24,Y+1
 474 02b6 9A81      		ldd r25,Y+2
 475 02b8 FC01      		movw r30,r24
 476 02ba 2187      		std Z+9,r18
 167:../../../stack/LwMesh/TDMA/nwk/src/nwkDataReq.c **** 		
 168:../../../stack/LwMesh/TDMA/nwk/src/nwkDataReq.c **** 		frame->LLbeacon.PanId = APP_PANID;
 477               		.loc 1 168 0
 478 02bc 8981      		ldd r24,Y+1
 479 02be 9A81      		ldd r25,Y+2
 480 02c0 2EEF      		ldi r18,lo8(-2)
 481 02c2 FC01      		movw r30,r24
 482 02c4 2683      		std Z+6,r18
 483 02c6 00C0      		rjmp .L21
 484               	.L12:
 169:../../../stack/LwMesh/TDMA/nwk/src/nwkDataReq.c **** 		// set Frame Control, Security Header and Sequence Number fields
 170:../../../stack/LwMesh/TDMA/nwk/src/nwkDataReq.c **** 	}
 171:../../../stack/LwMesh/TDMA/nwk/src/nwkDataReq.c **** 	else if(req->options & NWK_OPT_MAC_COMMAND 
 485               		.loc 1 171 0
 486 02c8 8D81      		ldd r24,Y+5
 487 02ca 9E81      		ldd r25,Y+6
 488 02cc FC01      		movw r30,r24
 489 02ce 8185      		ldd r24,Z+9
 490 02d0 9285      		ldd r25,Z+10
 491 02d2 9923      		tst r25
 492 02d4 04F0      		brlt .L22
 172:../../../stack/LwMesh/TDMA/nwk/src/nwkDataReq.c **** 		|| req->options & NWK_OPT_LLDN_DATA
 493               		.loc 1 172 0
 494 02d6 8D81      		ldd r24,Y+5
 495 02d8 9E81      		ldd r25,Y+6
 496 02da FC01      		movw r30,r24
 497 02dc 8185      		ldd r24,Z+9
 498 02de 9285      		ldd r25,Z+10
 499 02e0 8827      		clr r24
 500 02e2 9072      		andi r25,32
 501 02e4 892B      		or r24,r25
 502 02e6 01F4      		brne .L22
 173:../../../stack/LwMesh/TDMA/nwk/src/nwkDataReq.c **** 		|| req->options & NWK_OPT_LLDN_ACK )
 503               		.loc 1 173 0
 504 02e8 8D81      		ldd r24,Y+5
 505 02ea 9E81      		ldd r25,Y+6
 506 02ec FC01      		movw r30,r24
 507 02ee 8185      		ldd r24,Z+9
 508 02f0 9285      		ldd r25,Z+10
 509 02f2 8827      		clr r24
 510 02f4 9074      		andi r25,64
 511 02f6 892B      		or r24,r25
 512 02f8 01F0      		breq .L23
 513               	.L22:
 174:../../../stack/LwMesh/TDMA/nwk/src/nwkDataReq.c **** 	{
 175:../../../stack/LwMesh/TDMA/nwk/src/nwkDataReq.c **** 		nwkTxMacCommandFrameLLDN(frame, req->options);
 514               		.loc 1 175 0
 515 02fa 8D81      		ldd r24,Y+5
 516 02fc 9E81      		ldd r25,Y+6
 517 02fe FC01      		movw r30,r24
 518 0300 2185      		ldd r18,Z+9
 519 0302 3285      		ldd r19,Z+10
 520 0304 8981      		ldd r24,Y+1
 521 0306 9A81      		ldd r25,Y+2
 522 0308 B901      		movw r22,r18
 523 030a 0E94 0000 		call nwkTxMacCommandFrameLLDN
 176:../../../stack/LwMesh/TDMA/nwk/src/nwkDataReq.c **** 		frame->tx.control = 0;
 524               		.loc 1 176 0
 525 030e 8981      		ldd r24,Y+1
 526 0310 9A81      		ldd r25,Y+2
 527 0312 8A57      		subi r24,122
 528 0314 9F4F      		sbci r25,-1
 529 0316 FC01      		movw r30,r24
 530 0318 1082      		st Z,__zero_reg__
 177:../../../stack/LwMesh/TDMA/nwk/src/nwkDataReq.c **** 		memcpy(frame->payload, req->data, req->size);
 531               		.loc 1 177 0
 532 031a 8D81      		ldd r24,Y+5
 533 031c 9E81      		ldd r25,Y+6
 534 031e FC01      		movw r30,r24
 535 0320 8785      		ldd r24,Z+15
 536 0322 482F      		mov r20,r24
 537 0324 50E0      		ldi r21,0
 538 0326 8D81      		ldd r24,Y+5
 539 0328 9E81      		ldd r25,Y+6
 540 032a FC01      		movw r30,r24
 541 032c 2585      		ldd r18,Z+13
 542 032e 3685      		ldd r19,Z+14
 543 0330 8981      		ldd r24,Y+1
 544 0332 9A81      		ldd r25,Y+2
 545 0334 8F57      		subi r24,127
 546 0336 9F4F      		sbci r25,-1
 547 0338 FC01      		movw r30,r24
 548 033a 8081      		ld r24,Z
 549 033c 9181      		ldd r25,Z+1
 550 033e B901      		movw r22,r18
 551 0340 0E94 0000 		call memcpy
 178:../../../stack/LwMesh/TDMA/nwk/src/nwkDataReq.c **** 		frame->size += req->size;
 552               		.loc 1 178 0
 553 0344 8981      		ldd r24,Y+1
 554 0346 9A81      		ldd r25,Y+2
 555 0348 FC01      		movw r30,r24
 556 034a 2181      		ldd r18,Z+1
 557 034c 8D81      		ldd r24,Y+5
 558 034e 9E81      		ldd r25,Y+6
 559 0350 FC01      		movw r30,r24
 560 0352 8785      		ldd r24,Z+15
 561 0354 280F      		add r18,r24
 562 0356 8981      		ldd r24,Y+1
 563 0358 9A81      		ldd r25,Y+2
 564 035a FC01      		movw r30,r24
 565 035c 2183      		std Z+1,r18
 566 035e 00C0      		rjmp .L21
 567               	.L23:
 179:../../../stack/LwMesh/TDMA/nwk/src/nwkDataReq.c **** 	}
 180:../../../stack/LwMesh/TDMA/nwk/src/nwkDataReq.c **** 	else if(req->options & NWK_OPT_BEACON )
 568               		.loc 1 180 0
 569 0360 8D81      		ldd r24,Y+5
 570 0362 9E81      		ldd r25,Y+6
 571 0364 FC01      		movw r30,r24
 572 0366 8185      		ldd r24,Z+9
 573 0368 9285      		ldd r25,Z+10
 574 036a 8072      		andi r24,32
 575 036c 9927      		clr r25
 576 036e 892B      		or r24,r25
 577 0370 01F4      		brne .+2
 578 0372 00C0      		rjmp .L24
 181:../../../stack/LwMesh/TDMA/nwk/src/nwkDataReq.c **** 	{
 182:../../../stack/LwMesh/TDMA/nwk/src/nwkDataReq.c **** 		frame->tx.control = 0;
 579               		.loc 1 182 0
 580 0374 8981      		ldd r24,Y+1
 581 0376 9A81      		ldd r25,Y+2
 582 0378 8A57      		subi r24,122
 583 037a 9F4F      		sbci r25,-1
 584 037c FC01      		movw r30,r24
 585 037e 1082      		st Z,__zero_reg__
 183:../../../stack/LwMesh/TDMA/nwk/src/nwkDataReq.c **** 
 184:../../../stack/LwMesh/TDMA/nwk/src/nwkDataReq.c **** 		frame->beacon.macSFS.beaconOrder = BI_COEF;
 586               		.loc 1 184 0
 587 0380 8981      		ldd r24,Y+1
 588 0382 9A81      		ldd r25,Y+2
 589 0384 FC01      		movw r30,r24
 590 0386 2185      		ldd r18,Z+9
 591 0388 207F      		andi r18,lo8(-16)
 592 038a 2860      		ori r18,lo8(8)
 593 038c FC01      		movw r30,r24
 594 038e 2187      		std Z+9,r18
 185:../../../stack/LwMesh/TDMA/nwk/src/nwkDataReq.c **** 		frame->beacon.macSFS.superframeOrder = SD_COEF;
 595               		.loc 1 185 0
 596 0390 8981      		ldd r24,Y+1
 597 0392 9A81      		ldd r25,Y+2
 598 0394 FC01      		movw r30,r24
 599 0396 2185      		ldd r18,Z+9
 600 0398 2F70      		andi r18,lo8(15)
 601 039a 2066      		ori r18,lo8(96)
 602 039c FC01      		movw r30,r24
 603 039e 2187      		std Z+9,r18
 186:../../../stack/LwMesh/TDMA/nwk/src/nwkDataReq.c **** 		frame->beacon.macSFS.finalCAPslot = FINAL_CAP_SLOT;
 604               		.loc 1 186 0
 605 03a0 8981      		ldd r24,Y+1
 606 03a2 9A81      		ldd r25,Y+2
 607 03a4 FC01      		movw r30,r24
 608 03a6 2285      		ldd r18,Z+10
 609 03a8 207F      		andi r18,lo8(-16)
 610 03aa 2160      		ori r18,lo8(1)
 611 03ac FC01      		movw r30,r24
 612 03ae 2287      		std Z+10,r18
 187:../../../stack/LwMesh/TDMA/nwk/src/nwkDataReq.c **** 		frame->beacon.macSFS.BatteryLifeExtension = TDMA_BATTERY_EXTENSION;
 613               		.loc 1 187 0
 614 03b0 8981      		ldd r24,Y+1
 615 03b2 9A81      		ldd r25,Y+2
 616 03b4 FC01      		movw r30,r24
 617 03b6 2285      		ldd r18,Z+10
 618 03b8 2061      		ori r18,lo8(16)
 619 03ba FC01      		movw r30,r24
 620 03bc 2287      		std Z+10,r18
 188:../../../stack/LwMesh/TDMA/nwk/src/nwkDataReq.c **** 		frame->beacon.macSFS.PANCoordinator = 1;
 621               		.loc 1 188 0
 622 03be 8981      		ldd r24,Y+1
 623 03c0 9A81      		ldd r25,Y+2
 624 03c2 FC01      		movw r30,r24
 625 03c4 2285      		ldd r18,Z+10
 626 03c6 2064      		ori r18,lo8(64)
 627 03c8 FC01      		movw r30,r24
 628 03ca 2287      		std Z+10,r18
 189:../../../stack/LwMesh/TDMA/nwk/src/nwkDataReq.c **** 		frame->beacon.macSFS.AssociationPermit = 0;
 629               		.loc 1 189 0
 630 03cc 8981      		ldd r24,Y+1
 631 03ce 9A81      		ldd r25,Y+2
 632 03d0 FC01      		movw r30,r24
 633 03d2 2285      		ldd r18,Z+10
 634 03d4 2F77      		andi r18,lo8(127)
 635 03d6 FC01      		movw r30,r24
 636 03d8 2287      		std Z+10,r18
 190:../../../stack/LwMesh/TDMA/nwk/src/nwkDataReq.c **** 
 191:../../../stack/LwMesh/TDMA/nwk/src/nwkDataReq.c **** 		frame->beacon.macGTS = 0;
 637               		.loc 1 191 0
 638 03da 8981      		ldd r24,Y+1
 639 03dc 9A81      		ldd r25,Y+2
 640 03de FC01      		movw r30,r24
 641 03e0 1386      		std Z+11,__zero_reg__
 192:../../../stack/LwMesh/TDMA/nwk/src/nwkDataReq.c **** 		frame->beacon.macPending = 0;
 642               		.loc 1 192 0
 643 03e2 8981      		ldd r24,Y+1
 644 03e4 9A81      		ldd r25,Y+2
 645 03e6 FC01      		movw r30,r24
 646 03e8 1486      		std Z+12,__zero_reg__
 193:../../../stack/LwMesh/TDMA/nwk/src/nwkDataReq.c **** 
 194:../../../stack/LwMesh/TDMA/nwk/src/nwkDataReq.c **** 		memcpy(frame->payload, req->data, req->size);
 647               		.loc 1 194 0
 648 03ea 8D81      		ldd r24,Y+5
 649 03ec 9E81      		ldd r25,Y+6
 650 03ee FC01      		movw r30,r24
 651 03f0 8785      		ldd r24,Z+15
 652 03f2 482F      		mov r20,r24
 653 03f4 50E0      		ldi r21,0
 654 03f6 8D81      		ldd r24,Y+5
 655 03f8 9E81      		ldd r25,Y+6
 656 03fa FC01      		movw r30,r24
 657 03fc 2585      		ldd r18,Z+13
 658 03fe 3685      		ldd r19,Z+14
 659 0400 8981      		ldd r24,Y+1
 660 0402 9A81      		ldd r25,Y+2
 661 0404 8F57      		subi r24,127
 662 0406 9F4F      		sbci r25,-1
 663 0408 FC01      		movw r30,r24
 664 040a 8081      		ld r24,Z
 665 040c 9181      		ldd r25,Z+1
 666 040e B901      		movw r22,r18
 667 0410 0E94 0000 		call memcpy
 195:../../../stack/LwMesh/TDMA/nwk/src/nwkDataReq.c **** 		frame->size += req->size;
 668               		.loc 1 195 0
 669 0414 8981      		ldd r24,Y+1
 670 0416 9A81      		ldd r25,Y+2
 671 0418 FC01      		movw r30,r24
 672 041a 2181      		ldd r18,Z+1
 673 041c 8D81      		ldd r24,Y+5
 674 041e 9E81      		ldd r25,Y+6
 675 0420 FC01      		movw r30,r24
 676 0422 8785      		ldd r24,Z+15
 677 0424 280F      		add r18,r24
 678 0426 8981      		ldd r24,Y+1
 679 0428 9A81      		ldd r25,Y+2
 680 042a FC01      		movw r30,r24
 681 042c 2183      		std Z+1,r18
 196:../../../stack/LwMesh/TDMA/nwk/src/nwkDataReq.c **** 
 197:../../../stack/LwMesh/TDMA/nwk/src/nwkDataReq.c **** 		nwkTxBeaconFrame(frame);
 682               		.loc 1 197 0
 683 042e 8981      		ldd r24,Y+1
 684 0430 9A81      		ldd r25,Y+2
 685 0432 0E94 0000 		call nwkTxBeaconFrame
 686 0436 00C0      		rjmp .L21
 687               	.L24:
 198:../../../stack/LwMesh/TDMA/nwk/src/nwkDataReq.c **** 	}
 199:../../../stack/LwMesh/TDMA/nwk/src/nwkDataReq.c **** 	else if(req->options != 0)
 688               		.loc 1 199 0
 689 0438 8D81      		ldd r24,Y+5
 690 043a 9E81      		ldd r25,Y+6
 691 043c FC01      		movw r30,r24
 692 043e 8185      		ldd r24,Z+9
 693 0440 9285      		ldd r25,Z+10
 694 0442 892B      		or r24,r25
 695 0444 01F4      		brne .+2
 696 0446 00C0      		rjmp .L21
 200:../../../stack/LwMesh/TDMA/nwk/src/nwkDataReq.c **** 	{
 201:../../../stack/LwMesh/TDMA/nwk/src/nwkDataReq.c **** 		frame->tx.control = (req->options & NWK_OPT_BROADCAST_PAN_ID) ? NWK_TX_CONTROL_BROADCAST_PAN_ID :
 697               		.loc 1 201 0
 698 0448 8D81      		ldd r24,Y+5
 699 044a 9E81      		ldd r25,Y+6
 700 044c FC01      		movw r30,r24
 701 044e 8185      		ldd r24,Z+9
 702 0450 9285      		ldd r25,Z+10
 703 0452 8470      		andi r24,4
 704 0454 9927      		clr r25
 705 0456 21E0      		ldi r18,lo8(1)
 706 0458 892B      		or r24,r25
 707 045a 01F4      		brne .L25
 708 045c 20E0      		ldi r18,0
 709               	.L25:
 710 045e 8981      		ldd r24,Y+1
 711 0460 9A81      		ldd r25,Y+2
 712 0462 8A57      		subi r24,122
 713 0464 9F4F      		sbci r25,-1
 714 0466 FC01      		movw r30,r24
 715 0468 2083      		st Z,r18
 202:../../../stack/LwMesh/TDMA/nwk/src/nwkDataReq.c **** 
 203:../../../stack/LwMesh/TDMA/nwk/src/nwkDataReq.c **** 		frame->header.nwkFcf.ackRequest = (req->options & NWK_OPT_ACK_REQUEST) ? 1 : 0;
 716               		.loc 1 203 0
 717 046a 8D81      		ldd r24,Y+5
 718 046c 9E81      		ldd r25,Y+6
 719 046e FC01      		movw r30,r24
 720 0470 8185      		ldd r24,Z+9
 721 0472 9285      		ldd r25,Z+10
 722 0474 8170      		andi r24,1
 723 0476 9927      		clr r25
 724 0478 21E0      		ldi r18,lo8(1)
 725 047a 892B      		or r24,r25
 726 047c 01F4      		brne .L26
 727 047e 20E0      		ldi r18,0
 728               	.L26:
 729 0480 8981      		ldd r24,Y+1
 730 0482 9A81      		ldd r25,Y+2
 731 0484 2170      		andi r18,lo8(1)
 732 0486 FC01      		movw r30,r24
 733 0488 3385      		ldd r19,Z+11
 734 048a 3E7F      		andi r19,lo8(-2)
 735 048c 232B      		or r18,r19
 736 048e FC01      		movw r30,r24
 737 0490 2387      		std Z+11,r18
 204:../../../stack/LwMesh/TDMA/nwk/src/nwkDataReq.c **** 		frame->header.nwkFcf.linkLocal = (req->options & NWK_OPT_LINK_LOCAL) ? 1 : 0;
 738               		.loc 1 204 0
 739 0492 8D81      		ldd r24,Y+5
 740 0494 9E81      		ldd r25,Y+6
 741 0496 FC01      		movw r30,r24
 742 0498 8185      		ldd r24,Z+9
 743 049a 9285      		ldd r25,Z+10
 744 049c 8870      		andi r24,8
 745 049e 9927      		clr r25
 746 04a0 21E0      		ldi r18,lo8(1)
 747 04a2 892B      		or r24,r25
 748 04a4 01F4      		brne .L27
 749 04a6 20E0      		ldi r18,0
 750               	.L27:
 751 04a8 8981      		ldd r24,Y+1
 752 04aa 9A81      		ldd r25,Y+2
 753 04ac 2170      		andi r18,lo8(1)
 754 04ae 220F      		lsl r18
 755 04b0 220F      		lsl r18
 756 04b2 FC01      		movw r30,r24
 757 04b4 3385      		ldd r19,Z+11
 758 04b6 3B7F      		andi r19,lo8(-5)
 759 04b8 232B      		or r18,r19
 760 04ba FC01      		movw r30,r24
 761 04bc 2387      		std Z+11,r18
 205:../../../stack/LwMesh/TDMA/nwk/src/nwkDataReq.c **** 		frame->header.nwkFcf.beacon = (req->options & NWK_OPT_BEACON) ? 1 : 0;
 762               		.loc 1 205 0
 763 04be 8D81      		ldd r24,Y+5
 764 04c0 9E81      		ldd r25,Y+6
 765 04c2 FC01      		movw r30,r24
 766 04c4 8185      		ldd r24,Z+9
 767 04c6 9285      		ldd r25,Z+10
 768 04c8 8072      		andi r24,32
 769 04ca 9927      		clr r25
 770 04cc 21E0      		ldi r18,lo8(1)
 771 04ce 892B      		or r24,r25
 772 04d0 01F4      		brne .L28
 773 04d2 20E0      		ldi r18,0
 774               	.L28:
 775 04d4 8981      		ldd r24,Y+1
 776 04d6 9A81      		ldd r25,Y+2
 777 04d8 2170      		andi r18,lo8(1)
 778 04da 2295      		swap r18
 779 04dc 207F      		andi r18,lo8(-16)
 780 04de FC01      		movw r30,r24
 781 04e0 3385      		ldd r19,Z+11
 782 04e2 3F7E      		andi r19,lo8(-17)
 783 04e4 232B      		or r18,r19
 784 04e6 FC01      		movw r30,r24
 785 04e8 2387      		std Z+11,r18
 206:../../../stack/LwMesh/TDMA/nwk/src/nwkDataReq.c **** 
 207:../../../stack/LwMesh/TDMA/nwk/src/nwkDataReq.c **** #ifdef NWK_ENABLE_SECURITY
 208:../../../stack/LwMesh/TDMA/nwk/src/nwkDataReq.c **** 		frame->header.nwkFcf.security = (req->options & NWK_OPT_ENABLE_SECURITY) ? 1 : 0;
 209:../../../stack/LwMesh/TDMA/nwk/src/nwkDataReq.c **** #endif
 210:../../../stack/LwMesh/TDMA/nwk/src/nwkDataReq.c **** 
 211:../../../stack/LwMesh/TDMA/nwk/src/nwkDataReq.c **** #ifdef NWK_ENABLE_MULTICAST
 212:../../../stack/LwMesh/TDMA/nwk/src/nwkDataReq.c **** 		frame->header.nwkFcf.multicast = (req->options & NWK_OPT_MULTICAST) ? 1 : 0;
 786               		.loc 1 212 0
 787 04ea 8D81      		ldd r24,Y+5
 788 04ec 9E81      		ldd r25,Y+6
 789 04ee FC01      		movw r30,r24
 790 04f0 8185      		ldd r24,Z+9
 791 04f2 9285      		ldd r25,Z+10
 792 04f4 8071      		andi r24,16
 793 04f6 9927      		clr r25
 794 04f8 21E0      		ldi r18,lo8(1)
 795 04fa 892B      		or r24,r25
 796 04fc 01F4      		brne .L29
 797 04fe 20E0      		ldi r18,0
 798               	.L29:
 799 0500 8981      		ldd r24,Y+1
 800 0502 9A81      		ldd r25,Y+2
 801 0504 2170      		andi r18,lo8(1)
 802 0506 220F      		lsl r18
 803 0508 220F      		lsl r18
 804 050a 220F      		lsl r18
 805 050c FC01      		movw r30,r24
 806 050e 3385      		ldd r19,Z+11
 807 0510 377F      		andi r19,lo8(-9)
 808 0512 232B      		or r18,r19
 809 0514 FC01      		movw r30,r24
 810 0516 2387      		std Z+11,r18
 213:../../../stack/LwMesh/TDMA/nwk/src/nwkDataReq.c **** 
 214:../../../stack/LwMesh/TDMA/nwk/src/nwkDataReq.c **** 		if(frame->header.nwkFcf.multicast)
 811               		.loc 1 214 0
 812 0518 8981      		ldd r24,Y+1
 813 051a 9A81      		ldd r25,Y+2
 814 051c FC01      		movw r30,r24
 815 051e 8385      		ldd r24,Z+11
 816 0520 8870      		andi r24,lo8(8)
 817 0522 8823      		tst r24
 818 0524 01F4      		brne .+2
 819 0526 00C0      		rjmp .L30
 820               	.LBB2:
 215:../../../stack/LwMesh/TDMA/nwk/src/nwkDataReq.c **** 		{
 216:../../../stack/LwMesh/TDMA/nwk/src/nwkDataReq.c **** 			NwkFrameMulticastHeader_t *mcHeader = (NwkFrameMulticastHeader_t *)frame->payload;
 821               		.loc 1 216 0
 822 0528 8981      		ldd r24,Y+1
 823 052a 9A81      		ldd r25,Y+2
 824 052c 8F57      		subi r24,127
 825 052e 9F4F      		sbci r25,-1
 826 0530 FC01      		movw r30,r24
 827 0532 8081      		ld r24,Z
 828 0534 9181      		ldd r25,Z+1
 829 0536 9C83      		std Y+4,r25
 830 0538 8B83      		std Y+3,r24
 217:../../../stack/LwMesh/TDMA/nwk/src/nwkDataReq.c **** 
 218:../../../stack/LwMesh/TDMA/nwk/src/nwkDataReq.c **** 			mcHeader->memberRadius = req->memberRadius;
 831               		.loc 1 218 0
 832 053a 8D81      		ldd r24,Y+5
 833 053c 9E81      		ldd r25,Y+6
 834 053e FC01      		movw r30,r24
 835 0540 8385      		ldd r24,Z+11
 836 0542 282F      		mov r18,r24
 837 0544 2F70      		andi r18,lo8(15)
 838 0546 8B81      		ldd r24,Y+3
 839 0548 9C81      		ldd r25,Y+4
 840 054a 2F70      		andi r18,lo8(15)
 841 054c FC01      		movw r30,r24
 842 054e 3181      		ldd r19,Z+1
 843 0550 307F      		andi r19,lo8(-16)
 844 0552 232B      		or r18,r19
 845 0554 FC01      		movw r30,r24
 846 0556 2183      		std Z+1,r18
 219:../../../stack/LwMesh/TDMA/nwk/src/nwkDataReq.c **** 			mcHeader->maxMemberRadius = req->memberRadius;
 847               		.loc 1 219 0
 848 0558 8D81      		ldd r24,Y+5
 849 055a 9E81      		ldd r25,Y+6
 850 055c FC01      		movw r30,r24
 851 055e 8385      		ldd r24,Z+11
 852 0560 282F      		mov r18,r24
 853 0562 2F70      		andi r18,lo8(15)
 854 0564 8B81      		ldd r24,Y+3
 855 0566 9C81      		ldd r25,Y+4
 856 0568 2295      		swap r18
 857 056a 207F      		andi r18,lo8(-16)
 858 056c FC01      		movw r30,r24
 859 056e 3181      		ldd r19,Z+1
 860 0570 3F70      		andi r19,lo8(15)
 861 0572 232B      		or r18,r19
 862 0574 FC01      		movw r30,r24
 863 0576 2183      		std Z+1,r18
 220:../../../stack/LwMesh/TDMA/nwk/src/nwkDataReq.c **** 			mcHeader->nonMemberRadius = req->nonMemberRadius;
 864               		.loc 1 220 0
 865 0578 8D81      		ldd r24,Y+5
 866 057a 9E81      		ldd r25,Y+6
 867 057c FC01      		movw r30,r24
 868 057e 8485      		ldd r24,Z+12
 869 0580 282F      		mov r18,r24
 870 0582 2F70      		andi r18,lo8(15)
 871 0584 8B81      		ldd r24,Y+3
 872 0586 9C81      		ldd r25,Y+4
 873 0588 2F70      		andi r18,lo8(15)
 874 058a FC01      		movw r30,r24
 875 058c 3081      		ld r19,Z
 876 058e 307F      		andi r19,lo8(-16)
 877 0590 232B      		or r18,r19
 878 0592 FC01      		movw r30,r24
 879 0594 2083      		st Z,r18
 221:../../../stack/LwMesh/TDMA/nwk/src/nwkDataReq.c **** 			mcHeader->maxNonMemberRadius = req->nonMemberRadius;
 880               		.loc 1 221 0
 881 0596 8D81      		ldd r24,Y+5
 882 0598 9E81      		ldd r25,Y+6
 883 059a FC01      		movw r30,r24
 884 059c 8485      		ldd r24,Z+12
 885 059e 282F      		mov r18,r24
 886 05a0 2F70      		andi r18,lo8(15)
 887 05a2 8B81      		ldd r24,Y+3
 888 05a4 9C81      		ldd r25,Y+4
 889 05a6 2295      		swap r18
 890 05a8 207F      		andi r18,lo8(-16)
 891 05aa FC01      		movw r30,r24
 892 05ac 3081      		ld r19,Z
 893 05ae 3F70      		andi r19,lo8(15)
 894 05b0 232B      		or r18,r19
 895 05b2 FC01      		movw r30,r24
 896 05b4 2083      		st Z,r18
 222:../../../stack/LwMesh/TDMA/nwk/src/nwkDataReq.c **** 
 223:../../../stack/LwMesh/TDMA/nwk/src/nwkDataReq.c **** 			frame->payload += sizeof(NwkFrameMulticastHeader_t);
 897               		.loc 1 223 0
 898 05b6 8981      		ldd r24,Y+1
 899 05b8 9A81      		ldd r25,Y+2
 900 05ba 8F57      		subi r24,127
 901 05bc 9F4F      		sbci r25,-1
 902 05be FC01      		movw r30,r24
 903 05c0 8081      		ld r24,Z
 904 05c2 9181      		ldd r25,Z+1
 905 05c4 9C01      		movw r18,r24
 906 05c6 2E5F      		subi r18,-2
 907 05c8 3F4F      		sbci r19,-1
 908 05ca 8981      		ldd r24,Y+1
 909 05cc 9A81      		ldd r25,Y+2
 910 05ce 8F57      		subi r24,127
 911 05d0 9F4F      		sbci r25,-1
 912 05d2 FC01      		movw r30,r24
 913 05d4 3183      		std Z+1,r19
 914 05d6 2083      		st Z,r18
 224:../../../stack/LwMesh/TDMA/nwk/src/nwkDataReq.c **** 			frame->size += sizeof(NwkFrameMulticastHeader_t);
 915               		.loc 1 224 0
 916 05d8 8981      		ldd r24,Y+1
 917 05da 9A81      		ldd r25,Y+2
 918 05dc FC01      		movw r30,r24
 919 05de 8181      		ldd r24,Z+1
 920 05e0 22E0      		ldi r18,lo8(2)
 921 05e2 280F      		add r18,r24
 922 05e4 8981      		ldd r24,Y+1
 923 05e6 9A81      		ldd r25,Y+2
 924 05e8 FC01      		movw r30,r24
 925 05ea 2183      		std Z+1,r18
 926               	.L30:
 927               	.LBE2:
 225:../../../stack/LwMesh/TDMA/nwk/src/nwkDataReq.c **** 		}
 226:../../../stack/LwMesh/TDMA/nwk/src/nwkDataReq.c **** #endif
 227:../../../stack/LwMesh/TDMA/nwk/src/nwkDataReq.c **** 
 228:../../../stack/LwMesh/TDMA/nwk/src/nwkDataReq.c **** 		frame->header.nwkSeq = ++nwkIb.nwkSeqNum;
 928               		.loc 1 228 0
 929 05ec 8091 0000 		lds r24,nwkIb+4
 930 05f0 8F5F      		subi r24,lo8(-(1))
 931 05f2 8093 0000 		sts nwkIb+4,r24
 932 05f6 2091 0000 		lds r18,nwkIb+4
 933 05fa 8981      		ldd r24,Y+1
 934 05fc 9A81      		ldd r25,Y+2
 935 05fe FC01      		movw r30,r24
 936 0600 2487      		std Z+12,r18
 229:../../../stack/LwMesh/TDMA/nwk/src/nwkDataReq.c **** 		frame->header.nwkSrcAddr = nwkIb.addr;
 937               		.loc 1 229 0
 938 0602 2091 0000 		lds r18,nwkIb
 939 0606 3091 0000 		lds r19,nwkIb+1
 940 060a 8981      		ldd r24,Y+1
 941 060c 9A81      		ldd r25,Y+2
 942 060e FC01      		movw r30,r24
 943 0610 3687      		std Z+14,r19
 944 0612 2587      		std Z+13,r18
 230:../../../stack/LwMesh/TDMA/nwk/src/nwkDataReq.c **** 		frame->header.nwkDstAddr = req->dstAddr;
 945               		.loc 1 230 0
 946 0614 8D81      		ldd r24,Y+5
 947 0616 9E81      		ldd r25,Y+6
 948 0618 FC01      		movw r30,r24
 949 061a 2581      		ldd r18,Z+5
 950 061c 3681      		ldd r19,Z+6
 951 061e 8981      		ldd r24,Y+1
 952 0620 9A81      		ldd r25,Y+2
 953 0622 FC01      		movw r30,r24
 954 0624 308B      		std Z+16,r19
 955 0626 2787      		std Z+15,r18
 231:../../../stack/LwMesh/TDMA/nwk/src/nwkDataReq.c **** 		frame->header.nwkSrcEndpoint = req->srcEndpoint;
 956               		.loc 1 231 0
 957 0628 8D81      		ldd r24,Y+5
 958 062a 9E81      		ldd r25,Y+6
 959 062c FC01      		movw r30,r24
 960 062e 8085      		ldd r24,Z+8
 961 0630 282F      		mov r18,r24
 962 0632 2F70      		andi r18,lo8(15)
 963 0634 8981      		ldd r24,Y+1
 964 0636 9A81      		ldd r25,Y+2
 965 0638 2F70      		andi r18,lo8(15)
 966 063a FC01      		movw r30,r24
 967 063c 3189      		ldd r19,Z+17
 968 063e 307F      		andi r19,lo8(-16)
 969 0640 232B      		or r18,r19
 970 0642 FC01      		movw r30,r24
 971 0644 218B      		std Z+17,r18
 232:../../../stack/LwMesh/TDMA/nwk/src/nwkDataReq.c **** 		frame->header.nwkDstEndpoint = req->dstEndpoint;
 972               		.loc 1 232 0
 973 0646 8D81      		ldd r24,Y+5
 974 0648 9E81      		ldd r25,Y+6
 975 064a FC01      		movw r30,r24
 976 064c 8781      		ldd r24,Z+7
 977 064e 282F      		mov r18,r24
 978 0650 2F70      		andi r18,lo8(15)
 979 0652 8981      		ldd r24,Y+1
 980 0654 9A81      		ldd r25,Y+2
 981 0656 2295      		swap r18
 982 0658 207F      		andi r18,lo8(-16)
 983 065a FC01      		movw r30,r24
 984 065c 3189      		ldd r19,Z+17
 985 065e 3F70      		andi r19,lo8(15)
 986 0660 232B      		or r18,r19
 987 0662 FC01      		movw r30,r24
 988 0664 218B      		std Z+17,r18
 233:../../../stack/LwMesh/TDMA/nwk/src/nwkDataReq.c **** 
 234:../../../stack/LwMesh/TDMA/nwk/src/nwkDataReq.c **** 		memcpy(frame->payload, req->data, req->size);
 989               		.loc 1 234 0
 990 0666 8D81      		ldd r24,Y+5
 991 0668 9E81      		ldd r25,Y+6
 992 066a FC01      		movw r30,r24
 993 066c 8785      		ldd r24,Z+15
 994 066e 482F      		mov r20,r24
 995 0670 50E0      		ldi r21,0
 996 0672 8D81      		ldd r24,Y+5
 997 0674 9E81      		ldd r25,Y+6
 998 0676 FC01      		movw r30,r24
 999 0678 2585      		ldd r18,Z+13
 1000 067a 3685      		ldd r19,Z+14
 1001 067c 8981      		ldd r24,Y+1
 1002 067e 9A81      		ldd r25,Y+2
 1003 0680 8F57      		subi r24,127
 1004 0682 9F4F      		sbci r25,-1
 1005 0684 FC01      		movw r30,r24
 1006 0686 8081      		ld r24,Z
 1007 0688 9181      		ldd r25,Z+1
 1008 068a B901      		movw r22,r18
 1009 068c 0E94 0000 		call memcpy
 235:../../../stack/LwMesh/TDMA/nwk/src/nwkDataReq.c **** 		frame->size += req->size;
 1010               		.loc 1 235 0
 1011 0690 8981      		ldd r24,Y+1
 1012 0692 9A81      		ldd r25,Y+2
 1013 0694 FC01      		movw r30,r24
 1014 0696 2181      		ldd r18,Z+1
 1015 0698 8D81      		ldd r24,Y+5
 1016 069a 9E81      		ldd r25,Y+6
 1017 069c FC01      		movw r30,r24
 1018 069e 8785      		ldd r24,Z+15
 1019 06a0 280F      		add r18,r24
 1020 06a2 8981      		ldd r24,Y+1
 1021 06a4 9A81      		ldd r25,Y+2
 1022 06a6 FC01      		movw r30,r24
 1023 06a8 2183      		std Z+1,r18
 236:../../../stack/LwMesh/TDMA/nwk/src/nwkDataReq.c **** 
 237:../../../stack/LwMesh/TDMA/nwk/src/nwkDataReq.c **** 		nwkTxFrame(frame);
 1024               		.loc 1 237 0
 1025 06aa 8981      		ldd r24,Y+1
 1026 06ac 9A81      		ldd r25,Y+2
 1027 06ae 0E94 0000 		call nwkTxFrame
 1028               	.L21:
 238:../../../stack/LwMesh/TDMA/nwk/src/nwkDataReq.c **** 	}
 239:../../../stack/LwMesh/TDMA/nwk/src/nwkDataReq.c **** 	req->frame = frame;
 1029               		.loc 1 239 0
 1030 06b2 8D81      		ldd r24,Y+5
 1031 06b4 9E81      		ldd r25,Y+6
 1032 06b6 2981      		ldd r18,Y+1
 1033 06b8 3A81      		ldd r19,Y+2
 1034 06ba FC01      		movw r30,r24
 1035 06bc 3383      		std Z+3,r19
 1036 06be 2283      		std Z+2,r18
 240:../../../stack/LwMesh/TDMA/nwk/src/nwkDataReq.c **** 	req->state = NWK_DATA_REQ_STATE_WAIT_CONF;
 1037               		.loc 1 240 0
 1038 06c0 8D81      		ldd r24,Y+5
 1039 06c2 9E81      		ldd r25,Y+6
 1040 06c4 21E0      		ldi r18,lo8(1)
 1041 06c6 FC01      		movw r30,r24
 1042 06c8 2483      		std Z+4,r18
 241:../../../stack/LwMesh/TDMA/nwk/src/nwkDataReq.c **** 
 242:../../../stack/LwMesh/TDMA/nwk/src/nwkDataReq.c **** 	frame->tx.confirm = nwkDataReqTxConf;
 1043               		.loc 1 242 0
 1044 06ca 8981      		ldd r24,Y+1
 1045 06cc 9A81      		ldd r25,Y+2
 1046 06ce 8957      		subi r24,121
 1047 06d0 9F4F      		sbci r25,-1
 1048 06d2 20E0      		ldi r18,lo8(gs(nwkDataReqTxConf))
 1049 06d4 30E0      		ldi r19,hi8(gs(nwkDataReqTxConf))
 1050 06d6 FC01      		movw r30,r24
 1051 06d8 3183      		std Z+1,r19
 1052 06da 2083      		st Z,r18
 1053               	.L6:
 1054               	/* epilogue start */
 243:../../../stack/LwMesh/TDMA/nwk/src/nwkDataReq.c **** }
 1055               		.loc 1 243 0
 1056 06dc 2696      		adiw r28,6
 1057 06de 0FB6      		in __tmp_reg__,__SREG__
 1058 06e0 F894      		cli
 1059 06e2 DEBF      		out __SP_H__,r29
 1060 06e4 0FBE      		out __SREG__,__tmp_reg__
 1061 06e6 CDBF      		out __SP_L__,r28
 1062 06e8 DF91      		pop r29
 1063 06ea CF91      		pop r28
 1064 06ec 0895      		ret
 1065               		.cfi_endproc
 1066               	.LFE68:
 1069               	nwkDataReqTxConf:
 1070               	.LFB69:
 244:../../../stack/LwMesh/TDMA/nwk/src/nwkDataReq.c **** 
 245:../../../stack/LwMesh/TDMA/nwk/src/nwkDataReq.c **** /*************************************************************************//**
 246:../../../stack/LwMesh/TDMA/nwk/src/nwkDataReq.c **** *  @brief Frame transmission confirmation handler
 247:../../../stack/LwMesh/TDMA/nwk/src/nwkDataReq.c **** *  @param[in] frame Pointer to the sent frame
 248:../../../stack/LwMesh/TDMA/nwk/src/nwkDataReq.c **** *****************************************************************************/
 249:../../../stack/LwMesh/TDMA/nwk/src/nwkDataReq.c **** static void nwkDataReqTxConf(NwkFrame_t *frame)
 250:../../../stack/LwMesh/TDMA/nwk/src/nwkDataReq.c **** {
 1071               		.loc 1 250 0
 1072               		.cfi_startproc
 1073 06ee CF93      		push r28
 1074               	.LCFI11:
 1075               		.cfi_def_cfa_offset 3
 1076               		.cfi_offset 28, -2
 1077 06f0 DF93      		push r29
 1078               	.LCFI12:
 1079               		.cfi_def_cfa_offset 4
 1080               		.cfi_offset 29, -3
 1081 06f2 00D0      		rcall .
 1082 06f4 00D0      		rcall .
 1083               	.LCFI13:
 1084               		.cfi_def_cfa_offset 8
 1085 06f6 CDB7      		in r28,__SP_L__
 1086 06f8 DEB7      		in r29,__SP_H__
 1087               	.LCFI14:
 1088               		.cfi_def_cfa_register 28
 1089               	/* prologue: function */
 1090               	/* frame size = 4 */
 1091               	/* stack size = 6 */
 1092               	.L__stack_usage = 6
 1093 06fa 9C83      		std Y+4,r25
 1094 06fc 8B83      		std Y+3,r24
 1095               	.LBB3:
 251:../../../stack/LwMesh/TDMA/nwk/src/nwkDataReq.c **** 	for (NWK_DataReq_t *req = nwkDataReqQueue; req; req = req->next) {
 1096               		.loc 1 251 0
 1097 06fe 8091 0000 		lds r24,nwkDataReqQueue
 1098 0702 9091 0000 		lds r25,nwkDataReqQueue+1
 1099 0706 9A83      		std Y+2,r25
 1100 0708 8983      		std Y+1,r24
 1101 070a 00C0      		rjmp .L32
 1102               	.L35:
 252:../../../stack/LwMesh/TDMA/nwk/src/nwkDataReq.c **** 		if (req->frame == frame) {
 1103               		.loc 1 252 0
 1104 070c 8981      		ldd r24,Y+1
 1105 070e 9A81      		ldd r25,Y+2
 1106 0710 FC01      		movw r30,r24
 1107 0712 2281      		ldd r18,Z+2
 1108 0714 3381      		ldd r19,Z+3
 1109 0716 8B81      		ldd r24,Y+3
 1110 0718 9C81      		ldd r25,Y+4
 1111 071a 2817      		cp r18,r24
 1112 071c 3907      		cpc r19,r25
 1113 071e 01F4      		brne .L33
 253:../../../stack/LwMesh/TDMA/nwk/src/nwkDataReq.c **** 			req->status = frame->tx.status;
 1114               		.loc 1 253 0
 1115 0720 8B81      		ldd r24,Y+3
 1116 0722 9C81      		ldd r25,Y+4
 1117 0724 8D57      		subi r24,125
 1118 0726 9F4F      		sbci r25,-1
 1119 0728 FC01      		movw r30,r24
 1120 072a 2081      		ld r18,Z
 1121 072c 8981      		ldd r24,Y+1
 1122 072e 9A81      		ldd r25,Y+2
 1123 0730 FC01      		movw r30,r24
 1124 0732 228B      		std Z+18,r18
 254:../../../stack/LwMesh/TDMA/nwk/src/nwkDataReq.c **** 			req->control = frame->tx.control;
 1125               		.loc 1 254 0
 1126 0734 8B81      		ldd r24,Y+3
 1127 0736 9C81      		ldd r25,Y+4
 1128 0738 8A57      		subi r24,122
 1129 073a 9F4F      		sbci r25,-1
 1130 073c FC01      		movw r30,r24
 1131 073e 2081      		ld r18,Z
 1132 0740 8981      		ldd r24,Y+1
 1133 0742 9A81      		ldd r25,Y+2
 1134 0744 FC01      		movw r30,r24
 1135 0746 238B      		std Z+19,r18
 255:../../../stack/LwMesh/TDMA/nwk/src/nwkDataReq.c **** 			req->state = NWK_DATA_REQ_STATE_CONFIRM;
 1136               		.loc 1 255 0
 1137 0748 8981      		ldd r24,Y+1
 1138 074a 9A81      		ldd r25,Y+2
 1139 074c 22E0      		ldi r18,lo8(2)
 1140 074e FC01      		movw r30,r24
 1141 0750 2483      		std Z+4,r18
 256:../../../stack/LwMesh/TDMA/nwk/src/nwkDataReq.c **** 			break;
 1142               		.loc 1 256 0
 1143 0752 00C0      		rjmp .L34
 1144               	.L33:
 251:../../../stack/LwMesh/TDMA/nwk/src/nwkDataReq.c **** 		if (req->frame == frame) {
 1145               		.loc 1 251 0 discriminator 2
 1146 0754 8981      		ldd r24,Y+1
 1147 0756 9A81      		ldd r25,Y+2
 1148 0758 FC01      		movw r30,r24
 1149 075a 8081      		ld r24,Z
 1150 075c 9181      		ldd r25,Z+1
 1151 075e 9A83      		std Y+2,r25
 1152 0760 8983      		std Y+1,r24
 1153               	.L32:
 251:../../../stack/LwMesh/TDMA/nwk/src/nwkDataReq.c **** 		if (req->frame == frame) {
 1154               		.loc 1 251 0 is_stmt 0 discriminator 1
 1155 0762 8981      		ldd r24,Y+1
 1156 0764 9A81      		ldd r25,Y+2
 1157 0766 892B      		or r24,r25
 1158 0768 01F4      		brne .L35
 1159               	.L34:
 1160               	.LBE3:
 257:../../../stack/LwMesh/TDMA/nwk/src/nwkDataReq.c **** 		}
 258:../../../stack/LwMesh/TDMA/nwk/src/nwkDataReq.c **** 	}
 259:../../../stack/LwMesh/TDMA/nwk/src/nwkDataReq.c **** 	
 260:../../../stack/LwMesh/TDMA/nwk/src/nwkDataReq.c **** 	nwkFrameFree(frame);
 1161               		.loc 1 260 0 is_stmt 1
 1162 076a 8B81      		ldd r24,Y+3
 1163 076c 9C81      		ldd r25,Y+4
 1164 076e 0E94 0000 		call nwkFrameFree
 261:../../../stack/LwMesh/TDMA/nwk/src/nwkDataReq.c **** }
 1165               		.loc 1 261 0
 1166 0772 0000      		nop
 1167               	/* epilogue start */
 1168 0774 0F90      		pop __tmp_reg__
 1169 0776 0F90      		pop __tmp_reg__
 1170 0778 0F90      		pop __tmp_reg__
 1171 077a 0F90      		pop __tmp_reg__
 1172 077c DF91      		pop r29
 1173 077e CF91      		pop r28
 1174 0780 0895      		ret
 1175               		.cfi_endproc
 1176               	.LFE69:
 1179               	nwkDataReqConfirm:
 1180               	.LFB70:
 262:../../../stack/LwMesh/TDMA/nwk/src/nwkDataReq.c **** 
 263:../../../stack/LwMesh/TDMA/nwk/src/nwkDataReq.c **** /*************************************************************************//**
 264:../../../stack/LwMesh/TDMA/nwk/src/nwkDataReq.c **** *  @brief Confirms request @req to the application and remove it from the queue
 265:../../../stack/LwMesh/TDMA/nwk/src/nwkDataReq.c **** *  @param[in] req Pointer to the request parameters
 266:../../../stack/LwMesh/TDMA/nwk/src/nwkDataReq.c **** *****************************************************************************/
 267:../../../stack/LwMesh/TDMA/nwk/src/nwkDataReq.c **** static void nwkDataReqConfirm(NWK_DataReq_t *req)
 268:../../../stack/LwMesh/TDMA/nwk/src/nwkDataReq.c **** {
 1181               		.loc 1 268 0
 1182               		.cfi_startproc
 1183 0782 CF93      		push r28
 1184               	.LCFI15:
 1185               		.cfi_def_cfa_offset 3
 1186               		.cfi_offset 28, -2
 1187 0784 DF93      		push r29
 1188               	.LCFI16:
 1189               		.cfi_def_cfa_offset 4
 1190               		.cfi_offset 29, -3
 1191 0786 00D0      		rcall .
 1192 0788 00D0      		rcall .
 1193               	.LCFI17:
 1194               		.cfi_def_cfa_offset 8
 1195 078a CDB7      		in r28,__SP_L__
 1196 078c DEB7      		in r29,__SP_H__
 1197               	.LCFI18:
 1198               		.cfi_def_cfa_register 28
 1199               	/* prologue: function */
 1200               	/* frame size = 4 */
 1201               	/* stack size = 6 */
 1202               	.L__stack_usage = 6
 1203 078e 9C83      		std Y+4,r25
 1204 0790 8B83      		std Y+3,r24
 269:../../../stack/LwMesh/TDMA/nwk/src/nwkDataReq.c **** 	if (nwkDataReqQueue == req) {
 1205               		.loc 1 269 0
 1206 0792 2091 0000 		lds r18,nwkDataReqQueue
 1207 0796 3091 0000 		lds r19,nwkDataReqQueue+1
 1208 079a 8B81      		ldd r24,Y+3
 1209 079c 9C81      		ldd r25,Y+4
 1210 079e 2817      		cp r18,r24
 1211 07a0 3907      		cpc r19,r25
 1212 07a2 01F4      		brne .L37
 270:../../../stack/LwMesh/TDMA/nwk/src/nwkDataReq.c **** 		nwkDataReqQueue = nwkDataReqQueue->next;
 1213               		.loc 1 270 0
 1214 07a4 8091 0000 		lds r24,nwkDataReqQueue
 1215 07a8 9091 0000 		lds r25,nwkDataReqQueue+1
 1216 07ac FC01      		movw r30,r24
 1217 07ae 8081      		ld r24,Z
 1218 07b0 9181      		ldd r25,Z+1
 1219 07b2 9093 0000 		sts nwkDataReqQueue+1,r25
 1220 07b6 8093 0000 		sts nwkDataReqQueue,r24
 1221 07ba 00C0      		rjmp .L38
 1222               	.L37:
 1223               	.LBB4:
 271:../../../stack/LwMesh/TDMA/nwk/src/nwkDataReq.c **** 	} else {
 272:../../../stack/LwMesh/TDMA/nwk/src/nwkDataReq.c **** 		NWK_DataReq_t *prev = nwkDataReqQueue;
 1224               		.loc 1 272 0
 1225 07bc 8091 0000 		lds r24,nwkDataReqQueue
 1226 07c0 9091 0000 		lds r25,nwkDataReqQueue+1
 1227 07c4 9A83      		std Y+2,r25
 1228 07c6 8983      		std Y+1,r24
 273:../../../stack/LwMesh/TDMA/nwk/src/nwkDataReq.c **** 		while (prev->next != req) {
 1229               		.loc 1 273 0
 1230 07c8 00C0      		rjmp .L39
 1231               	.L40:
 274:../../../stack/LwMesh/TDMA/nwk/src/nwkDataReq.c **** 			prev = prev->next;
 1232               		.loc 1 274 0
 1233 07ca 8981      		ldd r24,Y+1
 1234 07cc 9A81      		ldd r25,Y+2
 1235 07ce FC01      		movw r30,r24
 1236 07d0 8081      		ld r24,Z
 1237 07d2 9181      		ldd r25,Z+1
 1238 07d4 9A83      		std Y+2,r25
 1239 07d6 8983      		std Y+1,r24
 1240               	.L39:
 273:../../../stack/LwMesh/TDMA/nwk/src/nwkDataReq.c **** 		while (prev->next != req) {
 1241               		.loc 1 273 0
 1242 07d8 8981      		ldd r24,Y+1
 1243 07da 9A81      		ldd r25,Y+2
 1244 07dc FC01      		movw r30,r24
 1245 07de 2081      		ld r18,Z
 1246 07e0 3181      		ldd r19,Z+1
 1247 07e2 8B81      		ldd r24,Y+3
 1248 07e4 9C81      		ldd r25,Y+4
 1249 07e6 2817      		cp r18,r24
 1250 07e8 3907      		cpc r19,r25
 1251 07ea 01F4      		brne .L40
 275:../../../stack/LwMesh/TDMA/nwk/src/nwkDataReq.c **** 		}
 276:../../../stack/LwMesh/TDMA/nwk/src/nwkDataReq.c **** 		prev->next = ((NWK_DataReq_t *)prev->next)->next;
 1252               		.loc 1 276 0
 1253 07ec 8981      		ldd r24,Y+1
 1254 07ee 9A81      		ldd r25,Y+2
 1255 07f0 FC01      		movw r30,r24
 1256 07f2 8081      		ld r24,Z
 1257 07f4 9181      		ldd r25,Z+1
 1258 07f6 FC01      		movw r30,r24
 1259 07f8 2081      		ld r18,Z
 1260 07fa 3181      		ldd r19,Z+1
 1261 07fc 8981      		ldd r24,Y+1
 1262 07fe 9A81      		ldd r25,Y+2
 1263 0800 FC01      		movw r30,r24
 1264 0802 3183      		std Z+1,r19
 1265 0804 2083      		st Z,r18
 1266               	.L38:
 1267               	.LBE4:
 277:../../../stack/LwMesh/TDMA/nwk/src/nwkDataReq.c **** 	}
 278:../../../stack/LwMesh/TDMA/nwk/src/nwkDataReq.c **** 
 279:../../../stack/LwMesh/TDMA/nwk/src/nwkDataReq.c **** 	nwkIb.lock--;
 1268               		.loc 1 279 0
 1269 0806 8091 0000 		lds r24,nwkIb+38
 1270 080a 9091 0000 		lds r25,nwkIb+38+1
 1271 080e 0197      		sbiw r24,1
 1272 0810 9093 0000 		sts nwkIb+38+1,r25
 1273 0814 8093 0000 		sts nwkIb+38,r24
 280:../../../stack/LwMesh/TDMA/nwk/src/nwkDataReq.c **** 
 281:../../../stack/LwMesh/TDMA/nwk/src/nwkDataReq.c **** 	if(req->confirm != NULL)
 1274               		.loc 1 281 0
 1275 0818 8B81      		ldd r24,Y+3
 1276 081a 9C81      		ldd r25,Y+4
 1277 081c FC01      		movw r30,r24
 1278 081e 8089      		ldd r24,Z+16
 1279 0820 9189      		ldd r25,Z+17
 1280 0822 892B      		or r24,r25
 1281 0824 01F0      		breq .L42
 282:../../../stack/LwMesh/TDMA/nwk/src/nwkDataReq.c **** 	{
 283:../../../stack/LwMesh/TDMA/nwk/src/nwkDataReq.c **** 		req->confirm(req);
 1282               		.loc 1 283 0
 1283 0826 8B81      		ldd r24,Y+3
 1284 0828 9C81      		ldd r25,Y+4
 1285 082a FC01      		movw r30,r24
 1286 082c 2089      		ldd r18,Z+16
 1287 082e 3189      		ldd r19,Z+17
 1288 0830 8B81      		ldd r24,Y+3
 1289 0832 9C81      		ldd r25,Y+4
 1290 0834 F901      		movw r30,r18
 1291 0836 0995      		icall
 1292               	.L42:
 284:../../../stack/LwMesh/TDMA/nwk/src/nwkDataReq.c **** 	}
 285:../../../stack/LwMesh/TDMA/nwk/src/nwkDataReq.c **** }
 1293               		.loc 1 285 0
 1294 0838 0000      		nop
 1295               	/* epilogue start */
 1296 083a 0F90      		pop __tmp_reg__
 1297 083c 0F90      		pop __tmp_reg__
 1298 083e 0F90      		pop __tmp_reg__
 1299 0840 0F90      		pop __tmp_reg__
 1300 0842 DF91      		pop r29
 1301 0844 CF91      		pop r28
 1302 0846 0895      		ret
 1303               		.cfi_endproc
 1304               	.LFE70:
 1306               	.global	nwkDataReqTaskHandler
 1308               	nwkDataReqTaskHandler:
 1309               	.LFB71:
 286:../../../stack/LwMesh/TDMA/nwk/src/nwkDataReq.c **** 
 287:../../../stack/LwMesh/TDMA/nwk/src/nwkDataReq.c **** /*************************************************************************//**
 288:../../../stack/LwMesh/TDMA/nwk/src/nwkDataReq.c **** *  @brief Data Request module task handler
 289:../../../stack/LwMesh/TDMA/nwk/src/nwkDataReq.c **** *****************************************************************************/
 290:../../../stack/LwMesh/TDMA/nwk/src/nwkDataReq.c **** void nwkDataReqTaskHandler(void)
 291:../../../stack/LwMesh/TDMA/nwk/src/nwkDataReq.c **** {
 1310               		.loc 1 291 0
 1311               		.cfi_startproc
 1312 0848 CF93      		push r28
 1313               	.LCFI19:
 1314               		.cfi_def_cfa_offset 3
 1315               		.cfi_offset 28, -2
 1316 084a DF93      		push r29
 1317               	.LCFI20:
 1318               		.cfi_def_cfa_offset 4
 1319               		.cfi_offset 29, -3
 1320 084c 00D0      		rcall .
 1321               	.LCFI21:
 1322               		.cfi_def_cfa_offset 6
 1323 084e CDB7      		in r28,__SP_L__
 1324 0850 DEB7      		in r29,__SP_H__
 1325               	.LCFI22:
 1326               		.cfi_def_cfa_register 28
 1327               	/* prologue: function */
 1328               	/* frame size = 2 */
 1329               	/* stack size = 4 */
 1330               	.L__stack_usage = 4
 1331               	.LBB5:
 292:../../../stack/LwMesh/TDMA/nwk/src/nwkDataReq.c **** 	for (NWK_DataReq_t *req = nwkDataReqQueue; req; req = req->next) {
 1332               		.loc 1 292 0
 1333 0852 8091 0000 		lds r24,nwkDataReqQueue
 1334 0856 9091 0000 		lds r25,nwkDataReqQueue+1
 1335 085a 9A83      		std Y+2,r25
 1336 085c 8983      		std Y+1,r24
 1337 085e 00C0      		rjmp .L44
 1338               	.L51:
 293:../../../stack/LwMesh/TDMA/nwk/src/nwkDataReq.c **** 		switch (req->state) {
 1339               		.loc 1 293 0
 1340 0860 8981      		ldd r24,Y+1
 1341 0862 9A81      		ldd r25,Y+2
 1342 0864 FC01      		movw r30,r24
 1343 0866 8481      		ldd r24,Z+4
 1344 0868 882F      		mov r24,r24
 1345 086a 90E0      		ldi r25,0
 1346 086c 8130      		cpi r24,1
 1347 086e 9105      		cpc r25,__zero_reg__
 1348 0870 01F0      		breq .L52
 1349 0872 8230      		cpi r24,2
 1350 0874 9105      		cpc r25,__zero_reg__
 1351 0876 01F0      		breq .L47
 1352 0878 892B      		or r24,r25
 1353 087a 01F0      		breq .L48
 294:../../../stack/LwMesh/TDMA/nwk/src/nwkDataReq.c **** 		case NWK_DATA_REQ_STATE_INITIAL:
 295:../../../stack/LwMesh/TDMA/nwk/src/nwkDataReq.c **** 		{
 296:../../../stack/LwMesh/TDMA/nwk/src/nwkDataReq.c **** 			nwkDataReqSendFrame(req);
 297:../../../stack/LwMesh/TDMA/nwk/src/nwkDataReq.c **** 			return;
 298:../../../stack/LwMesh/TDMA/nwk/src/nwkDataReq.c **** 		}
 299:../../../stack/LwMesh/TDMA/nwk/src/nwkDataReq.c **** 		break;
 300:../../../stack/LwMesh/TDMA/nwk/src/nwkDataReq.c **** 
 301:../../../stack/LwMesh/TDMA/nwk/src/nwkDataReq.c **** 		case NWK_DATA_REQ_STATE_WAIT_CONF:
 302:../../../stack/LwMesh/TDMA/nwk/src/nwkDataReq.c **** 			break;
 303:../../../stack/LwMesh/TDMA/nwk/src/nwkDataReq.c **** 
 304:../../../stack/LwMesh/TDMA/nwk/src/nwkDataReq.c **** 		case NWK_DATA_REQ_STATE_CONFIRM:
 305:../../../stack/LwMesh/TDMA/nwk/src/nwkDataReq.c **** 		{
 306:../../../stack/LwMesh/TDMA/nwk/src/nwkDataReq.c **** 			nwkDataReqConfirm(req);
 307:../../../stack/LwMesh/TDMA/nwk/src/nwkDataReq.c **** 			
 308:../../../stack/LwMesh/TDMA/nwk/src/nwkDataReq.c **** 			return;
 309:../../../stack/LwMesh/TDMA/nwk/src/nwkDataReq.c **** 		}
 310:../../../stack/LwMesh/TDMA/nwk/src/nwkDataReq.c **** 		break;
 311:../../../stack/LwMesh/TDMA/nwk/src/nwkDataReq.c **** 
 312:../../../stack/LwMesh/TDMA/nwk/src/nwkDataReq.c **** 		default:
 313:../../../stack/LwMesh/TDMA/nwk/src/nwkDataReq.c **** 			break;
 1354               		.loc 1 313 0
 1355 087c 00C0      		rjmp .L50
 1356               	.L48:
 296:../../../stack/LwMesh/TDMA/nwk/src/nwkDataReq.c **** 			return;
 1357               		.loc 1 296 0
 1358 087e 8981      		ldd r24,Y+1
 1359 0880 9A81      		ldd r25,Y+2
 1360 0882 0E94 0000 		call nwkDataReqSendFrame
 297:../../../stack/LwMesh/TDMA/nwk/src/nwkDataReq.c **** 		}
 1361               		.loc 1 297 0
 1362 0886 00C0      		rjmp .L43
 1363               	.L47:
 306:../../../stack/LwMesh/TDMA/nwk/src/nwkDataReq.c **** 			
 1364               		.loc 1 306 0
 1365 0888 8981      		ldd r24,Y+1
 1366 088a 9A81      		ldd r25,Y+2
 1367 088c 0E94 0000 		call nwkDataReqConfirm
 308:../../../stack/LwMesh/TDMA/nwk/src/nwkDataReq.c **** 		}
 1368               		.loc 1 308 0
 1369 0890 00C0      		rjmp .L43
 1370               	.L52:
 302:../../../stack/LwMesh/TDMA/nwk/src/nwkDataReq.c **** 
 1371               		.loc 1 302 0
 1372 0892 0000      		nop
 1373               	.L50:
 292:../../../stack/LwMesh/TDMA/nwk/src/nwkDataReq.c **** 		switch (req->state) {
 1374               		.loc 1 292 0 discriminator 2
 1375 0894 8981      		ldd r24,Y+1
 1376 0896 9A81      		ldd r25,Y+2
 1377 0898 FC01      		movw r30,r24
 1378 089a 8081      		ld r24,Z
 1379 089c 9181      		ldd r25,Z+1
 1380 089e 9A83      		std Y+2,r25
 1381 08a0 8983      		std Y+1,r24
 1382               	.L44:
 292:../../../stack/LwMesh/TDMA/nwk/src/nwkDataReq.c **** 		switch (req->state) {
 1383               		.loc 1 292 0 is_stmt 0 discriminator 1
 1384 08a2 8981      		ldd r24,Y+1
 1385 08a4 9A81      		ldd r25,Y+2
 1386 08a6 892B      		or r24,r25
 1387 08a8 01F4      		brne .L51
 1388               	.L43:
 1389               	/* epilogue start */
 1390               	.LBE5:
 314:../../../stack/LwMesh/TDMA/nwk/src/nwkDataReq.c **** 		}
 315:../../../stack/LwMesh/TDMA/nwk/src/nwkDataReq.c **** 	}
 316:../../../stack/LwMesh/TDMA/nwk/src/nwkDataReq.c **** }
 1391               		.loc 1 316 0 is_stmt 1
 1392 08aa 0F90      		pop __tmp_reg__
 1393 08ac 0F90      		pop __tmp_reg__
 1394 08ae DF91      		pop r29
 1395 08b0 CF91      		pop r28
 1396 08b2 0895      		ret
 1397               		.cfi_endproc
 1398               	.LFE71:
 1400               	.Letext0:
 1401               		.file 2 "c:\\program files (x86)\\atmel\\studio\\7.0\\toolchain\\avr8\\avr8-gnu-toolchain\\avr\\in
 1402               		.file 3 "../../../stack/LwMesh/TDMA/nwk/inc/nwkFrame.h"
 1403               		.file 4 "../../../stack/LwMesh/TDMA/nwk/inc/nwkRx.h"
 1404               		.file 5 "../../../stack/LwMesh/TDMA/nwk/inc/nwkDataReq.h"
 1405               		.file 6 "../../../stack/LwMesh/TDMA/nwk/inc/nwk.h"
 1406               		.file 7 "../../../stack/LwMesh/TDMA/nwk/inc/nwkTx.h"
 1407               		.file 8 "config/config.h"
DEFINED SYMBOLS
                            *ABS*:00000000 nwkDataReq.c
C:\Users\GUILHE~1\AppData\Local\Temp\ccVx1f2c.s:2      *ABS*:0000003e __SP_H__
C:\Users\GUILHE~1\AppData\Local\Temp\ccVx1f2c.s:3      *ABS*:0000003d __SP_L__
C:\Users\GUILHE~1\AppData\Local\Temp\ccVx1f2c.s:4      *ABS*:0000003f __SREG__
C:\Users\GUILHE~1\AppData\Local\Temp\ccVx1f2c.s:5      *ABS*:0000003b __RAMPZ__
C:\Users\GUILHE~1\AppData\Local\Temp\ccVx1f2c.s:6      *ABS*:00000000 __tmp_reg__
C:\Users\GUILHE~1\AppData\Local\Temp\ccVx1f2c.s:7      *ABS*:00000001 __zero_reg__
                            *COM*:00000001 n
                            *COM*:00000004 tTS
                            *COM*:00000002 macLLDNnumTimeSlots
                            *COM*:00000002 macLLDNnumUplinkTS
                            *COM*:00000002 macLLDNRetransmitTS
C:\Users\GUILHE~1\AppData\Local\Temp\ccVx1f2c.s:19     .bss.nwkDataReqQueue:00000000 nwkDataReqQueue
C:\Users\GUILHE~1\AppData\Local\Temp\ccVx1f2c.s:24     .text:00000000 nwkDataReqInit
C:\Users\GUILHE~1\AppData\Local\Temp\ccVx1f2c.s:59     .text:00000018 NWK_DataReq
C:\Users\GUILHE~1\AppData\Local\Temp\ccVx1f2c.s:151    .text:000000a0 nwkDataReqSendFrame
C:\Users\GUILHE~1\AppData\Local\Temp\ccVx1f2c.s:1069   .text:000006ee nwkDataReqTxConf
C:\Users\GUILHE~1\AppData\Local\Temp\ccVx1f2c.s:1179   .text:00000782 nwkDataReqConfirm
C:\Users\GUILHE~1\AppData\Local\Temp\ccVx1f2c.s:1308   .text:00000848 nwkDataReqTaskHandler

UNDEFINED SYMBOLS
nwkIb
nwkFrameAlloc
nwkFrameAlloc_LLDN
nwkTxBeaconFrameLLDN
memcpy
nwkTxMacCommandFrameLLDN
nwkTxBeaconFrame
nwkTxFrame
nwkFrameFree
__do_clear_bss
