   1               		.file	"nwkSecurity.c"
   2               	__SP_H__ = 0x3e
   3               	__SP_L__ = 0x3d
   4               	__SREG__ = 0x3f
   5               	__RAMPZ__ = 0x3b
   6               	__tmp_reg__ = 0
   7               	__zero_reg__ = 1
   8               		.text
   9               	.Ltext0:
  10               		.cfi_sections	.debug_frame
  11               		.comm	n,1,1
  12               		.comm	tTS,4,1
  13               	.Letext0:
  14               		.file 1 "config/config.h"
  15               		.file 2 "c:\\program files (x86)\\atmel\\studio\\7.0\\toolchain\\avr8\\avr8-gnu-toolchain\\avr\\in
DEFINED SYMBOLS
                            *ABS*:00000000 nwkSecurity.c
C:\Users\GUILHE~1\AppData\Local\Temp\ccyxVJ6s.s:2      *ABS*:0000003e __SP_H__
C:\Users\GUILHE~1\AppData\Local\Temp\ccyxVJ6s.s:3      *ABS*:0000003d __SP_L__
C:\Users\GUILHE~1\AppData\Local\Temp\ccyxVJ6s.s:4      *ABS*:0000003f __SREG__
C:\Users\GUILHE~1\AppData\Local\Temp\ccyxVJ6s.s:5      *ABS*:0000003b __RAMPZ__
C:\Users\GUILHE~1\AppData\Local\Temp\ccyxVJ6s.s:6      *ABS*:00000000 __tmp_reg__
C:\Users\GUILHE~1\AppData\Local\Temp\ccyxVJ6s.s:7      *ABS*:00000001 __zero_reg__
                            *COM*:00000001 n
                            *COM*:00000004 tTS

UNDEFINED SYMBOLS
__do_clear_bss
